2026-10-01 16:51:58,886 INFO run start 2026-10-01T14:51:58Z | run_id=biodiesel-deeponet-repro/deeponet_p078_seed0 | system=biodiesel-deeponet-repro | dir=../results/experiments/biodiesel/author_repo_match/figures_tanh_r1/fig04/deeponet_p078_seed0
2026-10-01 16:51:58,979 INFO wrote ../results/experiments/biodiesel/author_repo_match/figures_tanh_r1/fig04/deeponet_p078_seed0/config.json
2026-10-01 16:51:58,984 INFO configuration: branch inputs normalized (author-global normalized Mode A), targets author_global_normalized_states, trunk input raw physical t 0..30 s (30 points), activation tanh, placement A, init Aprime_tf_truncated_glorot_zero_bias, Adam lr 0.001
2026-10-01 16:51:58,984 INFO initial: train {'mean_mse': 0.2614682912826538, 'mean_mse_u': 0.2614682912826538, 'eq18_obs': 7.844048500061035, 'eq22_true': 7.844048500061035, 'eq18_obs_time_averaged': 0.2614682833353678, 'eq22_true_time_averaged': 0.2614682833353678} | test {'mean_mse': 0.23277021944522858, 'mean_mse_u': 0.23277021944522858, 'eq18_obs': 6.9831061363220215, 'eq22_true': 6.9831061363220215, 'eq18_obs_time_averaged': 0.23277020454406738, 'eq22_true_time_averaged': 0.23277020454406738}
2026-10-01 16:51:58,989 INFO initial prediction stats: {'min': -0.40990132093429565, 'max': 0.45845261216163635, 'mean': 0.02353842370212078, 'abs_max': 0.45845261216163635, 'per_species_min': [0.12955865263938904, 0.01674935780465603, -0.09374386072158813, 0.0, -0.0978541225194931, -0.40990132093429565], 'per_species_max': [0.3002968430519104, 0.45845261216163635, 0.0, 0.060367342084646225, 0.0, 0.0], 'fraction_negative': 0.48333333333333334}
2026-10-01 16:51:59,995 INFO epoch     0  mean_mse 2.6147e-01 | train eq18 7.8440e+00 test eq18 6.9831e+00
2026-10-01 16:52:00,318 INFO epoch   250  mean_mse 5.4595e-02 | train eq18 1.6379e+00 test eq18 1.6824e+00
2026-10-01 16:52:00,580 INFO epoch   500  mean_mse 3.3345e-02 | train eq18 1.0003e+00 test eq18 1.1361e+00
2026-10-01 16:52:00,843 INFO epoch   750  mean_mse 2.0697e-02 | train eq18 6.2090e-01 test eq18 7.5660e-01
2026-10-01 16:52:01,135 INFO epoch  1000  mean_mse 1.4166e-02 | train eq18 4.2499e-01 test eq18 4.9089e-01
2026-10-01 16:52:01,392 INFO epoch  1250  mean_mse 1.1420e-02 | train eq18 3.4261e-01 test eq18 3.9489e-01
2026-10-01 16:52:01,652 INFO epoch  1500  mean_mse 7.9889e-03 | train eq18 2.3967e-01 test eq18 2.7263e-01
2026-10-01 16:52:01,914 INFO epoch  1750  mean_mse 5.3456e-03 | train eq18 1.6037e-01 test eq18 1.7659e-01
2026-10-01 16:52:02,186 INFO epoch  2000  mean_mse 4.5494e-03 | train eq18 1.3648e-01 test eq18 1.4638e-01
2026-10-01 16:52:02,443 INFO epoch  2250  mean_mse 4.2273e-03 | train eq18 1.2682e-01 test eq18 1.3599e-01
2026-10-01 16:52:02,724 INFO epoch  2500  mean_mse 4.0339e-03 | train eq18 1.2102e-01 test eq18 1.3017e-01
2026-10-01 16:52:02,993 INFO epoch  2750  mean_mse 3.9051e-03 | train eq18 1.1715e-01 test eq18 1.2630e-01
2026-10-01 16:52:03,252 INFO epoch  3000  mean_mse 3.8181e-03 | train eq18 1.1454e-01 test eq18 1.2425e-01
2026-10-01 16:52:03,514 INFO epoch  3250  mean_mse 3.7570e-03 | train eq18 1.1271e-01 test eq18 1.2196e-01
2026-10-01 16:52:03,809 INFO epoch  3500  mean_mse 3.7129e-03 | train eq18 1.1139e-01 test eq18 1.2053e-01
2026-10-01 16:52:04,079 INFO epoch  3750  mean_mse 3.6790e-03 | train eq18 1.1037e-01 test eq18 1.1936e-01
2026-10-01 16:52:04,359 INFO epoch  4000  mean_mse 3.6513e-03 | train eq18 1.0954e-01 test eq18 1.1822e-01
2026-10-01 16:52:04,643 INFO epoch  4250  mean_mse 3.6279e-03 | train eq18 1.0884e-01 test eq18 1.1702e-01
2026-10-01 16:52:04,953 INFO epoch  4500  mean_mse 3.6073e-03 | train eq18 1.0822e-01 test eq18 1.1595e-01
2026-10-01 16:52:05,214 INFO epoch  4750  mean_mse 3.5890e-03 | train eq18 1.0767e-01 test eq18 1.1482e-01
2026-10-01 16:52:05,490 INFO epoch  5000  mean_mse 3.5724e-03 | train eq18 1.0717e-01 test eq18 1.1375e-01
2026-10-01 16:52:05,774 INFO epoch  5250  mean_mse 3.5569e-03 | train eq18 1.0671e-01 test eq18 1.1273e-01
2026-10-01 16:52:06,051 INFO epoch  5500  mean_mse 3.5418e-03 | train eq18 1.0625e-01 test eq18 1.1181e-01
2026-10-01 16:52:06,326 INFO epoch  5750  mean_mse 3.5266e-03 | train eq18 1.0580e-01 test eq18 1.1088e-01
2026-10-01 16:52:06,599 INFO epoch  6000  mean_mse 3.5108e-03 | train eq18 1.0532e-01 test eq18 1.0980e-01
2026-10-01 16:52:06,872 INFO epoch  6250  mean_mse 3.4941e-03 | train eq18 1.0482e-01 test eq18 1.0880e-01
2026-10-01 16:52:07,160 INFO epoch  6500  mean_mse 3.4771e-03 | train eq18 1.0431e-01 test eq18 1.0755e-01
2026-10-01 16:52:07,424 INFO epoch  6750  mean_mse 3.4611e-03 | train eq18 1.0383e-01 test eq18 1.0627e-01
2026-10-01 16:52:07,686 INFO epoch  7000  mean_mse 3.4471e-03 | train eq18 1.0341e-01 test eq18 1.0521e-01
2026-10-01 16:52:07,973 INFO epoch  7250  mean_mse 3.4355e-03 | train eq18 1.0306e-01 test eq18 1.0444e-01
2026-10-01 16:52:08,313 INFO epoch  7500  mean_mse 3.4286e-03 | train eq18 1.0286e-01 test eq18 1.0357e-01
2026-10-01 16:52:08,574 INFO epoch  7750  mean_mse 3.4177e-03 | train eq18 1.0253e-01 test eq18 1.0349e-01
2026-10-01 16:52:08,849 INFO epoch  8000  mean_mse 3.4106e-03 | train eq18 1.0232e-01 test eq18 1.0311e-01
2026-10-01 16:52:09,107 INFO epoch  8250  mean_mse 3.4042e-03 | train eq18 1.0213e-01 test eq18 1.0286e-01
2026-10-01 16:52:09,382 INFO epoch  8500  mean_mse 3.3985e-03 | train eq18 1.0196e-01 test eq18 1.0259e-01
2026-10-01 16:52:09,647 INFO epoch  8750  mean_mse 3.3934e-03 | train eq18 1.0180e-01 test eq18 1.0233e-01
2026-10-01 16:52:09,963 INFO epoch  9000  mean_mse 3.3887e-03 | train eq18 1.0166e-01 test eq18 1.0213e-01
2026-10-01 16:52:10,252 INFO epoch  9250  mean_mse 3.3844e-03 | train eq18 1.0153e-01 test eq18 1.0194e-01
2026-10-01 16:52:10,518 INFO epoch  9500  mean_mse 3.3804e-03 | train eq18 1.0141e-01 test eq18 1.0180e-01
2026-10-01 16:52:10,781 INFO epoch  9750  mean_mse 3.3767e-03 | train eq18 1.0130e-01 test eq18 1.0167e-01
2026-10-01 16:52:11,033 INFO epoch 10000  mean_mse 3.3737e-03 | train eq18 1.0121e-01 test eq18 1.0133e-01
2026-10-01 16:52:11,315 INFO epoch 10250  mean_mse 3.3697e-03 | train eq18 1.0109e-01 test eq18 1.0134e-01
2026-10-01 16:52:11,575 INFO epoch 10500  mean_mse 3.3664e-03 | train eq18 1.0099e-01 test eq18 1.0126e-01
2026-10-01 16:52:11,849 INFO epoch 10750  mean_mse 3.3632e-03 | train eq18 1.0089e-01 test eq18 1.0117e-01
2026-10-01 16:52:12,139 INFO epoch 11000  mean_mse 3.3599e-03 | train eq18 1.0080e-01 test eq18 1.0108e-01
2026-10-01 16:52:12,403 INFO epoch 11250  mean_mse 3.3567e-03 | train eq18 1.0070e-01 test eq18 1.0101e-01
2026-10-01 16:52:12,666 INFO epoch 11500  mean_mse 3.3534e-03 | train eq18 1.0060e-01 test eq18 1.0094e-01
2026-10-01 16:52:12,932 INFO epoch 11750  mean_mse 3.3549e-03 | train eq18 1.0065e-01 test eq18 1.0039e-01
2026-10-01 16:52:13,229 INFO epoch 12000  mean_mse 3.3504e-03 | train eq18 1.0051e-01 test eq18 1.0034e-01
2026-10-01 16:52:13,544 INFO epoch 12250  mean_mse 3.3450e-03 | train eq18 1.0035e-01 test eq18 1.0038e-01
2026-10-01 16:52:13,834 INFO epoch 12500  mean_mse 3.3408e-03 | train eq18 1.0022e-01 test eq18 1.0036e-01
2026-10-01 16:52:14,302 INFO epoch 12750  mean_mse 3.3368e-03 | train eq18 1.0010e-01 test eq18 1.0033e-01
2026-10-01 16:52:14,689 INFO epoch 13000  mean_mse 3.3320e-03 | train eq18 9.9961e-02 test eq18 1.0050e-01
2026-10-01 16:52:15,102 INFO epoch 13250  mean_mse 3.3280e-03 | train eq18 9.9841e-02 test eq18 1.0049e-01
2026-10-01 16:52:15,486 INFO epoch 13500  mean_mse 3.3239e-03 | train eq18 9.9718e-02 test eq18 1.0052e-01
2026-10-01 16:52:16,044 INFO epoch 13750  mean_mse 3.3197e-03 | train eq18 9.9591e-02 test eq18 1.0052e-01
2026-10-01 16:52:16,329 INFO epoch 14000  mean_mse 3.3153e-03 | train eq18 9.9460e-02 test eq18 1.0060e-01
2026-10-01 16:52:16,601 INFO epoch 14250  mean_mse 3.3108e-03 | train eq18 9.9324e-02 test eq18 1.0069e-01
2026-10-01 16:52:16,947 INFO epoch 14500  mean_mse 3.3061e-03 | train eq18 9.9184e-02 test eq18 1.0089e-01
2026-10-01 16:52:17,215 INFO epoch 14750  mean_mse 3.3014e-03 | train eq18 9.9043e-02 test eq18 1.0114e-01
2026-10-01 16:52:17,499 INFO epoch 15000  mean_mse 3.2967e-03 | train eq18 9.8900e-02 test eq18 1.0148e-01
2026-10-01 16:52:17,773 INFO epoch 15250  mean_mse 3.2919e-03 | train eq18 9.8756e-02 test eq18 1.0191e-01
2026-10-01 16:52:18,032 INFO epoch 15500  mean_mse 3.2872e-03 | train eq18 9.8615e-02 test eq18 1.0240e-01
2026-10-01 16:52:18,291 INFO epoch 15750  mean_mse 3.2829e-03 | train eq18 9.8488e-02 test eq18 1.0327e-01
2026-10-01 16:52:18,554 INFO epoch 16000  mean_mse 3.2788e-03 | train eq18 9.8363e-02 test eq18 1.0398e-01
2026-10-01 16:52:18,828 INFO epoch 16250  mean_mse 3.2738e-03 | train eq18 9.8213e-02 test eq18 1.0449e-01
2026-10-01 16:52:19,112 INFO epoch 16500  mean_mse 3.2697e-03 | train eq18 9.8091e-02 test eq18 1.0511e-01
2026-10-01 16:52:19,372 INFO epoch 16750  mean_mse 3.2661e-03 | train eq18 9.7983e-02 test eq18 1.0588e-01
2026-10-01 16:52:19,627 INFO epoch 17000  mean_mse 3.2630e-03 | train eq18 9.7889e-02 test eq18 1.0659e-01
2026-10-01 16:52:19,892 INFO epoch 17250  mean_mse 3.2603e-03 | train eq18 9.7808e-02 test eq18 1.0720e-01
2026-10-01 16:52:20,147 INFO epoch 17500  mean_mse 3.2580e-03 | train eq18 9.7739e-02 test eq18 1.0773e-01
2026-10-01 16:52:20,406 INFO epoch 17750  mean_mse 3.2560e-03 | train eq18 9.7680e-02 test eq18 1.0814e-01
2026-10-01 16:52:20,683 INFO epoch 18000  mean_mse 3.2543e-03 | train eq18 9.7628e-02 test eq18 1.0847e-01
2026-10-01 16:52:20,949 INFO epoch 18250  mean_mse 3.2527e-03 | train eq18 9.7582e-02 test eq18 1.0871e-01
2026-10-01 16:52:21,203 INFO epoch 18500  mean_mse 3.2514e-03 | train eq18 9.7541e-02 test eq18 1.0889e-01
2026-10-01 16:52:21,520 INFO epoch 18750  mean_mse 3.2501e-03 | train eq18 9.7504e-02 test eq18 1.0901e-01
2026-10-01 16:52:21,879 INFO epoch 19000  mean_mse 3.2490e-03 | train eq18 9.7469e-02 test eq18 1.0908e-01
2026-10-01 16:52:22,680 INFO epoch 19250  mean_mse 3.2479e-03 | train eq18 9.7438e-02 test eq18 1.0912e-01
2026-10-01 16:52:23,229 INFO epoch 19500  mean_mse 3.2470e-03 | train eq18 9.7409e-02 test eq18 1.0913e-01
2026-10-01 16:52:23,631 INFO epoch 19750  mean_mse 3.2461e-03 | train eq18 9.7382e-02 test eq18 1.0911e-01
2026-10-01 16:52:23,954 INFO epoch 20000  mean_mse 3.2452e-03 | train eq18 9.7356e-02 test eq18 1.0908e-01
2026-10-01 16:52:24,245 INFO epoch 20250  mean_mse 3.2444e-03 | train eq18 9.7332e-02 test eq18 1.0904e-01
2026-10-01 16:52:24,596 INFO epoch 20500  mean_mse 3.2437e-03 | train eq18 9.7310e-02 test eq18 1.0898e-01
2026-10-01 16:52:24,893 INFO epoch 20750  mean_mse 3.2430e-03 | train eq18 9.7290e-02 test eq18 1.0892e-01
2026-10-01 16:52:25,203 INFO epoch 21000  mean_mse 3.2424e-03 | train eq18 9.7271e-02 test eq18 1.0886e-01
2026-10-01 16:52:25,489 INFO epoch 21250  mean_mse 3.2425e-03 | train eq18 9.7275e-02 test eq18 1.0867e-01
2026-10-01 16:52:25,758 INFO epoch 21500  mean_mse 3.2413e-03 | train eq18 9.7239e-02 test eq18 1.0882e-01
2026-10-01 16:52:26,120 INFO epoch 21750  mean_mse 3.2406e-03 | train eq18 9.7219e-02 test eq18 1.0870e-01
2026-10-01 16:52:26,411 INFO epoch 22000  mean_mse 3.2401e-03 | train eq18 9.7204e-02 test eq18 1.0861e-01
2026-10-01 16:52:26,706 INFO epoch 22250  mean_mse 3.2396e-03 | train eq18 9.7189e-02 test eq18 1.0857e-01
2026-10-01 16:52:27,008 INFO epoch 22500  mean_mse 3.2392e-03 | train eq18 9.7175e-02 test eq18 1.0851e-01
2026-10-01 16:52:27,311 INFO epoch 22750  mean_mse 3.2387e-03 | train eq18 9.7162e-02 test eq18 1.0846e-01
2026-10-01 16:52:27,576 INFO epoch 23000  mean_mse 3.2383e-03 | train eq18 9.7150e-02 test eq18 1.0841e-01
2026-10-01 16:52:27,847 INFO epoch 23250  mean_mse 3.2379e-03 | train eq18 9.7137e-02 test eq18 1.0837e-01
2026-10-01 16:52:28,098 INFO epoch 23500  mean_mse 3.2375e-03 | train eq18 9.7126e-02 test eq18 1.0833e-01
2026-10-01 16:52:28,362 INFO epoch 23750  mean_mse 3.2372e-03 | train eq18 9.7115e-02 test eq18 1.0830e-01
2026-10-01 16:52:28,637 INFO epoch 24000  mean_mse 3.2368e-03 | train eq18 9.7104e-02 test eq18 1.0827e-01
2026-10-01 16:52:28,904 INFO epoch 24250  mean_mse 3.2364e-03 | train eq18 9.7093e-02 test eq18 1.0824e-01
2026-10-01 16:52:29,161 INFO epoch 24500  mean_mse 3.2361e-03 | train eq18 9.7083e-02 test eq18 1.0821e-01
2026-10-01 16:52:29,455 INFO epoch 24750  mean_mse 3.2358e-03 | train eq18 9.7073e-02 test eq18 1.0819e-01
2026-10-01 16:52:29,767 INFO epoch 25000  mean_mse 3.2355e-03 | train eq18 9.7064e-02 test eq18 1.0817e-01
2026-10-01 16:52:30,061 INFO epoch 25250  mean_mse 3.2351e-03 | train eq18 9.7054e-02 test eq18 1.0815e-01
2026-10-01 16:52:30,324 INFO epoch 25500  mean_mse 3.2348e-03 | train eq18 9.7045e-02 test eq18 1.0814e-01
2026-10-01 16:52:30,578 INFO epoch 25750  mean_mse 3.2345e-03 | train eq18 9.7036e-02 test eq18 1.0812e-01
2026-10-01 16:52:30,832 INFO epoch 26000  mean_mse 3.2343e-03 | train eq18 9.7028e-02 test eq18 1.0810e-01
2026-10-01 16:52:31,090 INFO epoch 26250  mean_mse 3.2340e-03 | train eq18 9.7020e-02 test eq18 1.0807e-01
2026-10-01 16:52:31,345 INFO epoch 26500  mean_mse 3.2364e-03 | train eq18 9.7093e-02 test eq18 1.0791e-01
2026-10-01 16:52:31,613 INFO epoch 26750  mean_mse 3.2334e-03 | train eq18 9.7003e-02 test eq18 1.0809e-01
2026-10-01 16:52:31,875 INFO epoch 27000  mean_mse 3.2332e-03 | train eq18 9.6995e-02 test eq18 1.0805e-01
2026-10-01 16:52:32,137 INFO epoch 27250  mean_mse 3.2329e-03 | train eq18 9.6987e-02 test eq18 1.0808e-01
2026-10-01 16:52:32,392 INFO epoch 27500  mean_mse 3.2328e-03 | train eq18 9.6985e-02 test eq18 1.0802e-01
2026-10-01 16:52:32,684 INFO epoch 27750  mean_mse 3.2325e-03 | train eq18 9.6974e-02 test eq18 1.0808e-01
2026-10-01 16:52:32,945 INFO epoch 28000  mean_mse 3.2322e-03 | train eq18 9.6966e-02 test eq18 1.0806e-01
2026-10-01 16:52:33,211 INFO epoch 28250  mean_mse 3.2319e-03 | train eq18 9.6958e-02 test eq18 1.0804e-01
2026-10-01 16:52:33,497 INFO epoch 28500  mean_mse 3.2318e-03 | train eq18 9.6953e-02 test eq18 1.0807e-01
2026-10-01 16:52:33,764 INFO epoch 28750  mean_mse 3.2315e-03 | train eq18 9.6945e-02 test eq18 1.0806e-01
2026-10-01 16:52:34,033 INFO epoch 29000  mean_mse 3.2312e-03 | train eq18 9.6937e-02 test eq18 1.0801e-01
2026-10-01 16:52:34,312 INFO epoch 29250  mean_mse 3.2310e-03 | train eq18 9.6931e-02 test eq18 1.0800e-01
2026-10-01 16:52:34,583 INFO epoch 29500  mean_mse 3.2309e-03 | train eq18 9.6926e-02 test eq18 1.0804e-01
2026-10-01 16:52:34,860 INFO epoch 29750  mean_mse 3.2306e-03 | train eq18 9.6918e-02 test eq18 1.0801e-01
2026-10-01 16:52:35,119 INFO epoch 30000  mean_mse 3.2304e-03 | train eq18 9.6911e-02 test eq18 1.0799e-01
2026-10-01 16:52:35,385 INFO epoch 30250  mean_mse 3.2302e-03 | train eq18 9.6905e-02 test eq18 1.0799e-01
2026-10-01 16:52:35,670 INFO epoch 30500  mean_mse 3.2300e-03 | train eq18 9.6900e-02 test eq18 1.0796e-01
2026-10-01 16:52:35,931 INFO epoch 30750  mean_mse 3.2298e-03 | train eq18 9.6893e-02 test eq18 1.0799e-01
2026-10-01 16:52:36,192 INFO epoch 31000  mean_mse 3.2296e-03 | train eq18 9.6887e-02 test eq18 1.0797e-01
2026-10-01 16:52:36,450 INFO epoch 31250  mean_mse 3.2294e-03 | train eq18 9.6881e-02 test eq18 1.0797e-01
2026-10-01 16:52:36,705 INFO epoch 31500  mean_mse 3.2292e-03 | train eq18 9.6876e-02 test eq18 1.0796e-01
2026-10-01 16:52:36,990 INFO epoch 31750  mean_mse 3.2290e-03 | train eq18 9.6870e-02 test eq18 1.0796e-01
2026-10-01 16:52:37,250 INFO epoch 32000  mean_mse 3.2288e-03 | train eq18 9.6864e-02 test eq18 1.0795e-01
2026-10-01 16:52:37,523 INFO epoch 32250  mean_mse 3.2286e-03 | train eq18 9.6859e-02 test eq18 1.0795e-01
2026-10-01 16:52:37,888 INFO epoch 32500  mean_mse 3.2285e-03 | train eq18 9.6854e-02 test eq18 1.0794e-01
2026-10-01 16:52:38,171 INFO epoch 32750  mean_mse 3.2283e-03 | train eq18 9.6848e-02 test eq18 1.0794e-01
2026-10-01 16:52:38,463 INFO epoch 33000  mean_mse 3.2281e-03 | train eq18 9.6843e-02 test eq18 1.0794e-01
2026-10-01 16:52:38,797 INFO epoch 33250  mean_mse 3.2279e-03 | train eq18 9.6838e-02 test eq18 1.0794e-01
2026-10-01 16:52:39,197 INFO epoch 33500  mean_mse 3.2278e-03 | train eq18 9.6833e-02 test eq18 1.0793e-01
2026-10-01 16:52:39,488 INFO epoch 33750  mean_mse 3.2276e-03 | train eq18 9.6828e-02 test eq18 1.0792e-01
2026-10-01 16:52:39,781 INFO epoch 34000  mean_mse 3.2274e-03 | train eq18 9.6823e-02 test eq18 1.0792e-01
2026-10-01 16:52:40,047 INFO epoch 34250  mean_mse 3.2273e-03 | train eq18 9.6818e-02 test eq18 1.0791e-01
2026-10-01 16:52:40,361 INFO epoch 34500  mean_mse 3.2431e-03 | train eq18 9.7294e-02 test eq18 1.0790e-01
2026-10-01 16:52:40,779 INFO epoch 34750  mean_mse 3.2269e-03 | train eq18 9.6808e-02 test eq18 1.0790e-01
2026-10-01 16:52:41,059 INFO epoch 35000  mean_mse 3.2270e-03 | train eq18 9.6810e-02 test eq18 1.0798e-01
2026-10-01 16:52:41,335 INFO epoch 35250  mean_mse 3.2278e-03 | train eq18 9.6835e-02 test eq18 1.0808e-01
2026-10-01 16:52:41,603 INFO epoch 35500  mean_mse 3.2270e-03 | train eq18 9.6809e-02 test eq18 1.0784e-01
2026-10-01 16:52:41,897 INFO epoch 35750  mean_mse 3.2264e-03 | train eq18 9.6792e-02 test eq18 1.0792e-01
2026-10-01 16:52:42,171 INFO epoch 36000  mean_mse 3.2262e-03 | train eq18 9.6786e-02 test eq18 1.0789e-01
2026-10-01 16:52:42,440 INFO epoch 36250  mean_mse 3.2260e-03 | train eq18 9.6781e-02 test eq18 1.0788e-01
2026-10-01 16:52:42,727 INFO epoch 36500  mean_mse 3.2259e-03 | train eq18 9.6777e-02 test eq18 1.0788e-01
2026-10-01 16:52:43,015 INFO epoch 36750  mean_mse 3.2258e-03 | train eq18 9.6773e-02 test eq18 1.0787e-01
2026-10-01 16:52:43,293 INFO epoch 37000  mean_mse 3.2256e-03 | train eq18 9.6768e-02 test eq18 1.0787e-01
2026-10-01 16:52:43,557 INFO epoch 37250  mean_mse 3.2256e-03 | train eq18 9.6768e-02 test eq18 1.0790e-01
2026-10-01 16:52:43,843 INFO epoch 37500  mean_mse 3.2272e-03 | train eq18 9.6817e-02 test eq18 1.0809e-01
2026-10-01 16:52:44,104 INFO epoch 37750  mean_mse 3.2256e-03 | train eq18 9.6768e-02 test eq18 1.0795e-01
2026-10-01 16:52:44,452 INFO epoch 38000  mean_mse 3.2270e-03 | train eq18 9.6811e-02 test eq18 1.0808e-01
2026-10-01 16:52:44,722 INFO epoch 38250  mean_mse 3.2254e-03 | train eq18 9.6761e-02 test eq18 1.0793e-01
2026-10-01 16:52:44,988 INFO epoch 38500  mean_mse 3.2248e-03 | train eq18 9.6744e-02 test eq18 1.0785e-01
2026-10-01 16:52:45,251 INFO epoch 38750  mean_mse 3.2247e-03 | train eq18 9.6740e-02 test eq18 1.0785e-01
2026-10-01 16:52:45,514 INFO epoch 39000  mean_mse 3.2245e-03 | train eq18 9.6736e-02 test eq18 1.0783e-01
2026-10-01 16:52:45,789 INFO epoch 39250  mean_mse 3.2244e-03 | train eq18 9.6733e-02 test eq18 1.0782e-01
2026-10-01 16:52:46,045 INFO epoch 39500  mean_mse 3.2243e-03 | train eq18 9.6730e-02 test eq18 1.0781e-01
2026-10-01 16:52:46,362 INFO epoch 39750  mean_mse 3.2242e-03 | train eq18 9.6725e-02 test eq18 1.0782e-01
2026-10-01 16:52:46,634 INFO epoch 40000  mean_mse 3.2240e-03 | train eq18 9.6721e-02 test eq18 1.0781e-01
2026-10-01 16:52:46,892 INFO epoch 40250  mean_mse 3.2239e-03 | train eq18 9.6717e-02 test eq18 1.0781e-01
2026-10-01 16:52:47,177 INFO epoch 40500  mean_mse 3.2238e-03 | train eq18 9.6713e-02 test eq18 1.0781e-01
2026-10-01 16:52:47,432 INFO epoch 40750  mean_mse 3.2237e-03 | train eq18 9.6710e-02 test eq18 1.0780e-01
2026-10-01 16:52:47,706 INFO epoch 41000  mean_mse 3.2235e-03 | train eq18 9.6706e-02 test eq18 1.0780e-01
2026-10-01 16:52:47,954 INFO epoch 41250  mean_mse 3.2234e-03 | train eq18 9.6703e-02 test eq18 1.0780e-01
2026-10-01 16:52:48,223 INFO epoch 41500  mean_mse 3.2233e-03 | train eq18 9.6699e-02 test eq18 1.0779e-01
2026-10-01 16:52:48,486 INFO epoch 41750  mean_mse 3.2232e-03 | train eq18 9.6696e-02 test eq18 1.0779e-01
2026-10-01 16:52:48,739 INFO epoch 42000  mean_mse 3.2231e-03 | train eq18 9.6692e-02 test eq18 1.0778e-01
2026-10-01 16:52:49,125 INFO epoch 42250  mean_mse 3.2230e-03 | train eq18 9.6689e-02 test eq18 1.0778e-01
2026-10-01 16:52:49,423 INFO epoch 42500  mean_mse 3.2228e-03 | train eq18 9.6685e-02 test eq18 1.0777e-01
2026-10-01 16:52:49,841 INFO epoch 42750  mean_mse 3.2227e-03 | train eq18 9.6682e-02 test eq18 1.0777e-01
2026-10-01 16:52:50,249 INFO epoch 43000  mean_mse 3.2226e-03 | train eq18 9.6679e-02 test eq18 1.0776e-01
2026-10-01 16:52:50,556 INFO epoch 43250  mean_mse 3.2225e-03 | train eq18 9.6675e-02 test eq18 1.0776e-01
2026-10-01 16:52:50,862 INFO epoch 43500  mean_mse 3.2224e-03 | train eq18 9.6672e-02 test eq18 1.0776e-01
2026-10-01 16:52:51,140 INFO epoch 43750  mean_mse 3.2223e-03 | train eq18 9.6669e-02 test eq18 1.0776e-01
2026-10-01 16:52:51,409 INFO epoch 44000  mean_mse 3.2222e-03 | train eq18 9.6665e-02 test eq18 1.0775e-01
2026-10-01 16:52:51,775 INFO epoch 44250  mean_mse 3.2221e-03 | train eq18 9.6663e-02 test eq18 1.0769e-01
2026-10-01 16:52:52,058 INFO epoch 44500  mean_mse 3.2220e-03 | train eq18 9.6659e-02 test eq18 1.0774e-01
2026-10-01 16:52:52,319 INFO epoch 44750  mean_mse 3.2219e-03 | train eq18 9.6656e-02 test eq18 1.0773e-01
2026-10-01 16:52:52,582 INFO epoch 45000  mean_mse 3.2322e-03 | train eq18 9.6967e-02 test eq18 1.0779e-01
2026-10-01 16:52:52,846 INFO epoch 45250  mean_mse 3.2221e-03 | train eq18 9.6663e-02 test eq18 1.0783e-01
2026-10-01 16:52:53,148 INFO epoch 45500  mean_mse 3.2216e-03 | train eq18 9.6647e-02 test eq18 1.0775e-01
2026-10-01 16:52:53,468 INFO epoch 45750  mean_mse 3.2214e-03 | train eq18 9.6643e-02 test eq18 1.0773e-01
2026-10-01 16:52:53,734 INFO epoch 46000  mean_mse 3.2214e-03 | train eq18 9.6641e-02 test eq18 1.0773e-01
2026-10-01 16:52:54,006 INFO epoch 46250  mean_mse 3.2213e-03 | train eq18 9.6640e-02 test eq18 1.0772e-01
2026-10-01 16:52:54,272 INFO epoch 46500  mean_mse 3.2211e-03 | train eq18 9.6634e-02 test eq18 1.0770e-01
2026-10-01 16:52:54,553 INFO epoch 46750  mean_mse 3.2210e-03 | train eq18 9.6631e-02 test eq18 1.0770e-01
2026-10-01 16:52:54,836 INFO epoch 47000  mean_mse 3.2209e-03 | train eq18 9.6628e-02 test eq18 1.0769e-01
2026-10-01 16:52:55,110 INFO epoch 47250  mean_mse 3.2208e-03 | train eq18 9.6625e-02 test eq18 1.0768e-01
2026-10-01 16:52:55,361 INFO epoch 47500  mean_mse 3.2207e-03 | train eq18 9.6622e-02 test eq18 1.0768e-01
2026-10-01 16:52:55,614 INFO epoch 47750  mean_mse 3.2206e-03 | train eq18 9.6619e-02 test eq18 1.0767e-01
2026-10-01 16:52:55,893 INFO epoch 48000  mean_mse 3.2205e-03 | train eq18 9.6616e-02 test eq18 1.0767e-01
2026-10-01 16:52:56,169 INFO epoch 48250  mean_mse 3.2204e-03 | train eq18 9.6613e-02 test eq18 1.0766e-01
2026-10-01 16:52:56,434 INFO epoch 48500  mean_mse 3.2204e-03 | train eq18 9.6611e-02 test eq18 1.0766e-01
2026-10-01 16:52:56,692 INFO epoch 48750  mean_mse 3.2203e-03 | train eq18 9.6608e-02 test eq18 1.0765e-01
2026-10-01 16:52:56,963 INFO epoch 49000  mean_mse 3.2213e-03 | train eq18 9.6638e-02 test eq18 1.0776e-01
2026-10-01 16:52:57,216 INFO epoch 49250  mean_mse 3.2244e-03 | train eq18 9.6733e-02 test eq18 1.0793e-01
2026-10-01 16:52:57,467 INFO epoch 49500  mean_mse 3.2213e-03 | train eq18 9.6640e-02 test eq18 1.0775e-01
2026-10-01 16:52:57,725 INFO epoch 49750  mean_mse 3.2199e-03 | train eq18 9.6597e-02 test eq18 1.0762e-01
2026-10-01 16:52:58,025 INFO wrote ../results/experiments/biodiesel/author_repo_match/figures_tanh_r1/fig04/deeponet_p078_seed0/checkpoint_final.pt
2026-10-01 16:52:58,026 INFO final: train {'mean_mse': 0.00321979564614594, 'mean_mse_u': 0.00321979564614594, 'eq18_obs': 0.09659385681152344, 'eq22_true': 0.09659385681152344, 'eq18_obs_time_averaged': 0.003219795227050781, 'eq22_true_time_averaged': 0.003219795227050781}
2026-10-01 16:52:58,026 INFO final: test {'mean_mse': 0.003587758168578148, 'mean_mse_u': 0.003587758168578148, 'eq18_obs': 0.10763274133205414, 'eq22_true': 0.10763274133205414, 'eq18_obs_time_averaged': 0.0035877580444018046, 'eq22_true_time_averaged': 0.0035877580444018046}
2026-10-01 16:52:58,026 INFO final trunk: {'kinks': [6.577342987060547, -7.553176403045654, -1.4872677326202393], 'dead_on_grid': {'tanh0': 0, 'tanh1': 0}, 'dead_on_dense': {'tanh0': 0, 'tanh1': 0}, 'interior_breakpoints_s': {'layer1': [6.577342987060547], 'layer2': []}, 'tanh_saturation': {'grid': {'layer1': {'abs_z_quantiles_10_50_90_max': [0.12853482887148857, 0.9643799960613251, 3.025122928619386, 4.00768518447876], 'frac_abs_z_gt': {'2': 0.23333333333333334, '3': 0.1111111111111111, '5': 0.0}, 'frac_abs_act_gt': {'0.95': 0.26666666666666666, '0.99': 0.14444444444444443}, 'derivative_mean': 0.4800407886505127, 'derivative_median': 0.4435046911239624}, 'layer2': {'abs_z_quantiles_10_50_90_max': [0.8451948702335358, 1.5009270906448364, 1.7884367465972901, 1.9522814750671387], 'frac_abs_z_gt': {'2': 0.0, '3': 0.0, '5': 0.0}, 'frac_abs_act_gt': {'0.95': 0.044444444444444446, '0.99': 0.0}, 'derivative_mean': 0.24857406318187714, 'derivative_median': 0.1804078221321106}}, 'dense': {'layer1': {'abs_z_quantiles_10_50_90_max': [0.1254855215549469, 0.9875015616416931, 3.0450684070587166, 4.00768518447876], 'frac_abs_z_gt': {'2': 0.22702104097452935, '3': 0.10520487264673312, '5': 0.0}, 'frac_abs_act_gt': {'0.95': 0.2724252491694352, '0.99': 0.14174972314507198}, 'derivative_mean': 0.47823742032051086, 'derivative_median': 0.42801791429519653}, 'layer2': {'abs_z_quantiles_10_50_90_max': [0.8567310452461243, 1.4981093406677246, 1.7867406368255616, 1.9522814750671387], 'frac_abs_z_gt': {'2': 0.0, '3': 0.0, '5': 0.0}, 'frac_abs_act_gt': {'0.95': 0.04318936877076412, '0.99': 0.0}, 'derivative_mean': 0.24484483897686005, 'derivative_median': 0.18132609128952026}}}}
2026-10-01 16:52:58,027 INFO run completed 2026-10-01T14:52:58Z
