2026-09-28 22:11:43,609 run start | results/experiments/biodiesel/author_repo_match/reaction_order/paper_order_seed0 | seed 0 | params 156
2026-09-28 22:11:43,789 epoch     1  train 2.8828e-01  val 2.6188e-01  (0 s)
2026-09-28 22:11:45,871 epoch   100  train 2.6374e-02  val 2.9314e-02  (2 s)
2026-09-28 22:11:48,039 epoch   200  train 7.8796e-03  val 9.5177e-03  (4 s)
2026-09-28 22:11:50,713 epoch   300  train 3.1180e-03  val 3.6467e-03  (7 s)
2026-09-28 22:11:53,252 epoch   400  train 2.0711e-03  val 2.6713e-03  (10 s)
2026-09-28 22:11:56,124 epoch   500  train 1.5539e-03  val 2.2229e-03  (13 s)
2026-09-28 22:11:59,345 epoch   600  train 1.2400e-03  val 1.9650e-03  (16 s)
2026-09-28 22:12:03,802 epoch   700  train 1.0127e-03  val 1.8268e-03  (20 s)
2026-09-28 22:12:06,949 epoch   800  train 8.6123e-04  val 1.7661e-03  (23 s)
2026-09-28 22:12:10,374 epoch   900  train 7.5046e-04  val 1.6978e-03  (27 s)
2026-09-28 22:12:13,730 epoch  1000  train 6.6191e-04  val 1.6328e-03  (30 s)
2026-09-28 22:12:16,698 epoch  1100  train 5.9117e-04  val 1.5729e-03  (33 s)
2026-09-28 22:12:19,524 epoch  1200  train 5.2873e-04  val 1.5016e-03  (36 s)
2026-09-28 22:12:22,476 epoch  1300  train 4.7159e-04  val 1.4196e-03  (39 s)
2026-09-28 22:12:25,540 epoch  1400  train 4.2021e-04  val 1.3346e-03  (42 s)
2026-09-28 22:12:28,387 epoch  1500  train 3.8037e-04  val 1.2951e-03  (45 s)
2026-09-28 22:12:31,348 epoch  1600  train 3.3804e-04  val 1.1648e-03  (48 s)
2026-09-28 22:12:34,303 epoch  1700  train 3.0605e-04  val 1.0842e-03  (51 s)
2026-09-28 22:12:37,347 epoch  1800  train 2.8604e-04  val 9.7102e-04  (54 s)
2026-09-28 22:12:40,888 epoch  1900  train 2.5843e-04  val 9.4578e-04  (57 s)
2026-09-28 22:12:44,410 epoch  2000  train 2.4099e-04  val 8.8865e-04  (61 s)
2026-09-28 22:12:48,240 epoch  2100  train 2.2981e-04  val 8.1225e-04  (65 s)
2026-09-28 22:12:51,085 epoch  2200  train 2.1487e-04  val 7.9552e-04  (67 s)
2026-09-28 22:12:53,853 epoch  2300  train 2.0472e-04  val 7.5792e-04  (70 s)
2026-09-28 22:12:56,604 epoch  2400  train 1.9690e-04  val 7.4236e-04  (73 s)
2026-09-28 22:12:59,379 epoch  2500  train 1.8771e-04  val 6.9453e-04  (76 s)
2026-09-28 22:13:02,303 epoch  2600  train 1.8010e-04  val 6.6727e-04  (79 s)
2026-09-28 22:13:05,278 epoch  2700  train 1.7322e-04  val 6.3329e-04  (82 s)
2026-09-28 22:13:08,740 epoch  2800  train 1.6587e-04  val 6.1926e-04  (85 s)
2026-09-28 22:13:11,747 epoch  2900  train 1.5915e-04  val 5.9801e-04  (88 s)
2026-09-28 22:13:14,800 epoch  3000  train 1.5280e-04  val 5.8244e-04  (91 s)
2026-09-28 22:13:17,999 epoch  3100  train 1.4672e-04  val 5.6054e-04  (94 s)
2026-09-28 22:13:21,084 epoch  3200  train 1.4095e-04  val 5.4440e-04  (97 s)
2026-09-28 22:13:24,143 epoch  3300  train 1.4634e-04  val 5.8715e-04  (101 s)
2026-09-28 22:13:27,533 epoch  3400  train 1.3031e-04  val 5.1466e-04  (104 s)
2026-09-28 22:13:30,922 epoch  3500  train 1.2557e-04  val 5.0335e-04  (107 s)
2026-09-28 22:13:33,997 epoch  3600  train 1.2138e-04  val 4.8796e-04  (110 s)
2026-09-28 22:13:37,127 epoch  3700  train 1.1713e-04  val 4.8261e-04  (114 s)
2026-09-28 22:13:40,261 epoch  3800  train 1.1336e-04  val 4.7557e-04  (117 s)
2026-09-28 22:13:43,432 epoch  3900  train 1.0979e-04  val 4.6840e-04  (120 s)
2026-09-28 22:13:46,582 epoch  4000  train 1.0655e-04  val 4.6279e-04  (123 s)
2026-09-28 22:13:49,649 epoch  4100  train 1.0570e-04  val 4.4105e-04  (126 s)
2026-09-28 22:13:52,866 epoch  4200  train 1.0015e-04  val 4.4989e-04  (129 s)
2026-09-28 22:13:56,013 epoch  4300  train 9.8894e-05  val 4.4558e-04  (132 s)
2026-09-28 22:13:59,601 epoch  4400  train 9.7865e-05  val 4.3231e-04  (136 s)
2026-09-28 22:14:03,500 epoch  4500  train 9.8115e-05  val 4.3956e-04  (140 s)
2026-09-28 22:14:06,764 epoch  4600  train 9.4688e-05  val 4.1570e-04  (143 s)
2026-09-28 22:14:09,918 epoch  4700  train 9.3358e-05  val 4.0484e-04  (146 s)
2026-09-28 22:14:13,257 epoch  4800  train 1.0531e-04  val 4.0261e-04  (150 s)
2026-09-28 22:14:17,187 epoch  4900  train 9.1290e-05  val 4.1708e-04  (154 s)
2026-09-28 22:14:20,354 epoch  5000  train 8.8494e-05  val 3.9503e-04  (157 s)
2026-09-28 22:14:23,393 epoch  5100  train 8.6845e-05  val 3.9703e-04  (160 s)
2026-09-28 22:14:27,267 epoch  5200  train 8.5490e-05  val 3.8861e-04  (164 s)
2026-09-28 22:14:30,964 epoch  5300  train 9.2450e-05  val 4.0168e-04  (167 s)
2026-09-28 22:14:34,543 epoch  5400  train 8.3187e-05  val 3.9158e-04  (171 s)
2026-09-28 22:14:39,000 epoch  5500  train 1.3633e-04  val 4.7756e-04  (175 s)
2026-09-28 22:14:42,372 epoch  5600  train 8.0153e-05  val 3.7765e-04  (179 s)
2026-09-28 22:14:45,845 epoch  5700  train 7.8986e-05  val 3.7658e-04  (182 s)
2026-09-28 22:14:49,035 epoch  5800  train 7.7744e-05  val 3.7151e-04  (185 s)
2026-09-28 22:14:52,360 epoch  5900  train 7.7556e-05  val 3.6565e-04  (189 s)
2026-09-28 22:14:56,907 epoch  6000  train 7.5804e-05  val 3.6560e-04  (193 s)
2026-09-28 22:15:00,422 epoch  6100  train 8.3799e-05  val 3.9473e-04  (197 s)
2026-09-28 22:15:03,666 epoch  6200  train 7.3304e-05  val 3.5926e-04  (200 s)
2026-09-28 22:15:06,915 epoch  6300  train 7.2325e-05  val 3.5959e-04  (203 s)
2026-09-28 22:15:10,091 epoch  6400  train 7.1302e-05  val 3.5572e-04  (206 s)
2026-09-28 22:15:14,010 epoch  6500  train 7.0423e-05  val 3.5791e-04  (210 s)
2026-09-28 22:15:17,649 epoch  6600  train 9.4462e-05  val 3.4472e-04  (214 s)
2026-09-28 22:15:21,530 epoch  6700  train 7.2086e-05  val 3.6539e-04  (218 s)
2026-09-28 22:15:24,939 epoch  6800  train 7.0125e-05  val 3.4134e-04  (221 s)
2026-09-28 22:15:28,300 epoch  6900  train 8.2926e-05  val 3.4240e-04  (225 s)
2026-09-28 22:15:31,985 epoch  7000  train 8.9242e-05  val 3.9603e-04  (228 s)
2026-09-28 22:15:36,027 epoch  7100  train 6.6772e-05  val 3.4545e-04  (232 s)
2026-09-28 22:15:40,375 epoch  7200  train 6.4316e-05  val 3.4856e-04  (237 s)
2026-09-28 22:15:44,367 epoch  7300  train 6.7645e-05  val 3.3853e-04  (241 s)
2026-09-28 22:15:47,983 epoch  7400  train 6.7087e-05  val 3.6324e-04  (244 s)
2026-09-28 22:15:51,459 epoch  7500  train 6.5961e-05  val 3.4556e-04  (248 s)
2026-09-28 22:15:57,007 epoch  7600  train 6.1500e-05  val 3.4553e-04  (253 s)
2026-09-28 22:16:01,338 epoch  7700  train 6.2149e-05  val 3.4930e-04  (258 s)
2026-09-28 22:16:04,773 epoch  7800  train 5.9638e-05  val 3.3699e-04  (261 s)
2026-09-28 22:16:11,636 epoch  7900  train 5.9058e-05  val 3.4164e-04  (268 s)
2026-09-28 22:16:15,510 epoch  8000  train 5.9503e-05  val 3.4529e-04  (272 s)
2026-09-28 22:16:19,012 epoch  8100  train 7.0189e-05  val 3.2995e-04  (275 s)
2026-09-28 22:16:22,144 epoch  8200  train 5.6967e-05  val 3.3800e-04  (279 s)
2026-09-28 22:16:25,170 epoch  8300  train 5.7082e-05  val 3.3214e-04  (282 s)
2026-09-28 22:16:29,026 epoch  8400  train 8.3146e-05  val 4.0414e-04  (285 s)
2026-09-28 22:16:32,615 epoch  8500  train 5.5350e-05  val 3.3288e-04  (289 s)
2026-09-28 22:16:36,052 epoch  8600  train 5.5713e-05  val 3.4071e-04  (292 s)
2026-09-28 22:16:39,684 epoch  8700  train 5.4016e-05  val 3.3340e-04  (296 s)
2026-09-28 22:16:44,108 epoch  8800  train 6.0904e-05  val 3.2561e-04  (300 s)
2026-09-28 22:16:47,878 epoch  8900  train 5.3484e-05  val 3.3430e-04  (304 s)
2026-09-28 22:16:52,070 epoch  9000  train 5.9522e-05  val 3.1667e-04  (308 s)
2026-09-28 22:16:56,824 epoch  9100  train 5.1901e-05  val 3.2982e-04  (313 s)
2026-09-28 22:17:00,211 epoch  9200  train 5.1474e-05  val 3.3154e-04  (317 s)
2026-09-28 22:17:04,940 epoch  9300  train 5.0954e-05  val 3.2913e-04  (321 s)
2026-09-28 22:17:13,426 epoch  9400  train 5.7096e-05  val 3.5470e-04  (330 s)
2026-09-28 22:17:17,382 epoch  9500  train 5.0722e-05  val 3.2022e-04  (334 s)
2026-09-28 22:17:20,556 epoch  9600  train 6.2032e-05  val 3.0983e-04  (337 s)
2026-09-28 22:17:23,823 epoch  9700  train 4.9379e-05  val 3.2399e-04  (340 s)
2026-09-28 22:17:27,134 epoch  9800  train 5.1106e-05  val 3.3953e-04  (344 s)
2026-09-28 22:17:30,508 epoch  9900  train 7.1314e-05  val 3.6262e-04  (347 s)
2026-09-28 22:17:33,583 epoch 10000  train 4.7701e-05  val 3.2647e-04  (350 s)
2026-09-28 22:17:35,741 completed | 10000 epochs | 350.0 s | train 4.7701e-05 val 3.2647e-04
