2026-09-23 01:37:43,746 run start | results/experiments/biodiesel/author_repo_match/run_seed0 | seed 0 | params 156
2026-09-23 01:37:44,474 epoch     1  train 2.7408e-01  val 2.4954e-01  (0 s)
2026-09-23 01:38:35,758 epoch   100  train 2.1336e-02  val 2.3703e-02  (52 s)
2026-09-23 01:39:26,945 epoch   200  train 6.0041e-03  val 6.6802e-03  (103 s)
2026-09-23 01:40:30,092 epoch   300  train 2.7439e-03  val 3.1482e-03  (166 s)
2026-09-23 01:41:47,642 epoch   400  train 1.9165e-03  val 2.4945e-03  (244 s)
2026-09-23 01:42:49,240 epoch   500  train 1.3603e-03  val 2.0775e-03  (305 s)
2026-09-23 01:43:46,668 epoch   600  train 1.0434e-03  val 1.9853e-03  (363 s)
2026-09-23 01:44:42,301 epoch   700  train 8.5574e-04  val 1.8691e-03  (418 s)
2026-09-23 01:45:36,121 epoch   800  train 6.8247e-04  val 1.8834e-03  (472 s)
2026-09-23 01:46:31,445 epoch   900  train 5.7983e-04  val 1.8085e-03  (527 s)
2026-09-23 01:47:26,463 epoch  1000  train 5.2827e-04  val 1.6856e-03  (582 s)
2026-09-23 01:48:35,226 epoch  1100  train 4.8927e-04  val 1.5601e-03  (651 s)
2026-09-23 01:49:34,593 epoch  1200  train 4.5782e-04  val 1.4519e-03  (711 s)
2026-09-23 01:50:35,372 epoch  1300  train 4.3379e-04  val 1.3729e-03  (771 s)
2026-09-23 01:51:33,530 epoch  1400  train 4.0076e-04  val 1.2270e-03  (829 s)
2026-09-23 01:52:31,883 epoch  1500  train 5.6429e-04  val 9.3531e-04  (888 s)
2026-09-23 01:53:31,395 epoch  1600  train 3.7690e-04  val 1.0965e-03  (947 s)
2026-09-23 01:54:30,810 epoch  1700  train 3.5829e-04  val 9.4024e-04  (1007 s)
2026-09-23 01:55:29,004 epoch  1800  train 3.5945e-04  val 1.0045e-03  (1065 s)
2026-09-23 01:56:27,417 epoch  1900  train 3.1065e-04  val 9.1740e-04  (1123 s)
2026-09-23 01:57:26,294 epoch  2000  train 2.9892e-04  val 8.7353e-04  (1182 s)
2026-09-23 01:58:22,331 epoch  2100  train 2.7917e-04  val 8.1917e-04  (1238 s)
2026-09-23 01:59:16,994 epoch  2200  train 2.6048e-04  val 7.8150e-04  (1293 s)
2026-09-23 02:00:15,307 epoch  2300  train 2.8109e-04  val 8.5988e-04  (1351 s)
2026-09-23 02:01:15,728 epoch  2400  train 2.4154e-04  val 7.6798e-04  (1412 s)
2026-09-23 02:02:17,453 epoch  2500  train 2.3395e-04  val 7.3516e-04  (1473 s)
2026-09-23 02:03:27,417 epoch  2600  train 2.2242e-04  val 7.2762e-04  (1543 s)
2026-09-23 02:04:33,780 epoch  2700  train 2.1249e-04  val 7.1160e-04  (1610 s)
2026-09-23 02:05:35,249 epoch  2800  train 2.1502e-04  val 7.6791e-04  (1671 s)
2026-09-23 02:06:47,190 epoch  2900  train 2.0611e-04  val 7.0733e-04  (1743 s)
2026-09-23 02:08:06,130 epoch  3000  train 1.9490e-04  val 7.0384e-04  (1822 s)
2026-09-23 02:09:15,794 epoch  3100  train 1.8425e-04  val 6.8743e-04  (1892 s)
2026-09-23 02:10:22,999 epoch  3200  train 2.3499e-04  val 6.8125e-04  (1959 s)
2026-09-23 02:11:23,740 epoch  3300  train 2.1909e-04  val 6.2210e-04  (2020 s)
2026-09-23 02:12:50,866 epoch  3400  train 1.9019e-04  val 6.6667e-04  (2107 s)
2026-09-23 02:13:57,756 epoch  3500  train 1.7831e-04  val 6.5244e-04  (2174 s)
2026-09-23 02:15:05,953 epoch  3600  train 1.6889e-04  val 6.6950e-04  (2242 s)
2026-09-23 02:16:35,221 epoch  3700  train 1.6590e-04  val 6.3562e-04  (2331 s)
2026-09-23 02:17:44,095 epoch  3800  train 1.6087e-04  val 6.0990e-04  (2400 s)
2026-09-23 02:18:44,726 epoch  3900  train 1.5787e-04  val 5.8506e-04  (2461 s)
2026-09-23 02:19:40,563 epoch  4000  train 1.5535e-04  val 5.6956e-04  (2516 s)
2026-09-23 02:20:36,344 epoch  4100  train 1.5230e-04  val 5.5577e-04  (2572 s)
2026-09-23 02:21:34,427 epoch  4200  train 1.4893e-04  val 5.4341e-04  (2630 s)
2026-09-23 02:22:31,763 epoch  4300  train 1.4506e-04  val 5.3460e-04  (2688 s)
2026-09-23 02:23:27,865 epoch  4400  train 1.4143e-04  val 5.2730e-04  (2744 s)
2026-09-23 02:24:38,619 epoch  4500  train 1.4955e-04  val 4.7392e-04  (2815 s)
2026-09-23 02:26:30,718 epoch  4600  train 1.3903e-04  val 4.9893e-04  (2927 s)
2026-09-23 02:27:39,429 epoch  4700  train 1.3423e-04  val 4.9488e-04  (2995 s)
2026-09-23 02:29:06,805 epoch  4800  train 1.3085e-04  val 4.8920e-04  (3083 s)
2026-09-23 02:30:12,229 epoch  4900  train 1.2734e-04  val 4.8109e-04  (3148 s)
2026-09-23 02:31:25,177 epoch  5000  train 1.2737e-04  val 4.5724e-04  (3221 s)
2026-09-23 02:32:35,786 epoch  5100  train 1.2204e-04  val 4.5846e-04  (3292 s)
2026-09-23 02:33:51,254 epoch  5200  train 1.1836e-04  val 4.5390e-04  (3367 s)
2026-09-23 02:35:03,301 epoch  5300  train 1.1813e-04  val 4.4483e-04  (3439 s)
2026-09-23 02:36:13,476 epoch  5400  train 1.1674e-04  val 4.3697e-04  (3509 s)
2026-09-23 02:37:25,644 epoch  5500  train 1.1153e-04  val 4.3673e-04  (3581 s)
2026-09-23 02:38:53,048 epoch  5600  train 1.2560e-04  val 4.1293e-04  (3669 s)
2026-09-23 02:40:04,187 epoch  5700  train 1.1240e-04  val 4.1481e-04  (3740 s)
2026-09-23 02:41:12,205 epoch  5800  train 1.1114e-04  val 3.9670e-04  (3808 s)
2026-09-23 02:42:49,310 epoch  5900  train 1.0596e-04  val 4.0336e-04  (3905 s)
2026-09-23 02:44:25,919 epoch  6000  train 1.0373e-04  val 4.0562e-04  (4002 s)
2026-09-23 02:45:47,268 epoch  6100  train 1.0160e-04  val 4.0401e-04  (4083 s)
2026-09-23 02:47:21,144 epoch  6200  train 9.9628e-05  val 4.0124e-04  (4177 s)
2026-09-23 02:48:27,986 epoch  6300  train 9.7862e-05  val 3.9748e-04  (4244 s)
2026-09-23 02:49:28,973 epoch  6400  train 9.6389e-05  val 3.9312e-04  (4305 s)
2026-09-23 02:50:34,848 epoch  6500  train 9.5465e-05  val 3.8890e-04  (4371 s)
2026-09-23 02:51:40,105 epoch  6600  train 9.7013e-05  val 3.8651e-04  (4436 s)
2026-09-23 02:52:42,436 epoch  6700  train 1.0503e-04  val 3.8035e-04  (4498 s)
2026-09-23 02:53:39,229 epoch  6800  train 9.9733e-05  val 3.8517e-04  (4555 s)
2026-09-23 02:54:46,913 epoch  6900  train 9.2409e-05  val 3.8523e-04  (4623 s)
2026-09-23 02:56:44,692 epoch  7000  train 8.9155e-05  val 3.8436e-04  (4740 s)
2026-09-23 02:58:26,484 epoch  7100  train 8.9298e-05  val 3.8691e-04  (4842 s)
2026-09-23 02:59:33,275 epoch  7200  train 8.7380e-05  val 3.7459e-04  (4909 s)
2026-09-23 03:00:40,624 epoch  7300  train 9.1542e-05  val 3.9220e-04  (4976 s)
2026-09-23 03:01:42,678 epoch  7400  train 8.6508e-05  val 3.7700e-04  (5038 s)
2026-09-23 03:03:02,066 epoch  7500  train 8.6219e-05  val 5.7392e-04  (5118 s)
2026-09-23 03:04:51,440 epoch  7600  train 8.4634e-05  val 3.6572e-04  (5227 s)
2026-09-23 03:06:02,860 epoch  7700  train 1.4969e-04  val 5.0997e-04  (5299 s)
2026-09-23 03:07:12,563 epoch  7800  train 8.2763e-05  val 3.6539e-04  (5368 s)
2026-09-23 03:08:25,725 epoch  7900  train 1.9268e-04  val 3.3820e-04  (5441 s)
2026-09-23 03:09:45,462 epoch  8000  train 8.0954e-05  val 3.5738e-04  (5520 s)
2026-09-23 03:11:04,556 epoch  8100  train 1.2747e-04  val 3.2509e-04  (5600 s)
2026-09-23 03:12:00,909 epoch  8200  train 7.9236e-05  val 3.4584e-04  (5657 s)
2026-09-23 03:12:57,207 epoch  8300  train 7.8176e-05  val 4.5940e-04  (5713 s)
2026-09-23 03:13:53,348 epoch  8400  train 7.7612e-05  val 3.8402e-04  (5769 s)
2026-09-23 03:14:49,736 epoch  8500  train 7.6562e-05  val 3.5205e-04  (5826 s)
2026-09-23 03:15:47,190 epoch  8600  train 7.6391e-05  val 3.4042e-04  (5883 s)
2026-09-23 03:16:46,586 epoch  8700  train 7.5032e-05  val 3.3025e-04  (5942 s)
2026-09-23 03:17:46,368 epoch  8800  train 7.5128e-05  val 3.2130e-04  (6002 s)
2026-09-23 03:18:45,146 epoch  8900  train 7.3628e-05  val 3.2155e-04  (6061 s)
2026-09-23 03:19:44,229 epoch  9000  train 1.9279e-04  val 3.4024e-04  (6120 s)
2026-09-23 03:20:43,384 epoch  9100  train 7.2310e-05  val 3.1582e-04  (6179 s)
2026-09-23 03:21:43,623 epoch  9200  train 7.1461e-05  val 3.1255e-04  (6239 s)
2026-09-23 03:22:46,348 epoch  9300  train 7.1234e-05  val 3.0793e-04  (6302 s)
2026-09-23 03:23:45,384 epoch  9400  train 7.0233e-05  val 3.0734e-04  (6361 s)
2026-09-23 03:24:43,657 epoch  9500  train 9.0349e-05  val 2.8955e-04  (6419 s)
2026-09-23 03:25:41,144 epoch  9600  train 6.9137e-05  val 3.0230e-04  (6477 s)
2026-09-23 03:26:37,031 epoch  9700  train 6.8492e-05  val 3.0012e-04  (6533 s)
2026-09-23 03:27:33,202 epoch  9800  train 6.8478e-05  val 2.9575e-04  (6589 s)
2026-09-23 03:28:29,825 epoch  9900  train 6.7713e-05  val 2.9528e-04  (6646 s)
2026-09-23 03:29:26,180 epoch 10000  train 1.9242e-04  val 4.8031e-04  (6702 s)
2026-09-23 03:29:28,375 completed | 10000 epochs | 6702.2 s | train 1.9242e-04 val 4.8031e-04
