2026-09-30 00:54:21,514 run start | results/experiments/biodiesel/author_repo_match/figures/fig05/chemkan_noise15_seed0 | seed 0 | params 156
2026-09-30 00:54:22,024 epoch     1  train 1.7921e-01  val 1.6131e-01  (0 s)
2026-09-30 00:54:41,796 epoch   100  train 1.8760e-02  val 1.4767e-02  (20 s)
2026-09-30 00:55:04,014 epoch   200  train 1.0099e-02  val 4.9998e-03  (42 s)
2026-09-30 00:55:29,429 epoch   300  train 7.3643e-03  val 2.1224e-03  (68 s)
2026-09-30 00:55:57,803 epoch   400  train 6.7287e-03  val 1.4987e-03  (96 s)
2026-09-30 00:56:26,523 epoch   500  train 6.4807e-03  val 1.2956e-03  (125 s)
2026-09-30 00:56:55,158 epoch   600  train 6.3361e-03  val 1.1744e-03  (154 s)
2026-09-30 00:57:24,022 epoch   700  train 6.2335e-03  val 1.0840e-03  (183 s)
2026-09-30 00:57:52,624 epoch   800  train 6.1520e-03  val 1.0071e-03  (211 s)
2026-09-30 00:58:21,299 epoch   900  train 6.0843e-03  val 9.4120e-04  (240 s)
2026-09-30 00:58:49,805 epoch  1000  train 6.0299e-03  val 8.7877e-04  (268 s)
2026-09-30 00:59:18,324 epoch  1100  train 5.9848e-03  val 8.4015e-04  (297 s)
2026-09-30 00:59:47,282 epoch  1200  train 5.9487e-03  val 7.9832e-04  (326 s)
2026-09-30 01:00:16,203 epoch  1300  train 5.9214e-03  val 7.6342e-04  (355 s)
2026-09-30 01:00:44,817 epoch  1400  train 5.9006e-03  val 7.2470e-04  (383 s)
2026-09-30 01:01:13,584 epoch  1500  train 5.8870e-03  val 6.6741e-04  (412 s)
2026-09-30 01:01:42,264 epoch  1600  train 5.8692e-03  val 6.6235e-04  (441 s)
2026-09-30 01:02:11,214 epoch  1700  train 5.8571e-03  val 6.3486e-04  (470 s)
2026-09-30 01:02:40,152 epoch  1800  train 5.8460e-03  val 6.1263e-04  (499 s)
2026-09-30 01:03:08,800 epoch  1900  train 5.8374e-03  val 5.7467e-04  (527 s)
2026-09-30 01:03:37,770 epoch  2000  train 5.8275e-03  val 5.7014e-04  (556 s)
2026-09-30 01:04:06,554 epoch  2100  train 5.8200e-03  val 5.4111e-04  (585 s)
2026-09-30 01:04:35,235 epoch  2200  train 5.8133e-03  val 5.2159e-04  (614 s)
2026-09-30 01:05:04,042 epoch  2300  train 5.8066e-03  val 5.1774e-04  (643 s)
2026-09-30 01:05:32,707 epoch  2400  train 5.8012e-03  val 5.0173e-04  (671 s)
2026-09-30 01:06:01,256 epoch  2500  train 5.7963e-03  val 4.9674e-04  (700 s)
2026-09-30 01:06:29,808 epoch  2600  train 5.8168e-03  val 5.6263e-04  (728 s)
2026-09-30 01:06:58,579 epoch  2700  train 5.7916e-03  val 4.5880e-04  (757 s)
2026-09-30 01:07:27,050 epoch  2800  train 5.7846e-03  val 4.6060e-04  (786 s)
2026-09-30 01:07:55,636 epoch  2900  train 5.7815e-03  val 4.5323e-04  (814 s)
2026-09-30 01:08:24,336 epoch  3000  train 5.7862e-03  val 4.8923e-04  (843 s)
2026-09-30 01:08:52,811 epoch  3100  train 5.7750e-03  val 4.4881e-04  (871 s)
2026-09-30 01:09:22,104 epoch  3200  train 5.7926e-03  val 5.0184e-04  (901 s)
2026-09-30 01:09:53,166 epoch  3300  train 5.7705e-03  val 4.4369e-04  (932 s)
2026-09-30 01:10:24,472 epoch  3400  train 5.7800e-03  val 4.7288e-04  (963 s)
2026-09-30 01:10:55,467 epoch  3500  train 5.7635e-03  val 4.2000e-04  (994 s)
2026-09-30 01:11:26,376 epoch  3600  train 5.7607e-03  val 4.1606e-04  (1025 s)
2026-09-30 01:11:57,234 epoch  3700  train 5.7577e-03  val 4.1010e-04  (1056 s)
2026-09-30 01:12:28,394 epoch  3800  train 5.7581e-03  val 4.2056e-04  (1087 s)
2026-09-30 01:12:59,480 epoch  3900  train 5.7520e-03  val 4.0027e-04  (1118 s)
2026-09-30 01:13:30,713 epoch  4000  train 5.7505e-03  val 4.0133e-04  (1149 s)
2026-09-30 01:14:01,846 epoch  4100  train 5.7635e-03  val 4.3547e-04  (1180 s)
2026-09-30 01:14:33,011 epoch  4200  train 5.7593e-03  val 4.2885e-04  (1211 s)
2026-09-30 01:15:04,135 epoch  4300  train 5.7484e-03  val 3.6628e-04  (1243 s)
2026-09-30 01:15:35,291 epoch  4400  train 5.7399e-03  val 3.8580e-04  (1274 s)
2026-09-30 01:16:05,983 epoch  4500  train 5.7376e-03  val 3.8489e-04  (1304 s)
2026-09-30 01:16:36,556 epoch  4600  train 5.7473e-03  val 4.1934e-04  (1335 s)
2026-09-30 01:17:07,180 epoch  4700  train 5.7455e-03  val 4.2211e-04  (1366 s)
2026-09-30 01:17:37,646 epoch  4800  train 5.7318e-03  val 3.8945e-04  (1396 s)
2026-09-30 01:18:08,044 epoch  4900  train 5.7302e-03  val 3.9107e-04  (1427 s)
2026-09-30 01:18:38,621 epoch  5000  train 5.7419e-03  val 4.3417e-04  (1457 s)
2026-09-30 01:19:08,914 epoch  5100  train 5.7287e-03  val 4.1226e-04  (1487 s)
2026-09-30 01:19:39,176 epoch  5200  train 5.7320e-03  val 3.9790e-04  (1518 s)
2026-09-30 01:20:09,736 epoch  5300  train 5.7425e-03  val 4.0425e-04  (1548 s)
2026-09-30 01:20:40,289 epoch  5400  train 5.7256e-03  val 4.2614e-04  (1579 s)
2026-09-30 01:21:10,615 epoch  5500  train 5.7268e-03  val 4.1237e-04  (1609 s)
2026-09-30 01:21:40,865 epoch  5600  train 5.7578e-03  val 4.9561e-04  (1639 s)
2026-09-30 01:22:11,154 epoch  5700  train 5.7187e-03  val 4.3596e-04  (1670 s)
2026-09-30 01:22:41,663 epoch  5800  train 5.7169e-03  val 4.3356e-04  (1700 s)
2026-09-30 01:23:12,609 epoch  5900  train 5.7154e-03  val 4.4154e-04  (1731 s)
2026-09-30 01:23:43,381 epoch  6000  train 5.7141e-03  val 4.4493e-04  (1762 s)
2026-09-30 01:24:13,939 epoch  6100  train 5.7129e-03  val 4.4779e-04  (1792 s)
2026-09-30 01:24:44,283 epoch  6200  train 5.7117e-03  val 4.5064e-04  (1823 s)
2026-09-30 01:25:14,536 epoch  6300  train 5.7104e-03  val 4.5588e-04  (1853 s)
2026-09-30 01:25:45,109 epoch  6400  train 5.7097e-03  val 4.6327e-04  (1884 s)
2026-09-30 01:26:15,294 epoch  6500  train 5.7098e-03  val 4.6867e-04  (1914 s)
2026-09-30 01:26:45,793 epoch  6600  train 5.7240e-03  val 4.9125e-04  (1944 s)
2026-09-30 01:27:16,247 epoch  6700  train 5.7120e-03  val 4.7719e-04  (1975 s)
2026-09-30 01:27:46,190 epoch  6800  train 5.7045e-03  val 4.7455e-04  (2005 s)
2026-09-30 01:28:16,017 epoch  6900  train 5.7041e-03  val 4.7678e-04  (2035 s)
2026-09-30 01:28:45,712 epoch  7000  train 5.7061e-03  val 4.8534e-04  (2064 s)
2026-09-30 01:29:15,413 epoch  7100  train 5.7013e-03  val 4.8591e-04  (2094 s)
2026-09-30 01:29:45,107 epoch  7200  train 5.7009e-03  val 4.8588e-04  (2124 s)
2026-09-30 01:30:14,960 epoch  7300  train 5.7039e-03  val 4.9613e-04  (2153 s)
2026-09-30 01:30:44,656 epoch  7400  train 5.6987e-03  val 4.9350e-04  (2183 s)
2026-09-30 01:31:14,375 epoch  7500  train 5.7064e-03  val 5.0951e-04  (2213 s)
2026-09-30 01:31:44,266 epoch  7600  train 5.7483e-03  val 5.5160e-04  (2243 s)
2026-09-30 01:32:14,008 epoch  7700  train 5.6956e-03  val 5.0419e-04  (2272 s)
2026-09-30 01:32:43,754 epoch  7800  train 5.6943e-03  val 5.1165e-04  (2302 s)
2026-09-30 01:33:13,580 epoch  7900  train 5.7126e-03  val 5.3675e-04  (2332 s)
2026-09-30 01:33:43,287 epoch  8000  train 5.7047e-03  val 5.2965e-04  (2362 s)
2026-09-30 01:34:12,855 epoch  8100  train 5.6937e-03  val 5.2489e-04  (2391 s)
2026-09-30 01:34:42,860 epoch  8200  train 5.6914e-03  val 5.2768e-04  (2421 s)
2026-09-30 01:35:12,761 epoch  8300  train 5.6897e-03  val 5.2955e-04  (2451 s)
2026-09-30 01:35:43,689 epoch  8400  train 5.6896e-03  val 5.3258e-04  (2482 s)
2026-09-30 01:36:14,376 epoch  8500  train 5.6896e-03  val 5.3722e-04  (2513 s)
2026-09-30 01:36:44,620 epoch  8600  train 5.6939e-03  val 5.4495e-04  (2543 s)
2026-09-30 01:37:14,647 epoch  8700  train 5.6890e-03  val 5.5776e-04  (2573 s)
2026-09-30 01:37:44,452 epoch  8800  train 5.6859e-03  val 5.4961e-04  (2603 s)
2026-09-30 01:38:14,327 epoch  8900  train 5.6897e-03  val 5.7118e-04  (2633 s)
2026-09-30 01:38:44,157 epoch  9000  train 5.6855e-03  val 5.6167e-04  (2663 s)
2026-09-30 01:39:14,391 epoch  9100  train 5.6838e-03  val 5.6571e-04  (2693 s)
2026-09-30 01:39:44,638 epoch  9200  train 5.6978e-03  val 6.0425e-04  (2723 s)
2026-09-30 01:40:14,784 epoch  9300  train 5.6826e-03  val 5.7131e-04  (2753 s)
2026-09-30 01:40:44,880 epoch  9400  train 5.6832e-03  val 5.8228e-04  (2783 s)
2026-09-30 01:41:15,874 epoch  9500  train 5.6816e-03  val 5.7858e-04  (2814 s)
2026-09-30 01:41:46,471 epoch  9600  train 5.6973e-03  val 5.9089e-04  (2845 s)
2026-09-30 01:42:16,291 epoch  9700  train 5.6932e-03  val 5.9136e-04  (2875 s)
2026-09-30 01:42:45,883 epoch  9800  train 5.6843e-03  val 5.9998e-04  (2904 s)
2026-09-30 01:43:15,542 epoch  9900  train 5.6792e-03  val 5.9186e-04  (2934 s)
2026-09-30 01:43:44,718 epoch 10000  train 5.6785e-03  val 5.9908e-04  (2963 s)
2026-09-30 01:43:50,383 completed | 10000 epochs | 2963.2 s | train 5.6785e-03 val 5.9908e-04
