2026-10-01 17:41:51,846 INFO run start 2026-10-01T15:41:51Z | run_id=biodiesel-deeponet-repro/deeponet_p308_seed0 | system=biodiesel-deeponet-repro | dir=../results/experiments/biodiesel/author_repo_match/figures_tanh_r1_lr1e-2/fig04/deeponet_p308_seed0
2026-10-01 17:41:52,165 INFO wrote ../results/experiments/biodiesel/author_repo_match/figures_tanh_r1_lr1e-2/fig04/deeponet_p308_seed0/config.json
2026-10-01 17:41:52,182 INFO configuration: branch inputs normalized (author-global normalized Mode A), targets author_global_normalized_states, trunk input raw physical t 0..30 s (30 points), activation tanh, placement A, init Aprime_tf_truncated_glorot_zero_bias, Adam lr 0.01
2026-10-01 17:41:52,233 INFO initial: train {'mean_mse': 0.48036080598831177, 'mean_mse_u': 0.48036080598831177, 'eq18_obs': 14.4108247756958, 'eq22_true': 14.4108247756958, 'eq18_obs_time_averaged': 0.4803608258565267, 'eq22_true_time_averaged': 0.4803608258565267} | test {'mean_mse': 0.4624251425266266, 'mean_mse_u': 0.4624251425266266, 'eq18_obs': 13.87275505065918, 'eq22_true': 13.87275505065918, 'eq18_obs_time_averaged': 0.462425168355306, 'eq22_true_time_averaged': 0.462425168355306}
2026-10-01 17:41:52,244 INFO initial prediction stats: {'min': -0.4128516912460327, 'max': 1.0678064823150635, 'mean': 0.25382742285728455, 'abs_max': 1.0678064823150635, 'per_species_min': [0.1511426419019699, 0.01674935780465603, -0.07298735529184341, -0.1487981379032135, -0.4128516912460327, 0.0], 'per_species_max': [1.0678064823150635, 1.014087200164795, 0.013730580918490887, 0.0, 0.0, 0.7322954535484314], 'fraction_negative': 0.47}
2026-10-01 17:41:53,192 INFO epoch     0  mean_mse 4.8036e-01 | train eq18 1.4411e+01 test eq18 1.3873e+01
2026-10-01 17:41:53,462 INFO epoch   250  mean_mse 3.2978e-03 | train eq18 9.8935e-02 test eq18 1.2601e-01
2026-10-01 17:41:53,766 INFO epoch   500  mean_mse 1.9593e-03 | train eq18 5.8779e-02 test eq18 8.2412e-02
2026-10-01 17:41:54,058 INFO epoch   750  mean_mse 1.2495e-03 | train eq18 3.7486e-02 test eq18 5.7171e-02
2026-10-01 17:41:54,323 INFO epoch  1000  mean_mse 1.1110e-03 | train eq18 3.3330e-02 test eq18 5.7579e-02
2026-10-01 17:41:54,586 INFO epoch  1250  mean_mse 7.2300e-04 | train eq18 2.1690e-02 test eq18 4.4778e-02
2026-10-01 17:41:54,852 INFO epoch  1500  mean_mse 5.8377e-04 | train eq18 1.7513e-02 test eq18 4.4287e-02
2026-10-01 17:41:55,117 INFO epoch  1750  mean_mse 4.9087e-04 | train eq18 1.4726e-02 test eq18 4.2821e-02
2026-10-01 17:41:55,381 INFO epoch  2000  mean_mse 4.1803e-04 | train eq18 1.2541e-02 test eq18 4.0620e-02
2026-10-01 17:41:55,650 INFO epoch  2250  mean_mse 3.6193e-04 | train eq18 1.0858e-02 test eq18 3.8923e-02
2026-10-01 17:41:55,908 INFO epoch  2500  mean_mse 8.7945e-04 | train eq18 2.6384e-02 test eq18 6.2902e-02
2026-10-01 17:41:56,179 INFO epoch  2750  mean_mse 1.5935e-03 | train eq18 4.7806e-02 test eq18 5.9162e-02
2026-10-01 17:41:56,446 INFO epoch  3000  mean_mse 2.4875e-04 | train eq18 7.4624e-03 test eq18 3.2970e-02
2026-10-01 17:41:56,703 INFO epoch  3250  mean_mse 2.1595e-04 | train eq18 6.4784e-03 test eq18 3.0888e-02
2026-10-01 17:41:56,985 INFO epoch  3500  mean_mse 1.8072e-04 | train eq18 5.4215e-03 test eq18 2.8365e-02
2026-10-01 17:41:57,252 INFO epoch  3750  mean_mse 1.4829e-04 | train eq18 4.4487e-03 test eq18 2.5795e-02
2026-10-01 17:41:57,515 INFO epoch  4000  mean_mse 1.2460e-04 | train eq18 3.7381e-03 test eq18 2.3147e-02
2026-10-01 17:41:57,763 INFO epoch  4250  mean_mse 1.2642e-04 | train eq18 3.7925e-03 test eq18 2.0501e-02
2026-10-01 17:41:58,016 INFO epoch  4500  mean_mse 9.7635e-05 | train eq18 2.9290e-03 test eq18 1.8710e-02
2026-10-01 17:41:58,602 INFO epoch  4750  mean_mse 1.0805e-04 | train eq18 3.2415e-03 test eq18 1.7305e-02
2026-10-01 17:41:58,897 INFO epoch  5000  mean_mse 8.4438e-05 | train eq18 2.5331e-03 test eq18 1.4996e-02
2026-10-01 17:41:59,150 INFO epoch  5250  mean_mse 7.9078e-05 | train eq18 2.3723e-03 test eq18 1.4281e-02
2026-10-01 17:41:59,504 INFO epoch  5500  mean_mse 7.5655e-05 | train eq18 2.2696e-03 test eq18 1.3582e-02
2026-10-01 17:41:59,769 INFO epoch  5750  mean_mse 7.2367e-05 | train eq18 2.1710e-03 test eq18 1.2663e-02
2026-10-01 17:42:00,038 INFO epoch  6000  mean_mse 9.8427e-05 | train eq18 2.9528e-03 test eq18 1.1962e-02
2026-10-01 17:42:00,332 INFO epoch  6250  mean_mse 6.5995e-05 | train eq18 1.9798e-03 test eq18 1.1285e-02
2026-10-01 17:42:00,599 INFO epoch  6500  mean_mse 6.3888e-05 | train eq18 1.9166e-03 test eq18 1.0898e-02
2026-10-01 17:42:00,888 INFO epoch  6750  mean_mse 2.2100e-04 | train eq18 6.6300e-03 test eq18 1.7672e-02
2026-10-01 17:42:01,186 INFO epoch  7000  mean_mse 6.6355e-05 | train eq18 1.9907e-03 test eq18 1.1106e-02
2026-10-01 17:42:01,464 INFO epoch  7250  mean_mse 5.6263e-05 | train eq18 1.6879e-03 test eq18 9.7852e-03
2026-10-01 17:42:01,723 INFO epoch  7500  mean_mse 5.3850e-05 | train eq18 1.6155e-03 test eq18 9.2780e-03
2026-10-01 17:42:01,985 INFO epoch  7750  mean_mse 7.8323e-05 | train eq18 2.3497e-03 test eq18 9.8817e-03
2026-10-01 17:42:02,259 INFO epoch  8000  mean_mse 4.8875e-05 | train eq18 1.4662e-03 test eq18 8.5568e-03
2026-10-01 17:42:02,504 INFO epoch  8250  mean_mse 4.9662e-05 | train eq18 1.4899e-03 test eq18 8.2500e-03
2026-10-01 17:42:02,792 INFO epoch  8500  mean_mse 1.1349e-04 | train eq18 3.4046e-03 test eq18 1.1385e-02
2026-10-01 17:42:03,052 INFO epoch  8750  mean_mse 4.2968e-05 | train eq18 1.2891e-03 test eq18 7.6624e-03
2026-10-01 17:42:03,344 INFO epoch  9000  mean_mse 1.0460e-04 | train eq18 3.1381e-03 test eq18 7.8560e-03
2026-10-01 17:42:03,606 INFO epoch  9250  mean_mse 3.9162e-05 | train eq18 1.1749e-03 test eq18 7.2512e-03
2026-10-01 17:42:03,878 INFO epoch  9500  mean_mse 3.6196e-05 | train eq18 1.0859e-03 test eq18 7.0008e-03
2026-10-01 17:42:04,140 INFO epoch  9750  mean_mse 6.5050e-05 | train eq18 1.9515e-03 test eq18 7.8110e-03
2026-10-01 17:42:04,391 INFO epoch 10000  mean_mse 3.4457e-05 | train eq18 1.0337e-03 test eq18 6.6664e-03
2026-10-01 17:42:04,646 INFO epoch 10250  mean_mse 3.1927e-05 | train eq18 9.5780e-04 test eq18 6.5539e-03
2026-10-01 17:42:04,931 INFO epoch 10500  mean_mse 3.0505e-05 | train eq18 9.1515e-04 test eq18 6.4070e-03
2026-10-01 17:42:05,198 INFO epoch 10750  mean_mse 2.9934e-05 | train eq18 8.9802e-04 test eq18 6.2942e-03
2026-10-01 17:42:05,477 INFO epoch 11000  mean_mse 3.4017e-05 | train eq18 1.0205e-03 test eq18 6.4462e-03
2026-10-01 17:42:05,732 INFO epoch 11250  mean_mse 2.8022e-05 | train eq18 8.4067e-04 test eq18 6.1747e-03
2026-10-01 17:42:05,996 INFO epoch 11500  mean_mse 2.7843e-05 | train eq18 8.3529e-04 test eq18 6.3789e-03
2026-10-01 17:42:06,260 INFO epoch 11750  mean_mse 2.8370e-05 | train eq18 8.5111e-04 test eq18 6.3470e-03
2026-10-01 17:42:06,515 INFO epoch 12000  mean_mse 2.6171e-05 | train eq18 7.8513e-04 test eq18 6.1012e-03
2026-10-01 17:42:06,803 INFO epoch 12250  mean_mse 2.6450e-05 | train eq18 7.9349e-04 test eq18 6.3005e-03
2026-10-01 17:42:07,077 INFO epoch 12500  mean_mse 2.5713e-05 | train eq18 7.7139e-04 test eq18 6.3833e-03
2026-10-01 17:42:07,409 INFO epoch 12750  mean_mse 6.3913e-05 | train eq18 1.9174e-03 test eq18 6.7977e-03
2026-10-01 17:42:07,664 INFO epoch 13000  mean_mse 3.7272e-05 | train eq18 1.1182e-03 test eq18 5.6390e-03
2026-10-01 17:42:07,913 INFO epoch 13250  mean_mse 2.8040e-05 | train eq18 8.4121e-04 test eq18 5.6227e-03
2026-10-01 17:42:08,178 INFO epoch 13500  mean_mse 2.7203e-05 | train eq18 8.1608e-04 test eq18 6.6638e-03
2026-10-01 17:42:08,438 INFO epoch 13750  mean_mse 8.1356e-05 | train eq18 2.4407e-03 test eq18 6.8894e-03
2026-10-01 17:42:08,765 INFO epoch 14000  mean_mse 4.0333e-05 | train eq18 1.2100e-03 test eq18 5.6660e-03
2026-10-01 17:42:09,020 INFO epoch 14250  mean_mse 9.4126e-05 | train eq18 2.8238e-03 test eq18 7.6003e-03
2026-10-01 17:42:09,281 INFO epoch 14500  mean_mse 4.7007e-05 | train eq18 1.4102e-03 test eq18 7.9741e-03
2026-10-01 17:42:09,544 INFO epoch 14750  mean_mse 1.5549e-04 | train eq18 4.6648e-03 test eq18 1.3075e-02
2026-10-01 17:42:09,808 INFO epoch 15000  mean_mse 2.3435e-05 | train eq18 7.0306e-04 test eq18 6.5389e-03
2026-10-01 17:42:10,073 INFO epoch 15250  mean_mse 2.4020e-05 | train eq18 7.2060e-04 test eq18 6.7335e-03
2026-10-01 17:42:10,326 INFO epoch 15500  mean_mse 2.0022e-05 | train eq18 6.0066e-04 test eq18 6.2059e-03
2026-10-01 17:42:10,591 INFO epoch 15750  mean_mse 2.3618e-05 | train eq18 7.0855e-04 test eq18 6.7308e-03
2026-10-01 17:42:10,877 INFO epoch 16000  mean_mse 1.0037e-04 | train eq18 3.0112e-03 test eq18 1.0308e-02
2026-10-01 17:42:11,148 INFO epoch 16250  mean_mse 2.0145e-05 | train eq18 6.0435e-04 test eq18 6.0710e-03
2026-10-01 17:42:11,428 INFO epoch 16500  mean_mse 1.9720e-05 | train eq18 5.9161e-04 test eq18 6.6241e-03
2026-10-01 17:42:11,714 INFO epoch 16750  mean_mse 2.2108e-05 | train eq18 6.6323e-04 test eq18 6.4619e-03
2026-10-01 17:42:11,967 INFO epoch 17000  mean_mse 2.4114e-05 | train eq18 7.2342e-04 test eq18 7.3878e-03
2026-10-01 17:42:12,231 INFO epoch 17250  mean_mse 2.1290e-05 | train eq18 6.3871e-04 test eq18 7.1079e-03
2026-10-01 17:42:12,489 INFO epoch 17500  mean_mse 1.9033e-05 | train eq18 5.7099e-04 test eq18 6.3763e-03
2026-10-01 17:42:12,766 INFO epoch 17750  mean_mse 1.8280e-05 | train eq18 5.4840e-04 test eq18 6.3491e-03
2026-10-01 17:42:13,064 INFO epoch 18000  mean_mse 2.0096e-05 | train eq18 6.0288e-04 test eq18 6.7259e-03
2026-10-01 17:42:13,331 INFO epoch 18250  mean_mse 1.7119e-05 | train eq18 5.1358e-04 test eq18 6.3835e-03
2026-10-01 17:42:13,603 INFO epoch 18500  mean_mse 1.7035e-05 | train eq18 5.1106e-04 test eq18 6.5704e-03
2026-10-01 17:42:13,875 INFO epoch 18750  mean_mse 1.6597e-05 | train eq18 4.9790e-04 test eq18 6.5935e-03
2026-10-01 17:42:14,159 INFO epoch 19000  mean_mse 1.7493e-05 | train eq18 5.2479e-04 test eq18 6.2769e-03
2026-10-01 17:42:14,470 INFO epoch 19250  mean_mse 2.2204e-05 | train eq18 6.6612e-04 test eq18 6.4438e-03
2026-10-01 17:42:14,728 INFO epoch 19500  mean_mse 1.6267e-05 | train eq18 4.8800e-04 test eq18 6.6608e-03
2026-10-01 17:42:15,016 INFO epoch 19750  mean_mse 2.4190e-05 | train eq18 7.2569e-04 test eq18 5.9863e-03
2026-10-01 17:42:15,279 INFO epoch 20000  mean_mse 1.6342e-05 | train eq18 4.9025e-04 test eq18 6.9325e-03
2026-10-01 17:42:15,535 INFO epoch 20250  mean_mse 1.9240e-05 | train eq18 5.7720e-04 test eq18 6.1390e-03
2026-10-01 17:42:15,812 INFO epoch 20500  mean_mse 1.9802e-05 | train eq18 5.9406e-04 test eq18 7.3751e-03
2026-10-01 17:42:16,080 INFO epoch 20750  mean_mse 1.5462e-05 | train eq18 4.6386e-04 test eq18 6.4634e-03
2026-10-01 17:42:16,374 INFO epoch 21000  mean_mse 1.7664e-05 | train eq18 5.2993e-04 test eq18 6.3732e-03
2026-10-01 17:42:16,652 INFO epoch 21250  mean_mse 2.3484e-05 | train eq18 7.0453e-04 test eq18 6.4859e-03
2026-10-01 17:42:16,913 INFO epoch 21500  mean_mse 1.7384e-05 | train eq18 5.2151e-04 test eq18 6.7256e-03
2026-10-01 17:42:17,168 INFO epoch 21750  mean_mse 3.1075e-05 | train eq18 9.3226e-04 test eq18 7.3728e-03
2026-10-01 17:42:17,430 INFO epoch 22000  mean_mse 8.3406e-05 | train eq18 2.5022e-03 test eq18 1.1047e-02
2026-10-01 17:42:17,699 INFO epoch 22250  mean_mse 2.6750e-05 | train eq18 8.0249e-04 test eq18 8.0309e-03
2026-10-01 17:42:17,968 INFO epoch 22500  mean_mse 2.9660e-05 | train eq18 8.8981e-04 test eq18 8.1131e-03
2026-10-01 17:42:18,218 INFO epoch 22750  mean_mse 1.9875e-05 | train eq18 5.9624e-04 test eq18 7.4143e-03
2026-10-01 17:42:18,482 INFO epoch 23000  mean_mse 1.4183e-05 | train eq18 4.2550e-04 test eq18 6.5479e-03
2026-10-01 17:42:18,734 INFO epoch 23250  mean_mse 2.6989e-05 | train eq18 8.0966e-04 test eq18 6.9067e-03
2026-10-01 17:42:18,986 INFO epoch 23500  mean_mse 2.5963e-05 | train eq18 7.7889e-04 test eq18 8.0289e-03
2026-10-01 17:42:19,268 INFO epoch 23750  mean_mse 2.1380e-05 | train eq18 6.4140e-04 test eq18 7.8008e-03
2026-10-01 17:42:19,523 INFO epoch 24000  mean_mse 1.4462e-05 | train eq18 4.3385e-04 test eq18 6.4481e-03
2026-10-01 17:42:19,779 INFO epoch 24250  mean_mse 1.5002e-05 | train eq18 4.5005e-04 test eq18 6.2555e-03
2026-10-01 17:42:20,043 INFO epoch 24500  mean_mse 2.0604e-05 | train eq18 6.1813e-04 test eq18 6.0212e-03
2026-10-01 17:42:20,314 INFO epoch 24750  mean_mse 6.0081e-05 | train eq18 1.8024e-03 test eq18 8.3280e-03
2026-10-01 17:42:20,678 INFO epoch 25000  mean_mse 1.4229e-05 | train eq18 4.2688e-04 test eq18 6.8535e-03
2026-10-01 17:42:20,925 INFO epoch 25250  mean_mse 1.4444e-05 | train eq18 4.3332e-04 test eq18 6.2809e-03
2026-10-01 17:42:21,179 INFO epoch 25500  mean_mse 2.7066e-05 | train eq18 8.1197e-04 test eq18 7.4147e-03
2026-10-01 17:42:21,487 INFO epoch 25750  mean_mse 1.3347e-05 | train eq18 4.0041e-04 test eq18 6.5147e-03
2026-10-01 17:42:21,730 INFO epoch 26000  mean_mse 1.2978e-05 | train eq18 3.8935e-04 test eq18 6.5272e-03
2026-10-01 17:42:21,996 INFO epoch 26250  mean_mse 2.2703e-05 | train eq18 6.8109e-04 test eq18 6.8889e-03
2026-10-01 17:42:22,263 INFO epoch 26500  mean_mse 1.7104e-05 | train eq18 5.1313e-04 test eq18 7.2346e-03
2026-10-01 17:42:22,510 INFO epoch 26750  mean_mse 8.2237e-05 | train eq18 2.4671e-03 test eq18 1.0672e-02
2026-10-01 17:42:22,776 INFO epoch 27000  mean_mse 1.2823e-05 | train eq18 3.8469e-04 test eq18 6.6221e-03
2026-10-01 17:42:23,046 INFO epoch 27250  mean_mse 1.3862e-05 | train eq18 4.1585e-04 test eq18 6.9202e-03
2026-10-01 17:42:23,309 INFO epoch 27500  mean_mse 1.3913e-05 | train eq18 4.1740e-04 test eq18 6.9743e-03
2026-10-01 17:42:23,569 INFO epoch 27750  mean_mse 2.5273e-05 | train eq18 7.5818e-04 test eq18 6.1933e-03
2026-10-01 17:42:23,853 INFO epoch 28000  mean_mse 1.3258e-05 | train eq18 3.9775e-04 test eq18 6.3053e-03
2026-10-01 17:42:24,094 INFO epoch 28250  mean_mse 2.7392e-05 | train eq18 8.2175e-04 test eq18 6.1099e-03
2026-10-01 17:42:24,370 INFO epoch 28500  mean_mse 5.9616e-05 | train eq18 1.7885e-03 test eq18 9.7087e-03
2026-10-01 17:42:24,638 INFO epoch 28750  mean_mse 1.3796e-05 | train eq18 4.1388e-04 test eq18 6.5382e-03
2026-10-01 17:42:24,889 INFO epoch 29000  mean_mse 1.9398e-05 | train eq18 5.8193e-04 test eq18 7.5777e-03
2026-10-01 17:42:25,153 INFO epoch 29250  mean_mse 4.3214e-05 | train eq18 1.2964e-03 test eq18 6.1195e-03
2026-10-01 17:42:25,403 INFO epoch 29500  mean_mse 1.2549e-05 | train eq18 3.7648e-04 test eq18 6.5185e-03
2026-10-01 17:42:25,676 INFO epoch 29750  mean_mse 1.2078e-05 | train eq18 3.6235e-04 test eq18 6.5199e-03
2026-10-01 17:42:25,943 INFO epoch 30000  mean_mse 1.1769e-05 | train eq18 3.5307e-04 test eq18 6.3976e-03
2026-10-01 17:42:26,200 INFO epoch 30250  mean_mse 3.2323e-05 | train eq18 9.6968e-04 test eq18 8.4582e-03
2026-10-01 17:42:26,480 INFO epoch 30500  mean_mse 3.3649e-05 | train eq18 1.0095e-03 test eq18 5.4076e-03
2026-10-01 17:42:26,758 INFO epoch 30750  mean_mse 2.7674e-05 | train eq18 8.3023e-04 test eq18 7.9132e-03
2026-10-01 17:42:27,043 INFO epoch 31000  mean_mse 1.6413e-05 | train eq18 4.9239e-04 test eq18 6.1006e-03
2026-10-01 17:42:27,292 INFO epoch 31250  mean_mse 1.2441e-05 | train eq18 3.7324e-04 test eq18 6.4209e-03
2026-10-01 17:42:27,546 INFO epoch 31500  mean_mse 4.0365e-05 | train eq18 1.2110e-03 test eq18 8.1690e-03
2026-10-01 17:42:27,814 INFO epoch 31750  mean_mse 1.1536e-05 | train eq18 3.4608e-04 test eq18 6.4366e-03
2026-10-01 17:42:28,097 INFO epoch 32000  mean_mse 6.4549e-05 | train eq18 1.9365e-03 test eq18 7.3860e-03
2026-10-01 17:42:28,376 INFO epoch 32250  mean_mse 1.2393e-05 | train eq18 3.7178e-04 test eq18 6.0693e-03
2026-10-01 17:42:28,653 INFO epoch 32500  mean_mse 4.8045e-05 | train eq18 1.4413e-03 test eq18 9.8888e-03
2026-10-01 17:42:28,903 INFO epoch 32750  mean_mse 4.8299e-05 | train eq18 1.4490e-03 test eq18 9.4413e-03
2026-10-01 17:42:29,191 INFO epoch 33000  mean_mse 1.1656e-05 | train eq18 3.4967e-04 test eq18 6.0799e-03
2026-10-01 17:42:29,502 INFO epoch 33250  mean_mse 2.0873e-05 | train eq18 6.2619e-04 test eq18 6.1017e-03
2026-10-01 17:42:29,852 INFO epoch 33500  mean_mse 1.2332e-05 | train eq18 3.6996e-04 test eq18 6.9446e-03
2026-10-01 17:42:30,136 INFO epoch 33750  mean_mse 1.6090e-05 | train eq18 4.8270e-04 test eq18 5.7028e-03
2026-10-01 17:42:30,385 INFO epoch 34000  mean_mse 1.7277e-05 | train eq18 5.1831e-04 test eq18 7.5530e-03
2026-10-01 17:42:30,643 INFO epoch 34250  mean_mse 1.0861e-05 | train eq18 3.2584e-04 test eq18 6.3688e-03
2026-10-01 17:42:30,920 INFO epoch 34500  mean_mse 4.4392e-05 | train eq18 1.3317e-03 test eq18 8.4879e-03
2026-10-01 17:42:31,203 INFO epoch 34750  mean_mse 1.9929e-05 | train eq18 5.9786e-04 test eq18 7.3577e-03
2026-10-01 17:42:31,461 INFO epoch 35000  mean_mse 1.0813e-05 | train eq18 3.2438e-04 test eq18 6.2564e-03
2026-10-01 17:42:31,717 INFO epoch 35250  mean_mse 5.9213e-05 | train eq18 1.7764e-03 test eq18 5.7751e-03
2026-10-01 17:42:31,956 INFO epoch 35500  mean_mse 1.0687e-05 | train eq18 3.2061e-04 test eq18 6.4499e-03
2026-10-01 17:42:32,232 INFO epoch 35750  mean_mse 1.0926e-05 | train eq18 3.2777e-04 test eq18 6.3293e-03
2026-10-01 17:42:32,510 INFO epoch 36000  mean_mse 4.3651e-05 | train eq18 1.3095e-03 test eq18 6.5975e-03
2026-10-01 17:42:32,767 INFO epoch 36250  mean_mse 1.0670e-05 | train eq18 3.2009e-04 test eq18 6.2670e-03
2026-10-01 17:42:33,042 INFO epoch 36500  mean_mse 1.1228e-05 | train eq18 3.3683e-04 test eq18 6.3995e-03
2026-10-01 17:42:33,322 INFO epoch 36750  mean_mse 1.0084e-04 | train eq18 3.0252e-03 test eq18 1.2450e-02
2026-10-01 17:42:33,594 INFO epoch 37000  mean_mse 1.0645e-05 | train eq18 3.1936e-04 test eq18 6.5378e-03
2026-10-01 17:42:33,901 INFO epoch 37250  mean_mse 5.0965e-05 | train eq18 1.5290e-03 test eq18 7.8362e-03
2026-10-01 17:42:34,182 INFO epoch 37500  mean_mse 1.0468e-05 | train eq18 3.1403e-04 test eq18 6.3710e-03
2026-10-01 17:42:34,462 INFO epoch 37750  mean_mse 2.0647e-05 | train eq18 6.1940e-04 test eq18 7.7230e-03
2026-10-01 17:42:34,713 INFO epoch 38000  mean_mse 1.0248e-05 | train eq18 3.0744e-04 test eq18 6.3657e-03
2026-10-01 17:42:34,978 INFO epoch 38250  mean_mse 1.2140e-04 | train eq18 3.6419e-03 test eq18 1.3048e-02
2026-10-01 17:42:35,227 INFO epoch 38500  mean_mse 1.1471e-05 | train eq18 3.4412e-04 test eq18 6.0737e-03
2026-10-01 17:42:35,482 INFO epoch 38750  mean_mse 2.5237e-05 | train eq18 7.5710e-04 test eq18 5.9691e-03
2026-10-01 17:42:35,743 INFO epoch 39000  mean_mse 2.0185e-05 | train eq18 6.0554e-04 test eq18 6.8618e-03
2026-10-01 17:42:35,986 INFO epoch 39250  mean_mse 2.1418e-05 | train eq18 6.4253e-04 test eq18 6.0992e-03
2026-10-01 17:42:36,254 INFO epoch 39500  mean_mse 1.2112e-04 | train eq18 3.6336e-03 test eq18 6.6666e-03
2026-10-01 17:42:36,506 INFO epoch 39750  mean_mse 2.1081e-05 | train eq18 6.3242e-04 test eq18 8.0285e-03
2026-10-01 17:42:36,779 INFO epoch 40000  mean_mse 1.0075e-05 | train eq18 3.0226e-04 test eq18 6.4462e-03
2026-10-01 17:42:37,017 INFO epoch 40250  mean_mse 1.2025e-05 | train eq18 3.6076e-04 test eq18 6.3544e-03
2026-10-01 17:42:37,276 INFO epoch 40500  mean_mse 1.0861e-05 | train eq18 3.2584e-04 test eq18 6.3612e-03
2026-10-01 17:42:37,545 INFO epoch 40750  mean_mse 9.7538e-05 | train eq18 2.9262e-03 test eq18 1.1511e-02
2026-10-01 17:42:37,802 INFO epoch 41000  mean_mse 5.0270e-05 | train eq18 1.5081e-03 test eq18 8.9434e-03
2026-10-01 17:42:38,055 INFO epoch 41250  mean_mse 1.0356e-05 | train eq18 3.1068e-04 test eq18 6.7279e-03
2026-10-01 17:42:38,302 INFO epoch 41500  mean_mse 1.0607e-05 | train eq18 3.1821e-04 test eq18 6.3836e-03
2026-10-01 17:42:38,563 INFO epoch 41750  mean_mse 1.0753e-05 | train eq18 3.2260e-04 test eq18 6.3183e-03
2026-10-01 17:42:38,837 INFO epoch 42000  mean_mse 1.2635e-05 | train eq18 3.7905e-04 test eq18 6.9687e-03
2026-10-01 17:42:39,087 INFO epoch 42250  mean_mse 1.0323e-05 | train eq18 3.0970e-04 test eq18 6.5578e-03
2026-10-01 17:42:39,339 INFO epoch 42500  mean_mse 1.9149e-05 | train eq18 5.7447e-04 test eq18 6.5497e-03
2026-10-01 17:42:39,582 INFO epoch 42750  mean_mse 5.5160e-05 | train eq18 1.6548e-03 test eq18 1.0399e-02
2026-10-01 17:42:39,856 INFO epoch 43000  mean_mse 2.7473e-05 | train eq18 8.2418e-04 test eq18 7.7868e-03
2026-10-01 17:42:40,137 INFO epoch 43250  mean_mse 1.4596e-05 | train eq18 4.3789e-04 test eq18 6.9914e-03
2026-10-01 17:42:40,384 INFO epoch 43500  mean_mse 3.1158e-05 | train eq18 9.3475e-04 test eq18 8.3615e-03
2026-10-01 17:42:40,658 INFO epoch 43750  mean_mse 6.1445e-05 | train eq18 1.8434e-03 test eq18 9.4664e-03
2026-10-01 17:42:40,926 INFO epoch 44000  mean_mse 2.4270e-05 | train eq18 7.2811e-04 test eq18 7.6995e-03
2026-10-01 17:42:41,187 INFO epoch 44250  mean_mse 1.0674e-05 | train eq18 3.2022e-04 test eq18 6.9044e-03
2026-10-01 17:42:41,471 INFO epoch 44500  mean_mse 1.2163e-05 | train eq18 3.6488e-04 test eq18 7.3533e-03
2026-10-01 17:42:41,801 INFO epoch 44750  mean_mse 3.2952e-05 | train eq18 9.8857e-04 test eq18 7.4214e-03
2026-10-01 17:42:42,100 INFO epoch 45000  mean_mse 1.2353e-05 | train eq18 3.7060e-04 test eq18 7.2295e-03
2026-10-01 17:42:42,341 INFO epoch 45250  mean_mse 1.0211e-04 | train eq18 3.0632e-03 test eq18 9.7807e-03
2026-10-01 17:42:42,612 INFO epoch 45500  mean_mse 1.0095e-05 | train eq18 3.0286e-04 test eq18 6.6596e-03
2026-10-01 17:42:42,857 INFO epoch 45750  mean_mse 1.3619e-05 | train eq18 4.0858e-04 test eq18 7.2029e-03
2026-10-01 17:42:43,109 INFO epoch 46000  mean_mse 1.7833e-05 | train eq18 5.3499e-04 test eq18 8.1167e-03
2026-10-01 17:42:43,354 INFO epoch 46250  mean_mse 3.2089e-05 | train eq18 9.6266e-04 test eq18 8.7603e-03
2026-10-01 17:42:43,609 INFO epoch 46500  mean_mse 3.8627e-05 | train eq18 1.1588e-03 test eq18 6.7470e-03
2026-10-01 17:42:43,857 INFO epoch 46750  mean_mse 9.1876e-06 | train eq18 2.7563e-04 test eq18 6.5571e-03
2026-10-01 17:42:44,103 INFO epoch 47000  mean_mse 9.4945e-06 | train eq18 2.8484e-04 test eq18 6.4729e-03
2026-10-01 17:42:44,351 INFO epoch 47250  mean_mse 1.3866e-05 | train eq18 4.1599e-04 test eq18 6.3848e-03
2026-10-01 17:42:44,587 INFO epoch 47500  mean_mse 1.0191e-05 | train eq18 3.0573e-04 test eq18 6.7414e-03
2026-10-01 17:42:44,858 INFO epoch 47750  mean_mse 9.1539e-06 | train eq18 2.7462e-04 test eq18 6.7747e-03
2026-10-01 17:42:45,102 INFO epoch 48000  mean_mse 9.1340e-06 | train eq18 2.7402e-04 test eq18 6.5541e-03
2026-10-01 17:42:45,357 INFO epoch 48250  mean_mse 2.4861e-05 | train eq18 7.4584e-04 test eq18 8.0063e-03
2026-10-01 17:42:45,611 INFO epoch 48500  mean_mse 4.6489e-05 | train eq18 1.3947e-03 test eq18 8.7999e-03
2026-10-01 17:42:45,923 INFO epoch 48750  mean_mse 1.2480e-05 | train eq18 3.7439e-04 test eq18 6.4748e-03
2026-10-01 17:42:46,201 INFO epoch 49000  mean_mse 2.8241e-05 | train eq18 8.4724e-04 test eq18 6.6255e-03
2026-10-01 17:42:46,464 INFO epoch 49250  mean_mse 9.9659e-06 | train eq18 2.9898e-04 test eq18 6.9777e-03
2026-10-01 17:42:46,728 INFO epoch 49500  mean_mse 6.2350e-05 | train eq18 1.8705e-03 test eq18 1.0296e-02
2026-10-01 17:42:46,986 INFO epoch 49750  mean_mse 2.8921e-05 | train eq18 8.6762e-04 test eq18 6.6706e-03
2026-10-01 17:42:47,293 INFO wrote ../results/experiments/biodiesel/author_repo_match/figures_tanh_r1_lr1e-2/fig04/deeponet_p308_seed0/checkpoint_final.pt
2026-10-01 17:42:47,293 INFO final: train {'mean_mse': 3.153712896164507e-05, 'mean_mse_u': 3.153712896164507e-05, 'eq18_obs': 0.0009461138397455215, 'eq22_true': 0.0009461138397455215, 'eq18_obs_time_averaged': 3.153712799151738e-05, 'eq22_true_time_averaged': 3.153712799151738e-05}
2026-10-01 17:42:47,293 INFO final: test {'mean_mse': 0.0002841538516804576, 'mean_mse_u': 0.0002841538516804576, 'eq18_obs': 0.008524615317583084, 'eq22_true': 0.008524615317583084, 'eq18_obs_time_averaged': 0.0002841538439194361, 'eq22_true_time_averaged': 0.0002841538439194361}
2026-10-01 17:42:47,294 INFO final trunk: {'kinks': [-2.246195077896118, 21.77460479736328, -6.3418498039245605, 0.5610266923904419, -1.9485799074172974, 7.888976573944092, -0.03853224590420723], 'dead_on_grid': {'tanh0': 0, 'tanh1': 0}, 'dead_on_dense': {'tanh0': 0, 'tanh1': 0}, 'interior_breakpoints_s': {'layer1': [0.5610266923904419, 7.888976573944092, 21.77460479736328], 'layer2': [0.5680000185966492, 1.4210001230239868, 2.0250000953674316, 5.212000370025635, 16.518999099731445]}, 'tanh_saturation': {'grid': {'layer1': {'abs_z_quantiles_10_50_90_max': [0.3200127631425858, 2.3883672952651978, 12.767234802246092, 28.296701431274414], 'frac_abs_z_gt': {'2': 0.5428571428571428, '3': 0.42857142857142855, '5': 0.3047619047619048}, 'frac_abs_act_gt': {'0.95': 0.5666666666666667, '0.99': 0.4714285714285714}, 'derivative_mean': 0.25982174277305603, 'derivative_median': 0.03319850564002991}, 'layer2': {'abs_z_quantiles_10_50_90_max': [0.14292024821043015, 0.8757324516773224, 1.3671382188796994, 2.50007963180542], 'frac_abs_z_gt': {'2': 0.04583333333333333, '3': 0.0, '5': 0.0}, 'frac_abs_act_gt': {'0.95': 0.058333333333333334, '0.99': 0.0}, 'derivative_mean': 0.5486427545547485, 'derivative_median': 0.5040010213851929}}, 'dense': {'layer1': {'abs_z_quantiles_10_50_90_max': [0.31420251727104187, 2.4057583808898926, 12.934369087219242, 28.296701431274414], 'frac_abs_z_gt': {'2': 0.546748932130992, '3': 0.4361651637399146, '5': 0.30564784053156147}, 'frac_abs_act_gt': {'0.95': 0.5733270052206929, '0.99': 0.4736592311343142}, 'derivative_mean': 0.2581234276294708, 'derivative_median': 0.03201901912689209}, 'layer2': {'abs_z_quantiles_10_50_90_max': [0.138290274143219, 0.8780413269996643, 1.3739635467529299, 2.50007963180542], 'frac_abs_z_gt': {'2': 0.046926910299003324, '3': 0.0, '5': 0.0}, 'frac_abs_act_gt': {'0.95': 0.057308970099667775, '0.99': 0.0}, 'derivative_mean': 0.5478045344352722, 'derivative_median': 0.5023590922355652}}}}
2026-10-01 17:42:47,294 INFO run completed 2026-10-01T15:42:47Z
