2026-09-27 23:42:03,082 run start | results/experiments/biodiesel/author_repo_match/run_juliainit | seed 0 | params 156
2026-09-27 23:42:03,674 epoch     1  train 2.7783e-01  val 2.5103e-01  (0 s)
2026-09-27 23:42:51,836 epoch   100  train 2.5532e-02  val 2.9550e-02  (49 s)
2026-09-27 23:43:46,267 epoch   200  train 8.4099e-03  val 9.5309e-03  (103 s)
2026-09-27 23:44:43,009 epoch   300  train 4.4043e-03  val 4.7179e-03  (160 s)
2026-09-27 23:45:41,201 epoch   400  train 2.9109e-03  val 3.1547e-03  (218 s)
2026-09-27 23:46:44,197 epoch   500  train 2.3129e-03  val 2.5333e-03  (281 s)
2026-09-27 23:47:48,543 epoch   600  train 1.9194e-03  val 2.0952e-03  (345 s)
2026-09-27 23:48:57,272 epoch   700  train 1.6163e-03  val 1.7672e-03  (414 s)
2026-09-27 23:50:01,430 epoch   800  train 1.3223e-03  val 1.5158e-03  (478 s)
2026-09-27 23:50:59,819 epoch   900  train 1.1257e-03  val 1.3058e-03  (536 s)
2026-09-27 23:52:05,240 epoch  1000  train 9.1894e-04  val 1.2253e-03  (602 s)
2026-09-27 23:53:03,219 epoch  1100  train 7.7237e-04  val 1.0306e-03  (660 s)
2026-09-27 23:54:06,026 epoch  1200  train 6.5589e-04  val 9.5065e-04  (723 s)
2026-09-27 23:55:04,716 epoch  1300  train 5.6065e-04  val 9.1701e-04  (781 s)
2026-09-27 23:56:09,735 epoch  1400  train 4.9596e-04  val 8.3378e-04  (846 s)
2026-09-27 23:57:13,144 epoch  1500  train 4.4719e-04  val 7.7388e-04  (910 s)
2026-09-27 23:58:14,697 epoch  1600  train 4.1599e-04  val 7.4754e-04  (971 s)
2026-09-27 23:59:11,362 epoch  1700  train 3.9210e-04  val 6.9471e-04  (1028 s)
2026-09-28 00:00:12,533 epoch  1800  train 3.7801e-04  val 6.4336e-04  (1089 s)
2026-09-28 00:01:12,371 epoch  1900  train 3.5279e-04  val 7.2853e-04  (1149 s)
2026-09-28 00:02:11,779 epoch  2000  train 3.3907e-04  val 6.0268e-04  (1208 s)
2026-09-28 00:03:09,200 epoch  2100  train 3.1508e-04  val 5.7163e-04  (1266 s)
2026-09-28 00:04:09,198 epoch  2200  train 3.0606e-04  val 5.9302e-04  (1326 s)
2026-09-28 00:05:07,037 epoch  2300  train 2.8491e-04  val 5.5315e-04  (1384 s)
2026-09-28 00:06:05,924 epoch  2400  train 2.7156e-04  val 5.6294e-04  (1443 s)
2026-09-28 00:07:13,920 epoch  2500  train 2.5931e-04  val 5.5634e-04  (1511 s)
2026-09-28 00:08:16,562 epoch  2600  train 2.5229e-04  val 5.3372e-04  (1573 s)
2026-09-28 00:09:15,538 epoch  2700  train 2.4243e-04  val 5.1796e-04  (1632 s)
2026-09-28 00:10:13,880 epoch  2800  train 2.2451e-04  val 5.1077e-04  (1691 s)
2026-09-28 00:11:13,952 epoch  2900  train 2.1462e-04  val 4.8656e-04  (1751 s)
2026-09-28 00:12:11,144 epoch  3000  train 2.1208e-04  val 4.6804e-04  (1808 s)
2026-09-28 00:13:09,681 epoch  3100  train 2.4633e-04  val 4.9562e-04  (1866 s)
2026-09-28 00:14:06,649 epoch  3200  train 2.2573e-04  val 4.9925e-04  (1923 s)
2026-09-28 00:15:11,511 epoch  3300  train 2.1330e-04  val 4.8037e-04  (1988 s)
2026-09-28 00:16:14,065 epoch  3400  train 1.9429e-04  val 4.7141e-04  (2051 s)
2026-09-28 00:17:12,929 epoch  3500  train 1.9035e-04  val 4.4657e-04  (2109 s)
2026-09-28 00:18:14,140 epoch  3600  train 1.9632e-04  val 4.2707e-04  (2171 s)
2026-09-28 00:19:17,391 epoch  3700  train 1.8047e-04  val 4.2248e-04  (2234 s)
2026-09-28 00:20:15,202 epoch  3800  train 1.7279e-04  val 3.8184e-04  (2292 s)
2026-09-28 00:21:17,520 epoch  3900  train 1.6799e-04  val 3.8115e-04  (2354 s)
2026-09-28 00:22:19,006 epoch  4000  train 1.6543e-04  val 3.8379e-04  (2415 s)
2026-09-28 00:23:25,888 epoch  4100  train 1.6375e-04  val 3.8642e-04  (2482 s)
2026-09-28 00:24:30,551 epoch  4200  train 2.0830e-04  val 4.6404e-04  (2547 s)
2026-09-28 00:25:35,368 epoch  4300  train 1.5705e-04  val 3.5139e-04  (2612 s)
2026-09-28 00:26:36,353 epoch  4400  train 1.5134e-04  val 3.7277e-04  (2673 s)
2026-09-28 00:27:42,186 epoch  4500  train 1.4681e-04  val 3.7544e-04  (2739 s)
2026-09-28 00:28:41,458 epoch  4600  train 1.4325e-04  val 3.7047e-04  (2798 s)
2026-09-28 00:29:41,858 epoch  4700  train 1.4296e-04  val 3.7923e-04  (2858 s)
2026-09-28 00:30:40,331 epoch  4800  train 1.3702e-04  val 3.8582e-04  (2917 s)
2026-09-28 00:31:40,128 epoch  4900  train 1.3399e-04  val 3.7216e-04  (2977 s)
2026-09-28 00:32:48,122 epoch  5000  train 1.3072e-04  val 3.7377e-04  (3045 s)
2026-09-28 00:33:57,376 epoch  5100  train 1.2833e-04  val 3.6970e-04  (3114 s)
2026-09-28 00:34:55,847 epoch  5200  train 1.2803e-04  val 3.5200e-04  (3172 s)
2026-09-28 00:35:54,979 epoch  5300  train 1.2560e-04  val 3.5623e-04  (3232 s)
2026-09-28 00:37:01,215 epoch  5400  train 1.2291e-04  val 3.5081e-04  (3298 s)
2026-09-28 00:38:03,864 epoch  5500  train 1.2254e-04  val 3.4652e-04  (3360 s)
2026-09-28 00:39:08,601 epoch  5600  train 1.1930e-04  val 3.4415e-04  (3425 s)
2026-09-28 00:40:10,769 epoch  5700  train 1.1569e-04  val 3.4662e-04  (3487 s)
2026-09-28 00:41:25,235 epoch  5800  train 2.9837e-04  val 4.6622e-04  (3562 s)
2026-09-28 00:42:39,284 epoch  5900  train 1.0883e-04  val 3.2681e-04  (3636 s)
2026-09-28 00:43:47,982 epoch  6000  train 1.0565e-04  val 3.3117e-04  (3704 s)
2026-09-28 00:44:49,153 epoch  6100  train 1.0665e-04  val 3.3733e-04  (3766 s)
2026-09-28 00:45:48,040 epoch  6200  train 1.0107e-04  val 3.3973e-04  (3825 s)
2026-09-28 00:46:56,134 epoch  6300  train 9.9050e-05  val 3.3881e-04  (3893 s)
2026-09-28 00:48:03,644 epoch  6400  train 9.6569e-05  val 3.1243e-04  (3960 s)
2026-09-28 00:49:14,344 epoch  6500  train 9.5512e-05  val 3.3543e-04  (4031 s)
2026-09-28 00:50:16,679 epoch  6600  train 9.5066e-05  val 3.3969e-04  (4093 s)
2026-09-28 00:51:19,518 epoch  6700  train 9.4755e-05  val 3.4349e-04  (4156 s)
2026-09-28 00:52:19,994 epoch  6800  train 9.2979e-05  val 3.7614e-04  (4216 s)
2026-09-28 00:53:26,541 epoch  6900  train 9.2407e-05  val 3.8589e-04  (4281 s)
2026-09-28 00:54:39,078 epoch  7000  train 9.1330e-05  val 3.8672e-04  (4356 s)
2026-09-28 00:55:48,581 epoch  7100  train 9.0674e-05  val 4.0049e-04  (4425 s)
2026-09-28 00:56:51,872 epoch  7200  train 9.0128e-05  val 3.8488e-04  (4488 s)
2026-09-28 00:57:58,827 epoch  7300  train 9.0374e-05  val 3.6229e-04  (4555 s)
2026-09-28 00:59:03,689 epoch  7400  train 3.9703e-04  val 5.0769e-04  (4620 s)
2026-09-28 01:00:13,572 epoch  7500  train 8.9255e-05  val 3.5211e-04  (4690 s)
2026-09-28 01:01:42,369 epoch  7600  train 8.8457e-05  val 3.6523e-04  (4779 s)
2026-09-28 01:02:43,736 epoch  7700  train 8.7312e-05  val 3.5859e-04  (4840 s)
2026-09-28 01:03:47,358 epoch  7800  train 8.7738e-05  val 3.7281e-04  (4904 s)
2026-09-28 01:05:08,547 epoch  7900  train 8.5214e-05  val 3.5622e-04  (4985 s)
2026-09-28 01:06:12,532 epoch  8000  train 8.3389e-05  val 3.4325e-04  (5049 s)
2026-09-28 01:07:12,934 epoch  8100  train 8.3247e-05  val 3.6030e-04  (5109 s)
2026-09-28 01:08:16,302 epoch  8200  train 8.1602e-05  val 3.5742e-04  (5173 s)
2026-09-28 01:09:18,198 epoch  8300  train 8.0379e-05  val 3.5455e-04  (5235 s)
2026-09-28 01:10:21,508 epoch  8400  train 8.1485e-05  val 3.6303e-04  (5298 s)
2026-09-28 01:11:19,944 epoch  8500  train 7.9158e-05  val 3.5491e-04  (5356 s)
2026-09-28 01:12:18,574 epoch  8600  train 7.8032e-05  val 3.5032e-04  (5415 s)
2026-09-28 01:13:20,474 epoch  8700  train 9.2417e-05  val 3.3822e-04  (5477 s)
2026-09-28 01:14:25,624 epoch  8800  train 7.6979e-05  val 3.4679e-04  (5542 s)
2026-09-28 01:15:30,288 epoch  8900  train 7.5866e-05  val 3.4335e-04  (5607 s)
2026-09-28 01:16:32,796 epoch  9000  train 1.1337e-04  val 3.2088e-04  (5669 s)
2026-09-28 01:17:32,518 epoch  9100  train 7.4773e-05  val 3.3962e-04  (5729 s)
2026-09-28 01:18:45,781 epoch  9200  train 7.3836e-05  val 3.2856e-04  (5802 s)
2026-09-28 01:19:52,541 epoch  9300  train 7.3796e-05  val 3.3654e-04  (5869 s)
2026-09-28 01:21:06,944 epoch  9400  train 8.5478e-05  val 3.7039e-04  (5943 s)
2026-09-28 01:22:15,121 epoch  9500  train 7.6686e-05  val 2.8593e-04  (6011 s)
2026-09-28 01:23:20,444 epoch  9600  train 7.7721e-05  val 3.2972e-04  (6077 s)
2026-09-28 01:24:26,392 epoch  9700  train 1.0145e-04  val 2.7822e-04  (6143 s)
2026-09-28 01:25:36,527 epoch  9800  train 7.9971e-05  val 2.7173e-04  (6213 s)
2026-09-28 01:26:48,321 epoch  9900  train 7.1092e-05  val 2.8442e-04  (6285 s)
2026-09-28 01:27:54,325 epoch 10000  train 7.2774e-05  val 2.8498e-04  (6351 s)
2026-09-28 01:27:57,281 completed | 10000 epochs | 6351.0 s | train 7.2774e-05 val 2.8498e-04
