2026-09-29 23:05:08,753 run start | results/experiments/biodiesel/author_repo_match/figures/fig05/chemkan_noise01_seed0 | seed 0 | params 156
2026-09-29 23:05:10,092 epoch     1  train 2.7587e-01  val 2.5058e-01  (1 s)
2026-09-29 23:05:31,159 epoch   100  train 2.2186e-02  val 2.4512e-02  (22 s)
2026-09-29 23:05:55,870 epoch   200  train 6.3648e-03  val 6.9199e-03  (47 s)
2026-09-29 23:06:24,103 epoch   300  train 2.8830e-03  val 3.0822e-03  (75 s)
2026-09-29 23:06:54,611 epoch   400  train 1.9610e-03  val 2.3170e-03  (106 s)
2026-09-29 23:07:25,248 epoch   500  train 1.4076e-03  val 1.9955e-03  (136 s)
2026-09-29 23:07:55,700 epoch   600  train 1.0858e-03  val 1.8410e-03  (167 s)
2026-09-29 23:08:26,241 epoch   700  train 8.7001e-04  val 1.7982e-03  (197 s)
2026-09-29 23:08:56,984 epoch   800  train 7.2817e-04  val 1.7152e-03  (228 s)
2026-09-29 23:09:28,095 epoch   900  train 6.3501e-04  val 1.6094e-03  (259 s)
2026-09-29 23:09:59,397 epoch  1000  train 5.7065e-04  val 1.4896e-03  (291 s)
2026-09-29 23:10:33,390 epoch  1100  train 5.2261e-04  val 1.3661e-03  (325 s)
2026-09-29 23:11:07,239 epoch  1200  train 5.1907e-04  val 1.4541e-03  (358 s)
2026-09-29 23:11:41,232 epoch  1300  train 4.5236e-04  val 1.1508e-03  (392 s)
2026-09-29 23:12:15,355 epoch  1400  train 4.3283e-04  val 1.1414e-03  (427 s)
2026-09-29 23:12:49,414 epoch  1500  train 4.0024e-04  val 9.8407e-04  (461 s)
2026-09-29 23:13:23,755 epoch  1600  train 3.8094e-04  val 8.8922e-04  (495 s)
2026-09-29 23:13:57,938 epoch  1700  train 3.5917e-04  val 8.6098e-04  (529 s)
2026-09-29 23:14:32,149 epoch  1800  train 3.4281e-04  val 7.9368e-04  (563 s)
2026-09-29 23:15:06,442 epoch  1900  train 3.2503e-04  val 7.7137e-04  (598 s)
2026-09-29 23:15:40,797 epoch  2000  train 3.1083e-04  val 7.4429e-04  (632 s)
2026-09-29 23:16:14,911 epoch  2100  train 3.1338e-04  val 7.9589e-04  (666 s)
2026-09-29 23:16:47,541 epoch  2200  train 2.8358e-04  val 6.7564e-04  (699 s)
2026-09-29 23:17:20,220 epoch  2300  train 2.7171e-04  val 6.5524e-04  (731 s)
2026-09-29 23:17:54,567 epoch  2400  train 2.6066e-04  val 6.4226e-04  (766 s)
2026-09-29 23:18:29,004 epoch  2500  train 2.5111e-04  val 6.1014e-04  (800 s)
2026-09-29 23:19:03,225 epoch  2600  train 2.4309e-04  val 5.8525e-04  (834 s)
2026-09-29 23:19:37,538 epoch  2700  train 2.3233e-04  val 5.9234e-04  (869 s)
2026-09-29 23:20:11,865 epoch  2800  train 2.2487e-04  val 5.7722e-04  (903 s)
2026-09-29 23:20:46,100 epoch  2900  train 2.1866e-04  val 5.6139e-04  (937 s)
2026-09-29 23:21:20,411 epoch  3000  train 2.1186e-04  val 5.6422e-04  (972 s)
2026-09-29 23:21:54,645 epoch  3100  train 6.0771e-04  val 7.3217e-04  (1006 s)
2026-09-29 23:22:28,892 epoch  3200  train 2.0049e-04  val 5.3960e-04  (1040 s)
2026-09-29 23:23:03,066 epoch  3300  train 2.1544e-04  val 5.9552e-04  (1074 s)
2026-09-29 23:23:37,256 epoch  3400  train 1.9104e-04  val 5.2554e-04  (1109 s)
2026-09-29 23:24:11,696 epoch  3500  train 1.8897e-04  val 5.1122e-04  (1143 s)
2026-09-29 23:24:45,941 epoch  3600  train 1.8409e-04  val 5.0433e-04  (1177 s)
2026-09-29 23:25:20,219 epoch  3700  train 1.7993e-04  val 5.0046e-04  (1211 s)
2026-09-29 23:25:54,754 epoch  3800  train 1.7714e-04  val 4.9512e-04  (1246 s)
2026-09-29 23:26:29,044 epoch  3900  train 1.7885e-04  val 4.9184e-04  (1280 s)
2026-09-29 23:27:03,565 epoch  4000  train 1.7106e-04  val 4.8116e-04  (1315 s)
2026-09-29 23:27:38,030 epoch  4100  train 1.6891e-04  val 4.7480e-04  (1349 s)
2026-09-29 23:28:12,432 epoch  4200  train 1.6809e-04  val 4.5338e-04  (1384 s)
2026-09-29 23:28:46,784 epoch  4300  train 1.6390e-04  val 4.6521e-04  (1418 s)
2026-09-29 23:29:21,025 epoch  4400  train 1.7851e-04  val 4.5477e-04  (1452 s)
2026-09-29 23:29:55,461 epoch  4500  train 1.9588e-04  val 4.8274e-04  (1487 s)
2026-09-29 23:30:29,770 epoch  4600  train 1.5780e-04  val 4.4890e-04  (1521 s)
2026-09-29 23:31:04,100 epoch  4700  train 1.5615e-04  val 4.4491e-04  (1555 s)
2026-09-29 23:31:38,595 epoch  4800  train 1.5488e-04  val 4.4051e-04  (1590 s)
2026-09-29 23:32:13,190 epoch  4900  train 1.6114e-04  val 4.6346e-04  (1624 s)
2026-09-29 23:32:47,453 epoch  5000  train 1.5776e-04  val 4.5191e-04  (1659 s)
2026-09-29 23:33:21,982 epoch  5100  train 1.5051e-04  val 4.2275e-04  (1693 s)
2026-09-29 23:33:56,342 epoch  5200  train 1.7884e-04  val 4.4697e-04  (1728 s)
2026-09-29 23:34:30,821 epoch  5300  train 1.5399e-04  val 4.0020e-04  (1762 s)
2026-09-29 23:35:05,500 epoch  5400  train 1.4543e-04  val 4.1255e-04  (1797 s)
2026-09-29 23:35:39,953 epoch  5500  train 1.5256e-04  val 4.3776e-04  (1831 s)
2026-09-29 23:36:14,510 epoch  5600  train 1.4362e-04  val 4.0101e-04  (1866 s)
2026-09-29 23:36:49,060 epoch  5700  train 1.4874e-04  val 4.1840e-04  (1900 s)
2026-09-29 23:37:23,834 epoch  5800  train 1.5568e-04  val 4.0293e-04  (1935 s)
2026-09-29 23:37:58,815 epoch  5900  train 1.4378e-04  val 3.7729e-04  (1970 s)
2026-09-29 23:38:33,705 epoch  6000  train 2.1980e-04  val 4.4486e-04  (2005 s)
2026-09-29 23:39:08,363 epoch  6100  train 1.4280e-04  val 3.9248e-04  (2040 s)
2026-09-29 23:39:42,844 epoch  6200  train 1.7017e-04  val 3.6338e-04  (2074 s)
2026-09-29 23:40:17,360 epoch  6300  train 1.3866e-04  val 3.9211e-04  (2109 s)
2026-09-29 23:40:52,007 epoch  6400  train 1.3531e-04  val 3.6663e-04  (2143 s)
2026-09-29 23:41:26,510 epoch  6500  train 1.3389e-04  val 3.7511e-04  (2178 s)
2026-09-29 23:42:01,020 epoch  6600  train 1.3310e-04  val 3.6357e-04  (2212 s)
2026-09-29 23:42:35,683 epoch  6700  train 1.3231e-04  val 3.6440e-04  (2247 s)
2026-09-29 23:43:10,171 epoch  6800  train 1.3121e-04  val 3.6344e-04  (2281 s)
2026-09-29 23:43:44,537 epoch  6900  train 1.3282e-04  val 3.6677e-04  (2316 s)
2026-09-29 23:44:18,897 epoch  7000  train 1.3119e-04  val 3.4936e-04  (2350 s)
2026-09-29 23:44:53,393 epoch  7100  train 1.3109e-04  val 3.5119e-04  (2385 s)
2026-09-29 23:45:27,349 epoch  7200  train 1.2866e-04  val 3.5011e-04  (2419 s)
2026-09-29 23:46:01,012 epoch  7300  train 1.2918e-04  val 3.6092e-04  (2452 s)
2026-09-29 23:46:35,034 epoch  7400  train 1.2739e-04  val 3.4220e-04  (2486 s)
2026-09-29 23:47:09,225 epoch  7500  train 1.4715e-04  val 3.7646e-04  (2520 s)
2026-09-29 23:47:43,604 epoch  7600  train 1.2565e-04  val 3.4261e-04  (2555 s)
2026-09-29 23:48:18,062 epoch  7700  train 1.2521e-04  val 3.3621e-04  (2589 s)
2026-09-29 23:48:51,770 epoch  7800  train 1.2419e-04  val 3.3575e-04  (2623 s)
2026-09-29 23:49:25,378 epoch  7900  train 1.2422e-04  val 3.3329e-04  (2657 s)
2026-09-29 23:49:59,142 epoch  8000  train 1.2481e-04  val 3.2557e-04  (2690 s)
2026-09-29 23:50:32,787 epoch  8100  train 1.2251e-04  val 3.2392e-04  (2724 s)
2026-09-29 23:51:06,286 epoch  8200  train 1.2871e-04  val 3.4629e-04  (2758 s)
2026-09-29 23:51:39,886 epoch  8300  train 1.2314e-04  val 3.3033e-04  (2791 s)
2026-09-29 23:52:13,678 epoch  8400  train 1.3150e-04  val 3.1457e-04  (2825 s)
2026-09-29 23:52:47,272 epoch  8500  train 1.2171e-04  val 3.2757e-04  (2859 s)
2026-09-29 23:53:20,789 epoch  8600  train 1.1977e-04  val 3.1482e-04  (2892 s)
2026-09-29 23:53:53,613 epoch  8700  train 1.1975e-04  val 3.1589e-04  (2925 s)
2026-09-29 23:54:26,256 epoch  8800  train 1.2081e-04  val 3.2062e-04  (2958 s)
2026-09-29 23:54:58,671 epoch  8900  train 1.2895e-04  val 3.4244e-04  (2990 s)
2026-09-29 23:55:31,169 epoch  9000  train 1.4597e-04  val 3.3124e-04  (3022 s)
2026-09-29 23:56:03,608 epoch  9100  train 1.1776e-04  val 3.0060e-04  (3055 s)
2026-09-29 23:56:36,191 epoch  9200  train 1.1715e-04  val 3.0490e-04  (3087 s)
2026-09-29 23:57:08,798 epoch  9300  train 1.2122e-04  val 3.0370e-04  (3120 s)
2026-09-29 23:57:41,457 epoch  9400  train 1.2323e-04  val 3.2240e-04  (3153 s)
2026-09-29 23:58:14,020 epoch  9500  train 1.1492e-04  val 2.9823e-04  (3185 s)
2026-09-29 23:58:46,681 epoch  9600  train 1.1450e-04  val 2.9336e-04  (3218 s)
2026-09-29 23:59:19,252 epoch  9700  train 1.1413e-04  val 2.8983e-04  (3250 s)
2026-09-29 23:59:51,964 epoch  9800  train 1.1807e-04  val 2.9168e-04  (3283 s)
2026-09-30 00:00:24,659 epoch  9900  train 1.1437e-04  val 2.8695e-04  (3316 s)
2026-09-30 00:00:57,444 epoch 10000  train 1.1301e-04  val 2.8538e-04  (3349 s)
2026-09-30 00:01:04,044 completed | 10000 epochs | 3348.7 s | train 1.1301e-04 val 2.8538e-04
