2026-09-30 18:16:48,000 stage2 epoch 1  loss 4.0570e+01  mse 4.0570e+01  pinn 2.4162e+00  (2 s)
2026-09-30 18:18:20,267 stage2 epoch 100  loss 5.8637e+00  mse 5.8631e+00  pinn 5.4087e+00  (94 s)
2026-09-30 18:20:07,476 stage2 epoch 200  loss 8.4574e+00  mse 8.4571e+00  pinn 2.5712e+00  (202 s)
2026-09-30 18:21:54,040 stage2 epoch 300  loss 6.7651e+00  mse 6.7647e+00  pinn 4.3402e+00  (308 s)
2026-09-30 18:24:57,610 stage2 epoch 400  loss 4.8202e+00  mse 4.8198e+00  pinn 4.3470e+00  (492 s)
2026-09-30 18:28:45,385 stage2 epoch 500  loss 2.7325e+00  mse 2.7323e+00  pinn 2.3314e+00  (720 s)
2026-09-30 18:32:48,462 stage2 epoch 600  loss 2.2512e+00  mse 2.2511e+00  pinn 1.4917e+00  (963 s)
2026-09-30 18:37:07,565 stage2 epoch 700  loss 2.2926e+00  mse 2.2924e+00  pinn 1.5311e+00  (1222 s)
2026-09-30 18:41:08,188 stage2 epoch 800  loss 2.6772e+00  mse 2.6771e+00  pinn 7.1054e-01  (1462 s)
2026-09-30 18:45:21,657 stage2 epoch 900  loss 2.4678e+00  mse 2.4677e+00  pinn 6.6786e-01  (1716 s)
2026-09-30 18:49:39,804 stage2 epoch 1000  loss 1.6364e+00  mse 1.6363e+00  pinn 7.6581e-01  (1974 s)
2026-09-30 18:53:13,152 stage2 epoch 1100  loss 1.7842e+00  mse 1.7841e+00  pinn 8.8646e-01  (2187 s)
2026-09-30 18:56:46,517 stage2 epoch 1200  loss 1.7144e+00  mse 1.7144e+00  pinn 8.9060e-01  (2401 s)
2026-09-30 19:00:12,131 stage2 epoch 1300  loss 1.3041e+00  mse 1.3040e+00  pinn 1.0658e+00  (2606 s)
2026-09-30 19:03:39,226 stage2 epoch 1400  loss 1.2352e+00  mse 1.2351e+00  pinn 9.2423e-01  (2813 s)
2026-09-30 19:06:47,769 stage2 epoch 1500  loss 1.2910e+00  mse 1.2909e+00  pinn 8.9007e-01  (3002 s)
2026-09-30 19:10:07,047 stage2 epoch 1600  loss 1.4057e+00  mse 1.4056e+00  pinn 9.0046e-01  (3201 s)
2026-09-30 19:13:25,683 stage2 epoch 1700  loss 1.5958e+00  mse 1.5957e+00  pinn 1.0386e+00  (3400 s)
2026-09-30 19:16:44,319 stage2 epoch 1800  loss 9.2077e-01  mse 9.2066e-01  pinn 1.0705e+00  (3598 s)
2026-09-30 19:19:59,285 stage2 epoch 1900  loss 1.5411e+00  mse 1.5409e+00  pinn 1.1631e+00  (3793 s)
2026-09-30 19:23:07,977 stage2 epoch 2000  loss 9.7328e-01  mse 9.7318e-01  pinn 1.0490e+00  (3982 s)
2026-09-30 19:26:12,052 stage2 epoch 2100  loss 6.7682e-01  mse 6.7672e-01  pinn 1.0217e+00  (4166 s)
2026-09-30 19:29:22,562 stage2 epoch 2200  loss 7.4924e-01  mse 7.4915e-01  pinn 9.4348e-01  (4357 s)
2026-09-30 19:32:22,366 stage2 epoch 2300  loss 2.1523e+00  mse 2.1523e+00  pinn 8.6879e-01  (4536 s)
2026-09-30 19:35:28,375 stage2 epoch 2400  loss 8.8552e-01  mse 8.8542e-01  pinn 9.9846e-01  (4722 s)
2026-09-30 19:38:39,122 stage2 epoch 2500  loss 7.1518e-01  mse 7.1509e-01  pinn 9.2139e-01  (4913 s)
2026-09-30 19:41:50,351 stage2 epoch 2600  loss 6.3219e-01  mse 6.3209e-01  pinn 9.4104e-01  (5104 s)
2026-10-01 08:17:05,247 stage 2 resumed in stage2 at epoch 2500
2026-10-01 08:17:08,560 stage2 epoch 2501  loss 8.4375e-01  mse 8.4366e-01  pinn 9.3324e-01  (4916 s)
2026-10-01 08:20:33,053 stage2 epoch 2600  loss 6.3219e-01  mse 6.3209e-01  pinn 9.4104e-01  (5120 s)
2026-10-01 08:24:06,633 stage2 epoch 2700  loss 1.4963e+00  mse 1.4962e+00  pinn 8.8131e-01  (5334 s)
2026-10-01 08:27:42,719 stage2 epoch 2800  loss 1.0054e+00  mse 1.0053e+00  pinn 8.6990e-01  (5550 s)
2026-10-01 08:31:06,951 stage2 epoch 2900  loss 6.6373e-01  mse 6.6365e-01  pinn 8.6721e-01  (5754 s)
2026-10-01 08:34:25,133 stage2 epoch 3000  loss 8.2888e-01  mse 8.2879e-01  pinn 8.5404e-01  (5952 s)
2026-10-01 08:38:08,527 stage2 epoch 3100  loss 6.5868e-01  mse 6.5860e-01  pinn 7.9733e-01  (6176 s)
2026-10-01 08:41:32,994 stage2 epoch 3200  loss 8.5608e-01  mse 8.5600e-01  pinn 8.0593e-01  (6380 s)
2026-10-01 08:44:52,122 stage2 epoch 3300  loss 6.4186e-01  mse 6.4178e-01  pinn 7.9951e-01  (6579 s)
2026-10-01 08:48:13,289 stage2 epoch 3400  loss 7.4160e-01  mse 7.4152e-01  pinn 7.8502e-01  (6780 s)
2026-10-01 08:51:36,667 stage2 epoch 3500  loss 6.6384e-01  mse 6.6376e-01  pinn 7.7152e-01  (6984 s)
2026-10-01 08:54:56,141 stage2 epoch 3600  loss 7.0222e-01  mse 7.0214e-01  pinn 8.0133e-01  (7183 s)
2026-10-01 08:58:11,192 stage2 epoch 3700  loss 1.6167e+00  mse 1.6166e+00  pinn 7.3319e-01  (7378 s)
2026-10-01 09:01:24,610 stage2 epoch 3800  loss 8.7038e-01  mse 8.7030e-01  pinn 7.9466e-01  (7572 s)
2026-10-01 09:04:40,028 stage2 epoch 3900  loss 8.0363e-01  mse 8.0356e-01  pinn 7.6397e-01  (7767 s)
2026-10-01 09:07:49,251 stage2 epoch 4000  loss 6.7691e-01  mse 6.7683e-01  pinn 7.4275e-01  (7956 s)
2026-10-01 09:10:59,169 stage2 epoch 4100  loss 1.6849e+00  mse 1.6848e+00  pinn 7.2418e-01  (8146 s)
2026-10-01 09:14:12,204 stage2 epoch 4200  loss 8.7734e-01  mse 8.7727e-01  pinn 6.8855e-01  (8339 s)
2026-10-01 09:17:16,450 stage2 epoch 4300  loss 5.8735e-01  mse 5.8727e-01  pinn 7.3236e-01  (8524 s)
2026-10-01 09:20:32,634 stage2 epoch 4400  loss 1.1444e+00  mse 1.1443e+00  pinn 8.4656e-01  (8720 s)
2026-10-01 09:23:44,428 stage2 epoch 4500  loss 5.8424e-01  mse 5.8417e-01  pinn 7.0184e-01  (8911 s)
2026-10-01 09:26:55,462 stage2 epoch 4600  loss 7.3480e-01  mse 7.3473e-01  pinn 6.9331e-01  (9103 s)
2026-10-01 09:30:10,912 stage2 epoch 4700  loss 6.5174e-01  mse 6.5167e-01  pinn 7.0708e-01  (9298 s)
2026-10-01 09:33:20,036 stage2 epoch 4800  loss 6.5168e-01  mse 6.5162e-01  pinn 6.5530e-01  (9487 s)
2026-10-01 09:36:24,591 stage2 epoch 4900  loss 5.9520e-01  mse 5.9513e-01  pinn 6.5687e-01  (9672 s)
2026-10-01 09:39:31,815 stage2 epoch 5000  loss 6.7226e-01  mse 6.7219e-01  pinn 6.4164e-01  (9859 s)
2026-10-01 09:42:39,574 stage2 epoch 5100  loss 8.4156e-01  mse 8.4150e-01  pinn 6.6726e-01  (10047 s)
2026-10-01 09:45:51,121 stage2 epoch 5200  loss 1.2389e+00  mse 1.2388e+00  pinn 6.1161e-01  (10238 s)
2026-10-01 09:49:01,218 stage2 epoch 5300  loss 8.1157e-01  mse 8.1149e-01  pinn 8.2304e-01  (10428 s)
2026-10-01 09:52:09,952 stage2 epoch 5400  loss 8.2025e-01  mse 8.2019e-01  pinn 6.6110e-01  (10617 s)
2026-10-01 09:55:11,013 stage2 epoch 5500  loss 5.3374e-01  mse 5.3367e-01  pinn 6.3384e-01  (10798 s)
2026-10-01 09:58:19,837 stage2 epoch 5600  loss 9.0931e-01  mse 9.0925e-01  pinn 6.2040e-01  (10987 s)
2026-10-01 10:01:23,545 stage2 epoch 5700  loss 6.7156e-01  mse 6.7150e-01  pinn 6.2143e-01  (11171 s)
2026-10-01 10:04:34,328 stage2 epoch 5800  loss 5.3284e-01  mse 5.3278e-01  pinn 6.3550e-01  (11361 s)
2026-10-01 10:07:39,204 stage2 epoch 5900  loss 9.2669e-01  mse 9.2663e-01  pinn 6.3122e-01  (11546 s)
2026-10-01 10:10:47,027 stage2 epoch 6000  loss 1.2013e+00  mse 1.2012e+00  pinn 6.6130e-01  (11734 s)
2026-10-01 10:13:50,308 stage2 epoch 6100  loss 1.0445e+00  mse 1.0444e+00  pinn 6.1892e-01  (11917 s)
2026-10-01 10:16:51,537 stage2 epoch 6200  loss 8.1513e-01  mse 8.1507e-01  pinn 6.3587e-01  (12099 s)
2026-10-01 10:20:02,080 stage2 epoch 6300  loss 5.5520e-01  mse 5.5514e-01  pinn 5.9025e-01  (12289 s)
2026-10-01 10:23:10,271 stage2 epoch 6400  loss 2.5525e+00  mse 2.5524e+00  pinn 9.5552e-01  (12477 s)
2026-10-01 10:26:21,913 stage2 epoch 6500  loss 5.1569e-01  mse 5.1563e-01  pinn 5.8017e-01  (12669 s)
2026-10-01 10:29:22,882 stage2 epoch 6600  loss 7.9043e-01  mse 7.9037e-01  pinn 5.7629e-01  (12850 s)
2026-10-01 10:32:26,792 stage2 epoch 6700  loss 6.2118e-01  mse 6.2112e-01  pinn 5.9424e-01  (13034 s)
2026-10-01 10:35:34,432 stage2 epoch 6800  loss 4.8658e-01  mse 4.8652e-01  pinn 5.6558e-01  (13221 s)
2026-10-01 10:38:40,569 stage2 epoch 6900  loss 5.1937e-01  mse 5.1931e-01  pinn 5.8075e-01  (13408 s)
2026-10-01 10:41:42,616 stage2 epoch 7000  loss 7.2143e-01  mse 7.2137e-01  pinn 5.6599e-01  (13590 s)
2026-10-01 10:44:43,197 stage2 epoch 7100  loss 6.0057e-01  mse 6.0051e-01  pinn 5.9049e-01  (13770 s)
2026-10-01 10:47:45,117 stage2 epoch 7200  loss 5.1681e-01  mse 5.1675e-01  pinn 5.6671e-01  (13952 s)
2026-10-01 10:50:41,046 stage2 epoch 7300  loss 8.1517e-01  mse 8.1511e-01  pinn 6.2909e-01  (14128 s)
2026-10-01 10:53:40,803 stage2 epoch 7400  loss 5.0918e-01  mse 5.0912e-01  pinn 5.5851e-01  (14308 s)
2026-10-01 10:56:45,260 stage2 epoch 7500  loss 1.0486e+00  mse 1.0485e+00  pinn 6.0555e-01  (14492 s)
2026-10-01 10:59:45,937 stage2 epoch 7600  loss 4.9259e-01  mse 4.9254e-01  pinn 5.5057e-01  (14673 s)
2026-10-01 11:02:47,300 stage2 epoch 7700  loss 1.0408e+00  mse 1.0407e+00  pinn 6.3480e-01  (14854 s)
2026-10-01 11:05:46,540 stage2 epoch 7800  loss 5.1959e-01  mse 5.1953e-01  pinn 5.3785e-01  (15034 s)
2026-10-01 11:08:50,728 stage2 epoch 7900  loss 7.3294e-01  mse 7.3288e-01  pinn 5.5731e-01  (15218 s)
2026-10-01 11:11:51,153 stage2 epoch 8000  loss 5.6780e-01  mse 5.6774e-01  pinn 5.4336e-01  (15398 s)
2026-10-01 11:14:52,671 stage2 epoch 8100  loss 5.0606e-01  mse 5.0601e-01  pinn 5.3999e-01  (15580 s)
2026-10-01 11:17:51,351 stage2 epoch 8200  loss 4.9062e-01  mse 4.9056e-01  pinn 5.5665e-01  (15758 s)
2026-10-01 11:20:56,835 stage2 epoch 8300  loss 8.5806e-01  mse 8.5800e-01  pinn 5.5855e-01  (15944 s)
2026-10-01 11:23:59,100 stage2 epoch 8400  loss 5.0154e-01  mse 5.0149e-01  pinn 5.3184e-01  (16126 s)
2026-10-01 11:26:59,403 stage2 epoch 8500  loss 6.5380e-01  mse 6.5375e-01  pinn 5.3147e-01  (16306 s)
2026-10-01 11:29:58,290 stage2 epoch 8600  loss 9.4141e-01  mse 9.4135e-01  pinn 5.7611e-01  (16485 s)
2026-10-01 11:32:59,866 stage2 epoch 8700  loss 5.9828e-01  mse 5.9823e-01  pinn 5.3102e-01  (16667 s)
2026-10-01 11:36:01,505 stage2 epoch 8800  loss 4.5786e-01  mse 4.5780e-01  pinn 5.4239e-01  (16849 s)
2026-10-01 11:38:58,626 stage2 epoch 8900  loss 1.0415e+00  mse 1.0414e+00  pinn 7.5503e-01  (17026 s)
2026-10-01 11:42:12,261 stage2 epoch 9000  loss 9.4530e-01  mse 9.4524e-01  pinn 5.9327e-01  (17219 s)
2026-10-01 11:45:19,820 stage2 epoch 9100  loss 4.2353e-01  mse 4.2348e-01  pinn 5.3381e-01  (17407 s)
2026-10-01 11:48:18,437 stage2 epoch 9200  loss 4.2454e-01  mse 4.2449e-01  pinn 5.4309e-01  (17586 s)
2026-10-01 11:51:18,560 stage2 epoch 9300  loss 4.2951e-01  mse 4.2946e-01  pinn 5.2741e-01  (17766 s)
2026-10-01 11:54:18,430 stage2 epoch 9400  loss 4.4553e-01  mse 4.4547e-01  pinn 5.3771e-01  (17945 s)
2026-10-01 11:57:18,054 stage2 epoch 9500  loss 8.5098e-01  mse 8.5092e-01  pinn 5.4460e-01  (18125 s)
2026-10-01 12:00:18,405 stage2 epoch 9600  loss 4.4747e-01  mse 4.4741e-01  pinn 5.4177e-01  (18305 s)
2026-10-01 12:03:22,563 stage2 epoch 9700  loss 4.5913e-01  mse 4.5908e-01  pinn 5.3584e-01  (18490 s)
2026-10-01 12:06:40,675 stage2 epoch 9800  loss 5.1115e-01  mse 5.1110e-01  pinn 5.2751e-01  (18688 s)
2026-10-01 12:10:05,650 stage2 epoch 9900  loss 4.2916e-01  mse 4.2910e-01  pinn 5.3948e-01  (18893 s)
2026-10-01 12:13:07,743 stage2 epoch 10000  loss 4.4658e-01  mse 4.4653e-01  pinn 5.2166e-01  (19075 s)
2026-10-01 12:16:08,175 stage2 epoch 10100  loss 5.2035e-01  mse 5.2030e-01  pinn 5.1856e-01  (19255 s)
2026-10-01 12:19:23,561 stage2 epoch 10200  loss 7.4505e-01  mse 7.4497e-01  pinn 8.1147e-01  (19451 s)
2026-10-01 12:22:23,925 stage2 epoch 10300  loss 3.8965e-01  mse 3.8959e-01  pinn 5.5912e-01  (19631 s)
2026-10-01 12:25:26,123 stage2 epoch 10400  loss 6.3346e-01  mse 6.3341e-01  pinn 5.4423e-01  (19813 s)
2026-10-01 12:28:28,941 stage2 epoch 10500  loss 3.8382e-01  mse 3.8376e-01  pinn 5.3526e-01  (19996 s)
2026-10-01 12:31:31,196 stage2 epoch 10600  loss 3.9832e-01  mse 3.9827e-01  pinn 5.5568e-01  (20178 s)
2026-10-01 12:34:29,235 stage2 epoch 10700  loss 4.6608e-01  mse 4.6603e-01  pinn 5.6576e-01  (20356 s)
2026-10-01 12:37:27,651 stage2 epoch 10800  loss 1.0436e+00  mse 1.0435e+00  pinn 5.7065e-01  (20535 s)
2026-10-01 12:40:26,414 stage2 epoch 10900  loss 4.5787e-01  mse 4.5782e-01  pinn 5.2923e-01  (20713 s)
2026-10-01 12:43:26,162 stage2 epoch 11000  loss 3.7976e-01  mse 3.7971e-01  pinn 5.4739e-01  (20893 s)
2026-10-01 12:46:43,674 stage2 epoch 11100  loss 3.8485e-01  mse 3.8480e-01  pinn 5.3936e-01  (21091 s)
2026-10-01 12:50:09,803 stage2 epoch 11200  loss 7.0139e-01  mse 7.0134e-01  pinn 5.2893e-01  (21297 s)
2026-10-01 12:53:45,066 stage2 epoch 11300  loss 3.8726e-01  mse 3.8721e-01  pinn 5.5468e-01  (21512 s)
2026-10-01 12:57:51,395 stage2 epoch 11400  loss 3.8659e-01  mse 3.8653e-01  pinn 5.5414e-01  (21758 s)
2026-10-01 13:02:18,283 stage2 epoch 11500  loss 5.9337e-01  mse 5.9332e-01  pinn 5.4449e-01  (22025 s)
2026-10-01 13:05:47,144 stage2 epoch 11600  loss 4.7586e-01  mse 4.7581e-01  pinn 5.3676e-01  (22234 s)
2026-10-01 13:08:50,392 stage2 epoch 11700  loss 4.9309e-01  mse 4.9303e-01  pinn 5.2602e-01  (22417 s)
2026-10-01 13:11:54,589 stage2 epoch 11800  loss 3.6519e-01  mse 3.6514e-01  pinn 5.3179e-01  (22602 s)
2026-10-01 13:14:57,191 stage2 epoch 11900  loss 3.6763e-01  mse 3.6758e-01  pinn 5.6406e-01  (22784 s)
2026-10-01 13:18:03,523 stage2 epoch 12000  loss 4.8316e-01  mse 4.8310e-01  pinn 5.2268e-01  (22971 s)
2026-10-01 13:21:06,170 stage2 epoch 12100  loss 3.7177e-01  mse 3.7172e-01  pinn 5.5157e-01  (23153 s)
2026-10-01 13:24:27,567 stage2 epoch 12200  loss 3.6459e-01  mse 3.6454e-01  pinn 5.3708e-01  (23355 s)
2026-10-01 13:27:36,896 stage2 epoch 12300  loss 3.9360e-01  mse 3.9354e-01  pinn 5.3311e-01  (23544 s)
2026-10-01 13:30:47,813 stage2 epoch 12400  loss 3.8288e-01  mse 3.8283e-01  pinn 5.3056e-01  (23735 s)
2026-10-01 13:33:49,471 stage2 epoch 12500  loss 3.5128e-01  mse 3.5123e-01  pinn 5.3733e-01  (23916 s)
2026-10-01 13:37:02,390 stage2 epoch 12600  loss 3.3757e-01  mse 3.3752e-01  pinn 5.2255e-01  (24109 s)
2026-10-01 13:40:09,086 stage2 epoch 12700  loss 3.7165e-01  mse 3.7160e-01  pinn 5.4573e-01  (24296 s)
2026-10-01 13:43:20,448 stage2 epoch 12800  loss 6.7494e-01  mse 6.7488e-01  pinn 5.4623e-01  (24487 s)
2026-10-01 13:46:39,743 stage2 epoch 12900  loss 5.8063e-01  mse 5.8057e-01  pinn 5.7057e-01  (24687 s)
2026-10-01 13:49:57,214 stage2 epoch 13000  loss 6.2346e-01  mse 6.2341e-01  pinn 5.4099e-01  (24884 s)
2026-10-01 13:53:08,811 stage2 epoch 13100  loss 5.9275e-01  mse 5.9270e-01  pinn 5.4212e-01  (25076 s)
2026-10-01 13:56:29,760 stage2 epoch 13200  loss 3.7976e-01  mse 3.7970e-01  pinn 5.5378e-01  (25277 s)
2026-10-01 13:59:47,711 stage2 epoch 13300  loss 3.3360e-01  mse 3.3354e-01  pinn 5.2173e-01  (25475 s)
2026-10-01 14:03:01,198 stage2 epoch 13400  loss 3.5451e-01  mse 3.5445e-01  pinn 5.5344e-01  (25668 s)
2026-10-01 14:06:28,587 stage2 epoch 13500  loss 4.6077e-01  mse 4.6071e-01  pinn 5.6791e-01  (25876 s)
2026-10-01 14:09:49,098 stage2 epoch 13600  loss 1.3165e+00  mse 1.3165e+00  pinn 5.6343e-01  (26076 s)
2026-10-01 14:13:06,490 stage2 epoch 13700  loss 4.8708e-01  mse 4.8702e-01  pinn 5.5319e-01  (26273 s)
2026-10-01 14:16:36,919 stage2 epoch 13800  loss 5.7812e-01  mse 5.7806e-01  pinn 5.7549e-01  (26484 s)
2026-10-01 14:20:04,679 stage2 epoch 13900  loss 6.3907e-01  mse 6.3901e-01  pinn 5.5368e-01  (26692 s)
2026-10-01 14:24:07,057 stage2 epoch 14000  loss 3.4005e-01  mse 3.3999e-01  pinn 5.4388e-01  (26934 s)
2026-10-01 14:28:03,124 stage2 epoch 14100  loss 3.5298e-01  mse 3.5292e-01  pinn 5.3909e-01  (27170 s)
2026-10-01 14:31:19,505 stage2 epoch 14200  loss 3.2040e-01  mse 3.2034e-01  pinn 5.3394e-01  (27366 s)
2026-10-01 14:34:56,184 stage2 epoch 14300  loss 3.8173e-01  mse 3.8167e-01  pinn 5.4905e-01  (27583 s)
2026-10-01 14:38:26,942 stage2 epoch 14400  loss 4.2449e-01  mse 4.2444e-01  pinn 5.4501e-01  (27794 s)
2026-10-01 14:41:45,694 stage2 epoch 14500  loss 3.7367e-01  mse 3.7362e-01  pinn 5.1527e-01  (27993 s)
2026-10-01 14:45:06,690 stage2 epoch 14600  loss 3.9854e-01  mse 3.9849e-01  pinn 5.5857e-01  (28194 s)
2026-10-01 14:48:55,127 stage2 epoch 14700  loss 5.4170e-01  mse 5.4164e-01  pinn 5.7328e-01  (28422 s)
2026-10-01 14:53:14,855 stage2 epoch 14800  loss 5.6122e-01  mse 5.6117e-01  pinn 5.3330e-01  (28682 s)
2026-10-01 14:57:26,901 stage2 epoch 14900  loss 3.1436e-01  mse 3.1431e-01  pinn 5.1807e-01  (28934 s)
2026-10-01 15:01:14,669 stage2 epoch 15000  loss 3.0383e-01  mse 3.0377e-01  pinn 5.2724e-01  (29161 s)
2026-10-01 15:04:41,578 stage2 epoch 15100  loss 4.2637e-01  mse 4.2632e-01  pinn 5.4671e-01  (29368 s)
2026-10-01 15:08:13,453 stage2 epoch 15200  loss 3.3425e-01  mse 3.3420e-01  pinn 5.4578e-01  (29580 s)
2026-10-01 15:11:58,757 stage2 epoch 15300  loss 4.1676e-01  mse 4.1670e-01  pinn 5.4457e-01  (29806 s)
2026-10-01 15:15:30,138 stage2 epoch 15400  loss 3.5758e-01  mse 3.5752e-01  pinn 5.3424e-01  (30017 s)
2026-10-01 15:19:21,373 stage2 epoch 15500  loss 4.7069e-01  mse 4.7064e-01  pinn 5.7745e-01  (30248 s)
2026-10-01 15:22:56,970 stage2 epoch 15600  loss 4.0042e-01  mse 4.0036e-01  pinn 5.2179e-01  (30464 s)
2026-10-01 15:26:37,567 stage2 epoch 15700  loss 3.3708e-01  mse 3.3703e-01  pinn 5.1534e-01  (30684 s)
2026-10-01 15:30:29,372 stage2 epoch 15800  loss 3.2039e-01  mse 3.2034e-01  pinn 5.2195e-01  (30916 s)
2026-10-01 15:34:22,788 stage2 epoch 15900  loss 8.3525e-01  mse 8.3519e-01  pinn 5.4953e-01  (31150 s)
2026-10-01 15:37:59,953 stage2 epoch 16000  loss 6.3252e-01  mse 6.3246e-01  pinn 5.7537e-01  (31367 s)
2026-10-01 15:41:28,336 stage2 epoch 16100  loss 4.0144e-01  mse 4.0139e-01  pinn 5.5992e-01  (31575 s)
2026-10-01 15:45:22,693 stage2 epoch 16200  loss 6.2029e-01  mse 6.2023e-01  pinn 5.9745e-01  (31809 s)
2026-10-01 15:49:30,047 stage2 epoch 16300  loss 4.1902e-01  mse 4.1897e-01  pinn 5.0168e-01  (32057 s)
2026-10-01 15:53:25,506 stage2 epoch 16400  loss 3.5812e-01  mse 3.5807e-01  pinn 5.3634e-01  (32292 s)
2026-10-01 15:57:31,776 stage2 epoch 16500  loss 6.0512e-01  mse 6.0507e-01  pinn 5.6899e-01  (32538 s)
2026-10-01 16:01:11,266 stage2 epoch 16600  loss 3.4399e-01  mse 3.4394e-01  pinn 5.4706e-01  (32758 s)
2026-10-01 16:05:19,208 stage2 epoch 16700  loss 3.7410e-01  mse 3.7405e-01  pinn 5.5572e-01  (33006 s)
2026-10-01 16:08:50,114 stage2 epoch 16800  loss 5.2834e-01  mse 5.2829e-01  pinn 5.4864e-01  (33217 s)
2026-10-01 16:12:48,036 stage2 epoch 16900  loss 3.3131e-01  mse 3.3126e-01  pinn 5.5698e-01  (33455 s)
2026-10-01 16:16:14,870 stage2 epoch 17000  loss 3.0464e-01  mse 3.0459e-01  pinn 5.4252e-01  (33662 s)
2026-10-01 19:40:04,007 stage 2 resumed in stage2 at epoch 17000
2026-10-01 19:40:07,265 stage2 epoch 17001  loss 3.2143e-01  mse 3.2138e-01  pinn 5.4161e-01  (33664 s)
2026-10-01 19:43:52,063 stage2 epoch 17100  loss 4.7267e-01  mse 4.7261e-01  pinn 5.3461e-01  (33889 s)
2026-10-01 19:47:30,165 stage2 epoch 17200  loss 2.8075e-01  mse 2.8070e-01  pinn 5.2787e-01  (34107 s)
2026-10-01 19:51:03,171 stage2 epoch 17300  loss 3.4901e-01  mse 3.4895e-01  pinn 5.3594e-01  (34320 s)
2026-10-01 19:54:38,010 stage2 epoch 17400  loss 5.2166e-01  mse 5.2161e-01  pinn 5.4840e-01  (34534 s)
2026-10-01 19:58:14,774 stage2 epoch 17500  loss 2.9167e-01  mse 2.9161e-01  pinn 5.3742e-01  (34751 s)
2026-10-01 20:01:54,649 stage2 epoch 17600  loss 3.3567e-01  mse 3.3561e-01  pinn 5.1605e-01  (34971 s)
2026-10-01 20:05:27,080 stage2 epoch 17700  loss 3.2234e-01  mse 3.2229e-01  pinn 5.2368e-01  (35184 s)
2026-10-01 20:08:53,045 stage2 epoch 17800  loss 3.7782e-01  mse 3.7777e-01  pinn 5.2999e-01  (35390 s)
2026-10-01 20:12:22,295 stage2 epoch 17900  loss 3.6345e-01  mse 3.6339e-01  pinn 5.3019e-01  (35599 s)
2026-10-01 20:16:02,703 stage2 epoch 18000  loss 2.9825e-01  mse 2.9819e-01  pinn 5.3892e-01  (35819 s)
2026-10-01 20:19:35,511 stage2 epoch 18100  loss 2.6998e-01  mse 2.6992e-01  pinn 5.1036e-01  (36032 s)
2026-10-01 20:23:02,588 stage2 epoch 18200  loss 3.3082e-01  mse 3.3077e-01  pinn 5.3052e-01  (36239 s)
2026-10-01 20:26:28,378 stage2 epoch 18300  loss 4.6962e-01  mse 4.6957e-01  pinn 5.0849e-01  (36445 s)
2026-10-01 20:30:19,726 stage2 epoch 18400  loss 2.7327e-01  mse 2.7322e-01  pinn 5.1023e-01  (36676 s)
2026-10-01 20:33:43,853 stage2 epoch 18500  loss 4.3157e-01  mse 4.3152e-01  pinn 5.1488e-01  (36880 s)
2026-10-01 20:37:03,075 stage2 epoch 18600  loss 3.2451e-01  mse 3.2445e-01  pinn 5.3097e-01  (37080 s)
2026-10-01 20:40:37,039 stage2 epoch 18700  loss 3.9384e-01  mse 3.9379e-01  pinn 5.1963e-01  (37294 s)
2026-10-01 20:44:01,962 stage2 epoch 18800  loss 6.5792e-01  mse 6.5786e-01  pinn 5.9637e-01  (37498 s)
2026-10-01 20:47:22,627 stage2 epoch 18900  loss 5.6281e-01  mse 5.6276e-01  pinn 5.2129e-01  (37699 s)
2026-10-01 20:50:40,840 stage2 epoch 19000  loss 3.9192e-01  mse 3.9186e-01  pinn 5.0786e-01  (37897 s)
2026-10-01 20:54:02,155 stage2 epoch 19100  loss 5.6338e-01  mse 5.6333e-01  pinn 5.1525e-01  (38099 s)
2026-10-01 20:57:34,166 stage2 epoch 19200  loss 3.4628e-01  mse 3.4623e-01  pinn 5.3035e-01  (38311 s)
2026-10-01 21:01:41,302 stage2 epoch 19300  loss 2.7549e-01  mse 2.7544e-01  pinn 5.0660e-01  (38558 s)
2026-10-01 21:05:21,193 stage2 epoch 19400  loss 6.7742e-01  mse 6.7737e-01  pinn 5.4574e-01  (38778 s)
2026-10-01 21:09:11,971 stage2 epoch 19500  loss 5.0876e-01  mse 5.0871e-01  pinn 5.3514e-01  (39008 s)
2026-10-01 21:13:03,078 stage2 epoch 19600  loss 4.6189e-01  mse 4.6184e-01  pinn 5.3181e-01  (39240 s)
2026-10-01 21:17:11,002 stage2 epoch 19700  loss 4.3959e-01  mse 4.3954e-01  pinn 5.1551e-01  (39487 s)
2026-10-01 21:21:26,048 stage2 epoch 19800  loss 4.4841e-01  mse 4.4836e-01  pinn 5.0321e-01  (39742 s)
2026-10-01 21:26:21,578 stage2 epoch 19900  loss 3.2963e-01  mse 3.2958e-01  pinn 5.1049e-01  (40038 s)
2026-10-01 21:31:07,493 stage2 epoch 20000  loss 1.0930e+00  mse 1.0928e+00  pinn 1.0293e+00  (40324 s)
2026-10-01 21:31:07,594 stage 2 archive stage2_S2_seed0_epoch20000.pt  sha256 f2059c5443449557703d9ffa3f10bbe4a225a5c1f2876050366f225690058272
2026-10-01 21:36:32,206 stage2 epoch 20100  loss 4.6609e-01  mse 4.6603e-01  pinn 5.9924e-01  (40649 s)
2026-10-01 21:41:58,959 stage2 epoch 20200  loss 4.3668e-01  mse 4.3663e-01  pinn 5.4372e-01  (40975 s)
2026-10-01 21:46:55,491 stage2 epoch 20300  loss 4.4543e-01  mse 4.4538e-01  pinn 5.2840e-01  (41272 s)
2026-10-01 21:51:42,954 stage2 epoch 20400  loss 5.1414e-01  mse 5.1408e-01  pinn 5.3296e-01  (41559 s)
2026-10-01 21:56:13,500 stage2 epoch 20500  loss 3.4962e-01  mse 3.4957e-01  pinn 5.3935e-01  (41830 s)
2026-10-01 22:01:55,185 stage2 epoch 20600  loss 3.9100e-01  mse 3.9094e-01  pinn 5.3642e-01  (42172 s)
2026-10-01 22:06:42,391 stage2 epoch 20700  loss 3.3147e-01  mse 3.3142e-01  pinn 5.4904e-01  (42459 s)
2026-10-01 22:11:17,125 stage2 epoch 20800  loss 2.8167e-01  mse 2.8161e-01  pinn 5.4820e-01  (42734 s)
2026-10-01 22:15:20,391 stage2 epoch 20900  loss 2.6838e-01  mse 2.6832e-01  pinn 5.4644e-01  (42977 s)
2026-10-01 22:18:35,783 stage2 epoch 21000  loss 5.1261e-01  mse 5.1256e-01  pinn 5.3816e-01  (43172 s)
2026-10-01 22:21:48,020 stage2 epoch 21100  loss 4.6067e-01  mse 4.6061e-01  pinn 5.5841e-01  (43364 s)
2026-10-01 22:25:04,850 stage2 epoch 21200  loss 3.2440e-01  mse 3.2435e-01  pinn 5.5806e-01  (43561 s)
2026-10-01 22:29:00,717 stage2 epoch 21300  loss 6.2183e-01  mse 6.2175e-01  pinn 8.5604e-01  (43797 s)
2026-10-01 22:32:48,006 stage2 epoch 21400  loss 3.5403e-01  mse 3.5396e-01  pinn 6.8203e-01  (44024 s)
2026-10-01 22:36:31,322 stage2 epoch 21500  loss 5.2565e-01  mse 5.2559e-01  pinn 5.9967e-01  (44248 s)
2026-10-01 22:40:09,532 stage2 epoch 21600  loss 3.7906e-01  mse 3.7900e-01  pinn 5.6457e-01  (44466 s)
2026-10-01 22:43:50,965 stage2 epoch 21700  loss 4.3215e-01  mse 4.3210e-01  pinn 5.4184e-01  (44687 s)
2026-10-01 22:47:26,878 stage2 epoch 21800  loss 5.7712e-01  mse 5.7706e-01  pinn 5.2929e-01  (44903 s)
2026-10-01 22:50:59,189 stage2 epoch 21900  loss 3.3887e-01  mse 3.3881e-01  pinn 5.2102e-01  (45116 s)
2026-10-01 22:54:31,110 stage2 epoch 22000  loss 4.6584e-01  mse 4.6579e-01  pinn 5.2760e-01  (45328 s)
2026-10-01 22:57:59,456 stage2 epoch 22100  loss 3.4556e-01  mse 3.4550e-01  pinn 5.3756e-01  (45536 s)
2026-10-01 23:01:24,619 stage2 epoch 22200  loss 3.0028e-01  mse 3.0022e-01  pinn 5.5373e-01  (45741 s)
2026-10-01 23:04:44,357 stage2 epoch 22300  loss 2.7786e-01  mse 2.7780e-01  pinn 5.5626e-01  (45941 s)
2026-10-01 23:09:37,385 stage2 epoch 22400  loss 3.1748e-01  mse 3.1743e-01  pinn 5.3310e-01  (46234 s)
2026-10-01 23:13:09,110 stage2 epoch 22500  loss 3.3767e-01  mse 3.3762e-01  pinn 5.3940e-01  (46446 s)
2026-10-01 23:16:36,916 stage2 epoch 22600  loss 2.6315e-01  mse 2.6309e-01  pinn 5.3501e-01  (46653 s)
2026-10-01 23:20:31,773 stage2 epoch 22700  loss 2.6708e-01  mse 2.6702e-01  pinn 5.3808e-01  (46888 s)
2026-10-01 23:24:22,399 stage2 epoch 22800  loss 3.9173e-01  mse 3.9168e-01  pinn 5.3899e-01  (47119 s)
2026-10-01 23:28:00,700 stage2 epoch 22900  loss 3.0061e-01  mse 3.0056e-01  pinn 5.2210e-01  (47337 s)
2026-10-01 23:31:54,967 stage2 epoch 23000  loss 2.8944e-01  mse 2.8939e-01  pinn 5.2276e-01  (47571 s)
2026-10-01 23:35:26,936 stage2 epoch 23100  loss 3.4766e-01  mse 3.4760e-01  pinn 5.5215e-01  (47783 s)
2026-10-01 23:39:03,275 stage2 epoch 23200  loss 3.2136e-01  mse 3.2131e-01  pinn 5.2409e-01  (48000 s)
2026-10-01 23:42:43,484 stage2 epoch 23300  loss 6.3480e-01  mse 6.3475e-01  pinn 5.2549e-01  (48220 s)
2026-10-01 23:46:34,852 stage2 epoch 23400  loss 2.6370e-01  mse 2.6364e-01  pinn 5.1659e-01  (48451 s)
2026-10-01 23:50:16,358 stage2 epoch 23500  loss 3.8830e-01  mse 3.8825e-01  pinn 5.1554e-01  (48673 s)
2026-10-01 23:53:52,333 stage2 epoch 23600  loss 2.9718e-01  mse 2.9713e-01  pinn 5.0148e-01  (48889 s)
2026-10-01 23:58:29,381 stage2 epoch 23700  loss 3.4532e-01  mse 3.4527e-01  pinn 5.0951e-01  (49166 s)
2026-10-02 00:01:48,694 stage2 epoch 23800  loss 3.0616e-01  mse 3.0611e-01  pinn 5.1646e-01  (49365 s)
2026-10-02 00:05:52,451 stage2 epoch 23900  loss 5.9556e-01  mse 5.9551e-01  pinn 5.0775e-01  (49609 s)
2026-10-02 00:10:37,618 stage2 epoch 24000  loss 2.7630e-01  mse 2.7625e-01  pinn 4.8792e-01  (49894 s)
2026-10-02 00:14:30,907 stage2 epoch 24100  loss 1.1241e+00  mse 1.1240e+00  pinn 5.2820e-01  (50127 s)
2026-10-02 00:18:17,291 stage2 epoch 24200  loss 3.2815e-01  mse 3.2810e-01  pinn 5.0813e-01  (50354 s)
2026-10-02 00:22:03,723 stage2 epoch 24300  loss 2.7979e-01  mse 2.7974e-01  pinn 4.5573e-01  (50580 s)
2026-10-02 00:26:43,389 stage2 epoch 24400  loss 2.8790e-01  mse 2.8786e-01  pinn 4.7044e-01  (50860 s)
2026-10-02 00:30:27,736 stage2 epoch 24500  loss 3.5668e-01  mse 3.5663e-01  pinn 4.9294e-01  (51084 s)
2026-10-02 00:33:54,474 stage2 epoch 24600  loss 2.6441e-01  mse 2.6437e-01  pinn 4.8312e-01  (51291 s)
2026-10-02 00:37:16,463 stage2 epoch 24700  loss 2.8818e-01  mse 2.8813e-01  pinn 4.9754e-01  (51493 s)
2026-10-02 00:40:46,814 stage2 epoch 24800  loss 2.5773e-01  mse 2.5768e-01  pinn 4.9171e-01  (51703 s)
2026-10-02 00:43:59,584 stage2 epoch 24900  loss 2.8614e-01  mse 2.8609e-01  pinn 5.1487e-01  (51896 s)
2026-10-02 00:47:22,264 stage2 epoch 25000  loss 2.5778e-01  mse 2.5773e-01  pinn 5.0135e-01  (52099 s)
2026-10-02 00:47:22,282 stage 2 archive stage2_S2_seed0_epoch25000.pt  sha256 5aa1f8c05e6e7722dfcd37c7b534373b54b6fd09dab273daf92521d2957e4905
2026-10-02 00:51:12,564 stage2 epoch 25100  loss 8.1441e-01  mse 8.1434e-01  pinn 6.8388e-01  (52329 s)
2026-10-02 00:55:28,816 stage2 epoch 25200  loss 3.5986e-01  mse 3.5981e-01  pinn 5.2780e-01  (52585 s)
2026-10-02 00:59:50,396 stage2 epoch 25300  loss 2.7057e-01  mse 2.7053e-01  pinn 4.7320e-01  (52847 s)
2026-10-02 01:03:32,329 stage2 epoch 25400  loss 3.0947e-01  mse 3.0942e-01  pinn 4.8315e-01  (53069 s)
2026-10-02 01:07:38,498 stage2 epoch 25500  loss 2.6418e-01  mse 2.6413e-01  pinn 4.8186e-01  (53315 s)
2026-10-02 01:11:59,424 stage2 epoch 25600  loss 3.0676e-01  mse 3.0671e-01  pinn 4.8404e-01  (53576 s)
2026-10-02 01:15:20,275 stage2 epoch 25700  loss 2.9791e-01  mse 2.9786e-01  pinn 4.9813e-01  (53777 s)
2026-10-02 01:18:37,280 stage2 epoch 25800  loss 2.6286e-01  mse 2.6281e-01  pinn 5.0058e-01  (53974 s)
2026-10-02 01:21:50,433 stage2 epoch 25900  loss 2.6025e-01  mse 2.6020e-01  pinn 4.9869e-01  (54167 s)
2026-10-02 01:25:04,278 stage2 epoch 26000  loss 2.7600e-01  mse 2.7595e-01  pinn 5.0121e-01  (54361 s)
2026-10-02 01:28:36,189 stage2 epoch 26100  loss 2.6244e-01  mse 2.6239e-01  pinn 5.0655e-01  (54572 s)
2026-10-02 01:32:10,509 stage2 epoch 26200  loss 2.8446e-01  mse 2.8441e-01  pinn 5.3572e-01  (54787 s)
2026-10-02 01:35:40,822 stage2 epoch 26300  loss 3.2359e-01  mse 3.2354e-01  pinn 4.9102e-01  (54997 s)
2026-10-02 01:39:00,134 stage2 epoch 26400  loss 2.5451e-01  mse 2.5446e-01  pinn 4.9152e-01  (55196 s)
2026-10-02 01:42:25,715 stage2 epoch 26500  loss 2.5879e-01  mse 2.5874e-01  pinn 4.9246e-01  (55402 s)
2026-10-02 01:45:45,101 stage2 epoch 26600  loss 3.5354e-01  mse 3.5349e-01  pinn 4.9624e-01  (55601 s)
2026-10-02 01:49:08,663 stage2 epoch 26700  loss 2.6636e-01  mse 2.6631e-01  pinn 4.9358e-01  (55805 s)
2026-10-02 01:52:49,492 stage2 epoch 26800  loss 3.7050e-01  mse 3.7045e-01  pinn 4.8128e-01  (56026 s)
2026-10-02 01:56:08,821 stage2 epoch 26900  loss 3.0972e-01  mse 3.0967e-01  pinn 4.9278e-01  (56225 s)
2026-10-02 01:59:49,636 stage2 epoch 27000  loss 3.2057e-01  mse 3.2052e-01  pinn 4.8671e-01  (56446 s)
2026-10-02 02:03:18,087 stage2 epoch 27100  loss 2.4616e-01  mse 2.4611e-01  pinn 4.7707e-01  (56654 s)
2026-10-02 02:06:32,187 stage2 epoch 27200  loss 3.0620e-01  mse 3.0615e-01  pinn 4.8941e-01  (56848 s)
2026-10-02 02:10:04,110 stage2 epoch 27300  loss 7.0087e-01  mse 7.0083e-01  pinn 4.7890e-01  (57060 s)
2026-10-02 02:13:43,907 stage2 epoch 27400  loss 5.0350e-01  mse 5.0345e-01  pinn 4.8089e-01  (57280 s)
2026-10-02 02:17:09,316 stage2 epoch 27500  loss 3.3652e-01  mse 3.3646e-01  pinn 5.3728e-01  (57486 s)
2026-10-02 02:20:24,725 stage2 epoch 27600  loss 3.2946e-01  mse 3.2941e-01  pinn 4.6369e-01  (57681 s)
2026-10-02 02:23:54,422 stage2 epoch 27700  loss 2.7137e-01  mse 2.7132e-01  pinn 4.6598e-01  (57891 s)
2026-10-02 02:27:25,977 stage2 epoch 27800  loss 2.6136e-01  mse 2.6132e-01  pinn 4.7344e-01  (58102 s)
2026-10-02 02:30:44,063 stage2 epoch 27900  loss 2.9618e-01  mse 2.9613e-01  pinn 4.9255e-01  (58300 s)
2026-10-02 02:34:09,469 stage2 epoch 28000  loss 2.9404e-01  mse 2.9399e-01  pinn 4.6594e-01  (58506 s)
2026-10-02 02:37:20,186 stage2 epoch 28100  loss 2.3090e-01  mse 2.3086e-01  pinn 4.4993e-01  (58696 s)
2026-10-02 02:40:49,123 stage2 epoch 28200  loss 2.7940e-01  mse 2.7935e-01  pinn 4.5690e-01  (58905 s)
2026-10-02 02:44:14,823 stage2 epoch 28300  loss 4.3103e-01  mse 4.3098e-01  pinn 4.4521e-01  (59111 s)
2026-10-02 02:47:38,579 stage2 epoch 28400  loss 2.4871e-01  mse 2.4866e-01  pinn 5.1329e-01  (59315 s)
