2026-10-01 18:01:57,249 run start | results/experiments/biodiesel/author_repo_match/figures_paper_order/fig05/chemkan_noise15_seed0 | seed 0 | params 156
2026-10-01 18:01:57,578 epoch     1  train 2.5970e-01  val 2.3810e-01  (0 s)
2026-10-01 18:02:10,925 epoch   100  train 2.1964e-02  val 1.7447e-02  (14 s)
2026-10-01 18:02:22,347 epoch   200  train 1.3611e-02  val 9.0424e-03  (25 s)
2026-10-01 18:02:37,007 epoch   300  train 8.9579e-03  val 4.0154e-03  (40 s)
2026-10-01 18:02:51,336 epoch   400  train 7.5612e-03  val 2.5410e-03  (54 s)
2026-10-01 18:03:03,983 epoch   500  train 7.1401e-03  val 1.9983e-03  (67 s)
2026-10-01 18:03:16,820 epoch   600  train 6.8856e-03  val 1.7253e-03  (80 s)
2026-10-01 18:03:33,123 epoch   700  train 6.6786e-03  val 1.5245e-03  (96 s)
2026-10-01 18:03:45,825 epoch   800  train 6.5142e-03  val 1.3623e-03  (109 s)
2026-10-01 18:04:03,706 epoch   900  train 6.3932e-03  val 1.2323e-03  (126 s)
2026-10-01 18:04:17,107 epoch  1000  train 6.3077e-03  val 1.1298e-03  (140 s)
2026-10-01 18:04:32,213 epoch  1100  train 6.2466e-03  val 1.0456e-03  (155 s)
2026-10-01 18:04:45,901 epoch  1200  train 6.2010e-03  val 9.7617e-04  (169 s)
2026-10-01 18:05:00,278 epoch  1300  train 6.1649e-03  val 9.1562e-04  (183 s)
2026-10-01 18:05:14,575 epoch  1400  train 6.1339e-03  val 8.6044e-04  (197 s)
2026-10-01 18:05:28,762 epoch  1500  train 6.1063e-03  val 8.1110e-04  (212 s)
2026-10-01 18:05:43,639 epoch  1600  train 6.0806e-03  val 7.6470e-04  (226 s)
2026-10-01 18:05:57,215 epoch  1700  train 6.0560e-03  val 7.1889e-04  (240 s)
2026-10-01 18:06:12,001 epoch  1800  train 6.0327e-03  val 6.7462e-04  (255 s)
2026-10-01 18:06:25,909 epoch  1900  train 6.0116e-03  val 6.3424e-04  (269 s)
2026-10-01 18:06:39,722 epoch  2000  train 5.9930e-03  val 5.9948e-04  (282 s)
2026-10-01 18:06:54,597 epoch  2100  train 5.9768e-03  val 5.6936e-04  (297 s)
2026-10-01 18:07:11,427 epoch  2200  train 5.9619e-03  val 5.4176e-04  (314 s)
2026-10-01 18:07:25,898 epoch  2300  train 5.9488e-03  val 5.1656e-04  (329 s)
2026-10-01 18:07:40,595 epoch  2400  train 5.9355e-03  val 4.9480e-04  (343 s)
2026-10-01 18:07:57,386 epoch  2500  train 5.9237e-03  val 4.7503e-04  (360 s)
2026-10-01 18:08:13,286 epoch  2600  train 5.9296e-03  val 4.6148e-04  (376 s)
2026-10-01 18:08:27,749 epoch  2700  train 5.9017e-03  val 4.4242e-04  (390 s)
2026-10-01 18:08:41,489 epoch  2800  train 5.8918e-03  val 4.2905e-04  (404 s)
2026-10-01 18:08:55,764 epoch  2900  train 5.8878e-03  val 4.1012e-04  (419 s)
2026-10-01 18:09:11,082 epoch  3000  train 5.8735e-03  val 4.0949e-04  (434 s)
2026-10-01 18:09:27,222 epoch  3100  train 5.8664e-03  val 4.0256e-04  (450 s)
2026-10-01 18:09:43,626 epoch  3200  train 5.8580e-03  val 3.9541e-04  (466 s)
2026-10-01 18:10:00,555 epoch  3300  train 5.8523e-03  val 3.8802e-04  (483 s)
2026-10-01 18:10:17,466 epoch  3400  train 5.8456e-03  val 3.8459e-04  (500 s)
2026-10-01 18:10:36,335 epoch  3500  train 5.8414e-03  val 3.8193e-04  (519 s)
2026-10-01 18:10:51,903 epoch  3600  train 5.8353e-03  val 3.7605e-04  (535 s)
2026-10-01 18:11:10,839 epoch  3700  train 5.8324e-03  val 3.6968e-04  (554 s)
2026-10-01 18:11:26,375 epoch  3800  train 5.8266e-03  val 3.6945e-04  (569 s)
2026-10-01 18:12:03,191 epoch  3900  train 5.8227e-03  val 3.6083e-04  (606 s)
2026-10-01 18:12:28,019 epoch  4000  train 5.8191e-03  val 3.6072e-04  (631 s)
2026-10-01 18:12:45,319 epoch  4100  train 5.8150e-03  val 3.6246e-04  (648 s)
2026-10-01 18:13:07,941 epoch  4200  train 5.8153e-03  val 3.4653e-04  (671 s)
2026-10-01 18:13:25,273 epoch  4300  train 5.8088e-03  val 3.5932e-04  (688 s)
2026-10-01 18:13:40,732 epoch  4400  train 5.8288e-03  val 3.5830e-04  (703 s)
2026-10-01 18:13:58,933 epoch  4500  train 5.8072e-03  val 3.8351e-04  (722 s)
2026-10-01 18:14:17,179 epoch  4600  train 5.8001e-03  val 3.5546e-04  (740 s)
2026-10-01 18:14:38,946 epoch  4700  train 5.7972e-03  val 3.5855e-04  (762 s)
2026-10-01 18:15:06,884 epoch  4800  train 5.7969e-03  val 3.6736e-04  (790 s)
2026-10-01 18:15:23,764 epoch  4900  train 5.7925e-03  val 3.5751e-04  (807 s)
2026-10-01 18:15:38,999 epoch  5000  train 5.7914e-03  val 3.4845e-04  (822 s)
2026-10-01 18:15:56,225 epoch  5100  train 5.7882e-03  val 3.5791e-04  (839 s)
2026-10-01 18:16:12,757 epoch  5200  train 5.7898e-03  val 3.4722e-04  (856 s)
2026-10-01 18:16:30,787 epoch  5300  train 5.8292e-03  val 4.8588e-04  (874 s)
2026-10-01 18:16:48,012 epoch  5400  train 5.7826e-03  val 3.6272e-04  (891 s)
2026-10-01 18:17:03,888 epoch  5500  train 5.7863e-03  val 3.9562e-04  (907 s)
2026-10-01 18:17:18,270 epoch  5600  train 5.7999e-03  val 3.6053e-04  (921 s)
2026-10-01 18:17:32,123 epoch  5700  train 5.7780e-03  val 3.5941e-04  (935 s)
2026-10-01 18:17:45,720 epoch  5800  train 5.7765e-03  val 3.6086e-04  (948 s)
2026-10-01 18:17:58,954 epoch  5900  train 5.7754e-03  val 3.6609e-04  (962 s)
2026-10-01 18:18:12,221 epoch  6000  train 5.7736e-03  val 3.7165e-04  (975 s)
2026-10-01 18:18:26,455 epoch  6100  train 5.7725e-03  val 3.7104e-04  (989 s)
2026-10-01 18:18:39,918 epoch  6200  train 5.7718e-03  val 3.8042e-04  (1003 s)
2026-10-01 18:18:53,479 epoch  6300  train 5.7700e-03  val 3.7627e-04  (1016 s)
2026-10-01 18:19:06,906 epoch  6400  train 5.7696e-03  val 3.8777e-04  (1030 s)
2026-10-01 18:19:20,409 epoch  6500  train 5.7685e-03  val 3.8460e-04  (1043 s)
2026-10-01 18:19:34,524 epoch  6600  train 5.7822e-03  val 4.5200e-04  (1057 s)
2026-10-01 18:19:47,929 epoch  6700  train 5.7661e-03  val 3.7767e-04  (1071 s)
2026-10-01 18:20:01,179 epoch  6800  train 5.7647e-03  val 3.8252e-04  (1084 s)
2026-10-01 18:20:14,957 epoch  6900  train 5.7639e-03  val 3.8720e-04  (1098 s)
2026-10-01 18:20:28,434 epoch  7000  train 5.7634e-03  val 3.8800e-04  (1111 s)
2026-10-01 18:20:43,008 epoch  7100  train 5.7743e-03  val 4.2976e-04  (1126 s)
2026-10-01 18:20:56,909 epoch  7200  train 5.7609e-03  val 3.8465e-04  (1140 s)
2026-10-01 18:21:14,512 epoch  7300  train 5.7602e-03  val 3.8697e-04  (1157 s)
2026-10-01 18:21:29,571 epoch  7400  train 5.7590e-03  val 3.8705e-04  (1172 s)
2026-10-01 18:21:45,333 epoch  7500  train 5.7579e-03  val 3.9043e-04  (1188 s)
2026-10-01 18:21:59,967 epoch  7600  train 5.7570e-03  val 3.9351e-04  (1203 s)
2026-10-01 18:22:19,328 epoch  7700  train 5.7562e-03  val 3.9256e-04  (1222 s)
2026-10-01 18:22:34,145 epoch  7800  train 5.7550e-03  val 3.9488e-04  (1237 s)
2026-10-01 18:22:51,505 epoch  7900  train 5.7543e-03  val 3.9053e-04  (1254 s)
2026-10-01 18:23:11,582 epoch  8000  train 5.7536e-03  val 3.8603e-04  (1274 s)
2026-10-01 18:23:29,377 epoch  8100  train 5.7533e-03  val 3.8100e-04  (1292 s)
2026-10-01 18:23:51,979 epoch  8200  train 5.7538e-03  val 3.7030e-04  (1315 s)
2026-10-01 18:24:08,919 epoch  8300  train 5.7504e-03  val 3.9253e-04  (1332 s)
2026-10-01 18:24:26,463 epoch  8400  train 5.7497e-03  val 3.9612e-04  (1349 s)
2026-10-01 18:24:43,639 epoch  8500  train 5.7510e-03  val 3.8507e-04  (1366 s)
2026-10-01 18:24:58,910 epoch  8600  train 5.7497e-03  val 4.1966e-04  (1382 s)
2026-10-01 18:25:18,183 epoch  8700  train 5.7519e-03  val 4.0590e-04  (1401 s)
2026-10-01 18:25:34,056 epoch  8800  train 5.7568e-03  val 3.6119e-04  (1417 s)
2026-10-01 18:25:49,356 epoch  8900  train 5.7443e-03  val 3.9957e-04  (1432 s)
2026-10-01 18:26:05,814 epoch  9000  train 5.7439e-03  val 3.9636e-04  (1449 s)
2026-10-01 18:26:19,454 epoch  9100  train 5.7434e-03  val 4.0088e-04  (1462 s)
2026-10-01 18:26:33,344 epoch  9200  train 5.7419e-03  val 3.9089e-04  (1476 s)
2026-10-01 18:26:46,629 epoch  9300  train 5.7456e-03  val 4.1151e-04  (1489 s)
2026-10-01 18:27:00,408 epoch  9400  train 5.7414e-03  val 3.7887e-04  (1503 s)
2026-10-01 18:27:15,612 epoch  9500  train 5.7388e-03  val 3.9600e-04  (1518 s)
2026-10-01 18:27:32,893 epoch  9600  train 5.7377e-03  val 4.0616e-04  (1536 s)
2026-10-01 18:27:51,954 epoch  9700  train 5.7367e-03  val 3.9322e-04  (1555 s)
2026-10-01 18:28:06,753 epoch  9800  train 5.7423e-03  val 3.9718e-04  (1569 s)
2026-10-01 18:28:22,235 epoch  9900  train 5.7379e-03  val 4.2167e-04  (1585 s)
2026-10-01 18:28:37,852 epoch 10000  train 5.7341e-03  val 4.0530e-04  (1601 s)
2026-10-01 18:28:40,468 completed | 10000 epochs | 1600.6 s | train 5.7341e-03 val 4.0530e-04
