2026-10-02 10:20:57,929 stage1 epoch 1  loss 6.8685e+00  mse 6.8685e+00  pinn 4.7330e-02  (1 s)
2026-10-02 10:22:00,016 stage1 epoch 100  loss 5.2919e+00  mse 5.2916e+00  pinn 2.8164e+00  (63 s)
2026-10-02 10:23:59,821 stage1 epoch 200  loss 1.7254e+00  mse 1.7252e+00  pinn 1.7615e+00  (183 s)
2026-10-02 10:27:51,034 stage1 epoch 300  loss 1.0769e+00  mse 1.0768e+00  pinn 1.0551e+00  (414 s)
2026-10-02 10:32:16,822 stage1 epoch 400  loss 8.9586e-01  mse 8.9576e-01  pinn 1.0073e+00  (680 s)
2026-10-02 10:37:06,754 stage1 epoch 500  loss 7.7901e-01  mse 7.7891e-01  pinn 1.0687e+00  (970 s)
2026-10-02 10:42:14,978 stage1 epoch 600  loss 6.9434e-01  mse 6.9423e-01  pinn 1.0527e+00  (1278 s)
2026-10-02 10:47:37,432 stage1 epoch 700  loss 6.2200e-01  mse 6.2190e-01  pinn 1.0005e+00  (1601 s)
2026-10-02 10:53:21,596 stage1 epoch 800  loss 5.5883e-01  mse 5.5874e-01  pinn 9.4950e-01  (1945 s)
2026-10-02 10:59:27,346 stage1 epoch 900  loss 5.5666e-01  mse 5.5658e-01  pinn 7.8408e-01  (2311 s)
2026-10-02 11:05:40,156 stage1 epoch 1000  loss 4.8179e-01  mse 4.8172e-01  pinn 7.7595e-01  (2683 s)
2026-10-02 11:11:54,571 stage1 epoch 1100  loss 4.5661e-01  mse 4.5654e-01  pinn 7.2160e-01  (3058 s)
2026-10-02 11:18:18,360 stage1 epoch 1200  loss 4.3529e-01  mse 4.3522e-01  pinn 6.7874e-01  (3442 s)
2026-10-02 11:24:49,041 stage1 epoch 1300  loss 4.1582e-01  mse 4.1575e-01  pinn 6.5056e-01  (3832 s)
2026-10-02 11:31:40,983 stage1 epoch 1400  loss 4.5337e-01  mse 4.5331e-01  pinn 5.9294e-01  (4244 s)
2026-10-02 11:38:35,119 stage1 epoch 1500  loss 4.1259e-01  mse 4.1252e-01  pinn 6.6362e-01  (4658 s)
2026-10-02 11:45:32,307 stage1 epoch 1600  loss 3.7678e-01  mse 3.7672e-01  pinn 5.8710e-01  (5076 s)
2026-10-02 11:52:31,655 stage1 epoch 1700  loss 3.5703e-01  mse 3.5697e-01  pinn 5.7023e-01  (5495 s)
2026-10-02 11:59:35,562 stage1 epoch 1800  loss 3.5167e-01  mse 3.5162e-01  pinn 5.4564e-01  (5919 s)
2026-10-02 12:06:37,624 stage1 epoch 1900  loss 3.5968e-01  mse 3.5962e-01  pinn 5.7279e-01  (6341 s)
2026-10-02 12:13:42,956 stage1 epoch 2000  loss 3.1925e-01  mse 3.1920e-01  pinn 5.2303e-01  (6766 s)
2026-10-02 12:20:57,655 stage1 epoch 2100  loss 3.1825e-01  mse 3.1819e-01  pinn 5.3149e-01  (7201 s)
2026-10-02 12:28:15,350 stage1 epoch 2200  loss 3.0600e-01  mse 3.0595e-01  pinn 5.1184e-01  (7639 s)
2026-10-02 12:35:34,696 stage1 epoch 2300  loss 2.9157e-01  mse 2.9152e-01  pinn 5.0848e-01  (8078 s)
2026-10-02 12:43:06,620 stage1 epoch 2400  loss 2.8079e-01  mse 2.8074e-01  pinn 4.9418e-01  (8530 s)
2026-10-02 12:50:48,953 stage1 epoch 2500  loss 4.0667e-01  mse 4.0662e-01  pinn 4.9184e-01  (8992 s)
2026-10-02 12:58:39,083 stage1 epoch 2600  loss 3.1505e-01  mse 3.1500e-01  pinn 4.4609e-01  (9462 s)
2026-10-02 13:06:26,871 stage1 epoch 2700  loss 2.6092e-01  mse 2.6087e-01  pinn 4.7730e-01  (9930 s)
2026-10-02 13:14:19,763 stage1 epoch 2800  loss 2.5328e-01  mse 2.5323e-01  pinn 4.7298e-01  (10403 s)
2026-10-02 13:22:22,339 stage1 epoch 2900  loss 2.4705e-01  mse 2.4700e-01  pinn 4.6104e-01  (10886 s)
2026-10-02 13:30:37,404 stage1 epoch 3000  loss 3.1121e-01  mse 3.1116e-01  pinn 4.9348e-01  (11381 s)
2026-10-02 13:38:45,459 stage1 epoch 3100  loss 2.4345e-01  mse 2.4340e-01  pinn 4.8077e-01  (11869 s)
2026-10-02 13:46:47,774 stage1 epoch 3200  loss 2.3374e-01  mse 2.3369e-01  pinn 4.8157e-01  (12351 s)
2026-10-02 13:55:00,559 stage1 epoch 3300  loss 2.2779e-01  mse 2.2774e-01  pinn 4.6906e-01  (12844 s)
2026-10-02 14:03:22,118 stage1 epoch 3400  loss 2.2246e-01  mse 2.2241e-01  pinn 4.6162e-01  (13345 s)
2026-10-02 14:11:50,884 stage1 epoch 3500  loss 2.1950e-01  mse 2.1946e-01  pinn 4.4672e-01  (13854 s)
2026-10-02 14:20:28,435 stage1 epoch 3600  loss 2.1352e-01  mse 2.1347e-01  pinn 4.6198e-01  (14372 s)
2026-10-02 14:29:12,853 stage1 epoch 3700  loss 2.0881e-01  mse 2.0876e-01  pinn 4.7000e-01  (14896 s)
2026-10-02 14:37:58,087 stage1 epoch 3800  loss 2.0505e-01  mse 2.0500e-01  pinn 4.8075e-01  (15421 s)
2026-10-02 14:46:53,008 stage1 epoch 3900  loss 2.0575e-01  mse 2.0571e-01  pinn 4.5488e-01  (15956 s)
2026-10-02 14:55:59,248 stage1 epoch 4000  loss 3.0664e-01  mse 3.0655e-01  pinn 8.9974e-01  (16503 s)
2026-10-02 15:04:55,942 stage1 epoch 4100  loss 2.0300e-01  mse 2.0295e-01  pinn 5.3705e-01  (17039 s)
2026-10-02 15:13:47,364 stage1 epoch 4200  loss 1.9708e-01  mse 1.9703e-01  pinn 4.9554e-01  (17571 s)
2026-10-02 15:22:42,725 stage1 epoch 4300  loss 1.9368e-01  mse 1.9363e-01  pinn 4.8021e-01  (18106 s)
2026-10-02 15:31:47,195 stage1 epoch 4400  loss 1.9082e-01  mse 1.9078e-01  pinn 4.7609e-01  (18651 s)
2026-10-02 15:40:51,777 stage1 epoch 4500  loss 1.8816e-01  mse 1.8811e-01  pinn 4.7596e-01  (19195 s)
2026-10-02 15:50:04,320 stage1 epoch 4600  loss 1.8558e-01  mse 1.8553e-01  pinn 4.7705e-01  (19748 s)
2026-10-02 15:59:19,656 stage1 epoch 4700  loss 1.8307e-01  mse 1.8302e-01  pinn 4.7991e-01  (20303 s)
2026-10-02 16:08:38,477 stage1 epoch 4800  loss 1.8075e-01  mse 1.8070e-01  pinn 4.7639e-01  (20862 s)
2026-10-02 16:18:06,040 stage1 epoch 4900  loss 1.7950e-01  mse 1.7945e-01  pinn 4.6939e-01  (21429 s)
2026-10-02 16:27:36,132 stage1 epoch 5000  loss 1.7865e-01  mse 1.7860e-01  pinn 4.9403e-01  (21999 s)
2026-10-02 16:27:36,140 stage 1 archive stage1_S1_seed0_epoch5000.pt  sha256 6428f31e859a9066b70e539bef70695dc1a8b983ad34902fe5a5942d01fb5bbe
2026-10-02 16:37:22,121 stage1 epoch 5100  loss 4.2569e-01  mse 4.2564e-01  pinn 4.7617e-01  (22585 s)
2026-10-02 16:46:58,571 stage1 epoch 5200  loss 1.7974e-01  mse 1.7969e-01  pinn 5.3647e-01  (23162 s)
2026-10-02 16:56:26,307 stage1 epoch 5300  loss 1.7471e-01  mse 1.7467e-01  pinn 4.8334e-01  (23730 s)
2026-10-02 17:05:57,044 stage1 epoch 5400  loss 1.7207e-01  mse 1.7202e-01  pinn 4.6774e-01  (24300 s)
2026-10-02 17:15:31,354 stage1 epoch 5500  loss 1.6995e-01  mse 1.6990e-01  pinn 4.6532e-01  (24875 s)
2026-10-02 17:25:10,422 stage1 epoch 5600  loss 1.6800e-01  mse 1.6795e-01  pinn 4.6629e-01  (25454 s)
2026-10-02 17:34:49,999 stage1 epoch 5700  loss 1.6610e-01  mse 1.6606e-01  pinn 4.6766e-01  (26033 s)
2026-10-02 17:44:35,110 stage1 epoch 5800  loss 1.6534e-01  mse 1.6529e-01  pinn 4.7406e-01  (26618 s)
2026-10-02 17:54:21,920 stage1 epoch 5900  loss 1.6340e-01  mse 1.6335e-01  pinn 4.7607e-01  (27205 s)
2026-10-02 18:04:40,702 stage1 epoch 6000  loss 2.0278e-01  mse 2.0271e-01  pinn 7.2954e-01  (27824 s)
2026-10-02 18:14:33,918 stage1 epoch 6100  loss 1.6820e-01  mse 1.6815e-01  pinn 5.5069e-01  (28417 s)
2026-10-02 18:24:24,468 stage1 epoch 6200  loss 1.6354e-01  mse 1.6349e-01  pinn 4.8244e-01  (29008 s)
2026-10-02 18:34:15,991 stage1 epoch 6300  loss 1.6097e-01  mse 1.6092e-01  pinn 4.6519e-01  (29599 s)
2026-10-02 18:44:07,183 stage1 epoch 6400  loss 1.5898e-01  mse 1.5893e-01  pinn 4.6249e-01  (30191 s)
2026-10-02 18:53:58,880 stage1 epoch 6500  loss 1.5814e-01  mse 1.5809e-01  pinn 4.6038e-01  (30782 s)
2026-10-02 19:03:58,740 stage1 epoch 6600  loss 1.5712e-01  mse 1.5707e-01  pinn 4.6127e-01  (31382 s)
2026-10-02 19:14:02,737 stage1 epoch 6700  loss 1.5602e-01  mse 1.5597e-01  pinn 4.6231e-01  (31986 s)
2026-10-02 19:24:14,036 stage1 epoch 6800  loss 1.5491e-01  mse 1.5486e-01  pinn 4.6304e-01  (32597 s)
2026-10-02 19:34:31,223 stage1 epoch 6900  loss 1.5376e-01  mse 1.5371e-01  pinn 4.6351e-01  (33215 s)
2026-10-02 19:44:48,905 stage1 epoch 7000  loss 1.5260e-01  mse 1.5256e-01  pinn 4.6389e-01  (33832 s)
2026-10-02 19:55:07,169 stage1 epoch 7100  loss 1.5143e-01  mse 1.5139e-01  pinn 4.6427e-01  (34451 s)
2026-10-02 20:05:28,958 stage1 epoch 7200  loss 1.5046e-01  mse 1.5042e-01  pinn 4.6428e-01  (35072 s)
2026-10-02 20:15:58,791 stage1 epoch 7300  loss 1.4920e-01  mse 1.4915e-01  pinn 4.6491e-01  (35702 s)
2026-10-02 20:26:33,888 stage1 epoch 7400  loss 1.4814e-01  mse 1.4810e-01  pinn 4.6513e-01  (36337 s)
2026-10-02 20:37:13,090 stage1 epoch 7500  loss 1.4688e-01  mse 1.4684e-01  pinn 4.6585e-01  (36976 s)
2026-10-02 20:47:53,848 stage1 epoch 7600  loss 1.4589e-01  mse 1.4584e-01  pinn 4.6632e-01  (37617 s)
2026-10-02 20:58:44,868 stage1 epoch 7700  loss 5.9173e-01  mse 5.9155e-01  pinn 1.8204e+00  (38268 s)
2026-10-02 21:09:41,740 stage1 epoch 7800  loss 1.8336e-01  mse 1.8330e-01  pinn 6.3543e-01  (38925 s)
2026-10-02 21:20:44,448 stage1 epoch 7900  loss 1.6869e-01  mse 1.6863e-01  pinn 5.9535e-01  (39588 s)
2026-10-02 21:31:21,937 stage1 epoch 8000  loss 1.4596e-01  mse 1.4591e-01  pinn 5.1842e-01  (40225 s)
2026-10-02 21:41:57,440 stage1 epoch 8100  loss 1.4256e-01  mse 1.4251e-01  pinn 4.9812e-01  (40861 s)
2026-10-02 21:52:36,026 stage1 epoch 8200  loss 1.4064e-01  mse 1.4060e-01  pinn 4.9113e-01  (41499 s)
2026-10-02 22:03:19,450 stage1 epoch 8300  loss 1.3956e-01  mse 1.3951e-01  pinn 4.8942e-01  (42143 s)
2026-10-02 22:14:07,284 stage1 epoch 8400  loss 1.3893e-01  mse 1.3888e-01  pinn 4.8964e-01  (42791 s)
2026-10-02 22:24:58,898 stage1 epoch 8500  loss 1.3820e-01  mse 1.3815e-01  pinn 4.8956e-01  (43442 s)
2026-10-02 22:35:58,463 stage1 epoch 8600  loss 1.3743e-01  mse 1.3738e-01  pinn 4.8928e-01  (44102 s)
2026-10-02 22:47:00,363 stage1 epoch 8700  loss 1.3668e-01  mse 1.3663e-01  pinn 4.8915e-01  (44764 s)
2026-10-02 22:58:06,011 stage1 epoch 8800  loss 1.3591e-01  mse 1.3586e-01  pinn 4.8921e-01  (45429 s)
2026-10-02 23:10:40,094 stage1 epoch 8900  loss 1.3514e-01  mse 1.3509e-01  pinn 4.8958e-01  (46183 s)
2026-10-02 23:25:00,695 stage1 epoch 9000  loss 1.3324e-01  mse 1.3319e-01  pinn 4.8577e-01  (47044 s)
2026-10-02 23:40:05,918 stage1 epoch 9100  loss 1.4809e-01  mse 1.4803e-01  pinn 5.5232e-01  (47949 s)
2026-10-02 23:54:11,572 stage1 epoch 9200  loss 1.3593e-01  mse 1.3588e-01  pinn 4.9704e-01  (48795 s)
2026-10-03 00:07:55,905 stage1 epoch 9300  loss 1.3389e-01  mse 1.3384e-01  pinn 4.8533e-01  (49619 s)
2026-10-03 00:22:37,305 stage1 epoch 9400  loss 1.8333e-01  mse 1.8326e-01  pinn 7.1297e-01  (50501 s)
2026-10-03 00:36:37,124 stage1 epoch 9500  loss 1.3978e-01  mse 1.3973e-01  pinn 5.2544e-01  (51340 s)
2026-10-03 00:50:28,085 stage1 epoch 9600  loss 1.3522e-01  mse 1.3517e-01  pinn 4.9793e-01  (52171 s)
2026-10-03 01:04:19,405 stage1 epoch 9700  loss 1.3296e-01  mse 1.3291e-01  pinn 4.9450e-01  (53003 s)
2026-10-03 01:18:11,326 stage1 epoch 9800  loss 1.3259e-01  mse 1.3254e-01  pinn 4.9256e-01  (53835 s)
2026-10-03 01:32:04,471 stage1 epoch 9900  loss 1.3257e-01  mse 1.3252e-01  pinn 4.9445e-01  (54668 s)
2026-10-03 01:46:22,087 stage1 epoch 10000  loss 4.3160e-01  mse 4.3154e-01  pinn 5.9280e-01  (55525 s)
2026-10-03 01:46:22,116 stage 1 archive stage1_S1_seed0_epoch10000.pt  sha256 fc2a87e258b15a6c623371cd69529b906cb58547a4a9a39558782b22aadd06f0
2026-10-03 02:00:25,841 stage1 epoch 10100  loss 1.3556e-01  mse 1.3551e-01  pinn 5.1877e-01  (56369 s)
2026-10-03 02:14:09,691 stage1 epoch 10200  loss 1.3119e-01  mse 1.3114e-01  pinn 4.9952e-01  (57193 s)
2026-10-03 02:28:03,810 stage1 epoch 10300  loss 1.3010e-01  mse 1.3005e-01  pinn 4.9667e-01  (58027 s)
2026-10-03 02:42:02,318 stage1 epoch 10400  loss 1.3035e-01  mse 1.3030e-01  pinn 4.9351e-01  (58866 s)
2026-10-03 02:56:05,956 stage1 epoch 10500  loss 1.3090e-01  mse 1.3085e-01  pinn 4.8320e-01  (59709 s)
2026-10-03 03:10:58,078 stage1 epoch 10600  loss 2.1347e-01  mse 2.1338e-01  pinn 8.6455e-01  (60601 s)
2026-10-03 03:25:09,184 stage1 epoch 10700  loss 1.5154e-01  mse 1.5147e-01  pinn 7.1547e-01  (61453 s)
2026-10-03 03:39:17,756 stage1 epoch 10800  loss 1.4489e-01  mse 1.4482e-01  pinn 6.8281e-01  (62301 s)
2026-10-03 03:53:27,299 stage1 epoch 10900  loss 1.4161e-01  mse 1.4154e-01  pinn 6.7220e-01  (63151 s)
2026-10-03 04:07:41,211 stage1 epoch 11000  loss 1.3970e-01  mse 1.3963e-01  pinn 6.6602e-01  (64005 s)
2026-10-03 04:22:19,152 stage1 epoch 11100  loss 1.5810e-01  mse 1.5803e-01  pinn 7.1281e-01  (64882 s)
2026-10-03 04:35:43,550 stage1 epoch 11200  loss 1.3727e-01  mse 1.3720e-01  pinn 6.4724e-01  (65687 s)
2026-10-03 04:47:44,269 stage1 epoch 11300  loss 1.6889e-01  mse 1.6881e-01  pinn 7.9869e-01  (66408 s)
2026-10-03 04:59:44,617 stage1 epoch 11400  loss 1.4936e-01  mse 1.4929e-01  pinn 7.2422e-01  (67128 s)
2026-10-03 05:11:28,240 stage1 epoch 11500  loss 1.3425e-01  mse 1.3418e-01  pinn 6.4666e-01  (67832 s)
2026-10-03 05:23:19,524 stage1 epoch 11600  loss 1.3270e-01  mse 1.3264e-01  pinn 6.1710e-01  (68543 s)
2026-10-03 05:35:11,836 stage1 epoch 11700  loss 1.3257e-01  mse 1.3251e-01  pinn 6.0310e-01  (69255 s)
2026-10-03 05:47:11,907 stage1 epoch 11800  loss 6.5472e-01  mse 6.5462e-01  pinn 9.3443e-01  (69975 s)
2026-10-03 06:00:01,821 stage1 epoch 11900  loss 1.4905e-01  mse 1.4898e-01  pinn 6.9834e-01  (70745 s)
2026-10-03 06:12:19,495 stage1 epoch 12000  loss 1.4324e-01  mse 1.4318e-01  pinn 5.9739e-01  (71483 s)
2026-10-03 06:24:34,448 stage1 epoch 12100  loss 3.2345e-01  mse 3.2337e-01  pinn 8.2578e-01  (72218 s)
2026-10-03 06:36:41,091 stage1 epoch 12200  loss 1.3514e-01  mse 1.3508e-01  pinn 6.1909e-01  (72944 s)
2026-10-03 06:48:36,329 stage1 epoch 12300  loss 1.3139e-01  mse 1.3133e-01  pinn 6.0063e-01  (73660 s)
2026-10-03 07:00:36,514 stage1 epoch 12400  loss 1.2952e-01  mse 1.2946e-01  pinn 5.9387e-01  (74380 s)
2026-10-03 07:12:39,221 stage1 epoch 12500  loss 1.2877e-01  mse 1.2871e-01  pinn 5.9325e-01  (75103 s)
2026-10-03 07:24:48,762 stage1 epoch 12600  loss 1.2806e-01  mse 1.2800e-01  pinn 5.9119e-01  (75832 s)
2026-10-03 07:37:00,512 stage1 epoch 12700  loss 1.2735e-01  mse 1.2729e-01  pinn 5.8798e-01  (76564 s)
2026-10-03 07:49:23,153 stage1 epoch 12800  loss 1.8478e-01  mse 1.8471e-01  pinn 7.4564e-01  (77306 s)
2026-10-03 08:02:02,580 stage1 epoch 12900  loss 1.4936e-01  mse 1.4930e-01  pinn 6.2283e-01  (78066 s)
2026-10-03 08:14:12,245 stage1 epoch 13000  loss 1.2670e-01  mse 1.2664e-01  pinn 5.8309e-01  (78796 s)
2026-10-03 08:26:28,345 stage1 epoch 13100  loss 1.2523e-01  mse 1.2517e-01  pinn 5.7081e-01  (79532 s)
2026-10-03 08:38:51,541 stage1 epoch 13200  loss 1.2560e-01  mse 1.2555e-01  pinn 5.6419e-01  (80275 s)
2026-10-03 08:51:20,692 stage1 epoch 13300  loss 1.2544e-01  mse 1.2538e-01  pinn 5.5947e-01  (81024 s)
2026-10-03 09:03:55,238 stage1 epoch 13400  loss 1.2513e-01  mse 1.2508e-01  pinn 5.5505e-01  (81779 s)
2026-10-03 09:16:34,012 stage1 epoch 13500  loss 1.2477e-01  mse 1.2472e-01  pinn 5.5096e-01  (82537 s)
2026-10-03 09:29:17,988 stage1 epoch 13600  loss 1.2411e-01  mse 1.2406e-01  pinn 5.4796e-01  (83301 s)
2026-10-03 09:42:01,969 stage1 epoch 13700  loss 1.2380e-01  mse 1.2375e-01  pinn 5.4424e-01  (84065 s)
2026-10-03 09:54:46,543 stage1 epoch 13800  loss 1.2328e-01  mse 1.2323e-01  pinn 5.4145e-01  (84830 s)
2026-10-03 10:07:36,893 stage1 epoch 13900  loss 1.2266e-01  mse 1.2260e-01  pinn 5.3922e-01  (85600 s)
2026-10-03 10:20:32,132 stage1 epoch 14000  loss 1.2175e-01  mse 1.2170e-01  pinn 5.3806e-01  (86375 s)
2026-10-03 10:33:32,375 stage1 epoch 14100  loss 1.2128e-01  mse 1.2123e-01  pinn 5.3580e-01  (87156 s)
2026-10-03 10:46:29,118 stage1 epoch 14200  loss 1.2084e-01  mse 1.2079e-01  pinn 5.3372e-01  (87932 s)
2026-10-03 10:59:45,692 stage1 epoch 14300  loss 1.2032e-01  mse 1.2026e-01  pinn 5.3211e-01  (88729 s)
2026-10-03 11:12:49,365 stage1 epoch 14400  loss 1.1973e-01  mse 1.1968e-01  pinn 5.3098e-01  (89513 s)
2026-10-03 11:25:57,044 stage1 epoch 14500  loss 1.1923e-01  mse 1.1918e-01  pinn 5.2985e-01  (90300 s)
2026-10-03 11:39:11,599 stage1 epoch 14600  loss 1.1864e-01  mse 1.1858e-01  pinn 5.2921e-01  (91095 s)
2026-10-03 11:52:21,291 stage1 epoch 14700  loss 1.1632e-01  mse 1.1627e-01  pinn 5.3502e-01  (91885 s)
2026-10-03 12:06:45,795 stage1 epoch 14800  loss 1.3523e-01  mse 1.3516e-01  pinn 7.2927e-01  (92749 s)
2026-10-03 12:20:07,227 stage1 epoch 14900  loss 1.1689e-01  mse 1.1683e-01  pinn 5.5586e-01  (93551 s)
2026-10-03 12:33:24,806 stage1 epoch 15000  loss 1.1479e-01  mse 1.1474e-01  pinn 5.4671e-01  (94348 s)
2026-10-03 12:33:24,822 stage 1 archive stage1_S1_seed0_epoch15000.pt  sha256 55e0285c7386a470b580d930ad447723917fc77d147a7bfdad0ee9d57c3154b5
2026-10-03 12:46:50,469 stage1 epoch 15100  loss 1.1491e-01  mse 1.1486e-01  pinn 5.5335e-01  (95154 s)
2026-10-03 13:00:17,630 stage1 epoch 15200  loss 1.1445e-01  mse 1.1440e-01  pinn 5.5273e-01  (95961 s)
2026-10-03 13:13:51,654 stage1 epoch 15300  loss 1.1397e-01  mse 1.1391e-01  pinn 5.5227e-01  (96775 s)
2026-10-03 13:27:24,948 stage1 epoch 15400  loss 1.1362e-01  mse 1.1357e-01  pinn 5.5191e-01  (97588 s)
2026-10-03 13:41:23,665 stage1 epoch 15500  loss 1.7242e-01  mse 1.7232e-01  pinn 1.0192e+00  (98427 s)
2026-10-03 13:54:52,006 stage1 epoch 15600  loss 1.1286e-01  mse 1.1281e-01  pinn 5.5906e-01  (99235 s)
2026-10-03 14:08:49,093 stage1 epoch 15700  loss 2.2965e-01  mse 2.2955e-01  pinn 9.6641e-01  (100072 s)
2026-10-03 14:22:48,112 stage1 epoch 15800  loss 3.3516e-01  mse 3.3509e-01  pinn 6.5698e-01  (100911 s)
2026-10-03 14:36:29,066 stage1 epoch 15900  loss 1.1560e-01  mse 1.1553e-01  pinn 6.2134e-01  (101732 s)
2026-10-03 14:49:57,353 stage1 epoch 16000  loss 1.1269e-01  mse 1.1263e-01  pinn 5.6651e-01  (102541 s)
2026-10-03 15:03:42,565 stage1 epoch 16100  loss 1.1649e-01  mse 1.1644e-01  pinn 5.5173e-01  (103366 s)
2026-10-04 09:19:18,577 stage 1 resumed at epoch 16000
2026-10-04 09:19:27,645 stage1 epoch 16001  loss 1.1267e-01  mse 1.1262e-01  pinn 5.6641e-01  (102550 s)
2026-10-04 09:32:36,696 stage1 epoch 16100  loss 1.1649e-01  mse 1.1644e-01  pinn 5.5173e-01  (103339 s)
2026-10-04 09:46:05,294 stage1 epoch 16200  loss 2.0276e-01  mse 2.0271e-01  pinn 5.4980e-01  (104147 s)
2026-10-04 09:59:40,678 stage1 epoch 16300  loss 1.1352e-01  mse 1.1346e-01  pinn 5.5940e-01  (104963 s)
2026-10-04 10:13:09,524 stage1 epoch 16400  loss 1.1189e-01  mse 1.1184e-01  pinn 5.5160e-01  (105771 s)
2026-10-04 10:26:29,869 stage1 epoch 16500  loss 1.1046e-01  mse 1.1041e-01  pinn 5.4742e-01  (106572 s)
2026-10-04 10:39:56,980 stage1 epoch 16600  loss 1.1034e-01  mse 1.1029e-01  pinn 5.4827e-01  (107379 s)
2026-10-04 10:53:27,005 stage1 epoch 16700  loss 1.1037e-01  mse 1.1031e-01  pinn 5.5060e-01  (108189 s)
2026-10-04 11:07:07,797 stage1 epoch 16800  loss 1.1004e-01  mse 1.0999e-01  pinn 5.5073e-01  (109010 s)
2026-10-04 11:20:44,295 stage1 epoch 16900  loss 1.0967e-01  mse 1.0962e-01  pinn 5.5065e-01  (109826 s)
2026-10-04 11:34:27,868 stage1 epoch 17000  loss 8.5658e-01  mse 8.5651e-01  pinn 7.3783e-01  (110650 s)
2026-10-04 11:48:22,610 stage1 epoch 17100  loss 1.1041e-01  mse 1.1035e-01  pinn 5.7799e-01  (111485 s)
2026-10-04 12:02:28,021 stage1 epoch 17200  loss 1.7285e-01  mse 1.7276e-01  pinn 9.2630e-01  (112330 s)
2026-10-04 12:16:13,022 stage1 epoch 17300  loss 1.1032e-01  mse 1.1026e-01  pinn 5.6658e-01  (113155 s)
2026-10-04 12:29:53,395 stage1 epoch 17400  loss 1.0893e-01  mse 1.0887e-01  pinn 5.5771e-01  (113975 s)
2026-10-04 12:44:04,676 stage1 epoch 17500  loss 1.2003e-01  mse 1.1996e-01  pinn 6.5341e-01  (114827 s)
2026-10-04 12:58:13,082 stage1 epoch 17600  loss 2.0244e-01  mse 2.0237e-01  pinn 6.3046e-01  (115675 s)
2026-10-04 13:12:07,461 stage1 epoch 17700  loss 1.0967e-01  mse 1.0962e-01  pinn 5.5712e-01  (116509 s)
2026-10-04 13:25:49,042 stage1 epoch 17800  loss 1.0802e-01  mse 1.0796e-01  pinn 5.4474e-01  (117331 s)
2026-10-04 13:39:40,997 stage1 epoch 17900  loss 1.0813e-01  mse 1.0808e-01  pinn 5.4177e-01  (118163 s)
2026-10-04 13:53:36,294 stage1 epoch 18000  loss 1.0964e-01  mse 1.0959e-01  pinn 5.3708e-01  (118998 s)
2026-10-04 14:07:38,275 stage1 epoch 18100  loss 1.0992e-01  mse 1.0987e-01  pinn 5.3360e-01  (119840 s)
2026-10-04 14:22:13,861 stage1 epoch 18200  loss 1.3587e-01  mse 1.3580e-01  pinn 6.8309e-01  (120716 s)
2026-10-04 14:36:01,736 stage1 epoch 18300  loss 1.0741e-01  mse 1.0735e-01  pinn 5.4892e-01  (121544 s)
2026-10-04 14:49:54,104 stage1 epoch 18400  loss 1.0851e-01  mse 1.0846e-01  pinn 5.3754e-01  (122376 s)
2026-10-04 15:04:01,075 stage1 epoch 18500  loss 1.0785e-01  mse 1.0780e-01  pinn 5.4394e-01  (123223 s)
2026-10-04 15:18:58,791 stage1 epoch 18600  loss 2.5410e-01  mse 2.5401e-01  pinn 8.9789e-01  (124121 s)
2026-10-04 15:33:14,517 stage1 epoch 18700  loss 1.0986e-01  mse 1.0980e-01  pinn 5.8788e-01  (124976 s)
2026-10-04 15:47:13,591 stage1 epoch 18800  loss 1.0691e-01  mse 1.0686e-01  pinn 5.4496e-01  (125816 s)
2026-10-04 16:01:23,363 stage1 epoch 18900  loss 1.0594e-01  mse 1.0588e-01  pinn 5.4197e-01  (126665 s)
2026-10-04 16:15:35,822 stage1 epoch 19000  loss 1.0564e-01  mse 1.0559e-01  pinn 5.4218e-01  (127518 s)
2026-10-04 16:29:51,387 stage1 epoch 19100  loss 1.0603e-01  mse 1.0597e-01  pinn 5.4685e-01  (128373 s)
2026-10-04 16:44:19,547 stage1 epoch 19200  loss 2.0350e-01  mse 2.0344e-01  pinn 6.0071e-01  (129241 s)
2026-10-04 16:58:59,492 stage1 epoch 19300  loss 1.0505e-01  mse 1.0499e-01  pinn 5.3625e-01  (130121 s)
2026-10-04 17:13:20,307 stage1 epoch 19400  loss 1.0484e-01  mse 1.0478e-01  pinn 5.3765e-01  (130982 s)
2026-10-04 17:27:44,891 stage1 epoch 19500  loss 1.0491e-01  mse 1.0485e-01  pinn 5.3966e-01  (131847 s)
2026-10-04 17:42:36,577 stage1 epoch 19600  loss 1.3093e-01  mse 1.3086e-01  pinn 6.4472e-01  (132739 s)
2026-10-04 17:57:53,176 stage1 epoch 19700  loss 2.1438e-01  mse 2.1428e-01  pinn 9.7397e-01  (133655 s)
2026-10-04 18:12:28,694 stage1 epoch 19800  loss 1.0794e-01  mse 1.0788e-01  pinn 5.8789e-01  (134531 s)
2026-10-04 18:26:45,449 stage1 epoch 19900  loss 1.0483e-01  mse 1.0478e-01  pinn 5.5198e-01  (135387 s)
2026-10-04 18:41:09,450 stage1 epoch 20000  loss 1.0386e-01  mse 1.0381e-01  pinn 5.4222e-01  (136251 s)
2026-10-04 18:41:09,465 stage 1 archive stage1_S1_seed0_epoch20000.pt  sha256 85b4e775e17fccd1fe114b929ff6e9964c750d0ec7caed9b1e2e5d9765faa88c
2026-10-04 18:55:42,356 stage1 epoch 20100  loss 1.0356e-01  mse 1.0350e-01  pinn 5.4168e-01  (137124 s)
2026-10-04 19:10:22,258 stage1 epoch 20200  loss 1.0332e-01  mse 1.0327e-01  pinn 5.4216e-01  (138004 s)
2026-10-04 19:25:01,718 stage1 epoch 20300  loss 1.0320e-01  mse 1.0315e-01  pinn 5.4308e-01  (138884 s)
2026-10-04 19:40:18,653 stage1 epoch 20400  loss 1.5236e-01  mse 1.5227e-01  pinn 8.7675e-01  (139801 s)
2026-10-04 19:55:02,370 stage1 epoch 20500  loss 1.0344e-01  mse 1.0338e-01  pinn 5.5286e-01  (140684 s)
2026-10-04 20:09:50,111 stage1 epoch 20600  loss 1.0289e-01  mse 1.0284e-01  pinn 5.4097e-01  (141572 s)
2026-10-04 20:24:39,193 stage1 epoch 20700  loss 1.0272e-01  mse 1.0266e-01  pinn 5.4065e-01  (142461 s)
2026-10-04 20:39:32,553 stage1 epoch 20800  loss 1.0240e-01  mse 1.0235e-01  pinn 5.4040e-01  (143355 s)
2026-10-04 20:54:30,147 stage1 epoch 20900  loss 1.0301e-01  mse 1.0296e-01  pinn 5.4396e-01  (144252 s)
2026-10-04 21:09:35,419 stage1 epoch 21000  loss 1.1190e-01  mse 1.1184e-01  pinn 5.8028e-01  (145157 s)
2026-10-04 21:25:27,110 stage1 epoch 21100  loss 1.0886e-01  mse 1.0881e-01  pinn 5.9693e-01  (146109 s)
2026-10-04 21:40:14,997 stage1 epoch 21200  loss 1.0143e-01  mse 1.0137e-01  pinn 5.3498e-01  (146997 s)
2026-10-04 21:55:19,132 stage1 epoch 21300  loss 1.0082e-01  mse 1.0077e-01  pinn 5.3391e-01  (147901 s)
2026-10-04 22:10:27,029 stage1 epoch 21400  loss 1.0147e-01  mse 1.0142e-01  pinn 5.2737e-01  (148809 s)
2026-10-04 22:25:36,701 stage1 epoch 21500  loss 1.0095e-01  mse 1.0090e-01  pinn 5.3893e-01  (149719 s)
2026-10-04 22:40:46,882 stage1 epoch 21600  loss 1.0391e-01  mse 1.0386e-01  pinn 5.2217e-01  (150629 s)
2026-10-04 22:56:39,345 stage1 epoch 21700  loss 1.0210e-01  mse 1.0204e-01  pinn 5.4641e-01  (151581 s)
2026-10-04 23:11:48,511 stage1 epoch 21800  loss 9.9550e-02  mse 9.9497e-02  pinn 5.2876e-01  (152490 s)
2026-10-04 23:27:01,214 stage1 epoch 21900  loss 1.0005e-01  mse 9.9992e-02  pinn 5.3575e-01  (153403 s)
2026-10-04 23:42:13,795 stage1 epoch 22000  loss 9.9608e-02  mse 9.9556e-02  pinn 5.2533e-01  (154316 s)
2026-10-04 23:57:35,237 stage1 epoch 22100  loss 1.0212e-01  mse 1.0207e-01  pinn 5.1564e-01  (155237 s)
2026-10-05 00:13:02,656 stage1 epoch 22200  loss 9.7959e-02  mse 9.7906e-02  pinn 5.3027e-01  (156165 s)
2026-10-05 00:28:48,397 stage1 epoch 22300  loss 1.4580e-01  mse 1.4572e-01  pinn 7.6788e-01  (157110 s)
2026-10-05 00:44:48,204 stage1 epoch 22400  loss 1.6865e-01  mse 1.6858e-01  pinn 7.4655e-01  (158070 s)
2026-10-05 01:00:14,712 stage1 epoch 22500  loss 1.0071e-01  mse 1.0065e-01  pinn 5.3366e-01  (158997 s)
2026-10-05 01:15:35,117 stage1 epoch 22600  loss 9.8615e-02  mse 9.8563e-02  pinn 5.1536e-01  (159917 s)
2026-10-05 01:30:59,011 stage1 epoch 22700  loss 9.7894e-02  mse 9.7842e-02  pinn 5.1561e-01  (160841 s)
2026-10-05 01:46:29,538 stage1 epoch 22800  loss 9.7400e-02  mse 9.7348e-02  pinn 5.1757e-01  (161771 s)
2026-10-05 02:02:07,937 stage1 epoch 22900  loss 9.7565e-02  mse 9.7513e-02  pinn 5.1343e-01  (162710 s)
2026-10-05 02:17:50,870 stage1 epoch 23000  loss 9.6670e-02  mse 9.6618e-02  pinn 5.2251e-01  (163653 s)
2026-10-05 02:33:34,247 stage1 epoch 23100  loss 1.0135e-01  mse 1.0130e-01  pinn 4.9953e-01  (164596 s)
2026-10-05 02:49:21,130 stage1 epoch 23200  loss 9.6141e-02  mse 9.6088e-02  pinn 5.2509e-01  (165543 s)
2026-10-05 03:06:07,423 stage1 epoch 23300  loss 1.0566e-01  mse 1.0559e-01  pinn 6.5362e-01  (166549 s)
2026-10-05 03:21:46,222 stage1 epoch 23400  loss 9.6810e-02  mse 9.6758e-02  pinn 5.2533e-01  (167488 s)
2026-10-05 03:37:27,256 stage1 epoch 23500  loss 9.7182e-02  mse 9.7129e-02  pinn 5.2659e-01  (168429 s)
2026-10-05 03:53:17,362 stage1 epoch 23600  loss 9.5728e-02  mse 9.5676e-02  pinn 5.2572e-01  (169379 s)
2026-10-05 04:09:14,785 stage1 epoch 23700  loss 9.5630e-02  mse 9.5578e-02  pinn 5.2337e-01  (170337 s)
2026-10-05 04:25:13,774 stage1 epoch 23800  loss 9.6027e-02  mse 9.5974e-02  pinn 5.3153e-01  (171296 s)
2026-10-05 04:41:14,755 stage1 epoch 23900  loss 9.5992e-02  mse 9.5942e-02  pinn 5.0653e-01  (172257 s)
2026-10-05 04:57:22,773 stage1 epoch 24000  loss 9.4310e-02  mse 9.4259e-02  pinn 5.1283e-01  (173225 s)
2026-10-05 05:13:32,383 stage1 epoch 24100  loss 9.4469e-02  mse 9.4417e-02  pinn 5.2092e-01  (174194 s)
2026-10-05 09:34:14,599 stage 1 resumed at epoch 24000
2026-10-05 09:34:25,098 stage1 epoch 24001  loss 9.4621e-02  mse 9.4568e-02  pinn 5.2649e-01  (173235 s)
2026-10-05 09:50:09,595 stage1 epoch 24100  loss 9.4469e-02  mse 9.4417e-02  pinn 5.2092e-01  (174180 s)
2026-10-05 10:06:11,706 stage1 epoch 24200  loss 1.0154e-01  mse 1.0149e-01  pinn 4.9109e-01  (175142 s)
2026-10-05 10:22:13,586 stage1 epoch 24300  loss 9.5869e-02  mse 9.5819e-02  pinn 4.9809e-01  (176104 s)
2026-10-05 10:38:15,496 stage1 epoch 24400  loss 9.3542e-02  mse 9.3489e-02  pinn 5.3273e-01  (177065 s)
2026-10-05 10:54:23,591 stage1 epoch 24500  loss 9.7732e-02  mse 9.7683e-02  pinn 4.9082e-01  (178034 s)
2026-10-05 11:10:38,829 stage1 epoch 24600  loss 9.2232e-02  mse 9.2181e-02  pinn 5.0904e-01  (179009 s)
2026-10-05 11:26:53,109 stage1 epoch 24700  loss 9.2779e-02  mse 9.2726e-02  pinn 5.2821e-01  (179983 s)
2026-10-05 11:44:39,022 stage1 epoch 24800  loss 6.7786e-01  mse 6.7766e-01  pinn 2.0561e+00  (181049 s)
2026-10-05 12:01:38,357 stage1 epoch 24900  loss 1.2822e-01  mse 1.2814e-01  pinn 7.9961e-01  (182068 s)
2026-10-05 12:10:33,934 stage1 epoch 25000  loss 2.2243e+00  mse 2.2241e+00  pinn 1.9527e+00  (182604 s)
2026-10-05 12:10:33,952 stage 1 archive stage1_S1_seed0_epoch25000.pt  sha256 584272828c1dc37d4ef0217754b4c0edb9f9793cba4a00ffeba70ba126f1c748
2026-10-05 12:16:34,585 stage1 epoch 25100  loss 1.4864e+00  mse 1.4862e+00  pinn 1.9714e+00  (182965 s)
2026-10-05 12:22:41,289 stage1 epoch 25200  loss 1.3734e+00  mse 1.3732e+00  pinn 1.5690e+00  (183331 s)
2026-10-05 12:28:57,332 stage1 epoch 25300  loss 1.2968e+00  mse 1.2966e+00  pinn 1.4698e+00  (183707 s)
2026-10-05 12:35:14,920 stage1 epoch 25400  loss 1.2520e+00  mse 1.2519e+00  pinn 1.4927e+00  (184085 s)
2026-10-05 12:41:34,688 stage1 epoch 25500  loss 1.2191e+00  mse 1.2190e+00  pinn 1.5032e+00  (184465 s)
2026-10-05 12:48:00,286 stage1 epoch 25600  loss 1.1646e+00  mse 1.1645e+00  pinn 1.5223e+00  (184850 s)
2026-10-05 12:54:27,650 stage1 epoch 25700  loss 1.0754e+00  mse 1.0752e+00  pinn 1.5550e+00  (185238 s)
2026-10-05 13:01:00,390 stage1 epoch 25800  loss 1.0405e+00  mse 1.0403e+00  pinn 1.6045e+00  (185630 s)
2026-10-05 13:07:37,396 stage1 epoch 25900  loss 1.0029e+00  mse 1.0027e+00  pinn 1.6592e+00  (186027 s)
2026-10-05 13:14:21,268 stage1 epoch 26000  loss 9.5727e-01  mse 9.5709e-01  pinn 1.7304e+00  (186431 s)
2026-10-05 13:21:10,294 stage1 epoch 26100  loss 9.0482e-01  mse 9.0464e-01  pinn 1.7895e+00  (186840 s)
2026-10-05 13:28:13,009 stage1 epoch 26200  loss 8.4963e-01  mse 8.4944e-01  pinn 1.8183e+00  (187263 s)
2026-10-05 13:35:26,484 stage1 epoch 26300  loss 7.9049e-01  mse 7.9031e-01  pinn 1.8001e+00  (187696 s)
2026-10-05 13:43:07,709 stage1 epoch 26400  loss 5.7452e-01  mse 5.7438e-01  pinn 1.3979e+00  (188158 s)
2026-10-05 13:51:16,661 stage1 epoch 26500  loss 4.9734e-01  mse 4.9721e-01  pinn 1.3556e+00  (188647 s)
2026-10-05 13:59:37,329 stage1 epoch 26600  loss 4.7006e-01  mse 4.6994e-01  pinn 1.2086e+00  (189147 s)
2026-10-05 14:07:57,703 stage1 epoch 26700  loss 4.5334e-01  mse 4.5323e-01  pinn 1.0531e+00  (189648 s)
2026-10-05 14:16:17,392 stage1 epoch 26800  loss 4.5377e-01  mse 4.5367e-01  pinn 9.5909e-01  (190147 s)
2026-10-05 14:24:35,821 stage1 epoch 26900  loss 4.3666e-01  mse 4.3657e-01  pinn 8.6157e-01  (190646 s)
2026-10-05 14:32:55,720 stage1 epoch 27000  loss 4.2494e-01  mse 4.2486e-01  pinn 8.0614e-01  (191146 s)
2026-10-05 14:41:15,636 stage1 epoch 27100  loss 4.1939e-01  mse 4.1931e-01  pinn 7.7485e-01  (191646 s)
2026-10-05 14:49:36,981 stage1 epoch 27200  loss 4.1453e-01  mse 4.1445e-01  pinn 7.5165e-01  (192147 s)
2026-10-05 14:58:02,317 stage1 epoch 27300  loss 4.2352e-01  mse 4.2345e-01  pinn 7.4486e-01  (192652 s)
2026-10-05 15:06:24,182 stage1 epoch 27400  loss 4.1885e-01  mse 4.1877e-01  pinn 8.1549e-01  (193154 s)
2026-10-05 15:14:35,004 stage1 epoch 27500  loss 4.0581e-01  mse 4.0574e-01  pinn 6.7480e-01  (193645 s)
2026-10-05 15:22:37,143 stage1 epoch 27600  loss 4.0370e-01  mse 4.0363e-01  pinn 6.9777e-01  (194127 s)
2026-10-05 15:30:41,107 stage1 epoch 27700  loss 3.9481e-01  mse 3.9474e-01  pinn 6.8176e-01  (194611 s)
2026-10-05 15:38:43,333 stage1 epoch 27800  loss 3.9066e-01  mse 3.9059e-01  pinn 6.9311e-01  (195093 s)
2026-10-05 15:46:48,108 stage1 epoch 27900  loss 3.8727e-01  mse 3.8720e-01  pinn 6.9135e-01  (195578 s)
2026-10-05 15:54:52,739 stage1 epoch 28000  loss 3.8285e-01  mse 3.8278e-01  pinn 6.9392e-01  (196063 s)
2026-10-05 16:02:53,109 stage1 epoch 28100  loss 3.7456e-01  mse 3.7450e-01  pinn 6.7839e-01  (196543 s)
2026-10-05 16:10:52,609 stage1 epoch 28200  loss 3.5952e-01  mse 3.5946e-01  pinn 6.4477e-01  (197023 s)
