2026-09-30 01:04:04,797 run start | results/experiments/biodiesel/author_repo_match/figures/fig04/chemkan_h02_seed0 | seed 0 | params 78
2026-09-30 01:04:05,267 epoch     1  train 3.6174e-01  val 3.2214e-01  (0 s)
2026-09-30 01:04:22,322 epoch   100  train 3.4085e-02  val 3.1038e-02  (18 s)
2026-09-30 01:04:41,008 epoch   200  train 1.8062e-02  val 1.7943e-02  (36 s)
2026-09-30 01:05:00,789 epoch   300  train 1.3087e-02  val 1.3375e-02  (56 s)
2026-09-30 01:05:21,301 epoch   400  train 1.1140e-02  val 1.1520e-02  (77 s)
2026-09-30 01:05:42,667 epoch   500  train 1.0135e-02  val 1.0520e-02  (98 s)
2026-09-30 01:06:04,249 epoch   600  train 9.5297e-03  val 9.9101e-03  (119 s)
2026-09-30 01:06:26,203 epoch   700  train 9.1235e-03  val 9.5186e-03  (141 s)
2026-09-30 01:06:50,080 epoch   800  train 8.8265e-03  val 9.2522e-03  (165 s)
2026-09-30 01:07:14,102 epoch   900  train 8.5941e-03  val 9.0581e-03  (189 s)
2026-09-30 01:07:37,982 epoch  1000  train 8.3919e-03  val 8.9103e-03  (213 s)
2026-09-30 01:08:01,712 epoch  1100  train 8.1717e-03  val 8.7593e-03  (237 s)
2026-09-30 01:08:25,943 epoch  1200  train 6.4643e-03  val 7.6138e-03  (261 s)
2026-09-30 01:08:50,328 epoch  1300  train 3.6129e-03  val 4.0599e-03  (286 s)
2026-09-30 01:09:14,106 epoch  1400  train 2.5632e-03  val 2.9710e-03  (309 s)
2026-09-30 01:09:37,867 epoch  1500  train 2.1272e-03  val 2.5230e-03  (333 s)
2026-09-30 01:10:01,837 epoch  1600  train 1.8836e-03  val 2.2454e-03  (357 s)
2026-09-30 01:10:25,742 epoch  1700  train 1.7048e-03  val 2.0204e-03  (381 s)
2026-09-30 01:10:49,479 epoch  1800  train 1.5544e-03  val 1.8349e-03  (405 s)
2026-09-30 01:11:13,132 epoch  1900  train 1.4209e-03  val 1.6814e-03  (428 s)
2026-09-30 01:11:36,899 epoch  2000  train 1.3031e-03  val 1.5524e-03  (452 s)
2026-09-30 01:12:00,413 epoch  2100  train 1.1968e-03  val 1.4580e-03  (476 s)
2026-09-30 01:12:24,220 epoch  2200  train 1.1044e-03  val 1.3918e-03  (499 s)
2026-09-30 01:12:48,209 epoch  2300  train 1.0228e-03  val 1.3558e-03  (523 s)
2026-09-30 01:13:12,339 epoch  2400  train 9.5291e-04  val 1.3139e-03  (548 s)
2026-09-30 01:13:36,217 epoch  2500  train 8.9338e-04  val 1.2654e-03  (571 s)
2026-09-30 01:14:00,061 epoch  2600  train 8.4280e-04  val 1.2122e-03  (595 s)
2026-09-30 01:14:24,109 epoch  2700  train 8.0024e-04  val 1.1610e-03  (619 s)
2026-09-30 01:14:47,934 epoch  2800  train 7.6376e-04  val 1.1098e-03  (643 s)
2026-09-30 01:15:11,804 epoch  2900  train 7.3279e-04  val 1.0582e-03  (667 s)
2026-09-30 01:15:35,596 epoch  3000  train 7.0618e-04  val 1.0086e-03  (691 s)
2026-09-30 01:15:59,281 epoch  3100  train 6.8313e-04  val 9.6353e-04  (714 s)
2026-09-30 01:16:23,127 epoch  3200  train 6.6300e-04  val 9.2764e-04  (738 s)
2026-09-30 01:16:46,811 epoch  3300  train 6.4506e-04  val 9.0016e-04  (762 s)
2026-09-30 01:17:10,533 epoch  3400  train 6.2914e-04  val 8.8072e-04  (786 s)
2026-09-30 01:17:34,558 epoch  3500  train 6.5194e-04  val 8.4936e-04  (810 s)
2026-09-30 01:17:58,434 epoch  3600  train 6.0177e-04  val 8.5833e-04  (834 s)
2026-09-30 01:18:22,246 epoch  3700  train 5.8975e-04  val 8.5292e-04  (857 s)
2026-09-30 01:18:47,211 epoch  3800  train 5.7870e-04  val 8.4611e-04  (882 s)
2026-09-30 01:19:13,092 epoch  3900  train 5.6825e-04  val 8.4519e-04  (908 s)
2026-09-30 01:19:39,342 epoch  4000  train 5.5833e-04  val 8.4209e-04  (935 s)
2026-09-30 01:20:05,305 epoch  4100  train 5.4903e-04  val 8.3707e-04  (961 s)
2026-09-30 01:20:31,083 epoch  4200  train 5.4009e-04  val 8.3267e-04  (986 s)
2026-09-30 01:20:56,879 epoch  4300  train 5.7525e-04  val 8.1485e-04  (1012 s)
2026-09-30 01:21:22,699 epoch  4400  train 5.2323e-04  val 8.1966e-04  (1038 s)
2026-09-30 01:21:48,660 epoch  4500  train 5.1518e-04  val 8.1229e-04  (1064 s)
2026-09-30 01:22:14,443 epoch  4600  train 5.0813e-04  val 8.1040e-04  (1090 s)
2026-09-30 01:22:40,248 epoch  4700  train 4.9993e-04  val 7.9635e-04  (1115 s)
2026-09-30 01:23:06,163 epoch  4800  train 4.9242e-04  val 7.8852e-04  (1141 s)
2026-09-30 01:23:31,985 epoch  4900  train 4.8534e-04  val 7.7975e-04  (1167 s)
2026-09-30 01:23:57,765 epoch  5000  train 4.7832e-04  val 7.7348e-04  (1193 s)
2026-09-30 01:24:05,741 completed | 5000 epochs | 1193.0 s | train 4.7832e-04 val 7.7348e-04
