2026-09-29 23:53:49,572 run start | results/experiments/biodiesel/author_repo_match/figures/fig05/chemkan_noise07_seed0 | seed 0 | params 156
2026-09-29 23:53:50,088 epoch     1  train 2.3035e-01  val 2.0826e-01  (0 s)
2026-09-29 23:54:10,238 epoch   100  train 1.8648e-02  val 1.9426e-02  (21 s)
2026-09-29 23:54:33,604 epoch   200  train 7.4915e-03  val 6.3886e-03  (44 s)
2026-09-29 23:55:00,900 epoch   300  train 4.2894e-03  val 2.9524e-03  (71 s)
2026-09-29 23:55:29,746 epoch   400  train 3.4964e-03  val 2.0521e-03  (100 s)
2026-09-29 23:55:58,712 epoch   500  train 3.0527e-03  val 1.6288e-03  (129 s)
2026-09-29 23:56:27,654 epoch   600  train 2.7535e-03  val 1.4072e-03  (158 s)
2026-09-29 23:56:56,633 epoch   700  train 2.5756e-03  val 1.3304e-03  (187 s)
2026-09-29 23:57:25,896 epoch   800  train 2.4422e-03  val 1.2859e-03  (216 s)
2026-09-29 23:57:55,144 epoch   900  train 2.3421e-03  val 1.2673e-03  (246 s)
2026-09-29 23:58:24,341 epoch  1000  train 2.2761e-03  val 1.1999e-03  (275 s)
2026-09-29 23:58:53,880 epoch  1100  train 2.2236e-03  val 1.2020e-03  (304 s)
2026-09-29 23:59:23,378 epoch  1200  train 2.1876e-03  val 1.1250e-03  (334 s)
2026-09-29 23:59:53,133 epoch  1300  train 2.1588e-03  val 1.0638e-03  (364 s)
2026-09-30 00:00:22,763 epoch  1400  train 2.1457e-03  val 8.8331e-04  (393 s)
2026-09-30 00:00:52,545 epoch  1500  train 2.1138e-03  val 9.1764e-04  (423 s)
2026-09-30 00:01:23,037 epoch  1600  train 2.0953e-03  val 8.6375e-04  (453 s)
2026-09-30 00:01:52,823 epoch  1700  train 2.0785e-03  val 7.9072e-04  (483 s)
2026-09-30 00:02:24,407 epoch  1800  train 2.0630e-03  val 7.3508e-04  (515 s)
2026-09-30 00:02:55,355 epoch  1900  train 2.0484e-03  val 7.1543e-04  (546 s)
2026-09-30 00:03:25,584 epoch  2000  train 2.0350e-03  val 6.4260e-04  (576 s)
2026-09-30 00:03:55,898 epoch  2100  train 2.0470e-03  val 5.2678e-04  (606 s)
2026-09-30 00:04:26,108 epoch  2200  train 2.0113e-03  val 6.2069e-04  (637 s)
2026-09-30 00:04:56,445 epoch  2300  train 2.0158e-03  val 6.7181e-04  (667 s)
2026-09-30 00:05:26,745 epoch  2400  train 1.9898e-03  val 5.4298e-04  (697 s)
2026-09-30 00:05:56,281 epoch  2500  train 2.0547e-03  val 7.8247e-04  (727 s)
2026-09-30 00:06:25,777 epoch  2600  train 1.9812e-03  val 5.7344e-04  (756 s)
2026-09-30 00:06:55,016 epoch  2700  train 1.9652e-03  val 4.9169e-04  (785 s)
2026-09-30 00:07:24,178 epoch  2800  train 2.0001e-03  val 6.4454e-04  (815 s)
2026-09-30 00:07:53,507 epoch  2900  train 1.9531e-03  val 4.4883e-04  (844 s)
2026-09-30 00:08:22,963 epoch  3000  train 1.9547e-03  val 5.1907e-04  (873 s)
2026-09-30 00:08:54,513 epoch  3100  train 1.9407e-03  val 4.5915e-04  (905 s)
2026-09-30 00:09:26,350 epoch  3200  train 1.9359e-03  val 4.5157e-04  (937 s)
2026-09-30 00:09:58,287 epoch  3300  train 1.9315e-03  val 4.3071e-04  (969 s)
2026-09-30 00:10:30,036 epoch  3400  train 1.9301e-03  val 4.1255e-04  (1000 s)
2026-09-30 00:11:01,886 epoch  3500  train 1.9272e-03  val 3.9963e-04  (1032 s)
2026-09-30 00:11:33,742 epoch  3600  train 1.9200e-03  val 4.2225e-04  (1064 s)
2026-09-30 00:12:06,039 epoch  3700  train 1.9179e-03  val 4.0643e-04  (1096 s)
2026-09-30 00:12:38,045 epoch  3800  train 1.9433e-03  val 3.8041e-04  (1128 s)
2026-09-30 00:13:09,987 epoch  3900  train 1.9223e-03  val 4.6932e-04  (1160 s)
2026-09-30 00:13:42,027 epoch  4000  train 1.9095e-03  val 3.9875e-04  (1192 s)
2026-09-30 00:14:14,269 epoch  4100  train 1.9045e-03  val 4.0847e-04  (1225 s)
2026-09-30 00:14:46,478 epoch  4200  train 1.9020e-03  val 4.0474e-04  (1257 s)
2026-09-30 00:15:18,850 epoch  4300  train 1.9273e-03  val 3.7670e-04  (1289 s)
2026-09-30 00:15:50,824 epoch  4400  train 1.8993e-03  val 4.2548e-04  (1321 s)
2026-09-30 00:16:23,080 epoch  4500  train 1.8952e-03  val 4.1148e-04  (1354 s)
2026-09-30 00:16:55,525 epoch  4600  train 1.8932e-03  val 3.9991e-04  (1386 s)
2026-09-30 00:17:27,791 epoch  4700  train 1.8911e-03  val 4.0596e-04  (1418 s)
2026-09-30 00:17:59,979 epoch  4800  train 1.8896e-03  val 4.0204e-04  (1450 s)
2026-09-30 00:18:32,130 epoch  4900  train 1.8879e-03  val 4.0762e-04  (1483 s)
2026-09-30 00:19:04,223 epoch  5000  train 1.8866e-03  val 4.0484e-04  (1515 s)
2026-09-30 00:19:36,376 epoch  5100  train 1.8873e-03  val 4.2518e-04  (1547 s)
2026-09-30 00:20:08,758 epoch  5200  train 1.9337e-03  val 4.6909e-04  (1579 s)
2026-09-30 00:20:41,166 epoch  5300  train 1.8815e-03  val 4.0121e-04  (1612 s)
2026-09-30 00:21:13,476 epoch  5400  train 1.8807e-03  val 4.0064e-04  (1644 s)
2026-09-30 00:21:45,704 epoch  5500  train 1.9188e-03  val 4.2656e-04  (1676 s)
2026-09-30 00:22:18,102 epoch  5600  train 1.8776e-03  val 4.0015e-04  (1709 s)
2026-09-30 00:22:50,540 epoch  5700  train 1.8772e-03  val 4.0119e-04  (1741 s)
2026-09-30 00:23:23,050 epoch  5800  train 1.9902e-03  val 5.6632e-04  (1773 s)
2026-09-30 00:23:55,597 epoch  5900  train 1.8743e-03  val 3.9725e-04  (1806 s)
2026-09-30 00:24:28,069 epoch  6000  train 1.8780e-03  val 4.0492e-04  (1838 s)
2026-09-30 00:25:00,871 epoch  6100  train 1.8725e-03  val 4.0643e-04  (1871 s)
2026-09-30 00:25:33,170 epoch  6200  train 1.8711e-03  val 3.9350e-04  (1904 s)
2026-09-30 00:26:05,480 epoch  6300  train 1.8700e-03  val 3.9504e-04  (1936 s)
2026-09-30 00:26:37,721 epoch  6400  train 1.8762e-03  val 4.2343e-04  (1968 s)
2026-09-30 00:27:10,043 epoch  6500  train 1.8685e-03  val 3.9610e-04  (2000 s)
2026-09-30 00:27:42,190 epoch  6600  train 1.8774e-03  val 4.0750e-04  (2033 s)
2026-09-30 00:28:14,435 epoch  6700  train 1.8663e-03  val 3.9166e-04  (2065 s)
2026-09-30 00:28:46,734 epoch  6800  train 1.8744e-03  val 3.8904e-04  (2097 s)
2026-09-30 00:29:19,177 epoch  6900  train 1.8689e-03  val 3.8437e-04  (2130 s)
2026-09-30 00:29:51,551 epoch  7000  train 1.8651e-03  val 3.9003e-04  (2162 s)
2026-09-30 00:30:23,782 epoch  7100  train 1.8630e-03  val 3.8633e-04  (2194 s)
2026-09-30 00:30:55,820 epoch  7200  train 1.8676e-03  val 3.9407e-04  (2226 s)
2026-09-30 00:31:27,758 epoch  7300  train 1.8892e-03  val 4.3531e-04  (2258 s)
2026-09-30 00:31:59,963 epoch  7400  train 1.8602e-03  val 3.9636e-04  (2290 s)
2026-09-30 00:32:32,095 epoch  7500  train 1.8594e-03  val 3.9019e-04  (2323 s)
2026-09-30 00:33:04,450 epoch  7600  train 1.8591e-03  val 3.9094e-04  (2355 s)
2026-09-30 00:33:37,117 epoch  7700  train 1.8710e-03  val 4.1560e-04  (2388 s)
2026-09-30 00:34:09,718 epoch  7800  train 1.8925e-03  val 4.5012e-04  (2420 s)
2026-09-30 00:34:42,401 epoch  7900  train 1.8695e-03  val 3.7733e-04  (2453 s)
2026-09-30 00:35:14,844 epoch  8000  train 1.8707e-03  val 4.3873e-04  (2485 s)
2026-09-30 00:35:47,273 epoch  8100  train 1.8567e-03  val 3.7727e-04  (2518 s)
2026-09-30 00:36:19,881 epoch  8200  train 1.8571e-03  val 3.9219e-04  (2550 s)
2026-09-30 00:36:51,953 epoch  8300  train 1.8538e-03  val 3.8295e-04  (2582 s)
2026-09-30 00:37:24,062 epoch  8400  train 1.9540e-03  val 4.4786e-04  (2614 s)
2026-09-30 00:37:56,286 epoch  8500  train 1.8515e-03  val 3.8537e-04  (2647 s)
2026-09-30 00:38:28,946 epoch  8600  train 1.8509e-03  val 3.8397e-04  (2679 s)
2026-09-30 00:39:01,529 epoch  8700  train 1.8500e-03  val 3.8353e-04  (2712 s)
2026-09-30 00:39:33,979 epoch  8800  train 1.8530e-03  val 3.6988e-04  (2744 s)
2026-09-30 00:40:06,547 epoch  8900  train 1.8767e-03  val 4.0472e-04  (2777 s)
2026-09-30 00:40:39,149 epoch  9000  train 1.8532e-03  val 3.6397e-04  (2810 s)
2026-09-30 00:41:11,713 epoch  9100  train 1.8474e-03  val 3.7590e-04  (2842 s)
2026-09-30 00:41:44,744 epoch  9200  train 1.8462e-03  val 3.8462e-04  (2875 s)
2026-09-30 00:42:18,244 epoch  9300  train 1.8459e-03  val 3.7625e-04  (2909 s)
2026-09-30 00:42:51,139 epoch  9400  train 1.8573e-03  val 3.9253e-04  (2942 s)
2026-09-30 00:43:23,504 epoch  9500  train 1.8440e-03  val 3.7589e-04  (2974 s)
2026-09-30 00:43:55,668 epoch  9600  train 1.8454e-03  val 3.7379e-04  (3006 s)
2026-09-30 00:44:28,292 epoch  9700  train 1.8572e-03  val 3.5099e-04  (3039 s)
2026-09-30 00:45:01,065 epoch  9800  train 1.8446e-03  val 3.9277e-04  (3071 s)
2026-09-30 00:45:33,814 epoch  9900  train 1.8465e-03  val 3.9716e-04  (3104 s)
2026-09-30 00:46:06,354 epoch 10000  train 1.8411e-03  val 3.6862e-04  (3137 s)
2026-09-30 00:46:13,321 completed | 10000 epochs | 3136.8 s | train 1.8411e-03 val 3.6862e-04
