2026-10-01 07:57:30,105 run start | results/experiments/biodiesel/author_repo_match/run_batched_fsa_juliainit_window30 | seed 0 | params 156
2026-10-01 07:57:30,516 epoch     1  train 3.5235e-01  val 3.2196e-01  (0 s)
2026-10-01 07:57:38,240 epoch   100  train 3.8325e-02  val 3.6558e-02  (8 s)
2026-10-01 07:57:47,495 epoch   200  train 7.7573e-03  val 8.9211e-03  (17 s)
2026-10-01 07:57:57,942 epoch   300  train 3.7652e-03  val 4.0966e-03  (28 s)
2026-10-01 07:58:09,327 epoch   400  train 2.6469e-03  val 3.1427e-03  (39 s)
2026-10-01 07:58:20,662 epoch   500  train 2.2212e-03  val 2.7756e-03  (51 s)
2026-10-01 07:58:32,241 epoch   600  train 1.8534e-03  val 2.3616e-03  (62 s)
2026-10-01 07:58:43,516 epoch   700  train 1.5582e-03  val 1.9627e-03  (73 s)
2026-10-01 07:58:54,991 epoch   800  train 1.3577e-03  val 1.6543e-03  (85 s)
2026-10-01 07:59:06,782 epoch   900  train 1.2121e-03  val 1.4491e-03  (97 s)
2026-10-01 07:59:18,584 epoch  1000  train 1.0949e-03  val 1.3075e-03  (108 s)
2026-10-01 07:59:30,366 epoch  1100  train 9.8726e-04  val 1.1992e-03  (120 s)
2026-10-01 07:59:41,504 epoch  1200  train 8.7227e-04  val 1.1071e-03  (131 s)
2026-10-01 07:59:53,693 epoch  1300  train 7.6803e-04  val 1.0079e-03  (144 s)
2026-10-01 08:00:05,360 epoch  1400  train 6.8073e-04  val 9.1718e-04  (155 s)
2026-10-01 08:00:18,060 epoch  1500  train 5.8067e-04  val 8.2620e-04  (168 s)
2026-10-01 08:00:31,409 epoch  1600  train 5.2337e-04  val 7.8563e-04  (181 s)
2026-10-01 08:00:45,420 epoch  1700  train 4.7852e-04  val 7.3610e-04  (195 s)
2026-10-01 08:00:56,117 epoch  1800  train 4.3783e-04  val 7.0189e-04  (206 s)
2026-10-01 08:01:07,207 epoch  1900  train 4.0347e-04  val 6.3380e-04  (217 s)
2026-10-01 08:01:18,435 epoch  2000  train 3.6466e-04  val 6.0180e-04  (228 s)
2026-10-01 08:01:29,864 epoch  2100  train 3.3038e-04  val 5.5532e-04  (240 s)
2026-10-01 08:01:41,283 epoch  2200  train 2.9892e-04  val 5.1474e-04  (251 s)
2026-10-01 08:01:52,508 epoch  2300  train 2.7234e-04  val 4.7469e-04  (262 s)
2026-10-01 08:02:03,687 epoch  2400  train 2.5630e-04  val 4.8860e-04  (274 s)
2026-10-01 08:02:15,037 epoch  2500  train 2.3519e-04  val 4.4873e-04  (285 s)
2026-10-01 08:02:26,424 epoch  2600  train 2.2181e-04  val 4.2805e-04  (296 s)
2026-10-01 08:02:37,667 epoch  2700  train 2.1054e-04  val 4.0818e-04  (308 s)
2026-10-01 08:02:49,390 epoch  2800  train 2.0070e-04  val 3.9198e-04  (319 s)
2026-10-01 08:03:00,769 epoch  2900  train 1.9281e-04  val 3.6985e-04  (331 s)
2026-10-01 08:03:12,002 epoch  3000  train 1.8444e-04  val 3.6303e-04  (342 s)
2026-10-01 08:03:23,740 epoch  3100  train 1.7752e-04  val 3.5030e-04  (354 s)
2026-10-01 08:03:35,041 epoch  3200  train 1.7137e-04  val 3.3991e-04  (365 s)
2026-10-01 08:03:47,143 epoch  3300  train 1.6565e-04  val 3.3119e-04  (377 s)
2026-10-01 08:03:58,496 epoch  3400  train 1.9462e-04  val 3.1380e-04  (388 s)
2026-10-01 08:04:09,966 epoch  3500  train 1.5561e-04  val 3.1579e-04  (400 s)
2026-10-01 08:04:21,382 epoch  3600  train 1.5104e-04  val 3.0945e-04  (411 s)
2026-10-01 08:04:32,633 epoch  3700  train 2.0852e-04  val 3.1451e-04  (422 s)
2026-10-01 08:04:44,929 epoch  3800  train 1.4278e-04  val 2.9973e-04  (435 s)
2026-10-01 08:04:56,390 epoch  3900  train 1.3894e-04  val 2.9565e-04  (446 s)
2026-10-01 08:05:07,673 epoch  4000  train 2.7394e-04  val 3.6489e-04  (458 s)
2026-10-01 08:05:19,447 epoch  4100  train 1.3195e-04  val 2.8878e-04  (469 s)
2026-10-01 08:05:30,967 epoch  4200  train 1.2866e-04  val 2.8610e-04  (481 s)
2026-10-01 08:05:42,598 epoch  4300  train 1.4383e-04  val 2.8057e-04  (492 s)
2026-10-01 08:05:54,208 epoch  4400  train 1.2262e-04  val 2.8076e-04  (504 s)
2026-10-01 08:06:05,451 epoch  4500  train 1.1976e-04  val 2.7898e-04  (515 s)
2026-10-01 08:06:16,825 epoch  4600  train 1.1697e-04  val 2.7695e-04  (527 s)
2026-10-01 08:06:28,266 epoch  4700  train 1.1454e-04  val 2.7559e-04  (538 s)
2026-10-01 08:06:39,594 epoch  4800  train 1.1197e-04  val 2.7232e-04  (549 s)
2026-10-01 08:06:50,948 epoch  4900  train 1.0953e-04  val 2.7016e-04  (561 s)
2026-10-01 08:07:02,445 epoch  5000  train 1.0760e-04  val 2.7009e-04  (572 s)
2026-10-01 08:07:13,872 epoch  5100  train 1.0513e-04  val 2.6543e-04  (584 s)
2026-10-01 08:07:25,261 epoch  5200  train 1.0298e-04  val 2.6280e-04  (595 s)
2026-10-01 08:07:36,772 epoch  5300  train 1.0203e-04  val 2.5832e-04  (607 s)
2026-10-01 08:07:48,645 epoch  5400  train 9.9074e-05  val 2.5826e-04  (618 s)
2026-10-01 08:08:00,083 epoch  5500  train 9.7163e-05  val 2.5709e-04  (630 s)
2026-10-01 08:08:11,723 epoch  5600  train 9.9855e-05  val 2.5356e-04  (642 s)
2026-10-01 08:08:23,578 epoch  5700  train 9.3701e-05  val 2.5396e-04  (653 s)
2026-10-01 08:08:35,016 epoch  5800  train 9.2005e-05  val 2.5202e-04  (665 s)
2026-10-01 08:08:47,413 epoch  5900  train 9.0588e-05  val 2.4947e-04  (677 s)
2026-10-01 08:08:58,985 epoch  6000  train 8.8899e-05  val 2.4782e-04  (689 s)
2026-10-01 08:09:10,648 epoch  6100  train 8.7375e-05  val 2.4592e-04  (700 s)
2026-10-01 08:09:22,550 epoch  6200  train 1.0430e-04  val 2.7916e-04  (712 s)
2026-10-01 08:09:35,262 epoch  6300  train 8.4608e-05  val 2.4290e-04  (725 s)
2026-10-01 08:09:47,059 epoch  6400  train 8.3245e-05  val 2.4155e-04  (737 s)
2026-10-01 08:09:59,229 epoch  6500  train 8.4571e-05  val 2.4654e-04  (749 s)
2026-10-01 08:10:12,113 epoch  6600  train 8.0788e-05  val 2.4024e-04  (762 s)
2026-10-01 08:10:25,051 epoch  6700  train 7.9568e-05  val 2.3911e-04  (775 s)
2026-10-01 08:10:39,371 epoch  6800  train 7.9175e-05  val 2.3688e-04  (789 s)
2026-10-01 08:10:53,857 epoch  6900  train 7.7387e-05  val 2.3769e-04  (804 s)
2026-10-01 08:11:06,074 epoch  7000  train 7.6287e-05  val 2.3682e-04  (816 s)
2026-10-01 08:11:17,984 epoch  7100  train 7.7099e-05  val 2.3844e-04  (828 s)
2026-10-01 08:11:29,741 epoch  7200  train 7.4368e-05  val 2.3645e-04  (840 s)
2026-10-01 08:11:41,287 epoch  7300  train 7.4122e-05  val 2.3927e-04  (851 s)
2026-10-01 08:11:53,099 epoch  7400  train 7.2504e-05  val 2.3500e-04  (863 s)
2026-10-01 08:12:05,169 epoch  7500  train 7.1902e-05  val 2.3668e-04  (875 s)
2026-10-01 08:12:17,133 epoch  7600  train 7.0757e-05  val 2.3419e-04  (887 s)
2026-10-01 08:12:29,415 epoch  7700  train 9.2285e-05  val 2.6726e-04  (899 s)
2026-10-01 08:12:41,073 epoch  7800  train 6.9131e-05  val 2.3344e-04  (911 s)
2026-10-01 08:12:53,587 epoch  7900  train 6.8398e-05  val 2.3301e-04  (923 s)
2026-10-01 08:13:05,687 epoch  8000  train 6.7611e-05  val 2.3250e-04  (936 s)
2026-10-01 08:13:18,253 epoch  8100  train 6.6940e-05  val 2.3226e-04  (948 s)
2026-10-01 08:13:30,339 epoch  8200  train 6.7220e-05  val 2.3090e-04  (960 s)
2026-10-01 08:13:41,848 epoch  8300  train 6.6606e-05  val 2.3437e-04  (972 s)
2026-10-01 08:13:53,498 epoch  8400  train 8.3275e-05  val 2.4111e-04  (983 s)
2026-10-01 08:14:04,887 epoch  8500  train 6.6071e-05  val 2.3112e-04  (995 s)
2026-10-01 08:14:16,510 epoch  8600  train 7.2129e-05  val 2.3160e-04  (1006 s)
2026-10-01 08:14:27,894 epoch  8700  train 6.3085e-05  val 2.2860e-04  (1018 s)
2026-10-01 08:14:39,358 epoch  8800  train 6.5052e-05  val 2.3126e-04  (1029 s)
2026-10-01 08:14:51,127 epoch  8900  train 1.3418e-04  val 3.1303e-04  (1041 s)
2026-10-01 08:15:03,055 epoch  9000  train 6.1333e-05  val 2.2666e-04  (1053 s)
2026-10-01 08:15:14,701 epoch  9100  train 6.1836e-05  val 2.2406e-04  (1065 s)
2026-10-01 08:15:26,228 epoch  9200  train 6.0294e-05  val 2.2664e-04  (1076 s)
2026-10-01 08:15:37,810 epoch  9300  train 5.9703e-05  val 2.2741e-04  (1088 s)
2026-10-01 08:15:49,455 epoch  9400  train 6.4370e-05  val 2.3669e-04  (1099 s)
2026-10-01 08:16:01,553 epoch  9500  train 5.8719e-05  val 2.2819e-04  (1111 s)
2026-10-01 08:16:13,433 epoch  9600  train 7.8915e-05  val 2.4107e-04  (1123 s)
2026-10-01 08:16:25,291 epoch  9700  train 5.7790e-05  val 2.2814e-04  (1135 s)
2026-10-01 08:16:37,044 epoch  9800  train 5.8333e-05  val 2.3132e-04  (1147 s)
2026-10-01 08:16:48,879 epoch  9900  train 5.6890e-05  val 2.2866e-04  (1159 s)
2026-10-01 08:17:00,568 epoch 10000  train 5.6585e-05  val 2.2977e-04  (1170 s)
2026-10-01 08:17:02,628 completed | 10000 epochs | 1170.4 s | train 5.6585e-05 val 2.2977e-04
