2026-09-23 11:53:26,187 run start | results/experiments/biodiesel/author_repo_match/canonical_data_seed0 | seed 0 | params 156
2026-09-23 11:53:26,783 epoch     1  train 2.5420e-01  val 2.9971e-01  (0 s)
2026-09-23 11:54:07,134 epoch   100  train 2.4488e-02  val 3.1735e-02  (41 s)
2026-09-23 11:54:53,063 epoch   200  train 5.6144e-03  val 1.0370e-02  (87 s)
2026-09-23 11:55:45,056 epoch   300  train 2.6027e-03  val 5.6584e-03  (139 s)
2026-09-23 11:56:40,730 epoch   400  train 1.9197e-03  val 4.5905e-03  (194 s)
2026-09-23 11:57:38,440 epoch   500  train 1.5112e-03  val 3.4078e-03  (252 s)
2026-09-23 11:58:49,457 epoch   600  train 1.2157e-03  val 2.8574e-03  (323 s)
2026-09-23 11:59:47,458 epoch   700  train 9.8565e-04  val 2.3454e-03  (381 s)
2026-09-23 12:00:45,528 epoch   800  train 7.9759e-04  val 2.0559e-03  (439 s)
2026-09-23 12:01:44,727 epoch   900  train 6.5952e-04  val 1.7152e-03  (498 s)
2026-09-23 12:02:52,909 epoch  1000  train 5.6315e-04  val 1.6256e-03  (566 s)
2026-09-23 12:03:53,629 epoch  1100  train 4.8181e-04  val 1.4509e-03  (627 s)
2026-09-23 12:04:53,641 epoch  1200  train 4.1577e-04  val 1.3716e-03  (687 s)
2026-09-23 12:05:52,618 epoch  1300  train 3.7614e-04  val 1.3314e-03  (746 s)
2026-09-23 12:06:58,097 epoch  1400  train 3.3075e-04  val 1.2613e-03  (812 s)
2026-09-23 12:08:03,622 epoch  1500  train 3.0508e-04  val 1.1639e-03  (877 s)
2026-09-23 12:09:09,537 epoch  1600  train 2.7979e-04  val 1.1251e-03  (943 s)
2026-09-23 12:10:13,136 epoch  1700  train 2.6151e-04  val 1.1017e-03  (1007 s)
2026-09-23 12:11:13,797 epoch  1800  train 2.4435e-04  val 1.0134e-03  (1067 s)
2026-09-23 12:12:14,497 epoch  1900  train 2.3182e-04  val 1.0569e-03  (1128 s)
2026-09-23 12:13:15,517 epoch  2000  train 2.7217e-04  val 1.0167e-03  (1189 s)
2026-09-23 12:14:15,014 epoch  2100  train 2.1132e-04  val 1.0082e-03  (1249 s)
2026-09-23 12:15:13,048 epoch  2200  train 2.0414e-04  val 9.9612e-04  (1307 s)
2026-09-23 12:16:14,980 epoch  2300  train 1.9711e-04  val 9.7741e-04  (1368 s)
2026-09-23 12:17:16,398 epoch  2400  train 1.9094e-04  val 9.5628e-04  (1430 s)
2026-09-23 12:18:20,368 epoch  2500  train 1.8978e-04  val 9.4499e-04  (1494 s)
2026-09-26 20:57:35,536 resumed at epoch 2500
2026-09-26 20:58:34,756 epoch  2600  train 2.0733e-04  val 1.0111e-03  (1553 s)
2026-09-26 20:59:33,758 epoch  2700  train 1.9121e-04  val 1.0058e-03  (1612 s)
2026-09-26 21:00:32,776 epoch  2800  train 1.8253e-04  val 9.1514e-04  (1671 s)
2026-09-26 21:01:31,767 epoch  2900  train 1.6913e-04  val 9.4702e-04  (1730 s)
2026-09-26 21:02:30,891 epoch  3000  train 1.7064e-04  val 9.9413e-04  (1789 s)
2026-09-26 21:03:29,567 epoch  3100  train 1.6089e-04  val 9.2137e-04  (1848 s)
2026-09-26 21:04:27,684 epoch  3200  train 1.6792e-04  val 8.9680e-04  (1906 s)
2026-09-26 21:05:25,924 epoch  3300  train 1.6152e-04  val 9.0439e-04  (1964 s)
2026-09-26 21:06:23,946 epoch  3400  train 1.5755e-04  val 8.9694e-04  (2022 s)
2026-09-26 21:07:22,649 epoch  3500  train 1.5584e-04  val 8.8122e-04  (2081 s)
2026-09-26 21:08:20,719 epoch  3600  train 1.5190e-04  val 8.8075e-04  (2139 s)
2026-09-26 21:09:18,678 epoch  3700  train 1.4311e-04  val 9.3499e-04  (2197 s)
2026-09-26 21:10:16,399 epoch  3800  train 1.5735e-04  val 8.7750e-04  (2254 s)
2026-09-26 21:11:15,023 epoch  3900  train 1.3735e-04  val 9.0524e-04  (2313 s)
2026-09-26 21:12:13,335 epoch  4000  train 1.3481e-04  val 8.9683e-04  (2371 s)
2026-09-26 21:13:11,067 epoch  4100  train 1.3247e-04  val 9.0370e-04  (2429 s)
2026-09-26 21:14:09,866 epoch  4200  train 1.8699e-04  val 1.0472e-03  (2488 s)
2026-09-26 21:15:07,717 epoch  4300  train 1.7117e-04  val 1.0036e-03  (2546 s)
2026-09-26 21:16:06,004 epoch  4400  train 1.5215e-04  val 9.7418e-04  (2604 s)
2026-09-26 21:17:03,690 epoch  4500  train 1.2631e-04  val 8.7678e-04  (2662 s)
2026-09-26 21:18:01,629 epoch  4600  train 1.2714e-04  val 8.9394e-04  (2720 s)
2026-09-26 21:18:59,138 epoch  4700  train 1.2644e-04  val 8.8281e-04  (2777 s)
2026-09-26 21:19:56,645 epoch  4800  train 1.2451e-04  val 8.5111e-04  (2835 s)
2026-09-26 21:20:53,624 epoch  4900  train 1.6350e-04  val 9.8377e-04  (2892 s)
2026-09-26 21:21:50,512 epoch  5000  train 1.3195e-04  val 8.9648e-04  (2949 s)
2026-09-26 21:22:47,850 epoch  5100  train 1.1683e-04  val 8.2344e-04  (3006 s)
2026-09-26 21:23:44,858 epoch  5200  train 1.1591e-04  val 8.0310e-04  (3063 s)
2026-09-26 21:24:41,869 epoch  5300  train 1.1490e-04  val 8.0025e-04  (3120 s)
2026-09-26 21:25:38,731 epoch  5400  train 1.1577e-04  val 7.9723e-04  (3177 s)
2026-09-26 21:26:35,352 epoch  5500  train 1.1324e-04  val 7.9320e-04  (3233 s)
2026-09-26 21:27:32,248 epoch  5600  train 1.1217e-04  val 7.8231e-04  (3290 s)
2026-09-26 21:28:29,010 epoch  5700  train 1.1047e-04  val 7.8480e-04  (3347 s)
2026-09-26 21:29:26,081 epoch  5800  train 1.1067e-04  val 7.9907e-04  (3404 s)
2026-09-26 21:30:23,180 epoch  5900  train 1.0808e-04  val 7.6880e-04  (3461 s)
2026-09-26 21:31:20,288 epoch  6000  train 1.0765e-04  val 7.7535e-04  (3518 s)
2026-09-26 21:32:17,781 epoch  6100  train 1.0611e-04  val 7.6134e-04  (3576 s)
2026-09-26 21:33:15,078 epoch  6200  train 1.0529e-04  val 7.6230e-04  (3633 s)
2026-09-26 21:34:12,352 epoch  6300  train 1.7660e-04  val 9.2618e-04  (3690 s)
2026-09-26 21:35:10,084 epoch  6400  train 1.0355e-04  val 7.5418e-04  (3748 s)
2026-09-26 21:36:08,331 epoch  6500  train 1.6109e-04  val 8.7271e-04  (3806 s)
2026-09-26 21:37:06,880 epoch  6600  train 1.0207e-04  val 7.5174e-04  (3865 s)
2026-09-26 21:38:04,483 epoch  6700  train 1.0107e-04  val 7.4333e-04  (3923 s)
2026-09-26 21:39:01,531 epoch  6800  train 1.0078e-04  val 7.4525e-04  (3980 s)
2026-09-26 21:39:58,607 epoch  6900  train 9.9335e-05  val 7.4063e-04  (4037 s)
2026-09-26 21:40:56,384 epoch  7000  train 1.0216e-04  val 7.5429e-04  (4094 s)
2026-09-26 21:41:53,828 epoch  7100  train 9.7154e-05  val 7.5516e-04  (4152 s)
2026-09-26 21:42:51,436 epoch  7200  train 9.9420e-05  val 7.1012e-04  (4210 s)
2026-09-26 21:43:48,920 epoch  7300  train 9.5190e-05  val 7.2725e-04  (4267 s)
2026-09-26 21:44:46,591 epoch  7400  train 9.4366e-05  val 7.0857e-04  (4325 s)
2026-09-26 21:45:44,141 epoch  7500  train 9.3551e-05  val 7.1378e-04  (4382 s)
2026-09-26 21:46:42,213 epoch  7600  train 9.2716e-05  val 7.0493e-04  (4440 s)
2026-09-26 21:47:39,520 epoch  7700  train 9.2676e-05  val 7.0868e-04  (4498 s)
2026-09-26 21:48:37,125 epoch  7800  train 9.1266e-05  val 7.0039e-04  (4555 s)
2026-09-26 21:49:34,454 epoch  7900  train 1.8188e-04  val 6.7785e-04  (4613 s)
2026-09-26 21:50:32,414 epoch  8000  train 9.0007e-05  val 7.0625e-04  (4671 s)
2026-09-26 21:51:29,530 epoch  8100  train 8.9175e-05  val 7.0191e-04  (4728 s)
2026-09-26 21:52:26,821 epoch  8200  train 8.9069e-05  val 6.9973e-04  (4785 s)
2026-09-26 21:53:24,573 epoch  8300  train 8.8292e-05  val 7.1350e-04  (4843 s)
2026-09-26 21:54:21,751 epoch  8400  train 8.7897e-05  val 7.0280e-04  (4900 s)
2026-09-26 21:55:19,096 epoch  8500  train 8.6929e-05  val 6.9573e-04  (4957 s)
2026-09-26 21:56:16,595 epoch  8600  train 8.6691e-05  val 6.9837e-04  (5015 s)
2026-09-26 21:57:13,970 epoch  8700  train 8.5672e-05  val 6.8876e-04  (5072 s)
2026-09-26 21:58:11,677 epoch  8800  train 8.5598e-05  val 6.9713e-04  (5130 s)
2026-09-26 21:59:09,346 epoch  8900  train 8.4327e-05  val 6.8425e-04  (5187 s)
2026-09-26 22:00:08,094 epoch  9000  train 8.4003e-05  val 6.8466e-04  (5246 s)
2026-09-26 22:01:06,075 epoch  9100  train 8.3095e-05  val 6.8133e-04  (5304 s)
2026-09-26 22:02:03,352 epoch  9200  train 8.3421e-05  val 6.7761e-04  (5361 s)
2026-09-26 22:03:00,539 epoch  9300  train 9.9749e-05  val 7.3020e-04  (5419 s)
2026-09-26 22:03:58,031 epoch  9400  train 8.1423e-05  val 6.7570e-04  (5476 s)
2026-09-26 22:04:55,767 epoch  9500  train 8.0973e-05  val 6.7931e-04  (5534 s)
2026-09-26 22:05:52,961 epoch  9600  train 8.0404e-05  val 6.7311e-04  (5591 s)
2026-09-26 22:06:50,973 epoch  9700  train 7.9991e-05  val 6.7081e-04  (5649 s)
2026-09-26 22:07:48,039 epoch  9800  train 7.9545e-05  val 6.7344e-04  (5706 s)
2026-09-26 22:08:45,370 epoch  9900  train 7.9140e-05  val 6.6754e-04  (5763 s)
2026-09-26 22:09:42,441 epoch 10000  train 7.8859e-05  val 6.7139e-04  (5821 s)
2026-09-26 22:09:44,833 completed | 10000 epochs | 5820.8 s | train 7.8859e-05 val 6.7139e-04
