2026-09-30 00:46:17,483 run start | results/experiments/biodiesel/author_repo_match/figures/fig04/chemkan_h03_seed0 | seed 0 | params 117
2026-09-30 00:46:17,979 epoch     1  train 2.7916e-01  val 2.5246e-01  (0 s)
2026-09-30 00:46:37,555 epoch   100  train 2.1414e-02  val 2.4860e-02  (20 s)
2026-09-30 00:47:00,393 epoch   200  train 9.5884e-03  val 1.0226e-02  (43 s)
2026-09-30 00:47:25,841 epoch   300  train 4.6870e-03  val 4.3212e-03  (68 s)
2026-09-30 00:47:52,921 epoch   400  train 2.6360e-03  val 2.6313e-03  (95 s)
2026-09-30 00:48:22,692 epoch   500  train 1.9453e-03  val 2.1041e-03  (125 s)
2026-09-30 00:48:52,834 epoch   600  train 1.5433e-03  val 1.8294e-03  (155 s)
2026-09-30 00:49:23,372 epoch   700  train 1.2406e-03  val 1.6633e-03  (186 s)
2026-09-30 00:49:53,849 epoch   800  train 1.0335e-03  val 1.5275e-03  (216 s)
2026-09-30 00:50:23,749 epoch   900  train 9.1015e-04  val 1.4385e-03  (246 s)
2026-09-30 00:50:53,300 epoch  1000  train 8.2438e-04  val 1.3563e-03  (276 s)
2026-09-30 00:51:22,805 epoch  1100  train 7.5678e-04  val 1.2864e-03  (305 s)
2026-09-30 00:51:52,631 epoch  1200  train 7.0071e-04  val 1.2219e-03  (335 s)
2026-09-30 00:52:22,472 epoch  1300  train 6.5029e-04  val 1.1551e-03  (365 s)
2026-09-30 00:52:52,522 epoch  1400  train 6.0651e-04  val 1.0807e-03  (395 s)
2026-09-30 00:53:22,483 epoch  1500  train 5.6801e-04  val 1.0151e-03  (425 s)
2026-09-30 00:53:52,380 epoch  1600  train 5.3373e-04  val 9.6398e-04  (455 s)
2026-09-30 00:54:22,121 epoch  1700  train 5.0371e-04  val 9.2450e-04  (485 s)
2026-09-30 00:54:52,479 epoch  1800  train 4.7668e-04  val 8.9103e-04  (515 s)
2026-09-30 00:55:22,524 epoch  1900  train 4.5307e-04  val 8.6181e-04  (545 s)
2026-09-30 00:55:52,661 epoch  2000  train 4.3113e-04  val 8.4444e-04  (575 s)
2026-09-30 00:56:23,188 epoch  2100  train 4.1334e-04  val 8.0137e-04  (606 s)
2026-09-30 00:56:53,257 epoch  2200  train 3.9122e-04  val 8.0635e-04  (636 s)
2026-09-30 00:57:23,363 epoch  2300  train 3.7133e-04  val 7.8588e-04  (666 s)
2026-09-30 00:57:53,328 epoch  2400  train 3.5127e-04  val 7.5772e-04  (696 s)
2026-09-30 00:58:23,176 epoch  2500  train 3.3048e-04  val 7.2125e-04  (726 s)
2026-09-30 00:58:52,982 epoch  2600  train 3.1285e-04  val 7.0463e-04  (755 s)
2026-09-30 00:59:23,408 epoch  2700  train 2.8751e-04  val 6.4100e-04  (786 s)
2026-09-30 00:59:53,835 epoch  2800  train 2.6821e-04  val 5.8833e-04  (816 s)
2026-09-30 01:00:23,970 epoch  2900  train 2.5465e-04  val 5.6204e-04  (846 s)
2026-09-30 01:00:54,170 epoch  3000  train 2.4285e-04  val 5.2442e-04  (877 s)
2026-09-30 01:01:24,476 epoch  3100  train 2.2900e-04  val 5.1712e-04  (907 s)
2026-09-30 01:01:54,681 epoch  3200  train 2.1685e-04  val 4.9463e-04  (937 s)
2026-09-30 01:02:24,784 epoch  3300  train 2.0865e-04  val 4.9552e-04  (967 s)
2026-09-30 01:02:54,869 epoch  3400  train 2.0032e-04  val 4.9734e-04  (997 s)
2026-09-30 01:03:25,154 epoch  3500  train 1.9462e-04  val 4.6458e-04  (1028 s)
2026-09-30 01:03:55,227 epoch  3600  train 1.9578e-04  val 4.5455e-04  (1058 s)
2026-09-30 01:04:25,053 epoch  3700  train 1.8765e-04  val 4.6649e-04  (1088 s)
2026-09-30 01:04:54,554 epoch  3800  train 1.7326e-04  val 4.7792e-04  (1117 s)
2026-09-30 01:05:24,485 epoch  3900  train 1.6681e-04  val 4.6063e-04  (1147 s)
2026-09-30 01:05:54,079 epoch  4000  train 1.8636e-04  val 5.3709e-04  (1177 s)
2026-09-30 01:06:23,805 epoch  4100  train 2.0521e-04  val 5.7174e-04  (1206 s)
2026-09-30 01:06:53,455 epoch  4200  train 1.5234e-04  val 4.3650e-04  (1236 s)
2026-09-30 01:07:23,128 epoch  4300  train 1.4457e-04  val 4.3129e-04  (1266 s)
2026-09-30 01:07:52,875 epoch  4400  train 1.5438e-04  val 4.5287e-04  (1295 s)
2026-09-30 01:08:22,734 epoch  4500  train 2.5620e-04  val 6.6788e-04  (1325 s)
2026-09-30 01:08:52,379 epoch  4600  train 1.2860e-04  val 4.2738e-04  (1355 s)
2026-09-30 01:09:22,556 epoch  4700  train 1.2539e-04  val 4.2193e-04  (1385 s)
2026-09-30 01:09:52,538 epoch  4800  train 1.2405e-04  val 4.0752e-04  (1415 s)
2026-09-30 01:10:22,345 epoch  4900  train 1.1907e-04  val 4.1550e-04  (1445 s)
2026-09-30 01:10:51,913 epoch  5000  train 1.1700e-04  val 4.0720e-04  (1474 s)
2026-09-30 01:10:58,318 completed | 5000 epochs | 1474.4 s | train 1.1700e-04 val 4.0720e-04
