2026-09-30 00:52:06,964 run start | results/experiments/biodiesel/author_repo_match/figures/fig05/chemkan_noise10_seed0 | seed 0 | params 156
2026-09-30 00:52:07,471 epoch     1  train 2.2024e-01  val 1.9983e-01  (0 s)
2026-09-30 00:52:27,309 epoch   100  train 2.0333e-02  val 1.9606e-02  (20 s)
2026-09-30 00:52:49,777 epoch   200  train 9.1880e-03  val 7.3184e-03  (43 s)
2026-09-30 00:53:15,415 epoch   300  train 5.4694e-03  val 2.7275e-03  (68 s)
2026-09-30 00:53:41,379 epoch   400  train 4.7962e-03  val 2.0232e-03  (94 s)
2026-09-30 00:54:09,780 epoch   500  train 4.3943e-03  val 1.7340e-03  (123 s)
2026-09-30 00:54:38,566 epoch   600  train 4.0932e-03  val 1.5648e-03  (152 s)
2026-09-30 00:55:07,597 epoch   700  train 3.8946e-03  val 1.4888e-03  (181 s)
2026-09-30 00:55:36,326 epoch   800  train 3.7452e-03  val 1.4592e-03  (209 s)
2026-09-30 00:56:05,237 epoch   900  train 3.6379e-03  val 1.4391e-03  (238 s)
2026-09-30 00:56:33,988 epoch  1000  train 3.5657e-03  val 1.4012e-03  (267 s)
2026-09-30 00:57:02,867 epoch  1100  train 3.5170e-03  val 1.3334e-03  (296 s)
2026-09-30 00:57:31,911 epoch  1200  train 3.4846e-03  val 1.2156e-03  (325 s)
2026-09-30 00:58:00,635 epoch  1300  train 3.4584e-03  val 1.1643e-03  (354 s)
2026-09-30 00:58:29,371 epoch  1400  train 3.5907e-03  val 1.6051e-03  (382 s)
2026-09-30 00:58:58,410 epoch  1500  train 3.4203e-03  val 1.0178e-03  (411 s)
2026-09-30 00:59:27,658 epoch  1600  train 3.4043e-03  val 9.5391e-04  (441 s)
2026-09-30 00:59:56,763 epoch  1700  train 3.3910e-03  val 8.9549e-04  (470 s)
2026-09-30 01:00:25,911 epoch  1800  train 3.3776e-03  val 8.5533e-04  (499 s)
2026-09-30 01:00:55,089 epoch  1900  train 3.3658e-03  val 8.0895e-04  (528 s)
2026-09-30 01:01:24,390 epoch  2000  train 3.3551e-03  val 7.8657e-04  (557 s)
2026-09-30 01:01:53,507 epoch  2100  train 3.3447e-03  val 7.1020e-04  (587 s)
2026-09-30 01:02:22,621 epoch  2200  train 3.3341e-03  val 6.8172e-04  (616 s)
2026-09-30 01:02:51,833 epoch  2300  train 3.3243e-03  val 6.8903e-04  (645 s)
2026-09-30 01:03:20,846 epoch  2400  train 3.3183e-03  val 6.8193e-04  (674 s)
2026-09-30 01:03:49,906 epoch  2500  train 3.3055e-03  val 6.3236e-04  (703 s)
2026-09-30 01:04:18,666 epoch  2600  train 3.3170e-03  val 5.6539e-04  (732 s)
2026-09-30 01:04:47,462 epoch  2700  train 3.2905e-03  val 5.8556e-04  (760 s)
2026-09-30 01:05:16,291 epoch  2800  train 3.2856e-03  val 5.6235e-04  (789 s)
2026-09-30 01:05:46,063 epoch  2900  train 3.2794e-03  val 5.5318e-04  (819 s)
2026-09-30 01:06:15,036 epoch  3000  train 3.2779e-03  val 5.3086e-04  (848 s)
2026-09-30 01:06:43,667 epoch  3100  train 3.3112e-03  val 6.5445e-04  (877 s)
2026-09-30 01:07:12,382 epoch  3200  train 3.4452e-03  val 5.9937e-04  (905 s)
2026-09-30 01:07:41,028 epoch  3300  train 3.2795e-03  val 5.9640e-04  (934 s)
2026-09-30 01:08:09,856 epoch  3400  train 3.2522e-03  val 5.2249e-04  (963 s)
2026-09-30 01:08:38,574 epoch  3500  train 3.2485e-03  val 5.1331e-04  (992 s)
2026-09-30 01:09:07,314 epoch  3600  train 3.2451e-03  val 4.9972e-04  (1020 s)
2026-09-30 01:09:36,066 epoch  3700  train 3.2417e-03  val 5.0020e-04  (1049 s)
2026-09-30 01:10:04,755 epoch  3800  train 3.2382e-03  val 4.8628e-04  (1078 s)
2026-09-30 01:10:33,633 epoch  3900  train 3.2353e-03  val 4.8270e-04  (1107 s)
2026-09-30 01:11:02,293 epoch  4000  train 3.2328e-03  val 4.7540e-04  (1135 s)
2026-09-30 01:11:31,010 epoch  4100  train 3.2337e-03  val 4.8536e-04  (1164 s)
2026-09-30 01:11:59,437 epoch  4200  train 3.3907e-03  val 7.0156e-04  (1192 s)
2026-09-30 01:12:29,194 epoch  4300  train 3.2246e-03  val 4.5456e-04  (1222 s)
2026-09-30 01:12:59,834 epoch  4400  train 3.2224e-03  val 4.4501e-04  (1253 s)
2026-09-30 01:13:30,751 epoch  4500  train 3.2208e-03  val 4.4025e-04  (1284 s)
2026-09-30 01:14:02,113 epoch  4600  train 3.3139e-03  val 4.6123e-04  (1315 s)
2026-09-30 01:14:33,590 epoch  4700  train 3.2158e-03  val 4.2848e-04  (1347 s)
2026-09-30 01:15:05,086 epoch  4800  train 3.2140e-03  val 4.1914e-04  (1378 s)
2026-09-30 01:15:36,335 epoch  4900  train 3.2127e-03  val 4.1797e-04  (1409 s)
2026-09-30 01:16:07,102 epoch  5000  train 3.2114e-03  val 4.0455e-04  (1440 s)
2026-09-30 01:16:37,850 epoch  5100  train 3.2103e-03  val 4.1026e-04  (1471 s)
2026-09-30 01:17:08,386 epoch  5200  train 3.2076e-03  val 3.9392e-04  (1501 s)
2026-09-30 01:17:38,961 epoch  5300  train 3.2055e-03  val 3.9183e-04  (1532 s)
2026-09-30 01:18:09,702 epoch  5400  train 3.2225e-03  val 3.7910e-04  (1563 s)
2026-09-30 01:18:40,268 epoch  5500  train 3.2018e-03  val 3.8433e-04  (1593 s)
2026-09-30 01:19:10,794 epoch  5600  train 3.2003e-03  val 3.7602e-04  (1624 s)
2026-09-30 01:19:41,503 epoch  5700  train 3.2001e-03  val 3.7350e-04  (1655 s)
2026-09-30 01:20:11,837 epoch  5800  train 3.2271e-03  val 4.0651e-04  (1685 s)
2026-09-30 01:20:39,765 epoch  5900  train 3.1959e-03  val 3.6253e-04  (1713 s)
2026-09-30 01:21:07,686 epoch  6000  train 3.1945e-03  val 3.5516e-04  (1741 s)
2026-09-30 01:21:36,176 epoch  6100  train 3.1938e-03  val 3.4689e-04  (1769 s)
2026-09-30 01:22:04,109 epoch  6200  train 3.2282e-03  val 4.0116e-04  (1797 s)
2026-09-30 01:22:32,089 epoch  6300  train 3.1904e-03  val 3.4211e-04  (1825 s)
2026-09-30 01:23:00,156 epoch  6400  train 3.1894e-03  val 3.3449e-04  (1853 s)
2026-09-30 01:23:28,140 epoch  6500  train 3.1908e-03  val 3.3883e-04  (1881 s)
2026-09-30 01:23:56,245 epoch  6600  train 3.1865e-03  val 3.2878e-04  (1909 s)
2026-09-30 01:24:24,360 epoch  6700  train 3.1854e-03  val 3.2318e-04  (1937 s)
2026-09-30 01:24:52,388 epoch  6800  train 3.1881e-03  val 3.1562e-04  (1965 s)
2026-09-30 01:25:19,980 epoch  6900  train 3.1828e-03  val 3.1603e-04  (1993 s)
2026-09-30 01:25:50,027 epoch  7000  train 3.1821e-03  val 3.0887e-04  (2023 s)
2026-09-30 01:26:20,355 epoch  7100  train 3.3030e-03  val 4.2736e-04  (2053 s)
2026-09-30 01:26:50,998 epoch  7200  train 3.1791e-03  val 3.0339e-04  (2084 s)
2026-09-30 01:27:22,056 epoch  7300  train 3.1793e-03  val 2.9765e-04  (2115 s)
2026-09-30 01:27:53,265 epoch  7400  train 3.1802e-03  val 3.0038e-04  (2146 s)
2026-09-30 01:28:24,301 epoch  7500  train 3.1755e-03  val 2.9224e-04  (2177 s)
2026-09-30 01:28:55,077 epoch  7600  train 3.1760e-03  val 2.9310e-04  (2208 s)
2026-09-30 01:29:25,299 epoch  7700  train 3.1776e-03  val 2.9177e-04  (2238 s)
2026-09-30 01:29:55,214 epoch  7800  train 3.1718e-03  val 2.8119e-04  (2268 s)
2026-09-30 01:30:25,197 epoch  7900  train 3.1711e-03  val 2.8452e-04  (2298 s)
2026-09-30 01:30:55,435 epoch  8000  train 3.3019e-03  val 4.0025e-04  (2328 s)
2026-09-30 01:31:25,852 epoch  8100  train 3.1683e-03  val 2.7177e-04  (2359 s)
2026-09-30 01:31:55,951 epoch  8200  train 3.1676e-03  val 2.6612e-04  (2389 s)
2026-09-30 01:32:26,071 epoch  8300  train 3.2184e-03  val 3.2884e-04  (2419 s)
2026-09-30 01:32:56,181 epoch  8400  train 3.1648e-03  val 2.6372e-04  (2449 s)
2026-09-30 01:33:26,049 epoch  8500  train 3.1640e-03  val 2.6006e-04  (2479 s)
2026-09-30 01:33:55,949 epoch  8600  train 3.1628e-03  val 2.5971e-04  (2509 s)
2026-09-30 01:34:25,821 epoch  8700  train 3.1615e-03  val 2.5579e-04  (2539 s)
2026-09-30 01:34:55,810 epoch  8800  train 3.1638e-03  val 2.5897e-04  (2569 s)
2026-09-30 01:35:25,613 epoch  8900  train 3.1635e-03  val 2.8041e-04  (2599 s)
2026-09-30 01:35:55,574 epoch  9000  train 3.1623e-03  val 2.6215e-04  (2629 s)
2026-09-30 01:36:25,974 epoch  9100  train 3.1861e-03  val 3.1379e-04  (2659 s)
2026-09-30 01:36:56,237 epoch  9200  train 3.1643e-03  val 2.5170e-04  (2689 s)
2026-09-30 01:37:26,500 epoch  9300  train 3.1551e-03  val 2.4937e-04  (2720 s)
2026-09-30 01:37:56,954 epoch  9400  train 3.1542e-03  val 2.4693e-04  (2750 s)
2026-09-30 01:38:27,382 epoch  9500  train 3.1534e-03  val 2.5094e-04  (2780 s)
2026-09-30 01:38:57,720 epoch  9600  train 3.1528e-03  val 2.4674e-04  (2811 s)
2026-09-30 01:39:28,122 epoch  9700  train 3.1547e-03  val 2.5694e-04  (2841 s)
2026-09-30 01:39:58,228 epoch  9800  train 3.1528e-03  val 2.5807e-04  (2871 s)
2026-09-30 01:40:28,252 epoch  9900  train 3.2009e-03  val 2.6747e-04  (2901 s)
2026-09-30 01:40:58,387 epoch 10000  train 3.1491e-03  val 2.4637e-04  (2931 s)
2026-09-30 01:41:04,609 completed | 10000 epochs | 2931.4 s | train 3.1491e-03 val 2.4637e-04
