2026-09-28 01:56:08,487 run start | results/experiments/biodiesel/author_repo_match/run_batched_fsa_juliainit | seed 0 | params 156
2026-09-28 01:56:08,730 epoch     1  train 2.7782e-01  val 2.5103e-01  (0 s)
2026-09-28 01:56:20,882 epoch   100  train 2.5270e-02  val 2.9148e-02  (12 s)
2026-09-28 01:56:34,524 epoch   200  train 8.5504e-03  val 9.6123e-03  (26 s)
2026-09-28 01:56:49,174 epoch   300  train 4.4473e-03  val 4.7517e-03  (41 s)
2026-09-28 01:57:02,324 epoch   400  train 3.0120e-03  val 3.1391e-03  (54 s)
2026-09-28 01:57:15,137 epoch   500  train 2.3775e-03  val 2.5117e-03  (67 s)
2026-09-28 01:57:28,146 epoch   600  train 1.9979e-03  val 2.1164e-03  (80 s)
2026-09-28 01:57:40,887 epoch   700  train 1.7003e-03  val 1.7819e-03  (92 s)
2026-09-28 01:57:53,897 epoch   800  train 1.4457e-03  val 1.5099e-03  (105 s)
2026-09-28 01:58:10,054 epoch   900  train 1.2092e-03  val 1.2990e-03  (122 s)
2026-09-28 01:58:24,185 epoch  1000  train 9.8972e-04  val 1.1360e-03  (136 s)
2026-09-28 01:58:37,819 epoch  1100  train 8.0599e-04  val 1.0280e-03  (149 s)
2026-09-28 01:58:51,707 epoch  1200  train 6.7040e-04  val 9.3377e-04  (163 s)
2026-09-28 01:59:05,893 epoch  1300  train 5.9693e-04  val 9.3407e-04  (177 s)
2026-09-28 01:59:18,485 epoch  1400  train 5.0647e-04  val 8.5106e-04  (190 s)
2026-09-28 01:59:30,828 epoch  1500  train 4.5623e-04  val 7.7734e-04  (202 s)
2026-09-28 01:59:43,257 epoch  1600  train 4.1613e-04  val 7.4621e-04  (215 s)
2026-09-28 01:59:54,743 epoch  1700  train 3.8483e-04  val 7.1447e-04  (226 s)
2026-09-28 02:00:06,105 epoch  1800  train 3.5614e-04  val 6.8012e-04  (238 s)
2026-09-28 02:00:17,698 epoch  1900  train 3.3297e-04  val 6.5116e-04  (249 s)
2026-09-28 02:00:29,493 epoch  2000  train 3.1353e-04  val 6.1901e-04  (261 s)
2026-09-28 02:00:41,101 epoch  2100  train 2.9658e-04  val 6.0179e-04  (273 s)
2026-09-28 02:00:52,973 epoch  2200  train 2.7895e-04  val 5.7047e-04  (284 s)
2026-09-28 02:01:04,815 epoch  2300  train 2.6531e-04  val 5.4806e-04  (296 s)
2026-09-28 02:01:16,503 epoch  2400  train 2.5243e-04  val 5.2892e-04  (308 s)
2026-09-28 02:01:29,007 epoch  2500  train 2.4150e-04  val 5.0988e-04  (321 s)
2026-09-28 02:01:40,748 epoch  2600  train 2.3093e-04  val 4.9406e-04  (332 s)
2026-09-28 02:01:52,701 epoch  2700  train 2.2224e-04  val 4.7848e-04  (344 s)
2026-09-28 02:02:04,217 epoch  2800  train 2.1333e-04  val 4.6591e-04  (356 s)
2026-09-28 02:02:16,316 epoch  2900  train 3.3460e-04  val 6.1015e-04  (368 s)
2026-09-28 02:02:30,441 epoch  3000  train 1.9868e-04  val 4.4268e-04  (382 s)
2026-09-28 02:02:44,816 epoch  3100  train 1.9168e-04  val 4.3206e-04  (396 s)
2026-09-28 02:02:56,378 epoch  3200  train 1.8505e-04  val 4.2262e-04  (408 s)
2026-09-28 02:03:09,986 epoch  3300  train 1.8084e-04  val 4.1410e-04  (421 s)
2026-09-28 02:03:22,886 epoch  3400  train 1.7395e-04  val 4.0754e-04  (434 s)
2026-09-28 02:03:35,980 epoch  3500  train 1.6842e-04  val 3.9974e-04  (447 s)
2026-09-28 02:03:50,619 epoch  3600  train 2.0457e-04  val 4.2349e-04  (462 s)
2026-09-28 02:04:06,198 epoch  3700  train 1.5912e-04  val 3.8444e-04  (478 s)
2026-09-28 02:04:19,469 epoch  3800  train 1.5445e-04  val 3.7793e-04  (491 s)
2026-09-28 02:04:32,896 epoch  3900  train 1.4999e-04  val 3.7141e-04  (504 s)
2026-09-28 02:04:47,706 epoch  4000  train 1.4676e-04  val 3.6691e-04  (519 s)
2026-09-28 02:05:00,612 epoch  4100  train 1.4259e-04  val 3.6110e-04  (532 s)
2026-09-28 02:05:15,483 epoch  4200  train 1.3882e-04  val 3.5801e-04  (547 s)
2026-09-28 02:05:29,076 epoch  4300  train 1.3922e-04  val 3.4252e-04  (561 s)
2026-09-28 02:05:42,770 epoch  4400  train 1.3253e-04  val 3.5413e-04  (574 s)
2026-09-28 02:05:56,036 epoch  4500  train 1.2932e-04  val 3.5395e-04  (588 s)
2026-09-28 02:06:08,714 epoch  4600  train 1.2794e-04  val 3.6056e-04  (600 s)
2026-09-28 02:06:21,202 epoch  4700  train 1.2397e-04  val 3.5505e-04  (613 s)
2026-09-28 02:06:34,608 epoch  4800  train 1.2120e-04  val 3.5617e-04  (626 s)
2026-09-28 02:06:48,495 epoch  4900  train 2.0399e-04  val 3.5821e-04  (640 s)
2026-09-28 02:07:02,509 epoch  5000  train 1.1665e-04  val 3.5643e-04  (654 s)
2026-09-28 02:07:15,306 epoch  5100  train 1.1417e-04  val 3.5709e-04  (667 s)
2026-09-28 02:07:30,365 epoch  5200  train 1.1167e-04  val 3.5588e-04  (682 s)
2026-09-28 02:07:45,160 epoch  5300  train 1.0988e-04  val 3.5097e-04  (697 s)
2026-09-28 02:08:11,482 epoch  5400  train 1.0712e-04  val 3.5251e-04  (723 s)
2026-09-28 02:08:27,563 epoch  5500  train 1.0468e-04  val 3.5057e-04  (739 s)
2026-09-28 02:08:41,984 epoch  5600  train 1.2406e-04  val 3.1889e-04  (753 s)
2026-09-28 02:08:57,387 epoch  5700  train 1.0090e-04  val 3.4801e-04  (769 s)
2026-09-28 02:09:12,238 epoch  5800  train 9.8852e-05  val 3.4595e-04  (784 s)
2026-09-28 02:09:28,575 epoch  5900  train 9.6825e-05  val 3.4367e-04  (800 s)
2026-09-28 02:09:45,258 epoch  6000  train 9.5717e-05  val 3.4399e-04  (817 s)
2026-09-28 02:10:02,300 epoch  6100  train 9.3502e-05  val 3.3938e-04  (834 s)
2026-09-28 02:10:18,845 epoch  6200  train 9.1419e-05  val 3.3720e-04  (850 s)
2026-09-28 02:10:34,951 epoch  6300  train 8.9208e-05  val 3.3507e-04  (866 s)
2026-09-28 02:10:48,985 epoch  6400  train 8.7625e-05  val 3.3252e-04  (880 s)
2026-09-28 02:11:04,892 epoch  6500  train 8.4952e-05  val 3.2968e-04  (896 s)
2026-09-28 02:11:22,278 epoch  6600  train 8.2244e-05  val 3.2633e-04  (914 s)
2026-09-28 02:11:44,410 epoch  6700  train 7.9317e-05  val 3.2233e-04  (936 s)
2026-09-28 02:11:59,429 epoch  6800  train 7.6934e-05  val 3.1523e-04  (951 s)
2026-09-28 02:12:16,104 epoch  6900  train 7.3572e-05  val 3.0767e-04  (968 s)
2026-09-28 02:12:31,851 epoch  7000  train 7.0646e-05  val 2.9912e-04  (983 s)
2026-09-28 02:12:47,882 epoch  7100  train 6.8250e-05  val 2.9174e-04  (999 s)
2026-09-28 02:13:03,737 epoch  7200  train 6.6275e-05  val 2.8173e-04  (1015 s)
2026-09-28 02:13:20,086 epoch  7300  train 6.4105e-05  val 2.8196e-04  (1032 s)
2026-09-28 02:13:35,531 epoch  7400  train 6.2371e-05  val 2.7762e-04  (1047 s)
2026-09-28 02:13:51,527 epoch  7500  train 6.7992e-05  val 2.6163e-04  (1063 s)
2026-09-28 02:14:07,393 epoch  7600  train 5.9158e-05  val 2.7068e-04  (1079 s)
2026-09-28 02:14:23,474 epoch  7700  train 5.7861e-05  val 2.7171e-04  (1095 s)
2026-09-28 02:14:41,186 epoch  7800  train 5.6444e-05  val 2.6861e-04  (1113 s)
2026-09-28 02:15:06,353 epoch  7900  train 5.5257e-05  val 2.6594e-04  (1138 s)
2026-09-28 02:15:37,665 epoch  8000  train 1.3342e-04  val 2.8645e-04  (1169 s)
2026-09-28 02:15:58,543 epoch  8100  train 5.2890e-05  val 2.6253e-04  (1190 s)
2026-09-28 02:16:12,742 epoch  8200  train 5.2004e-05  val 2.6088e-04  (1204 s)
2026-09-28 02:16:26,341 epoch  8300  train 5.0697e-05  val 2.5723e-04  (1218 s)
2026-09-28 02:16:41,365 epoch  8400  train 5.2401e-05  val 2.4643e-04  (1233 s)
2026-09-28 02:16:56,438 epoch  8500  train 5.4543e-05  val 2.7828e-04  (1248 s)
2026-09-28 02:17:11,377 epoch  8600  train 4.8516e-05  val 2.5738e-04  (1263 s)
2026-09-28 02:17:29,004 epoch  8700  train 6.5384e-05  val 2.3753e-04  (1280 s)
2026-09-28 02:17:49,159 epoch  8800  train 4.5982e-05  val 2.4255e-04  (1301 s)
2026-09-28 02:18:07,641 epoch  8900  train 5.0512e-05  val 2.2915e-04  (1319 s)
2026-09-28 02:18:26,019 epoch  9000  train 5.0875e-05  val 2.5001e-04  (1338 s)
2026-09-28 02:18:46,573 epoch  9100  train 4.5221e-05  val 2.4541e-04  (1358 s)
2026-09-28 02:19:05,649 epoch  9200  train 4.2862e-05  val 2.3083e-04  (1377 s)
2026-09-28 02:19:26,509 epoch  9300  train 4.2079e-05  val 2.2895e-04  (1398 s)
2026-09-28 02:20:05,746 epoch  9400  train 4.1438e-05  val 2.2838e-04  (1437 s)
2026-09-28 02:20:34,365 epoch  9500  train 4.0873e-05  val 2.2545e-04  (1466 s)
2026-09-28 02:21:12,735 epoch  9600  train 4.0138e-05  val 2.2307e-04  (1504 s)
2026-09-28 02:21:38,310 epoch  9700  train 3.9852e-05  val 2.2012e-04  (1530 s)
2026-09-28 02:22:00,182 epoch  9800  train 3.8947e-05  val 2.2117e-04  (1552 s)
2026-09-28 02:22:18,452 epoch  9900  train 3.8438e-05  val 2.2342e-04  (1570 s)
2026-09-28 02:22:36,871 epoch 10000  train 3.8036e-05  val 2.2476e-04  (1588 s)
2026-09-28 02:22:40,124 completed | 10000 epochs | 1588.4 s | train 3.8036e-05 val 2.2476e-04
