2026-09-29 23:04:02,569 run start | results/experiments/biodiesel/author_repo_match/figures/fig04/chemkan_h11_seed0 | seed 0 | params 429
2026-09-29 23:04:03,217 epoch     1  train 2.4439e-01  val 2.1903e-01  (0 s)
2026-09-29 23:04:35,910 epoch   100  train 2.4310e-02  val 2.7430e-02  (33 s)
2026-09-29 23:05:22,219 epoch   200  train 2.5987e-03  val 4.5699e-03  (80 s)
2026-09-29 23:06:12,007 epoch   300  train 9.9126e-04  val 2.3746e-03  (129 s)
2026-09-29 23:07:03,089 epoch   400  train 4.7357e-04  val 1.5874e-03  (181 s)
2026-09-29 23:07:57,912 epoch   500  train 2.9620e-04  val 1.2538e-03  (235 s)
2026-09-29 23:08:53,784 epoch   600  train 2.5257e-04  val 1.1385e-03  (291 s)
2026-09-29 23:09:49,949 epoch   700  train 1.8890e-04  val 9.3714e-04  (347 s)
2026-09-29 23:10:47,079 epoch   800  train 1.5267e-04  val 8.3636e-04  (405 s)
2026-09-29 23:11:45,489 epoch   900  train 1.2776e-04  val 7.8279e-04  (463 s)
2026-09-29 23:12:43,011 epoch  1000  train 1.3837e-04  val 7.5764e-04  (520 s)
2026-09-29 23:13:39,648 epoch  1100  train 9.4091e-05  val 7.2784e-04  (577 s)
2026-09-29 23:14:36,875 epoch  1200  train 9.8784e-05  val 7.4611e-04  (634 s)
2026-09-29 23:15:38,940 epoch  1300  train 9.0657e-05  val 7.4192e-04  (696 s)
2026-09-29 23:16:41,567 epoch  1400  train 7.1465e-05  val 7.1875e-04  (759 s)
2026-09-29 23:17:42,665 epoch  1500  train 6.7839e-05  val 6.6857e-04  (820 s)
2026-09-29 23:18:44,033 epoch  1600  train 5.8576e-05  val 6.7317e-04  (881 s)
2026-09-29 23:19:45,703 epoch  1700  train 5.8866e-05  val 6.6434e-04  (943 s)
2026-09-29 23:20:47,672 epoch  1800  train 5.9186e-05  val 6.6202e-04  (1005 s)
2026-09-29 23:21:49,809 epoch  1900  train 5.0671e-05  val 6.2388e-04  (1067 s)
2026-09-29 23:22:51,729 epoch  2000  train 5.4989e-05  val 6.6116e-04  (1129 s)
2026-09-29 23:23:53,344 epoch  2100  train 6.3012e-05  val 5.7789e-04  (1191 s)
2026-09-29 23:24:54,705 epoch  2200  train 7.1593e-05  val 5.7413e-04  (1252 s)
2026-09-29 23:25:56,245 epoch  2300  train 4.4983e-05  val 5.9866e-04  (1314 s)
2026-09-29 23:26:58,153 epoch  2400  train 3.9364e-05  val 5.8336e-04  (1376 s)
2026-09-29 23:28:00,436 epoch  2500  train 3.8032e-05  val 5.6919e-04  (1438 s)
2026-09-29 23:29:02,488 epoch  2600  train 3.6938e-05  val 5.5783e-04  (1500 s)
2026-09-29 23:30:04,344 epoch  2700  train 5.6087e-05  val 5.9535e-04  (1562 s)
2026-09-29 23:31:05,876 epoch  2800  train 3.6355e-05  val 5.6268e-04  (1623 s)
2026-09-29 23:32:07,009 epoch  2900  train 4.5188e-05  val 5.1441e-04  (1684 s)
2026-09-29 23:33:09,912 epoch  3000  train 3.6721e-05  val 5.5932e-04  (1747 s)
2026-09-29 23:34:12,119 epoch  3100  train 3.2633e-05  val 5.2475e-04  (1810 s)
2026-09-29 23:35:13,676 epoch  3200  train 3.2177e-05  val 5.3437e-04  (1871 s)
2026-09-29 23:36:15,811 epoch  3300  train 4.9160e-05  val 4.7897e-04  (1933 s)
2026-09-29 23:37:17,733 epoch  3400  train 2.9486e-05  val 5.1599e-04  (1995 s)
2026-09-29 23:38:19,569 epoch  3500  train 2.8277e-05  val 5.0732e-04  (2057 s)
2026-09-29 23:39:21,864 epoch  3600  train 3.7336e-05  val 5.0845e-04  (2119 s)
2026-09-29 23:40:24,473 epoch  3700  train 2.6638e-05  val 4.9100e-04  (2182 s)
2026-09-29 23:41:27,448 epoch  3800  train 2.7802e-05  val 4.7057e-04  (2245 s)
2026-09-29 23:42:31,069 epoch  3900  train 2.5043e-05  val 4.6692e-04  (2308 s)
2026-09-29 23:43:34,472 epoch  4000  train 2.4501e-05  val 4.6499e-04  (2372 s)
2026-09-29 23:44:37,207 epoch  4100  train 3.8000e-05  val 5.1299e-04  (2435 s)
2026-09-29 23:45:38,464 epoch  4200  train 2.3282e-05  val 4.4594e-04  (2496 s)
2026-09-29 23:46:38,751 epoch  4300  train 2.3362e-05  val 4.5293e-04  (2556 s)
2026-09-29 23:47:38,810 epoch  4400  train 2.2267e-05  val 4.3759e-04  (2616 s)
2026-09-29 23:48:39,406 epoch  4500  train 2.1692e-05  val 4.2625e-04  (2677 s)
2026-09-29 23:49:39,799 epoch  4600  train 2.1062e-05  val 4.2105e-04  (2737 s)
2026-09-29 23:50:40,126 epoch  4700  train 2.0653e-05  val 4.1798e-04  (2798 s)
2026-09-29 23:51:39,993 epoch  4800  train 2.0051e-05  val 4.1125e-04  (2857 s)
2026-09-29 23:52:39,045 epoch  4900  train 2.0282e-05  val 4.0770e-04  (2916 s)
2026-09-29 23:53:38,535 epoch  5000  train 1.9616e-05  val 3.9445e-04  (2976 s)
2026-09-29 23:53:45,422 completed | 5000 epochs | 2976.0 s | train 1.9616e-05 val 3.9445e-04
