2026-09-30 01:43:53,121 INFO run start 2026-09-30T01:43:53Z | run_id=biodiesel-deeponet/deeponet_p384_seed0 | system=biodiesel-deeponet | dir=results/experiments/biodiesel/author_repo_match/figures/fig04/deeponet_p384_seed0
2026-09-30 01:43:53,125 INFO wrote results/experiments/biodiesel/author_repo_match/figures/fig04/deeponet_p384_seed0/config.json
2026-09-30 01:43:53,125 INFO DeepONet w=9: 384 trainable parameters; branch inputs ['TG0', 'ROH0', 'T0'] use train-only min-max scaling; trunk time input tau=t/30.0s; outputs are normalized species concentrations
2026-09-30 01:43:54,461 INFO epoch      0  loss 6.978495e+00
2026-09-30 01:43:56,034 INFO epoch   1000  loss 2.301403e-01
2026-09-30 01:43:57,612 INFO epoch   2000  loss 1.674375e-01
2026-09-30 01:43:59,193 INFO epoch   3000  loss 1.591713e-01
2026-09-30 01:44:00,763 INFO epoch   4000  loss 1.058955e-01
2026-09-30 01:44:02,337 INFO epoch   5000  loss 4.195180e-02
2026-09-30 01:44:03,911 INFO epoch   6000  loss 2.850929e-02
2026-09-30 01:44:05,504 INFO epoch   7000  loss 2.434672e-02
2026-09-30 01:44:07,087 INFO epoch   8000  loss 2.290998e-02
2026-09-30 01:44:08,693 INFO epoch   9000  loss 2.045320e-02
2026-09-30 01:44:10,276 INFO epoch  10000  loss 1.917294e-02
2026-09-30 01:44:11,867 INFO epoch  11000  loss 1.875168e-02
2026-09-30 01:44:13,449 INFO epoch  12000  loss 1.860541e-02
2026-09-30 01:44:15,015 INFO epoch  13000  loss 1.867124e-02
2026-09-30 01:44:16,591 INFO epoch  14000  loss 1.852631e-02
2026-09-30 01:44:18,182 INFO epoch  15000  loss 1.839496e-02
2026-09-30 01:44:19,786 INFO epoch  16000  loss 1.836110e-02
2026-09-30 01:44:21,384 INFO epoch  17000  loss 1.832107e-02
2026-09-30 01:44:22,953 INFO epoch  18000  loss 1.827036e-02
2026-09-30 01:44:24,521 INFO epoch  19000  loss 1.824583e-02
2026-09-30 01:44:26,076 INFO epoch  20000  loss 1.824984e-02
2026-09-30 01:44:27,662 INFO epoch  21000  loss 1.817543e-02
2026-09-30 01:44:29,241 INFO epoch  22000  loss 1.814878e-02
2026-09-30 01:44:30,853 INFO epoch  23000  loss 1.811910e-02
2026-09-30 01:44:32,417 INFO epoch  24000  loss 1.810786e-02
2026-09-30 01:44:33,985 INFO epoch  25000  loss 1.807662e-02
2026-09-30 01:44:35,562 INFO epoch  26000  loss 1.804497e-02
2026-09-30 01:44:37,120 INFO epoch  27000  loss 1.801655e-02
2026-09-30 01:44:38,705 INFO epoch  28000  loss 1.800280e-02
2026-09-30 01:44:40,284 INFO epoch  29000  loss 1.796022e-02
2026-09-30 01:44:41,880 INFO epoch  30000  loss 1.794100e-02
2026-09-30 01:44:43,450 INFO epoch  31000  loss 1.792458e-02
2026-09-30 01:44:45,042 INFO epoch  32000  loss 1.788544e-02
2026-09-30 01:44:46,643 INFO epoch  33000  loss 1.785813e-02
2026-09-30 01:44:48,229 INFO epoch  34000  loss 1.783711e-02
2026-09-30 01:44:49,845 INFO epoch  35000  loss 1.781110e-02
2026-09-30 01:44:51,454 INFO epoch  36000  loss 1.779566e-02
2026-09-30 01:44:53,055 INFO epoch  37000  loss 1.776627e-02
2026-09-30 01:44:54,635 INFO epoch  38000  loss 1.776545e-02
2026-09-30 01:44:56,213 INFO epoch  39000  loss 1.772288e-02
2026-09-30 01:44:57,795 INFO epoch  40000  loss 1.787545e-02
2026-09-30 01:44:59,366 INFO epoch  41000  loss 1.774582e-02
2026-09-30 01:45:00,936 INFO epoch  42000  loss 1.766568e-02
2026-09-30 01:45:02,530 INFO epoch  43000  loss 1.765105e-02
2026-09-30 01:45:04,113 INFO epoch  44000  loss 1.764624e-02
2026-09-30 01:45:05,697 INFO epoch  45000  loss 1.762616e-02
2026-09-30 01:45:07,258 INFO epoch  46000  loss 1.760960e-02
2026-09-30 01:45:08,843 INFO epoch  47000  loss 1.766466e-02
2026-09-30 01:45:10,449 INFO epoch  48000  loss 1.758064e-02
2026-09-30 01:45:12,026 INFO epoch  49000  loss 1.757549e-02
2026-09-30 01:45:13,629 INFO final training loss: 1.755800e-02
2026-09-30 01:45:13,631 INFO wrote results/experiments/biodiesel/author_repo_match/figures/fig04/deeponet_p384_seed0/checkpoint_final.pt
2026-09-30 01:45:13,633 INFO removed results/experiments/biodiesel/author_repo_match/figures/fig04/deeponet_p384_seed0/checkpoint_resume.pt (run completed)
2026-09-30 01:45:13,633 INFO run completed 2026-09-30T01:45:13Z
