2026-10-01 17:40:43,289 INFO run start 2026-10-01T15:40:43Z | run_id=biodiesel-deeponet-repro/deeponet_p249_seed0 | system=biodiesel-deeponet-repro | dir=../results/experiments/biodiesel/author_repo_match/figures_tanh_r1_lr1e-2/fig04/deeponet_p249_seed0
2026-10-01 17:40:43,378 INFO wrote ../results/experiments/biodiesel/author_repo_match/figures_tanh_r1_lr1e-2/fig04/deeponet_p249_seed0/config.json
2026-10-01 17:40:43,383 INFO configuration: branch inputs normalized (author-global normalized Mode A), targets author_global_normalized_states, trunk input raw physical t 0..30 s (30 points), activation tanh, placement A, init Aprime_tf_truncated_glorot_zero_bias, Adam lr 0.01
2026-10-01 17:40:43,383 INFO initial: train {'mean_mse': 0.30112335085868835, 'mean_mse_u': 0.30112335085868835, 'eq18_obs': 9.033699989318848, 'eq22_true': 9.033699989318848, 'eq18_obs_time_averaged': 0.30112333297729493, 'eq22_true_time_averaged': 0.30112333297729493} | test {'mean_mse': 0.28185877203941345, 'mean_mse_u': 0.28185877203941345, 'eq18_obs': 8.455761909484863, 'eq22_true': 8.455761909484863, 'eq18_obs_time_averaged': 0.2818587303161621, 'eq22_true_time_averaged': 0.2818587303161621}
2026-10-01 17:40:43,386 INFO initial prediction stats: {'min': -0.33963707089424133, 'max': 0.8402357697486877, 'mean': 0.07740066200494766, 'abs_max': 0.8402357697486877, 'per_species_min': [0.1511426419019699, 0.010146113112568855, -0.33963707089424133, 0.0, -0.053992487490177155, -0.12153200805187225], 'per_species_max': [0.8402357697486877, 0.18632610142230988, 0.0, 0.14473450183868408, 0.041905827820301056, 0.15950347483158112], 'fraction_negative': 0.3527777777777778}
2026-10-01 17:40:44,348 INFO epoch     0  mean_mse 3.0112e-01 | train eq18 9.0337e+00 test eq18 8.4558e+00
2026-10-01 17:40:44,650 INFO epoch   250  mean_mse 2.5728e-03 | train eq18 7.7184e-02 test eq18 1.0319e-01
2026-10-01 17:40:44,963 INFO epoch   500  mean_mse 1.6543e-03 | train eq18 4.9629e-02 test eq18 6.6915e-02
2026-10-01 17:40:45,299 INFO epoch   750  mean_mse 1.1984e-03 | train eq18 3.5953e-02 test eq18 6.6081e-02
2026-10-01 17:40:45,615 INFO epoch  1000  mean_mse 6.8826e-04 | train eq18 2.0648e-02 test eq18 6.3733e-02
2026-10-01 17:40:45,981 INFO epoch  1250  mean_mse 4.5349e-04 | train eq18 1.3605e-02 test eq18 5.6467e-02
2026-10-01 17:40:46,287 INFO epoch  1500  mean_mse 3.4562e-04 | train eq18 1.0369e-02 test eq18 4.5702e-02
2026-10-01 17:40:46,594 INFO epoch  1750  mean_mse 2.9388e-04 | train eq18 8.8165e-03 test eq18 4.0256e-02
2026-10-01 17:40:46,948 INFO epoch  2000  mean_mse 2.6765e-04 | train eq18 8.0296e-03 test eq18 3.7971e-02
2026-10-01 17:40:47,297 INFO epoch  2250  mean_mse 2.4950e-04 | train eq18 7.4850e-03 test eq18 3.6521e-02
2026-10-01 17:40:47,607 INFO epoch  2500  mean_mse 2.3590e-04 | train eq18 7.0771e-03 test eq18 3.4956e-02
2026-10-01 17:40:47,932 INFO epoch  2750  mean_mse 2.1834e-04 | train eq18 6.5501e-03 test eq18 3.4470e-02
2026-10-01 17:40:48,250 INFO epoch  3000  mean_mse 2.0479e-04 | train eq18 6.1437e-03 test eq18 3.2782e-02
2026-10-01 17:40:48,590 INFO epoch  3250  mean_mse 1.8882e-04 | train eq18 5.6646e-03 test eq18 3.1366e-02
2026-10-01 17:40:48,923 INFO epoch  3500  mean_mse 1.7118e-04 | train eq18 5.1353e-03 test eq18 3.0610e-02
2026-10-01 17:40:49,297 INFO epoch  3750  mean_mse 1.5638e-04 | train eq18 4.6914e-03 test eq18 2.8673e-02
2026-10-01 17:40:49,650 INFO epoch  4000  mean_mse 4.5861e-04 | train eq18 1.3758e-02 test eq18 2.9697e-02
2026-10-01 17:40:49,972 INFO epoch  4250  mean_mse 1.2765e-04 | train eq18 3.8294e-03 test eq18 2.4419e-02
2026-10-01 17:40:50,341 INFO epoch  4500  mean_mse 1.1415e-04 | train eq18 3.4245e-03 test eq18 2.2206e-02
2026-10-01 17:40:50,637 INFO epoch  4750  mean_mse 2.3823e-04 | train eq18 7.1469e-03 test eq18 2.8138e-02
2026-10-01 17:40:50,960 INFO epoch  5000  mean_mse 1.0039e-04 | train eq18 3.0118e-03 test eq18 1.7801e-02
2026-10-01 17:40:51,282 INFO epoch  5250  mean_mse 8.7307e-05 | train eq18 2.6192e-03 test eq18 1.6881e-02
2026-10-01 17:40:51,612 INFO epoch  5500  mean_mse 8.0869e-05 | train eq18 2.4261e-03 test eq18 1.5759e-02
2026-10-01 17:40:51,947 INFO epoch  5750  mean_mse 1.2637e-04 | train eq18 3.7910e-03 test eq18 1.6556e-02
2026-10-01 17:40:52,274 INFO epoch  6000  mean_mse 7.4567e-05 | train eq18 2.2370e-03 test eq18 1.3283e-02
2026-10-01 17:40:52,588 INFO epoch  6250  mean_mse 9.1686e-05 | train eq18 2.7506e-03 test eq18 1.4164e-02
2026-10-01 17:40:52,885 INFO epoch  6500  mean_mse 2.9213e-04 | train eq18 8.7638e-03 test eq18 1.9233e-02
2026-10-01 17:40:53,181 INFO epoch  6750  mean_mse 5.7981e-05 | train eq18 1.7394e-03 test eq18 1.2349e-02
2026-10-01 17:40:53,511 INFO epoch  7000  mean_mse 5.8322e-05 | train eq18 1.7497e-03 test eq18 1.2446e-02
2026-10-01 17:40:53,852 INFO epoch  7250  mean_mse 5.5462e-05 | train eq18 1.6638e-03 test eq18 1.1255e-02
2026-10-01 17:40:54,174 INFO epoch  7500  mean_mse 5.0450e-05 | train eq18 1.5135e-03 test eq18 1.1091e-02
2026-10-01 17:40:54,511 INFO epoch  7750  mean_mse 5.4888e-05 | train eq18 1.6466e-03 test eq18 1.1280e-02
2026-10-01 17:40:54,808 INFO epoch  8000  mean_mse 3.0180e-04 | train eq18 9.0540e-03 test eq18 1.8519e-02
2026-10-01 17:40:55,186 INFO epoch  8250  mean_mse 8.5073e-05 | train eq18 2.5522e-03 test eq18 1.2182e-02
2026-10-01 17:40:55,501 INFO epoch  8500  mean_mse 4.7754e-05 | train eq18 1.4326e-03 test eq18 1.0421e-02
2026-10-01 17:40:55,811 INFO epoch  8750  mean_mse 5.2363e-05 | train eq18 1.5709e-03 test eq18 1.1002e-02
2026-10-01 17:40:56,101 INFO epoch  9000  mean_mse 4.0801e-05 | train eq18 1.2240e-03 test eq18 1.0098e-02
2026-10-01 17:40:56,397 INFO epoch  9250  mean_mse 3.9743e-05 | train eq18 1.1923e-03 test eq18 1.0151e-02
2026-10-01 17:40:56,697 INFO epoch  9500  mean_mse 3.8918e-05 | train eq18 1.1675e-03 test eq18 1.0181e-02
2026-10-01 17:40:57,027 INFO epoch  9750  mean_mse 6.5213e-05 | train eq18 1.9564e-03 test eq18 1.1898e-02
2026-10-01 17:40:57,330 INFO epoch 10000  mean_mse 3.9703e-05 | train eq18 1.1911e-03 test eq18 1.0437e-02
2026-10-01 17:40:57,636 INFO epoch 10250  mean_mse 3.6998e-05 | train eq18 1.1100e-03 test eq18 1.0148e-02
2026-10-01 17:40:57,993 INFO epoch 10500  mean_mse 3.9830e-05 | train eq18 1.1949e-03 test eq18 1.1088e-02
2026-10-01 17:40:58,290 INFO epoch 10750  mean_mse 1.2927e-04 | train eq18 3.8782e-03 test eq18 1.1562e-02
2026-10-01 17:40:58,590 INFO epoch 11000  mean_mse 3.9080e-05 | train eq18 1.1724e-03 test eq18 1.0094e-02
2026-10-01 17:40:58,898 INFO epoch 11250  mean_mse 9.0104e-05 | train eq18 2.7031e-03 test eq18 9.9499e-03
2026-10-01 17:40:59,306 INFO epoch 11500  mean_mse 3.4800e-05 | train eq18 1.0440e-03 test eq18 1.0705e-02
2026-10-01 17:40:59,662 INFO epoch 11750  mean_mse 3.8165e-05 | train eq18 1.1449e-03 test eq18 1.0339e-02
2026-10-01 17:40:59,957 INFO epoch 12000  mean_mse 3.4558e-05 | train eq18 1.0367e-03 test eq18 1.0642e-02
2026-10-01 17:41:00,277 INFO epoch 12250  mean_mse 3.5710e-05 | train eq18 1.0713e-03 test eq18 1.1032e-02
2026-10-01 17:41:00,585 INFO epoch 12500  mean_mse 3.3223e-05 | train eq18 9.9670e-04 test eq18 1.0939e-02
2026-10-01 17:41:00,962 INFO epoch 12750  mean_mse 3.3420e-05 | train eq18 1.0026e-03 test eq18 1.1100e-02
2026-10-01 17:41:01,268 INFO epoch 13000  mean_mse 3.3577e-05 | train eq18 1.0073e-03 test eq18 1.1083e-02
2026-10-01 17:41:01,583 INFO epoch 13250  mean_mse 4.0637e-05 | train eq18 1.2191e-03 test eq18 1.0309e-02
2026-10-01 17:41:01,902 INFO epoch 13500  mean_mse 3.2599e-05 | train eq18 9.7798e-04 test eq18 1.0912e-02
2026-10-01 17:41:02,229 INFO epoch 13750  mean_mse 3.2311e-05 | train eq18 9.6933e-04 test eq18 1.1030e-02
2026-10-01 17:41:02,531 INFO epoch 14000  mean_mse 1.3692e-04 | train eq18 4.1076e-03 test eq18 1.7610e-02
2026-10-01 17:41:02,842 INFO epoch 14250  mean_mse 3.1528e-05 | train eq18 9.4584e-04 test eq18 1.1370e-02
2026-10-01 17:41:03,221 INFO epoch 14500  mean_mse 3.7633e-05 | train eq18 1.1290e-03 test eq18 1.0736e-02
2026-10-01 17:41:03,510 INFO epoch 14750  mean_mse 8.9611e-05 | train eq18 2.6883e-03 test eq18 1.1100e-02
2026-10-01 17:41:03,798 INFO epoch 15000  mean_mse 7.3526e-05 | train eq18 2.2058e-03 test eq18 1.3273e-02
2026-10-01 17:41:04,089 INFO epoch 15250  mean_mse 3.5151e-05 | train eq18 1.0545e-03 test eq18 1.1755e-02
2026-10-01 17:41:04,397 INFO epoch 15500  mean_mse 1.2910e-04 | train eq18 3.8729e-03 test eq18 1.6657e-02
2026-10-01 17:41:04,688 INFO epoch 15750  mean_mse 3.2057e-05 | train eq18 9.6170e-04 test eq18 1.1532e-02
2026-10-01 17:41:04,975 INFO epoch 16000  mean_mse 4.5245e-05 | train eq18 1.3574e-03 test eq18 1.1474e-02
2026-10-01 17:41:05,313 INFO epoch 16250  mean_mse 3.2101e-05 | train eq18 9.6302e-04 test eq18 1.1469e-02
2026-10-01 17:41:05,705 INFO epoch 16500  mean_mse 3.0479e-05 | train eq18 9.1438e-04 test eq18 1.1017e-02
2026-10-01 17:41:06,037 INFO epoch 16750  mean_mse 3.0771e-05 | train eq18 9.2314e-04 test eq18 1.1636e-02
2026-10-01 17:41:06,344 INFO epoch 17000  mean_mse 3.4302e-05 | train eq18 1.0291e-03 test eq18 1.0703e-02
2026-10-01 17:41:06,638 INFO epoch 17250  mean_mse 3.8966e-05 | train eq18 1.1690e-03 test eq18 1.0398e-02
2026-10-01 17:41:06,942 INFO epoch 17500  mean_mse 4.3848e-05 | train eq18 1.3154e-03 test eq18 1.2194e-02
2026-10-01 17:41:07,279 INFO epoch 17750  mean_mse 2.9181e-05 | train eq18 8.7542e-04 test eq18 1.1151e-02
2026-10-01 17:41:07,569 INFO epoch 18000  mean_mse 3.2612e-05 | train eq18 9.7837e-04 test eq18 1.1786e-02
2026-10-01 17:41:07,891 INFO epoch 18250  mean_mse 2.9109e-05 | train eq18 8.7327e-04 test eq18 1.0953e-02
2026-10-01 17:41:08,173 INFO epoch 18500  mean_mse 6.4141e-05 | train eq18 1.9242e-03 test eq18 1.0717e-02
2026-10-01 17:41:08,485 INFO epoch 18750  mean_mse 4.1914e-05 | train eq18 1.2574e-03 test eq18 1.1549e-02
2026-10-01 17:41:08,772 INFO epoch 19000  mean_mse 3.2735e-05 | train eq18 9.8204e-04 test eq18 1.0668e-02
2026-10-01 17:41:09,055 INFO epoch 19250  mean_mse 2.8698e-05 | train eq18 8.6095e-04 test eq18 1.1588e-02
2026-10-01 17:41:09,357 INFO epoch 19500  mean_mse 4.1726e-05 | train eq18 1.2518e-03 test eq18 1.0645e-02
2026-10-01 17:41:09,651 INFO epoch 19750  mean_mse 2.8930e-05 | train eq18 8.6790e-04 test eq18 1.1031e-02
2026-10-01 17:41:09,972 INFO epoch 20000  mean_mse 5.7773e-05 | train eq18 1.7332e-03 test eq18 1.1309e-02
2026-10-01 17:41:10,323 INFO epoch 20250  mean_mse 2.7978e-05 | train eq18 8.3934e-04 test eq18 1.1060e-02
2026-10-01 17:41:10,656 INFO epoch 20500  mean_mse 3.1771e-05 | train eq18 9.5314e-04 test eq18 1.1950e-02
2026-10-01 17:41:10,969 INFO epoch 20750  mean_mse 2.8885e-05 | train eq18 8.6654e-04 test eq18 1.1360e-02
2026-10-01 17:41:11,267 INFO epoch 21000  mean_mse 2.6715e-05 | train eq18 8.0146e-04 test eq18 1.0740e-02
2026-10-01 17:41:11,575 INFO epoch 21250  mean_mse 2.8220e-05 | train eq18 8.4660e-04 test eq18 1.0533e-02
2026-10-01 17:41:11,857 INFO epoch 21500  mean_mse 2.6528e-05 | train eq18 7.9583e-04 test eq18 1.0829e-02
2026-10-01 17:41:12,146 INFO epoch 21750  mean_mse 8.5835e-05 | train eq18 2.5751e-03 test eq18 9.8763e-03
2026-10-01 17:41:12,449 INFO epoch 22000  mean_mse 3.2528e-05 | train eq18 9.7584e-04 test eq18 1.1629e-02
2026-10-01 17:41:12,748 INFO epoch 22250  mean_mse 2.6365e-05 | train eq18 7.9095e-04 test eq18 1.0691e-02
2026-10-01 17:41:13,105 INFO epoch 22500  mean_mse 2.6944e-05 | train eq18 8.0831e-04 test eq18 1.0631e-02
2026-10-01 17:41:13,403 INFO epoch 22750  mean_mse 3.5343e-05 | train eq18 1.0603e-03 test eq18 1.1972e-02
2026-10-01 17:41:13,701 INFO epoch 23000  mean_mse 5.4981e-05 | train eq18 1.6494e-03 test eq18 1.1694e-02
2026-10-01 17:41:14,015 INFO epoch 23250  mean_mse 2.6845e-05 | train eq18 8.0534e-04 test eq18 1.0365e-02
2026-10-01 17:41:14,393 INFO epoch 23500  mean_mse 1.2365e-04 | train eq18 3.7096e-03 test eq18 1.6875e-02
2026-10-01 17:41:14,712 INFO epoch 23750  mean_mse 6.4716e-05 | train eq18 1.9415e-03 test eq18 1.2025e-02
2026-10-01 17:41:15,039 INFO epoch 24000  mean_mse 3.0329e-05 | train eq18 9.0986e-04 test eq18 1.1111e-02
2026-10-01 17:41:15,362 INFO epoch 24250  mean_mse 2.8630e-05 | train eq18 8.5890e-04 test eq18 9.6126e-03
2026-10-01 17:41:15,666 INFO epoch 24500  mean_mse 2.7982e-05 | train eq18 8.3945e-04 test eq18 1.0276e-02
2026-10-01 17:41:16,015 INFO epoch 24750  mean_mse 3.0160e-05 | train eq18 9.0480e-04 test eq18 1.0399e-02
2026-10-01 17:41:16,321 INFO epoch 25000  mean_mse 3.0528e-05 | train eq18 9.1584e-04 test eq18 1.0597e-02
2026-10-01 17:41:16,624 INFO epoch 25250  mean_mse 2.7507e-05 | train eq18 8.2522e-04 test eq18 1.0097e-02
2026-10-01 17:41:16,914 INFO epoch 25500  mean_mse 2.9267e-05 | train eq18 8.7801e-04 test eq18 1.1007e-02
2026-10-01 17:41:17,194 INFO epoch 25750  mean_mse 2.8269e-05 | train eq18 8.4806e-04 test eq18 1.0380e-02
2026-10-01 17:41:17,496 INFO epoch 26000  mean_mse 3.1030e-05 | train eq18 9.3090e-04 test eq18 9.8422e-03
2026-10-01 17:41:17,814 INFO epoch 26250  mean_mse 2.4937e-05 | train eq18 7.4812e-04 test eq18 9.7630e-03
2026-10-01 17:41:18,151 INFO epoch 26500  mean_mse 2.6133e-05 | train eq18 7.8398e-04 test eq18 1.0181e-02
2026-10-01 17:41:18,496 INFO epoch 26750  mean_mse 2.7377e-05 | train eq18 8.2132e-04 test eq18 1.0321e-02
2026-10-01 17:41:18,818 INFO epoch 27000  mean_mse 2.7907e-05 | train eq18 8.3722e-04 test eq18 1.0275e-02
2026-10-01 17:41:19,136 INFO epoch 27250  mean_mse 4.2010e-05 | train eq18 1.2603e-03 test eq18 9.5683e-03
2026-10-01 17:41:19,421 INFO epoch 27500  mean_mse 2.4940e-05 | train eq18 7.4821e-04 test eq18 9.8781e-03
2026-10-01 17:41:19,718 INFO epoch 27750  mean_mse 4.0217e-05 | train eq18 1.2065e-03 test eq18 1.0857e-02
2026-10-01 17:41:20,002 INFO epoch 28000  mean_mse 1.5028e-04 | train eq18 4.5084e-03 test eq18 1.2300e-02
2026-10-01 17:41:20,318 INFO epoch 28250  mean_mse 3.7557e-05 | train eq18 1.1267e-03 test eq18 1.0894e-02
2026-10-01 17:41:20,635 INFO epoch 28500  mean_mse 2.4393e-05 | train eq18 7.3179e-04 test eq18 9.1429e-03
2026-10-01 17:41:20,950 INFO epoch 28750  mean_mse 2.4802e-05 | train eq18 7.4405e-04 test eq18 9.4817e-03
2026-10-01 17:41:21,260 INFO epoch 29000  mean_mse 2.8331e-05 | train eq18 8.4994e-04 test eq18 9.5897e-03
2026-10-01 17:41:21,653 INFO epoch 29250  mean_mse 3.1747e-05 | train eq18 9.5240e-04 test eq18 8.5539e-03
2026-10-01 17:41:21,955 INFO epoch 29500  mean_mse 5.8964e-05 | train eq18 1.7689e-03 test eq18 1.2159e-02
2026-10-01 17:41:22,244 INFO epoch 29750  mean_mse 3.1911e-05 | train eq18 9.5733e-04 test eq18 8.8400e-03
2026-10-01 17:41:22,575 INFO epoch 30000  mean_mse 2.5983e-05 | train eq18 7.7950e-04 test eq18 9.4106e-03
2026-10-01 17:41:22,874 INFO epoch 30250  mean_mse 7.5384e-05 | train eq18 2.2615e-03 test eq18 1.1424e-02
2026-10-01 17:41:23,173 INFO epoch 30500  mean_mse 2.3851e-05 | train eq18 7.1553e-04 test eq18 9.2154e-03
2026-10-01 17:41:23,463 INFO epoch 30750  mean_mse 2.8862e-05 | train eq18 8.6587e-04 test eq18 8.7641e-03
2026-10-01 17:41:23,771 INFO epoch 31000  mean_mse 1.4036e-04 | train eq18 4.2108e-03 test eq18 1.3924e-02
2026-10-01 17:41:24,071 INFO epoch 31250  mean_mse 2.4959e-05 | train eq18 7.4876e-04 test eq18 8.9872e-03
2026-10-01 17:41:24,365 INFO epoch 31500  mean_mse 9.0500e-05 | train eq18 2.7150e-03 test eq18 1.0325e-02
2026-10-01 17:41:24,656 INFO epoch 31750  mean_mse 3.0357e-05 | train eq18 9.1071e-04 test eq18 9.0097e-03
2026-10-01 17:41:24,964 INFO epoch 32000  mean_mse 2.3405e-05 | train eq18 7.0216e-04 test eq18 8.8681e-03
2026-10-01 17:41:25,268 INFO epoch 32250  mean_mse 2.4113e-05 | train eq18 7.2340e-04 test eq18 8.8684e-03
2026-10-01 17:41:25,591 INFO epoch 32500  mean_mse 1.8551e-04 | train eq18 5.5652e-03 test eq18 1.4133e-02
2026-10-01 17:41:25,906 INFO epoch 32750  mean_mse 2.3589e-05 | train eq18 7.0767e-04 test eq18 8.5522e-03
2026-10-01 17:41:26,204 INFO epoch 33000  mean_mse 2.3748e-05 | train eq18 7.1245e-04 test eq18 8.9673e-03
2026-10-01 17:41:26,509 INFO epoch 33250  mean_mse 2.4364e-05 | train eq18 7.3091e-04 test eq18 8.5091e-03
2026-10-01 17:41:26,808 INFO epoch 33500  mean_mse 2.3085e-05 | train eq18 6.9254e-04 test eq18 8.7140e-03
2026-10-01 17:41:27,111 INFO epoch 33750  mean_mse 2.3413e-05 | train eq18 7.0238e-04 test eq18 8.4394e-03
2026-10-01 17:41:27,408 INFO epoch 34000  mean_mse 2.4869e-05 | train eq18 7.4608e-04 test eq18 9.2104e-03
2026-10-01 17:41:27,721 INFO epoch 34250  mean_mse 2.8352e-05 | train eq18 8.5055e-04 test eq18 9.0023e-03
2026-10-01 17:41:28,031 INFO epoch 34500  mean_mse 3.2380e-05 | train eq18 9.7139e-04 test eq18 8.1936e-03
2026-10-01 17:41:28,329 INFO epoch 34750  mean_mse 2.2728e-05 | train eq18 6.8183e-04 test eq18 8.5296e-03
2026-10-01 17:41:28,623 INFO epoch 35000  mean_mse 2.9786e-05 | train eq18 8.9359e-04 test eq18 9.1551e-03
2026-10-01 17:41:28,978 INFO epoch 35250  mean_mse 2.3602e-05 | train eq18 7.0805e-04 test eq18 8.7306e-03
2026-10-01 17:41:29,331 INFO epoch 35500  mean_mse 2.2935e-05 | train eq18 6.8804e-04 test eq18 8.7584e-03
2026-10-01 17:41:29,725 INFO epoch 35750  mean_mse 5.8016e-05 | train eq18 1.7405e-03 test eq18 9.3559e-03
2026-10-01 17:41:30,035 INFO epoch 36000  mean_mse 2.4333e-05 | train eq18 7.2999e-04 test eq18 9.1119e-03
2026-10-01 17:41:30,348 INFO epoch 36250  mean_mse 3.0981e-05 | train eq18 9.2942e-04 test eq18 8.2923e-03
2026-10-01 17:41:30,667 INFO epoch 36500  mean_mse 2.2395e-05 | train eq18 6.7184e-04 test eq18 8.4635e-03
2026-10-01 17:41:30,963 INFO epoch 36750  mean_mse 3.2413e-05 | train eq18 9.7239e-04 test eq18 1.0236e-02
2026-10-01 17:41:31,281 INFO epoch 37000  mean_mse 3.0887e-05 | train eq18 9.2660e-04 test eq18 8.8639e-03
2026-10-01 17:41:31,585 INFO epoch 37250  mean_mse 3.2853e-05 | train eq18 9.8558e-04 test eq18 8.6679e-03
2026-10-01 17:41:31,956 INFO epoch 37500  mean_mse 2.6984e-05 | train eq18 8.0951e-04 test eq18 9.3385e-03
2026-10-01 17:41:32,272 INFO epoch 37750  mean_mse 3.0283e-05 | train eq18 9.0848e-04 test eq18 9.8093e-03
2026-10-01 17:41:32,591 INFO epoch 38000  mean_mse 2.4462e-05 | train eq18 7.3386e-04 test eq18 8.6668e-03
2026-10-01 17:41:32,905 INFO epoch 38250  mean_mse 3.0242e-05 | train eq18 9.0727e-04 test eq18 9.8152e-03
2026-10-01 17:41:33,194 INFO epoch 38500  mean_mse 2.6653e-05 | train eq18 7.9958e-04 test eq18 7.9171e-03
2026-10-01 17:41:33,502 INFO epoch 38750  mean_mse 3.1004e-05 | train eq18 9.3012e-04 test eq18 9.3264e-03
2026-10-01 17:41:33,788 INFO epoch 39000  mean_mse 2.3038e-05 | train eq18 6.9115e-04 test eq18 8.1702e-03
2026-10-01 17:41:34,105 INFO epoch 39250  mean_mse 2.1402e-05 | train eq18 6.4205e-04 test eq18 8.6142e-03
2026-10-01 17:41:34,386 INFO epoch 39500  mean_mse 2.5539e-05 | train eq18 7.6618e-04 test eq18 9.3169e-03
2026-10-01 17:41:34,693 INFO epoch 39750  mean_mse 6.7043e-05 | train eq18 2.0113e-03 test eq18 8.7420e-03
2026-10-01 17:41:34,985 INFO epoch 40000  mean_mse 6.1793e-05 | train eq18 1.8538e-03 test eq18 1.2444e-02
2026-10-01 17:41:35,275 INFO epoch 40250  mean_mse 3.1562e-05 | train eq18 9.4685e-04 test eq18 8.1987e-03
2026-10-01 17:41:35,562 INFO epoch 40500  mean_mse 3.8231e-05 | train eq18 1.1469e-03 test eq18 7.8930e-03
2026-10-01 17:41:35,890 INFO epoch 40750  mean_mse 3.3438e-05 | train eq18 1.0032e-03 test eq18 9.4692e-03
2026-10-01 17:41:36,191 INFO epoch 41000  mean_mse 2.1311e-05 | train eq18 6.3934e-04 test eq18 8.6334e-03
2026-10-01 17:41:36,489 INFO epoch 41250  mean_mse 2.0722e-05 | train eq18 6.2165e-04 test eq18 8.8032e-03
2026-10-01 17:41:36,781 INFO epoch 41500  mean_mse 2.0669e-05 | train eq18 6.2008e-04 test eq18 8.9336e-03
2026-10-01 17:41:37,062 INFO epoch 41750  mean_mse 2.3402e-05 | train eq18 7.0206e-04 test eq18 8.7812e-03
2026-10-01 17:41:37,390 INFO epoch 42000  mean_mse 2.0340e-05 | train eq18 6.1020e-04 test eq18 8.7511e-03
2026-10-01 17:41:37,683 INFO epoch 42250  mean_mse 3.0582e-05 | train eq18 9.1747e-04 test eq18 1.0340e-02
2026-10-01 17:41:37,986 INFO epoch 42500  mean_mse 2.1319e-05 | train eq18 6.3956e-04 test eq18 8.9379e-03
2026-10-01 17:41:38,283 INFO epoch 42750  mean_mse 2.0741e-05 | train eq18 6.2224e-04 test eq18 8.7966e-03
2026-10-01 17:41:38,580 INFO epoch 43000  mean_mse 1.9890e-05 | train eq18 5.9671e-04 test eq18 8.7729e-03
2026-10-01 17:41:38,876 INFO epoch 43250  mean_mse 3.3560e-05 | train eq18 1.0068e-03 test eq18 8.4323e-03
2026-10-01 17:41:39,175 INFO epoch 43500  mean_mse 1.0188e-04 | train eq18 3.0563e-03 test eq18 1.4751e-02
2026-10-01 17:41:39,471 INFO epoch 43750  mean_mse 2.0025e-05 | train eq18 6.0075e-04 test eq18 9.3749e-03
2026-10-01 17:41:39,803 INFO epoch 44000  mean_mse 2.0170e-05 | train eq18 6.0511e-04 test eq18 8.6195e-03
2026-10-01 17:41:40,093 INFO epoch 44250  mean_mse 1.9595e-05 | train eq18 5.8786e-04 test eq18 8.9613e-03
2026-10-01 17:41:40,413 INFO epoch 44500  mean_mse 1.9505e-05 | train eq18 5.8515e-04 test eq18 9.0699e-03
2026-10-01 17:41:40,725 INFO epoch 44750  mean_mse 1.8950e-05 | train eq18 5.6849e-04 test eq18 9.1036e-03
2026-10-01 17:41:41,048 INFO epoch 45000  mean_mse 1.9840e-05 | train eq18 5.9519e-04 test eq18 8.6946e-03
2026-10-01 17:41:41,344 INFO epoch 45250  mean_mse 2.2562e-05 | train eq18 6.7685e-04 test eq18 8.8040e-03
2026-10-01 17:41:41,647 INFO epoch 45500  mean_mse 1.9360e-05 | train eq18 5.8079e-04 test eq18 9.0376e-03
2026-10-01 17:41:41,952 INFO epoch 45750  mean_mse 2.1851e-05 | train eq18 6.5553e-04 test eq18 9.6090e-03
2026-10-01 17:41:42,245 INFO epoch 46000  mean_mse 1.8716e-05 | train eq18 5.6149e-04 test eq18 9.3275e-03
2026-10-01 17:41:42,539 INFO epoch 46250  mean_mse 2.0601e-05 | train eq18 6.1804e-04 test eq18 8.7832e-03
2026-10-01 17:41:42,850 INFO epoch 46500  mean_mse 6.9694e-05 | train eq18 2.0908e-03 test eq18 1.0177e-02
2026-10-01 17:41:43,166 INFO epoch 46750  mean_mse 3.0711e-05 | train eq18 9.2133e-04 test eq18 9.0025e-03
2026-10-01 17:41:43,470 INFO epoch 47000  mean_mse 1.8882e-05 | train eq18 5.6645e-04 test eq18 9.2155e-03
2026-10-01 17:41:43,760 INFO epoch 47250  mean_mse 4.3262e-05 | train eq18 1.2979e-03 test eq18 9.0236e-03
2026-10-01 17:41:44,059 INFO epoch 47500  mean_mse 1.8739e-05 | train eq18 5.6217e-04 test eq18 8.6202e-03
2026-10-01 17:41:44,379 INFO epoch 47750  mean_mse 2.0626e-05 | train eq18 6.1878e-04 test eq18 9.4750e-03
2026-10-01 17:41:44,689 INFO epoch 48000  mean_mse 2.5690e-05 | train eq18 7.7070e-04 test eq18 1.0057e-02
2026-10-01 17:41:45,042 INFO epoch 48250  mean_mse 2.2970e-05 | train eq18 6.8910e-04 test eq18 9.8031e-03
2026-10-01 17:41:45,346 INFO epoch 48500  mean_mse 1.7566e-05 | train eq18 5.2698e-04 test eq18 9.1028e-03
2026-10-01 17:41:45,642 INFO epoch 48750  mean_mse 1.7015e-05 | train eq18 5.1046e-04 test eq18 9.1195e-03
2026-10-01 17:41:45,985 INFO epoch 49000  mean_mse 3.3498e-05 | train eq18 1.0049e-03 test eq18 9.9342e-03
2026-10-01 17:41:46,284 INFO epoch 49250  mean_mse 3.6416e-05 | train eq18 1.0925e-03 test eq18 9.9530e-03
2026-10-01 17:41:46,582 INFO epoch 49500  mean_mse 2.4370e-05 | train eq18 7.3109e-04 test eq18 9.5451e-03
2026-10-01 17:41:46,887 INFO epoch 49750  mean_mse 1.7242e-05 | train eq18 5.1727e-04 test eq18 9.2533e-03
2026-10-01 17:41:47,224 INFO wrote ../results/experiments/biodiesel/author_repo_match/figures_tanh_r1_lr1e-2/fig04/deeponet_p249_seed0/checkpoint_final.pt
2026-10-01 17:41:47,225 INFO final: train {'mean_mse': 5.305855302140117e-05, 'mean_mse_u': 5.305855302140117e-05, 'eq18_obs': 0.001591756590642035, 'eq22_true': 0.001591756590642035, 'eq18_obs_time_averaged': 5.305855302140117e-05, 'eq22_true_time_averaged': 5.305855302140117e-05}
2026-10-01 17:41:47,225 INFO final: test {'mean_mse': 0.00033716371399350464, 'mean_mse_u': 0.00033716371399350464, 'eq18_obs': 0.010114911012351513, 'eq22_true': 0.010114911012351513, 'eq18_obs_time_averaged': 0.0003371637004117171, 'eq22_true_time_averaged': 0.0003371637004117171}
2026-10-01 17:41:47,225 INFO final trunk: {'kinks': [6.251149654388428, 0.8192776441574097, -11.029254913330078, 17.626140594482422, 20.788272857666016, -0.6266930103302002], 'dead_on_grid': {'tanh0': 0, 'tanh1': 0}, 'dead_on_dense': {'tanh0': 0, 'tanh1': 0}, 'interior_breakpoints_s': {'layer1': [0.8192776441574097, 6.251149654388428, 17.626140594482422, 20.788272857666016], 'layer2': [0.33800002932548523, 0.6690000295639038, 0.9960000514984131, 1.2420001029968262, 15.44999885559082]}, 'tanh_saturation': {'grid': {'layer1': {'abs_z_quantiles_10_50_90_max': [0.1226603887975216, 1.392458736896515, 7.172552490234372, 18.140504837036133], 'frac_abs_z_gt': {'2': 0.4222222222222222, '3': 0.28888888888888886, '5': 0.12777777777777777}, 'frac_abs_act_gt': {'0.95': 0.4444444444444444, '0.99': 0.3388888888888889}, 'derivative_mean': 0.4091073274612427, 'derivative_median': 0.21913385391235352}, 'layer2': {'abs_z_quantiles_10_50_90_max': [0.08666431307792666, 1.1804912090301514, 4.10434899330139, 6.176095008850098], 'frac_abs_z_gt': {'2': 0.18095238095238095, '3': 0.12857142857142856, '5': 0.08095238095238096}, 'frac_abs_act_gt': {'0.95': 0.19047619047619047, '0.99': 0.1380952380952381}, 'derivative_mean': 0.47079768776893616, 'derivative_median': 0.3150676488876343}}, 'dense': {'layer1': {'abs_z_quantiles_10_50_90_max': [0.11206630617380142, 1.427552580833435, 7.4493043422698975, 18.140504837036133], 'frac_abs_z_gt': {'2': 0.4230343300110742, '3': 0.28959025470653377, '5': 0.12846068660022147}, 'frac_abs_act_gt': {'0.95': 0.44573643410852715, '0.99': 0.33665559246954596}, 'derivative_mean': 0.40770623087882996, 'derivative_median': 0.20582744479179382}, 'layer2': {'abs_z_quantiles_10_50_90_max': [0.0953656017780304, 1.1786165237426758, 4.268589973449709, 6.179593563079834], 'frac_abs_z_gt': {'2': 0.17940199335548174, '3': 0.13099193165638348, '5': 0.07973421926910298}, 'frac_abs_act_gt': {'0.95': 0.1879449454200285, '0.99': 0.13953488372093023}, 'derivative_mean': 0.4706895351409912, 'derivative_median': 0.31604641675949097}}}}
2026-10-01 17:41:47,225 INFO run completed 2026-10-01T15:41:47Z
