2026-10-01 17:39:36,309 INFO run start 2026-10-01T15:39:36Z | run_id=biodiesel-deeponet-repro/deeponet_p156_seed0 | system=biodiesel-deeponet-repro | dir=../results/experiments/biodiesel/author_repo_match/figures_tanh_r1_lr1e-2/fig04/deeponet_p156_seed0
2026-10-01 17:39:36,411 INFO wrote ../results/experiments/biodiesel/author_repo_match/figures_tanh_r1_lr1e-2/fig04/deeponet_p156_seed0/config.json
2026-10-01 17:39:36,416 INFO configuration: branch inputs normalized (author-global normalized Mode A), targets author_global_normalized_states, trunk input raw physical t 0..30 s (30 points), activation tanh, placement A, init Aprime_tf_truncated_glorot_zero_bias, Adam lr 0.01
2026-10-01 17:39:36,416 INFO initial: train {'mean_mse': 0.23681983351707458, 'mean_mse_u': 0.23681983351707458, 'eq18_obs': 7.104595184326172, 'eq22_true': 7.104595184326172, 'eq18_obs_time_averaged': 0.23681983947753907, 'eq22_true_time_averaged': 0.23681983947753907} | test {'mean_mse': 0.2049209326505661, 'mean_mse_u': 0.2049209326505661, 'eq18_obs': 6.147627830505371, 'eq22_true': 6.147627830505371, 'eq18_obs_time_averaged': 0.20492092768351236, 'eq22_true_time_averaged': 0.20492092768351236}
2026-10-01 17:39:36,418 INFO initial prediction stats: {'min': -0.277973473072052, 'max': 0.20531216263771057, 'mean': 0.005032416433095932, 'abs_max': 0.277973473072052, 'per_species_min': [0.10177109390497208, -0.18616947531700134, -0.03830767795443535, -0.007900038734078407, -0.1139141246676445, -0.277973473072052], 'per_species_max': [0.20531216263771057, 0.11131347715854645, 0.07789433747529984, 0.004487164784222841, 0.057108648121356964, 0.10045433789491653], 'fraction_negative': 0.5725}
2026-10-01 17:39:37,428 INFO epoch     0  mean_mse 2.3682e-01 | train eq18 7.1046e+00 test eq18 6.1476e+00
2026-10-01 17:39:37,835 INFO epoch   250  mean_mse 2.8274e-03 | train eq18 8.4821e-02 test eq18 1.0934e-01
2026-10-01 17:39:38,164 INFO epoch   500  mean_mse 1.7565e-03 | train eq18 5.2695e-02 test eq18 7.6013e-02
2026-10-01 17:39:38,491 INFO epoch   750  mean_mse 1.1808e-03 | train eq18 3.5425e-02 test eq18 6.0924e-02
2026-10-01 17:39:38,839 INFO epoch  1000  mean_mse 9.4827e-04 | train eq18 2.8448e-02 test eq18 5.6919e-02
2026-10-01 17:39:39,168 INFO epoch  1250  mean_mse 7.6620e-04 | train eq18 2.2986e-02 test eq18 5.1313e-02
2026-10-01 17:39:39,495 INFO epoch  1500  mean_mse 6.6747e-04 | train eq18 2.0024e-02 test eq18 4.8669e-02
2026-10-01 17:39:39,809 INFO epoch  1750  mean_mse 5.9797e-04 | train eq18 1.7939e-02 test eq18 4.5694e-02
2026-10-01 17:39:40,125 INFO epoch  2000  mean_mse 5.3793e-04 | train eq18 1.6138e-02 test eq18 4.2120e-02
2026-10-01 17:39:40,432 INFO epoch  2250  mean_mse 5.3654e-04 | train eq18 1.6096e-02 test eq18 3.6330e-02
2026-10-01 17:39:40,762 INFO epoch  2500  mean_mse 4.4263e-04 | train eq18 1.3279e-02 test eq18 3.4857e-02
2026-10-01 17:39:41,072 INFO epoch  2750  mean_mse 4.0668e-04 | train eq18 1.2200e-02 test eq18 3.2251e-02
2026-10-01 17:39:41,363 INFO epoch  3000  mean_mse 3.7391e-04 | train eq18 1.1217e-02 test eq18 2.9901e-02
2026-10-01 17:39:41,650 INFO epoch  3250  mean_mse 3.5062e-04 | train eq18 1.0519e-02 test eq18 2.8717e-02
2026-10-01 17:39:41,940 INFO epoch  3500  mean_mse 3.3178e-04 | train eq18 9.9534e-03 test eq18 2.7429e-02
2026-10-01 17:39:42,239 INFO epoch  3750  mean_mse 3.5816e-04 | train eq18 1.0745e-02 test eq18 2.8433e-02
2026-10-01 17:39:42,548 INFO epoch  4000  mean_mse 3.1999e-04 | train eq18 9.5998e-03 test eq18 2.6568e-02
2026-10-01 17:39:42,852 INFO epoch  4250  mean_mse 2.9996e-04 | train eq18 8.9987e-03 test eq18 2.6599e-02
2026-10-01 17:39:43,160 INFO epoch  4500  mean_mse 2.9666e-04 | train eq18 8.8998e-03 test eq18 2.7069e-02
2026-10-01 17:39:43,462 INFO epoch  4750  mean_mse 2.9571e-04 | train eq18 8.8712e-03 test eq18 2.7775e-02
2026-10-01 17:39:43,757 INFO epoch  5000  mean_mse 2.8311e-04 | train eq18 8.4932e-03 test eq18 2.7410e-02
2026-10-01 17:39:44,053 INFO epoch  5250  mean_mse 2.8126e-04 | train eq18 8.4378e-03 test eq18 2.7357e-02
2026-10-01 17:39:44,348 INFO epoch  5500  mean_mse 2.7307e-04 | train eq18 8.1922e-03 test eq18 2.6811e-02
2026-10-01 17:39:44,664 INFO epoch  5750  mean_mse 2.6923e-04 | train eq18 8.0770e-03 test eq18 2.6507e-02
2026-10-01 17:39:44,972 INFO epoch  6000  mean_mse 2.6584e-04 | train eq18 7.9753e-03 test eq18 2.6075e-02
2026-10-01 17:39:45,263 INFO epoch  6250  mean_mse 2.6230e-04 | train eq18 7.8691e-03 test eq18 2.5723e-02
2026-10-01 17:39:45,562 INFO epoch  6500  mean_mse 2.5891e-04 | train eq18 7.7672e-03 test eq18 2.5117e-02
2026-10-01 17:39:45,874 INFO epoch  6750  mean_mse 2.5623e-04 | train eq18 7.6868e-03 test eq18 2.4438e-02
2026-10-01 17:39:46,166 INFO epoch  7000  mean_mse 2.5428e-04 | train eq18 7.6283e-03 test eq18 2.3711e-02
2026-10-01 17:39:46,456 INFO epoch  7250  mean_mse 2.5184e-04 | train eq18 7.5552e-03 test eq18 2.3305e-02
2026-10-01 17:39:46,763 INFO epoch  7500  mean_mse 2.4973e-04 | train eq18 7.4919e-03 test eq18 2.2574e-02
2026-10-01 17:39:47,054 INFO epoch  7750  mean_mse 2.4834e-04 | train eq18 7.4501e-03 test eq18 2.1988e-02
2026-10-01 17:39:47,350 INFO epoch  8000  mean_mse 2.4687e-04 | train eq18 7.4061e-03 test eq18 2.1553e-02
2026-10-01 17:39:47,655 INFO epoch  8250  mean_mse 2.4474e-04 | train eq18 7.3421e-03 test eq18 2.0913e-02
2026-10-01 17:39:47,937 INFO epoch  8500  mean_mse 2.4336e-04 | train eq18 7.3008e-03 test eq18 2.0296e-02
2026-10-01 17:39:48,243 INFO epoch  8750  mean_mse 2.4197e-04 | train eq18 7.2592e-03 test eq18 1.9861e-02
2026-10-01 17:39:48,533 INFO epoch  9000  mean_mse 2.4103e-04 | train eq18 7.2310e-03 test eq18 1.9433e-02
2026-10-01 17:39:48,817 INFO epoch  9250  mean_mse 2.4005e-04 | train eq18 7.2014e-03 test eq18 1.9046e-02
2026-10-01 17:39:49,096 INFO epoch  9500  mean_mse 2.3935e-04 | train eq18 7.1806e-03 test eq18 1.8644e-02
2026-10-01 17:39:49,381 INFO epoch  9750  mean_mse 3.1000e-04 | train eq18 9.3001e-03 test eq18 2.0082e-02
2026-10-01 17:39:49,694 INFO epoch 10000  mean_mse 3.0462e-04 | train eq18 9.1385e-03 test eq18 2.1345e-02
2026-10-01 17:39:49,989 INFO epoch 10250  mean_mse 2.7335e-04 | train eq18 8.2005e-03 test eq18 1.9840e-02
2026-10-01 17:39:50,288 INFO epoch 10500  mean_mse 2.4237e-04 | train eq18 7.2712e-03 test eq18 1.8311e-02
2026-10-01 17:39:50,588 INFO epoch 10750  mean_mse 2.3754e-04 | train eq18 7.1262e-03 test eq18 1.7288e-02
2026-10-01 17:39:50,890 INFO epoch 11000  mean_mse 2.3671e-04 | train eq18 7.1013e-03 test eq18 1.6990e-02
2026-10-01 17:39:51,176 INFO epoch 11250  mean_mse 2.3643e-04 | train eq18 7.0929e-03 test eq18 1.6754e-02
2026-10-01 17:39:51,457 INFO epoch 11500  mean_mse 2.3598e-04 | train eq18 7.0794e-03 test eq18 1.6624e-02
2026-10-01 17:39:51,813 INFO epoch 11750  mean_mse 2.5200e-04 | train eq18 7.5599e-03 test eq18 1.6990e-02
2026-10-01 17:39:52,113 INFO epoch 12000  mean_mse 2.3664e-04 | train eq18 7.0991e-03 test eq18 1.6465e-02
2026-10-01 17:39:52,393 INFO epoch 12250  mean_mse 2.3483e-04 | train eq18 7.0448e-03 test eq18 1.6102e-02
2026-10-01 17:39:52,683 INFO epoch 12500  mean_mse 2.4286e-04 | train eq18 7.2859e-03 test eq18 1.6236e-02
2026-10-01 17:39:52,988 INFO epoch 12750  mean_mse 2.3428e-04 | train eq18 7.0285e-03 test eq18 1.5853e-02
2026-10-01 17:39:53,293 INFO epoch 13000  mean_mse 6.0904e-04 | train eq18 1.8271e-02 test eq18 2.7767e-02
2026-10-01 17:39:53,607 INFO epoch 13250  mean_mse 2.3364e-04 | train eq18 7.0091e-03 test eq18 1.5646e-02
2026-10-01 17:39:53,921 INFO epoch 13500  mean_mse 2.3391e-04 | train eq18 7.0173e-03 test eq18 1.5595e-02
2026-10-01 17:39:54,205 INFO epoch 13750  mean_mse 2.3317e-04 | train eq18 6.9952e-03 test eq18 1.5350e-02
2026-10-01 17:39:54,542 INFO epoch 14000  mean_mse 2.3443e-04 | train eq18 7.0329e-03 test eq18 1.5306e-02
2026-10-01 17:39:54,846 INFO epoch 14250  mean_mse 2.5448e-04 | train eq18 7.6345e-03 test eq18 1.6065e-02
2026-10-01 17:39:55,175 INFO epoch 14500  mean_mse 2.3409e-04 | train eq18 7.0227e-03 test eq18 1.5301e-02
2026-10-01 17:39:55,478 INFO epoch 14750  mean_mse 2.7648e-04 | train eq18 8.2945e-03 test eq18 1.6631e-02
2026-10-01 17:39:55,772 INFO epoch 15000  mean_mse 2.3156e-04 | train eq18 6.9468e-03 test eq18 1.4913e-02
2026-10-01 17:39:56,069 INFO epoch 15250  mean_mse 2.5412e-04 | train eq18 7.6235e-03 test eq18 1.5831e-02
2026-10-01 17:39:56,450 INFO epoch 15500  mean_mse 2.8423e-04 | train eq18 8.5269e-03 test eq18 1.5607e-02
2026-10-01 17:39:56,784 INFO epoch 15750  mean_mse 2.3123e-04 | train eq18 6.9370e-03 test eq18 1.4830e-02
2026-10-01 17:39:57,077 INFO epoch 16000  mean_mse 2.4102e-04 | train eq18 7.2305e-03 test eq18 1.4487e-02
2026-10-01 17:39:57,370 INFO epoch 16250  mean_mse 6.0736e-04 | train eq18 1.8221e-02 test eq18 2.6019e-02
2026-10-01 17:39:57,657 INFO epoch 16500  mean_mse 2.3192e-04 | train eq18 6.9576e-03 test eq18 1.4717e-02
2026-10-01 17:39:57,955 INFO epoch 16750  mean_mse 2.2997e-04 | train eq18 6.8990e-03 test eq18 1.4534e-02
2026-10-01 17:39:58,247 INFO epoch 17000  mean_mse 2.2943e-04 | train eq18 6.8830e-03 test eq18 1.4472e-02
2026-10-01 17:39:58,546 INFO epoch 17250  mean_mse 2.3175e-04 | train eq18 6.9524e-03 test eq18 1.4760e-02
2026-10-01 17:39:58,857 INFO epoch 17500  mean_mse 2.2940e-04 | train eq18 6.8820e-03 test eq18 1.4509e-02
2026-10-01 17:39:59,150 INFO epoch 17750  mean_mse 2.4655e-04 | train eq18 7.3966e-03 test eq18 1.4838e-02
2026-10-01 17:39:59,518 INFO epoch 18000  mean_mse 2.9373e-04 | train eq18 8.8119e-03 test eq18 1.6426e-02
2026-10-01 17:39:59,931 INFO epoch 18250  mean_mse 4.6201e-04 | train eq18 1.3860e-02 test eq18 2.0605e-02
2026-10-01 17:40:00,388 INFO epoch 18500  mean_mse 2.2778e-04 | train eq18 6.8335e-03 test eq18 1.4306e-02
2026-10-01 17:40:00,706 INFO epoch 18750  mean_mse 3.1108e-04 | train eq18 9.3325e-03 test eq18 1.6668e-02
2026-10-01 17:40:01,014 INFO epoch 19000  mean_mse 2.2734e-04 | train eq18 6.8202e-03 test eq18 1.4425e-02
2026-10-01 17:40:01,339 INFO epoch 19250  mean_mse 2.5814e-04 | train eq18 7.7442e-03 test eq18 1.5876e-02
2026-10-01 17:40:01,645 INFO epoch 19500  mean_mse 2.2745e-04 | train eq18 6.8236e-03 test eq18 1.4301e-02
2026-10-01 17:40:01,955 INFO epoch 19750  mean_mse 2.2649e-04 | train eq18 6.7946e-03 test eq18 1.4383e-02
2026-10-01 17:40:02,287 INFO epoch 20000  mean_mse 2.9483e-04 | train eq18 8.8450e-03 test eq18 1.6495e-02
2026-10-01 17:40:02,570 INFO epoch 20250  mean_mse 2.3440e-04 | train eq18 7.0320e-03 test eq18 1.5192e-02
2026-10-01 17:40:02,874 INFO epoch 20500  mean_mse 2.2553e-04 | train eq18 6.7659e-03 test eq18 1.4407e-02
2026-10-01 17:40:03,169 INFO epoch 20750  mean_mse 2.2522e-04 | train eq18 6.7566e-03 test eq18 1.4321e-02
2026-10-01 17:40:03,454 INFO epoch 21000  mean_mse 2.2509e-04 | train eq18 6.7527e-03 test eq18 1.4344e-02
2026-10-01 17:40:03,757 INFO epoch 21250  mean_mse 2.2466e-04 | train eq18 6.7397e-03 test eq18 1.4395e-02
2026-10-01 17:40:04,082 INFO epoch 21500  mean_mse 2.2487e-04 | train eq18 6.7460e-03 test eq18 1.4567e-02
2026-10-01 17:40:04,367 INFO epoch 21750  mean_mse 2.2525e-04 | train eq18 6.7575e-03 test eq18 1.4635e-02
2026-10-01 17:40:04,672 INFO epoch 22000  mean_mse 2.2388e-04 | train eq18 6.7163e-03 test eq18 1.4489e-02
2026-10-01 17:40:04,977 INFO epoch 22250  mean_mse 3.3692e-04 | train eq18 1.0107e-02 test eq18 1.6931e-02
2026-10-01 17:40:05,267 INFO epoch 22500  mean_mse 2.9887e-04 | train eq18 8.9661e-03 test eq18 1.7458e-02
2026-10-01 17:40:05,565 INFO epoch 22750  mean_mse 2.2323e-04 | train eq18 6.6969e-03 test eq18 1.4425e-02
2026-10-01 17:40:05,885 INFO epoch 23000  mean_mse 2.2302e-04 | train eq18 6.6905e-03 test eq18 1.4572e-02
2026-10-01 17:40:06,192 INFO epoch 23250  mean_mse 2.2279e-04 | train eq18 6.6837e-03 test eq18 1.4675e-02
2026-10-01 17:40:06,516 INFO epoch 23500  mean_mse 2.2258e-04 | train eq18 6.6773e-03 test eq18 1.4521e-02
2026-10-01 17:40:06,827 INFO epoch 23750  mean_mse 2.2240e-04 | train eq18 6.6720e-03 test eq18 1.4714e-02
2026-10-01 17:40:07,142 INFO epoch 24000  mean_mse 2.2229e-04 | train eq18 6.6688e-03 test eq18 1.4826e-02
2026-10-01 17:40:07,477 INFO epoch 24250  mean_mse 2.4669e-04 | train eq18 7.4007e-03 test eq18 1.5792e-02
2026-10-01 17:40:07,793 INFO epoch 24500  mean_mse 2.2239e-04 | train eq18 6.6716e-03 test eq18 1.4937e-02
2026-10-01 17:40:08,090 INFO epoch 24750  mean_mse 2.2877e-04 | train eq18 6.8632e-03 test eq18 1.4761e-02
2026-10-01 17:40:08,392 INFO epoch 25000  mean_mse 2.2590e-04 | train eq18 6.7770e-03 test eq18 1.5450e-02
2026-10-01 17:40:08,691 INFO epoch 25250  mean_mse 2.2257e-04 | train eq18 6.6771e-03 test eq18 1.4907e-02
2026-10-01 17:40:09,011 INFO epoch 25500  mean_mse 2.7784e-04 | train eq18 8.3353e-03 test eq18 1.7196e-02
2026-10-01 17:40:09,347 INFO epoch 25750  mean_mse 2.2228e-04 | train eq18 6.6685e-03 test eq18 1.5140e-02
2026-10-01 17:40:09,649 INFO epoch 26000  mean_mse 2.2540e-04 | train eq18 6.7619e-03 test eq18 1.5445e-02
2026-10-01 17:40:09,946 INFO epoch 26250  mean_mse 2.5554e-04 | train eq18 7.6661e-03 test eq18 1.4642e-02
2026-10-01 17:40:10,238 INFO epoch 26500  mean_mse 2.2368e-04 | train eq18 6.7105e-03 test eq18 1.5470e-02
2026-10-01 17:40:10,518 INFO epoch 26750  mean_mse 2.2125e-04 | train eq18 6.6375e-03 test eq18 1.5040e-02
2026-10-01 17:40:10,812 INFO epoch 27000  mean_mse 2.2152e-04 | train eq18 6.6456e-03 test eq18 1.5255e-02
2026-10-01 17:40:11,119 INFO epoch 27250  mean_mse 2.2187e-04 | train eq18 6.6560e-03 test eq18 1.5262e-02
2026-10-01 17:40:11,426 INFO epoch 27500  mean_mse 3.5832e-04 | train eq18 1.0750e-02 test eq18 2.0845e-02
2026-10-01 17:40:11,739 INFO epoch 27750  mean_mse 2.2503e-04 | train eq18 6.7509e-03 test eq18 1.5865e-02
2026-10-01 17:40:12,030 INFO epoch 28000  mean_mse 2.2015e-04 | train eq18 6.6044e-03 test eq18 1.5374e-02
2026-10-01 17:40:12,352 INFO epoch 28250  mean_mse 2.3720e-04 | train eq18 7.1160e-03 test eq18 1.4692e-02
2026-10-01 17:40:12,638 INFO epoch 28500  mean_mse 2.1994e-04 | train eq18 6.5981e-03 test eq18 1.5348e-02
2026-10-01 17:40:12,925 INFO epoch 28750  mean_mse 2.2035e-04 | train eq18 6.6104e-03 test eq18 1.5242e-02
2026-10-01 17:40:13,211 INFO epoch 29000  mean_mse 2.2323e-04 | train eq18 6.6969e-03 test eq18 1.5643e-02
2026-10-01 17:40:13,499 INFO epoch 29250  mean_mse 2.1964e-04 | train eq18 6.5891e-03 test eq18 1.5502e-02
2026-10-01 17:40:13,799 INFO epoch 29500  mean_mse 2.4865e-04 | train eq18 7.4596e-03 test eq18 1.7701e-02
2026-10-01 17:40:14,083 INFO epoch 29750  mean_mse 2.1984e-04 | train eq18 6.5952e-03 test eq18 1.5460e-02
2026-10-01 17:40:14,449 INFO epoch 30000  mean_mse 2.4191e-04 | train eq18 7.2572e-03 test eq18 1.6538e-02
2026-10-01 17:40:14,754 INFO epoch 30250  mean_mse 2.1930e-04 | train eq18 6.5789e-03 test eq18 1.5521e-02
2026-10-01 17:40:15,081 INFO epoch 30500  mean_mse 2.1915e-04 | train eq18 6.5745e-03 test eq18 1.5633e-02
2026-10-01 17:40:15,387 INFO epoch 30750  mean_mse 2.2705e-04 | train eq18 6.8114e-03 test eq18 1.6431e-02
2026-10-01 17:40:15,690 INFO epoch 31000  mean_mse 2.1910e-04 | train eq18 6.5729e-03 test eq18 1.5631e-02
2026-10-01 17:40:15,985 INFO epoch 31250  mean_mse 2.4744e-04 | train eq18 7.4233e-03 test eq18 1.6003e-02
2026-10-01 17:40:16,290 INFO epoch 31500  mean_mse 2.1887e-04 | train eq18 6.5660e-03 test eq18 1.5634e-02
2026-10-01 17:40:16,582 INFO epoch 31750  mean_mse 2.1961e-04 | train eq18 6.5884e-03 test eq18 1.5842e-02
2026-10-01 17:40:16,874 INFO epoch 32000  mean_mse 2.1900e-04 | train eq18 6.5701e-03 test eq18 1.5660e-02
2026-10-01 17:40:17,168 INFO epoch 32250  mean_mse 2.2387e-04 | train eq18 6.7160e-03 test eq18 1.5790e-02
2026-10-01 17:40:17,453 INFO epoch 32500  mean_mse 2.1855e-04 | train eq18 6.5566e-03 test eq18 1.5905e-02
2026-10-01 17:40:17,764 INFO epoch 32750  mean_mse 2.2058e-04 | train eq18 6.6174e-03 test eq18 1.5724e-02
2026-10-01 17:40:18,084 INFO epoch 33000  mean_mse 2.3678e-04 | train eq18 7.1035e-03 test eq18 1.6786e-02
2026-10-01 17:40:18,400 INFO epoch 33250  mean_mse 2.2563e-04 | train eq18 6.7688e-03 test eq18 1.5915e-02
2026-10-01 17:40:18,714 INFO epoch 33500  mean_mse 2.6276e-04 | train eq18 7.8827e-03 test eq18 1.6247e-02
2026-10-01 17:40:18,998 INFO epoch 33750  mean_mse 2.5329e-04 | train eq18 7.5988e-03 test eq18 1.6513e-02
2026-10-01 17:40:19,297 INFO epoch 34000  mean_mse 2.2447e-04 | train eq18 6.7341e-03 test eq18 1.6776e-02
2026-10-01 17:40:19,588 INFO epoch 34250  mean_mse 2.1936e-04 | train eq18 6.5807e-03 test eq18 1.6112e-02
2026-10-01 17:40:19,889 INFO epoch 34500  mean_mse 2.1793e-04 | train eq18 6.5378e-03 test eq18 1.5975e-02
2026-10-01 17:40:20,192 INFO epoch 34750  mean_mse 2.1783e-04 | train eq18 6.5349e-03 test eq18 1.6096e-02
2026-10-01 17:40:20,478 INFO epoch 35000  mean_mse 2.1798e-04 | train eq18 6.5395e-03 test eq18 1.6203e-02
2026-10-01 17:40:20,783 INFO epoch 35250  mean_mse 2.2002e-04 | train eq18 6.6007e-03 test eq18 1.6064e-02
2026-10-01 17:40:21,090 INFO epoch 35500  mean_mse 3.1458e-04 | train eq18 9.4373e-03 test eq18 1.8482e-02
2026-10-01 17:40:21,370 INFO epoch 35750  mean_mse 2.3648e-04 | train eq18 7.0945e-03 test eq18 1.6925e-02
2026-10-01 17:40:21,656 INFO epoch 36000  mean_mse 2.2745e-04 | train eq18 6.8236e-03 test eq18 1.7310e-02
2026-10-01 17:40:21,935 INFO epoch 36250  mean_mse 3.1847e-04 | train eq18 9.5540e-03 test eq18 2.0666e-02
2026-10-01 17:40:22,235 INFO epoch 36500  mean_mse 2.3937e-04 | train eq18 7.1810e-03 test eq18 1.5813e-02
2026-10-01 17:40:22,537 INFO epoch 36750  mean_mse 2.1909e-04 | train eq18 6.5726e-03 test eq18 1.6359e-02
2026-10-01 17:40:22,843 INFO epoch 37000  mean_mse 2.2539e-04 | train eq18 6.7616e-03 test eq18 1.6338e-02
2026-10-01 17:40:23,131 INFO epoch 37250  mean_mse 2.1884e-04 | train eq18 6.5652e-03 test eq18 1.6309e-02
2026-10-01 17:40:23,467 INFO epoch 37500  mean_mse 2.1703e-04 | train eq18 6.5109e-03 test eq18 1.6530e-02
2026-10-01 17:40:23,760 INFO epoch 37750  mean_mse 2.1716e-04 | train eq18 6.5147e-03 test eq18 1.6742e-02
2026-10-01 17:40:24,042 INFO epoch 38000  mean_mse 2.1781e-04 | train eq18 6.5342e-03 test eq18 1.6776e-02
2026-10-01 17:40:24,362 INFO epoch 38250  mean_mse 2.1676e-04 | train eq18 6.5029e-03 test eq18 1.6713e-02
2026-10-01 17:40:24,660 INFO epoch 38500  mean_mse 2.1731e-04 | train eq18 6.5192e-03 test eq18 1.6640e-02
2026-10-01 17:40:24,956 INFO epoch 38750  mean_mse 3.3777e-04 | train eq18 1.0133e-02 test eq18 1.8137e-02
2026-10-01 17:40:25,306 INFO epoch 39000  mean_mse 2.1720e-04 | train eq18 6.5161e-03 test eq18 1.6903e-02
2026-10-01 17:40:25,651 INFO epoch 39250  mean_mse 2.1761e-04 | train eq18 6.5282e-03 test eq18 1.6834e-02
2026-10-01 17:40:25,964 INFO epoch 39500  mean_mse 2.2984e-04 | train eq18 6.8952e-03 test eq18 1.7544e-02
2026-10-01 17:40:26,252 INFO epoch 39750  mean_mse 2.1679e-04 | train eq18 6.5037e-03 test eq18 1.7055e-02
2026-10-01 17:40:26,567 INFO epoch 40000  mean_mse 2.1718e-04 | train eq18 6.5155e-03 test eq18 1.7178e-02
2026-10-01 17:40:26,865 INFO epoch 40250  mean_mse 2.5699e-04 | train eq18 7.7098e-03 test eq18 1.7411e-02
2026-10-01 17:40:27,192 INFO epoch 40500  mean_mse 4.4489e-04 | train eq18 1.3347e-02 test eq18 2.8899e-02
2026-10-01 17:40:27,500 INFO epoch 40750  mean_mse 2.1653e-04 | train eq18 6.4960e-03 test eq18 1.7326e-02
2026-10-01 17:40:27,776 INFO epoch 41000  mean_mse 2.1624e-04 | train eq18 6.4873e-03 test eq18 1.7078e-02
2026-10-01 17:40:28,077 INFO epoch 41250  mean_mse 2.1663e-04 | train eq18 6.4988e-03 test eq18 1.7401e-02
2026-10-01 17:40:28,359 INFO epoch 41500  mean_mse 2.2157e-04 | train eq18 6.6471e-03 test eq18 1.7999e-02
2026-10-01 17:40:28,639 INFO epoch 41750  mean_mse 2.1598e-04 | train eq18 6.4793e-03 test eq18 1.7427e-02
2026-10-01 17:40:28,925 INFO epoch 42000  mean_mse 2.1601e-04 | train eq18 6.4802e-03 test eq18 1.7384e-02
2026-10-01 17:40:29,235 INFO epoch 42250  mean_mse 2.1587e-04 | train eq18 6.4760e-03 test eq18 1.7491e-02
2026-10-01 17:40:29,590 INFO epoch 42500  mean_mse 2.1594e-04 | train eq18 6.4781e-03 test eq18 1.7289e-02
2026-10-01 17:40:29,912 INFO epoch 42750  mean_mse 2.1604e-04 | train eq18 6.4813e-03 test eq18 1.7598e-02
2026-10-01 17:40:30,201 INFO epoch 43000  mean_mse 2.4790e-04 | train eq18 7.4369e-03 test eq18 1.7962e-02
2026-10-01 17:40:30,506 INFO epoch 43250  mean_mse 2.1559e-04 | train eq18 6.4678e-03 test eq18 1.7698e-02
2026-10-01 17:40:30,800 INFO epoch 43500  mean_mse 2.1563e-04 | train eq18 6.4690e-03 test eq18 1.7650e-02
2026-10-01 17:40:31,092 INFO epoch 43750  mean_mse 2.1592e-04 | train eq18 6.4775e-03 test eq18 1.7921e-02
2026-10-01 17:40:31,385 INFO epoch 44000  mean_mse 2.1949e-04 | train eq18 6.5846e-03 test eq18 1.8245e-02
2026-10-01 17:40:31,713 INFO epoch 44250  mean_mse 2.1952e-04 | train eq18 6.5855e-03 test eq18 1.7546e-02
2026-10-01 17:40:32,016 INFO epoch 44500  mean_mse 3.1699e-04 | train eq18 9.5096e-03 test eq18 2.2365e-02
2026-10-01 17:40:32,312 INFO epoch 44750  mean_mse 2.1587e-04 | train eq18 6.4760e-03 test eq18 1.8023e-02
2026-10-01 17:40:32,627 INFO epoch 45000  mean_mse 2.1540e-04 | train eq18 6.4621e-03 test eq18 1.8080e-02
2026-10-01 17:40:32,914 INFO epoch 45250  mean_mse 2.1913e-04 | train eq18 6.5738e-03 test eq18 1.8435e-02
2026-10-01 17:40:33,219 INFO epoch 45500  mean_mse 2.2013e-04 | train eq18 6.6038e-03 test eq18 1.7504e-02
2026-10-01 17:40:33,534 INFO epoch 45750  mean_mse 2.1510e-04 | train eq18 6.4531e-03 test eq18 1.8150e-02
2026-10-01 17:40:33,838 INFO epoch 46000  mean_mse 2.1526e-04 | train eq18 6.4579e-03 test eq18 1.8160e-02
2026-10-01 17:40:34,118 INFO epoch 46250  mean_mse 4.3597e-04 | train eq18 1.3079e-02 test eq18 2.4768e-02
2026-10-01 17:40:34,414 INFO epoch 46500  mean_mse 2.1527e-04 | train eq18 6.4582e-03 test eq18 1.8133e-02
2026-10-01 17:40:34,702 INFO epoch 46750  mean_mse 2.1503e-04 | train eq18 6.4510e-03 test eq18 1.8450e-02
2026-10-01 17:40:34,989 INFO epoch 47000  mean_mse 2.1550e-04 | train eq18 6.4649e-03 test eq18 1.8625e-02
2026-10-01 17:40:35,276 INFO epoch 47250  mean_mse 2.2420e-04 | train eq18 6.7260e-03 test eq18 1.8745e-02
2026-10-01 17:40:35,585 INFO epoch 47500  mean_mse 2.2778e-04 | train eq18 6.8335e-03 test eq18 1.8553e-02
2026-10-01 17:40:35,906 INFO epoch 47750  mean_mse 2.1486e-04 | train eq18 6.4457e-03 test eq18 1.8533e-02
2026-10-01 17:40:36,198 INFO epoch 48000  mean_mse 2.1903e-04 | train eq18 6.5710e-03 test eq18 1.9276e-02
2026-10-01 17:40:36,496 INFO epoch 48250  mean_mse 2.2123e-04 | train eq18 6.6368e-03 test eq18 1.9351e-02
2026-10-01 17:40:36,803 INFO epoch 48500  mean_mse 2.1553e-04 | train eq18 6.4658e-03 test eq18 1.8830e-02
2026-10-01 17:40:37,117 INFO epoch 48750  mean_mse 2.1526e-04 | train eq18 6.4577e-03 test eq18 1.8418e-02
2026-10-01 17:40:37,405 INFO epoch 49000  mean_mse 2.1467e-04 | train eq18 6.4401e-03 test eq18 1.8569e-02
2026-10-01 17:40:37,692 INFO epoch 49250  mean_mse 2.1559e-04 | train eq18 6.4677e-03 test eq18 1.8799e-02
2026-10-01 17:40:37,979 INFO epoch 49500  mean_mse 2.1866e-04 | train eq18 6.5597e-03 test eq18 1.8636e-02
2026-10-01 17:40:38,265 INFO epoch 49750  mean_mse 2.1468e-04 | train eq18 6.4405e-03 test eq18 1.8791e-02
2026-10-01 17:40:38,596 INFO wrote ../results/experiments/biodiesel/author_repo_match/figures_tanh_r1_lr1e-2/fig04/deeponet_p156_seed0/checkpoint_final.pt
2026-10-01 17:40:38,597 INFO final: train {'mean_mse': 0.00021567077783402056, 'mean_mse_u': 0.00021567077783402056, 'eq18_obs': 0.006470122840255499, 'eq22_true': 0.006470122840255499, 'eq18_obs_time_averaged': 0.00021567076134184997, 'eq22_true_time_averaged': 0.00021567076134184997}
2026-10-01 17:40:38,597 INFO final: test {'mean_mse': 0.0006282393005676568, 'mean_mse_u': 0.0006282393005676568, 'eq18_obs': 0.018847178667783737, 'eq22_true': 0.018847178667783737, 'eq18_obs_time_averaged': 0.0006282392889261246, 'eq22_true_time_averaged': 0.0006282392889261246}
2026-10-01 17:40:38,597 INFO final trunk: {'kinks': [-3.112739086151123, -3.703716278076172, 8.269325256347656, -3.7313730716705322, 23.075841903686523], 'dead_on_grid': {'tanh0': 0, 'tanh1': 0}, 'dead_on_dense': {'tanh0': 0, 'tanh1': 0}, 'interior_breakpoints_s': {'layer1': [8.269325256347656, 23.075841903686523], 'layer2': [0.6830000281333923, 1.378000020980835, 2.189000129699707, 2.3580000400543213]}, 'tanh_saturation': {'grid': {'layer1': {'abs_z_quantiles_10_50_90_max': [0.33938014805316924, 1.9924156665802002, 6.911089754104614, 9.661112785339355], 'frac_abs_z_gt': {'2': 0.5, '3': 0.38666666666666666, '5': 0.2}, 'frac_abs_act_gt': {'0.95': 0.5266666666666666, '0.99': 0.42}, 'derivative_mean': 0.2678616940975189, 'derivative_median': 0.07190805673599243}, 'layer2': {'abs_z_quantiles_10_50_90_max': [0.2477535679936409, 1.4406552910804749, 9.559963989257811, 10.74647331237793], 'frac_abs_z_gt': {'2': 0.25333333333333335, '3': 0.18666666666666668, '5': 0.16666666666666666}, 'frac_abs_act_gt': {'0.95': 0.32666666666666666, '0.99': 0.19333333333333333}, 'derivative_mean': 0.34894680976867676, 'derivative_median': 0.20106911659240723}}, 'dense': {'layer1': {'abs_z_quantiles_10_50_90_max': [0.33494192361831665, 2.0362682342529297, 6.87686643600464, 9.661112785339355], 'frac_abs_z_gt': {'2': 0.5056478405315614, '3': 0.3893687707641196, '5': 0.2019933554817276}, 'frac_abs_act_gt': {'0.95': 0.53156146179402, '0.99': 0.4212624584717608}, 'derivative_mean': 0.2664497196674347, 'derivative_median': 0.0658731460571289}, 'layer2': {'abs_z_quantiles_10_50_90_max': [0.23238583207130434, 1.4392197132110596, 9.669148826599125, 10.747352600097656], 'frac_abs_z_gt': {'2': 0.25249169435215946, '3': 0.19003322259136213, '5': 0.16677740863787374}, 'frac_abs_act_gt': {'0.95': 0.3335548172757475, '0.99': 0.19335548172757475}, 'derivative_mean': 0.3477681875228882, 'derivative_median': 0.2015852928161621}}}}
2026-10-01 17:40:38,598 INFO run completed 2026-10-01T15:40:38Z
