2026-10-01 16:55:46,293 INFO run start 2026-10-01T14:55:46Z | run_id=biodiesel-deeponet-repro/deeponet_p308_seed0 | system=biodiesel-deeponet-repro | dir=../results/experiments/biodiesel/author_repo_match/figures_tanh_r1/fig04/deeponet_p308_seed0
2026-10-01 16:55:46,406 INFO wrote ../results/experiments/biodiesel/author_repo_match/figures_tanh_r1/fig04/deeponet_p308_seed0/config.json
2026-10-01 16:55:46,423 INFO configuration: branch inputs normalized (author-global normalized Mode A), targets author_global_normalized_states, trunk input raw physical t 0..30 s (30 points), activation tanh, placement A, init Aprime_tf_truncated_glorot_zero_bias, Adam lr 0.001
2026-10-01 16:55:46,423 INFO initial: train {'mean_mse': 0.48036080598831177, 'mean_mse_u': 0.48036080598831177, 'eq18_obs': 14.4108247756958, 'eq22_true': 14.4108247756958, 'eq18_obs_time_averaged': 0.4803608258565267, 'eq22_true_time_averaged': 0.4803608258565267} | test {'mean_mse': 0.4624251425266266, 'mean_mse_u': 0.4624251425266266, 'eq18_obs': 13.87275505065918, 'eq22_true': 13.87275505065918, 'eq18_obs_time_averaged': 0.462425168355306, 'eq22_true_time_averaged': 0.462425168355306}
2026-10-01 16:55:46,427 INFO initial prediction stats: {'min': -0.4128516912460327, 'max': 1.0678064823150635, 'mean': 0.25382742285728455, 'abs_max': 1.0678064823150635, 'per_species_min': [0.1511426419019699, 0.01674935780465603, -0.07298735529184341, -0.1487981379032135, -0.4128516912460327, 0.0], 'per_species_max': [1.0678064823150635, 1.014087200164795, 0.013730580918490887, 0.0, 0.0, 0.7322954535484314], 'fraction_negative': 0.47}
2026-10-01 16:55:47,647 INFO epoch     0  mean_mse 4.8036e-01 | train eq18 1.4411e+01 test eq18 1.3873e+01
2026-10-01 16:55:48,007 INFO epoch   250  mean_mse 3.0455e-02 | train eq18 9.1366e-01 test eq18 9.1176e-01
2026-10-01 16:55:48,341 INFO epoch   500  mean_mse 1.5729e-02 | train eq18 4.7187e-01 test eq18 4.7326e-01
2026-10-01 16:55:48,733 INFO epoch   750  mean_mse 8.6860e-03 | train eq18 2.6058e-01 test eq18 2.5403e-01
2026-10-01 16:55:49,294 INFO epoch  1000  mean_mse 3.8192e-03 | train eq18 1.1458e-01 test eq18 1.4269e-01
2026-10-01 16:55:49,707 INFO epoch  1250  mean_mse 2.9615e-03 | train eq18 8.8845e-02 test eq18 1.1278e-01
2026-10-01 16:55:50,088 INFO epoch  1500  mean_mse 2.5961e-03 | train eq18 7.7884e-02 test eq18 1.0395e-01
2026-10-01 16:55:50,472 INFO epoch  1750  mean_mse 2.3406e-03 | train eq18 7.0217e-02 test eq18 9.8082e-02
2026-10-01 16:55:50,815 INFO epoch  2000  mean_mse 2.1121e-03 | train eq18 6.3362e-02 test eq18 9.2456e-02
2026-10-01 16:55:51,148 INFO epoch  2250  mean_mse 1.8934e-03 | train eq18 5.6801e-02 test eq18 8.6399e-02
2026-10-01 16:55:51,459 INFO epoch  2500  mean_mse 1.6999e-03 | train eq18 5.0996e-02 test eq18 7.9911e-02
2026-10-01 16:55:51,876 INFO epoch  2750  mean_mse 1.5257e-03 | train eq18 4.5772e-02 test eq18 7.3123e-02
2026-10-01 16:55:52,462 INFO epoch  3000  mean_mse 1.3560e-03 | train eq18 4.0681e-02 test eq18 6.6302e-02
2026-10-01 16:55:52,790 INFO epoch  3250  mean_mse 1.1919e-03 | train eq18 3.5756e-02 test eq18 6.0144e-02
2026-10-01 16:55:53,163 INFO epoch  3500  mean_mse 1.0490e-03 | train eq18 3.1471e-02 test eq18 5.5646e-02
2026-10-01 16:55:53,500 INFO epoch  3750  mean_mse 9.3120e-04 | train eq18 2.7936e-02 test eq18 5.2709e-02
2026-10-01 16:55:53,900 INFO epoch  4000  mean_mse 8.3245e-04 | train eq18 2.4974e-02 test eq18 5.0518e-02
2026-10-01 16:55:54,250 INFO epoch  4250  mean_mse 7.4986e-04 | train eq18 2.2496e-02 test eq18 4.8544e-02
2026-10-01 16:55:54,575 INFO epoch  4500  mean_mse 6.8226e-04 | train eq18 2.0468e-02 test eq18 4.6698e-02
2026-10-01 16:55:54,926 INFO epoch  4750  mean_mse 6.2696e-04 | train eq18 1.8809e-02 test eq18 4.5158e-02
2026-10-01 16:55:55,346 INFO epoch  5000  mean_mse 5.7934e-04 | train eq18 1.7380e-02 test eq18 4.4209e-02
2026-10-01 16:55:55,771 INFO epoch  5250  mean_mse 5.3520e-04 | train eq18 1.6056e-02 test eq18 4.3102e-02
2026-10-01 16:55:56,148 INFO epoch  5500  mean_mse 4.9519e-04 | train eq18 1.4856e-02 test eq18 4.1918e-02
2026-10-01 16:55:56,512 INFO epoch  5750  mean_mse 4.5996e-04 | train eq18 1.3799e-02 test eq18 4.0200e-02
2026-10-01 16:55:56,895 INFO epoch  6000  mean_mse 4.2825e-04 | train eq18 1.2848e-02 test eq18 3.8135e-02
2026-10-01 16:55:57,239 INFO epoch  6250  mean_mse 3.9815e-04 | train eq18 1.1944e-02 test eq18 3.5707e-02
2026-10-01 16:55:57,555 INFO epoch  6500  mean_mse 3.6810e-04 | train eq18 1.1043e-02 test eq18 3.3286e-02
2026-10-01 16:55:57,863 INFO epoch  6750  mean_mse 3.3723e-04 | train eq18 1.0117e-02 test eq18 3.0610e-02
2026-10-01 16:55:58,180 INFO epoch  7000  mean_mse 3.0668e-04 | train eq18 9.2004e-03 test eq18 2.8772e-02
2026-10-01 16:55:58,497 INFO epoch  7250  mean_mse 2.7098e-04 | train eq18 8.1294e-03 test eq18 2.6022e-02
2026-10-01 16:55:58,863 INFO epoch  7500  mean_mse 2.3716e-04 | train eq18 7.1147e-03 test eq18 2.3822e-02
2026-10-01 16:55:59,248 INFO epoch  7750  mean_mse 2.0178e-04 | train eq18 6.0534e-03 test eq18 2.1175e-02
2026-10-01 16:55:59,834 INFO epoch  8000  mean_mse 1.6921e-04 | train eq18 5.0764e-03 test eq18 1.9139e-02
2026-10-01 16:56:00,309 INFO epoch  8250  mean_mse 1.4193e-04 | train eq18 4.2579e-03 test eq18 1.7646e-02
2026-10-01 16:56:00,762 INFO epoch  8500  mean_mse 1.2165e-04 | train eq18 3.6496e-03 test eq18 1.6592e-02
2026-10-01 16:56:01,098 INFO epoch  8750  mean_mse 1.0771e-04 | train eq18 3.2314e-03 test eq18 1.5845e-02
2026-10-01 16:56:01,394 INFO epoch  9000  mean_mse 9.8058e-05 | train eq18 2.9418e-03 test eq18 1.5091e-02
2026-10-01 16:56:01,831 INFO epoch  9250  mean_mse 9.0735e-05 | train eq18 2.7220e-03 test eq18 1.4552e-02
2026-10-01 16:56:02,211 INFO epoch  9500  mean_mse 8.4883e-05 | train eq18 2.5465e-03 test eq18 1.4119e-02
2026-10-01 16:56:02,590 INFO epoch  9750  mean_mse 7.9723e-05 | train eq18 2.3917e-03 test eq18 1.3423e-02
2026-10-01 16:56:02,937 INFO epoch 10000  mean_mse 7.5260e-05 | train eq18 2.2578e-03 test eq18 1.2924e-02
2026-10-01 16:56:03,268 INFO epoch 10250  mean_mse 7.1156e-05 | train eq18 2.1347e-03 test eq18 1.2465e-02
2026-10-01 16:56:03,609 INFO epoch 10500  mean_mse 6.7250e-05 | train eq18 2.0175e-03 test eq18 1.2081e-02
2026-10-01 16:56:03,939 INFO epoch 10750  mean_mse 6.3527e-05 | train eq18 1.9058e-03 test eq18 1.1573e-02
2026-10-01 16:56:04,322 INFO epoch 11000  mean_mse 5.9725e-05 | train eq18 1.7918e-03 test eq18 1.1410e-02
2026-10-01 16:56:04,638 INFO epoch 11250  mean_mse 5.7885e-05 | train eq18 1.7366e-03 test eq18 1.1391e-02
2026-10-01 16:56:04,951 INFO epoch 11500  mean_mse 5.2920e-05 | train eq18 1.5876e-03 test eq18 1.1009e-02
2026-10-01 16:56:05,306 INFO epoch 11750  mean_mse 5.0182e-05 | train eq18 1.5055e-03 test eq18 1.0963e-02
2026-10-01 16:56:05,678 INFO epoch 12000  mean_mse 4.8005e-05 | train eq18 1.4402e-03 test eq18 1.0653e-02
2026-10-01 16:56:06,063 INFO epoch 12250  mean_mse 4.5866e-05 | train eq18 1.3760e-03 test eq18 1.0900e-02
2026-10-01 16:56:06,402 INFO epoch 12500  mean_mse 4.4152e-05 | train eq18 1.3245e-03 test eq18 1.0928e-02
2026-10-01 16:56:06,744 INFO epoch 12750  mean_mse 4.2590e-05 | train eq18 1.2777e-03 test eq18 1.0903e-02
2026-10-01 16:56:07,204 INFO epoch 13000  mean_mse 4.1163e-05 | train eq18 1.2349e-03 test eq18 1.0903e-02
2026-10-01 16:56:07,542 INFO epoch 13250  mean_mse 3.9875e-05 | train eq18 1.1963e-03 test eq18 1.0953e-02
2026-10-01 16:56:07,918 INFO epoch 13500  mean_mse 3.8658e-05 | train eq18 1.1597e-03 test eq18 1.0944e-02
2026-10-01 16:56:08,243 INFO epoch 13750  mean_mse 3.7561e-05 | train eq18 1.1268e-03 test eq18 1.0974e-02
2026-10-01 16:56:08,603 INFO epoch 14000  mean_mse 3.6554e-05 | train eq18 1.0966e-03 test eq18 1.1049e-02
2026-10-01 16:56:09,000 INFO epoch 14250  mean_mse 3.5581e-05 | train eq18 1.0674e-03 test eq18 1.1004e-02
2026-10-01 16:56:09,518 INFO epoch 14500  mean_mse 3.4814e-05 | train eq18 1.0444e-03 test eq18 1.0954e-02
2026-10-01 16:56:09,848 INFO epoch 14750  mean_mse 3.3853e-05 | train eq18 1.0156e-03 test eq18 1.1034e-02
2026-10-01 16:56:10,244 INFO epoch 15000  mean_mse 3.3085e-05 | train eq18 9.9254e-04 test eq18 1.0994e-02
2026-10-01 16:56:10,576 INFO epoch 15250  mean_mse 3.2380e-05 | train eq18 9.7139e-04 test eq18 1.1123e-02
2026-10-01 16:56:10,944 INFO epoch 15500  mean_mse 3.1680e-05 | train eq18 9.5041e-04 test eq18 1.1034e-02
2026-10-01 16:56:11,257 INFO epoch 15750  mean_mse 3.1466e-05 | train eq18 9.4399e-04 test eq18 1.1385e-02
2026-10-01 16:56:11,656 INFO epoch 16000  mean_mse 3.3321e-05 | train eq18 9.9962e-04 test eq18 1.1979e-02
2026-10-01 16:56:11,994 INFO epoch 16250  mean_mse 2.9883e-05 | train eq18 8.9650e-04 test eq18 1.0972e-02
2026-10-01 16:56:12,324 INFO epoch 16500  mean_mse 2.9371e-05 | train eq18 8.8113e-04 test eq18 1.0877e-02
2026-10-01 16:56:12,685 INFO epoch 16750  mean_mse 2.8939e-05 | train eq18 8.6816e-04 test eq18 1.0995e-02
2026-10-01 16:56:13,082 INFO epoch 17000  mean_mse 2.8359e-05 | train eq18 8.5077e-04 test eq18 1.0882e-02
2026-10-01 16:56:13,480 INFO epoch 17250  mean_mse 2.7943e-05 | train eq18 8.3830e-04 test eq18 1.0740e-02
2026-10-01 16:56:13,816 INFO epoch 17500  mean_mse 2.7790e-05 | train eq18 8.3371e-04 test eq18 1.0534e-02
2026-10-01 16:56:14,176 INFO epoch 17750  mean_mse 2.7056e-05 | train eq18 8.1168e-04 test eq18 1.0798e-02
2026-10-01 16:56:14,674 INFO epoch 18000  mean_mse 2.6692e-05 | train eq18 8.0076e-04 test eq18 1.0596e-02
2026-10-01 16:56:15,041 INFO epoch 18250  mean_mse 2.6272e-05 | train eq18 7.8815e-04 test eq18 1.0690e-02
2026-10-01 16:56:15,486 INFO epoch 18500  mean_mse 2.6294e-05 | train eq18 7.8883e-04 test eq18 1.0884e-02
2026-10-01 16:56:15,827 INFO epoch 18750  mean_mse 2.5535e-05 | train eq18 7.6606e-04 test eq18 1.0533e-02
2026-10-01 16:56:16,169 INFO epoch 19000  mean_mse 2.5453e-05 | train eq18 7.6359e-04 test eq18 1.0219e-02
2026-10-01 16:56:16,487 INFO epoch 19250  mean_mse 2.5759e-05 | train eq18 7.7277e-04 test eq18 1.0869e-02
2026-10-01 16:56:16,868 INFO epoch 19500  mean_mse 2.4551e-05 | train eq18 7.3653e-04 test eq18 1.0266e-02
2026-10-01 16:56:17,198 INFO epoch 19750  mean_mse 2.4241e-05 | train eq18 7.2722e-04 test eq18 1.0313e-02
2026-10-01 16:56:17,534 INFO epoch 20000  mean_mse 2.3989e-05 | train eq18 7.1966e-04 test eq18 1.0069e-02
2026-10-01 16:56:17,894 INFO epoch 20250  mean_mse 2.3647e-05 | train eq18 7.0941e-04 test eq18 1.0113e-02
2026-10-01 16:56:18,268 INFO epoch 20500  mean_mse 2.3374e-05 | train eq18 7.0123e-04 test eq18 1.0025e-02
2026-10-01 16:56:18,962 INFO epoch 20750  mean_mse 2.3107e-05 | train eq18 6.9320e-04 test eq18 9.9633e-03
2026-10-01 16:56:19,467 INFO epoch 21000  mean_mse 2.3405e-05 | train eq18 7.0216e-04 test eq18 9.9620e-03
2026-10-01 16:56:19,837 INFO epoch 21250  mean_mse 2.2611e-05 | train eq18 6.7833e-04 test eq18 9.8444e-03
2026-10-01 16:56:20,257 INFO epoch 21500  mean_mse 2.2380e-05 | train eq18 6.7140e-04 test eq18 9.7997e-03
2026-10-01 16:56:20,631 INFO epoch 21750  mean_mse 2.4293e-05 | train eq18 7.2879e-04 test eq18 9.7903e-03
2026-10-01 16:56:20,964 INFO epoch 22000  mean_mse 2.1932e-05 | train eq18 6.5796e-04 test eq18 9.6530e-03
2026-10-01 16:56:21,290 INFO epoch 22250  mean_mse 2.1723e-05 | train eq18 6.5169e-04 test eq18 9.6034e-03
2026-10-01 16:56:21,621 INFO epoch 22500  mean_mse 2.1524e-05 | train eq18 6.4573e-04 test eq18 9.5319e-03
2026-10-01 16:56:22,104 INFO epoch 22750  mean_mse 2.2846e-05 | train eq18 6.8539e-04 test eq18 8.9782e-03
2026-10-01 16:56:23,545 INFO epoch 23000  mean_mse 2.1201e-05 | train eq18 6.3604e-04 test eq18 9.5085e-03
2026-10-01 16:56:24,597 INFO epoch 23250  mean_mse 2.1106e-05 | train eq18 6.3318e-04 test eq18 9.2253e-03
2026-10-01 16:56:25,031 INFO epoch 23500  mean_mse 2.0795e-05 | train eq18 6.2384e-04 test eq18 9.2693e-03
2026-10-01 16:56:25,416 INFO epoch 23750  mean_mse 2.0750e-05 | train eq18 6.2250e-04 test eq18 9.0778e-03
2026-10-01 16:56:25,779 INFO epoch 24000  mean_mse 2.0619e-05 | train eq18 6.1857e-04 test eq18 9.0336e-03
2026-10-01 16:56:26,120 INFO epoch 24250  mean_mse 2.0341e-05 | train eq18 6.1024e-04 test eq18 9.0916e-03
2026-10-01 16:56:26,474 INFO epoch 24500  mean_mse 2.0175e-05 | train eq18 6.0524e-04 test eq18 9.1297e-03
2026-10-01 16:56:26,895 INFO epoch 24750  mean_mse 2.0006e-05 | train eq18 6.0019e-04 test eq18 9.0221e-03
2026-10-01 16:56:27,279 INFO epoch 25000  mean_mse 2.7187e-05 | train eq18 8.1561e-04 test eq18 8.1410e-03
2026-10-01 16:56:27,700 INFO epoch 25250  mean_mse 1.9733e-05 | train eq18 5.9198e-04 test eq18 8.9563e-03
2026-10-01 16:56:28,094 INFO epoch 25500  mean_mse 1.9596e-05 | train eq18 5.8787e-04 test eq18 8.8660e-03
2026-10-01 16:56:28,610 INFO epoch 25750  mean_mse 1.9468e-05 | train eq18 5.8404e-04 test eq18 8.8213e-03
2026-10-01 16:56:28,954 INFO epoch 26000  mean_mse 1.9539e-05 | train eq18 5.8618e-04 test eq18 8.6498e-03
2026-10-01 16:56:29,293 INFO epoch 26250  mean_mse 1.9222e-05 | train eq18 5.7665e-04 test eq18 8.7558e-03
2026-10-01 16:56:29,824 INFO epoch 26500  mean_mse 1.9106e-05 | train eq18 5.7319e-04 test eq18 8.6950e-03
2026-10-01 16:56:30,170 INFO epoch 26750  mean_mse 1.9041e-05 | train eq18 5.7124e-04 test eq18 8.5853e-03
2026-10-01 16:56:30,545 INFO epoch 27000  mean_mse 1.8890e-05 | train eq18 5.6671e-04 test eq18 8.6434e-03
2026-10-01 16:56:30,915 INFO epoch 27250  mean_mse 1.9132e-05 | train eq18 5.7395e-04 test eq18 8.7091e-03
2026-10-01 16:56:31,296 INFO epoch 27500  mean_mse 1.8672e-05 | train eq18 5.6016e-04 test eq18 8.5595e-03
2026-10-01 16:56:32,014 INFO epoch 27750  mean_mse 1.8758e-05 | train eq18 5.6275e-04 test eq18 8.3589e-03
2026-10-01 16:56:32,595 INFO epoch 28000  mean_mse 1.8471e-05 | train eq18 5.5414e-04 test eq18 8.4792e-03
2026-10-01 16:56:33,003 INFO epoch 28250  mean_mse 1.8376e-05 | train eq18 5.5128e-04 test eq18 8.4490e-03
2026-10-01 16:56:33,386 INFO epoch 28500  mean_mse 1.8297e-05 | train eq18 5.4890e-04 test eq18 8.4562e-03
2026-10-01 16:56:33,992 INFO epoch 28750  mean_mse 1.8204e-05 | train eq18 5.4612e-04 test eq18 8.3635e-03
2026-10-01 16:56:34,435 INFO epoch 29000  mean_mse 1.8179e-05 | train eq18 5.4538e-04 test eq18 8.2477e-03
2026-10-01 16:56:34,972 INFO epoch 29250  mean_mse 1.8081e-05 | train eq18 5.4243e-04 test eq18 8.4088e-03
2026-10-01 16:56:35,632 INFO epoch 29500  mean_mse 2.0673e-05 | train eq18 6.2019e-04 test eq18 7.7591e-03
2026-10-01 16:56:36,017 INFO epoch 29750  mean_mse 1.7858e-05 | train eq18 5.3573e-04 test eq18 8.2586e-03
2026-10-01 16:56:36,330 INFO epoch 30000  mean_mse 2.6908e-05 | train eq18 8.0724e-04 test eq18 9.4994e-03
2026-10-01 16:56:36,643 INFO epoch 30250  mean_mse 1.7708e-05 | train eq18 5.3124e-04 test eq18 8.1698e-03
2026-10-01 16:56:37,000 INFO epoch 30500  mean_mse 1.7754e-05 | train eq18 5.3263e-04 test eq18 8.0399e-03
2026-10-01 16:56:37,357 INFO epoch 30750  mean_mse 1.7555e-05 | train eq18 5.2664e-04 test eq18 8.1298e-03
2026-10-01 16:56:37,835 INFO epoch 31000  mean_mse 1.7480e-05 | train eq18 5.2439e-04 test eq18 8.1209e-03
2026-10-01 16:56:38,354 INFO epoch 31250  mean_mse 1.7413e-05 | train eq18 5.2238e-04 test eq18 8.0753e-03
2026-10-01 16:56:38,660 INFO epoch 31500  mean_mse 1.8294e-05 | train eq18 5.4881e-04 test eq18 8.4869e-03
2026-10-01 16:56:38,975 INFO epoch 31750  mean_mse 1.7270e-05 | train eq18 5.1809e-04 test eq18 8.0439e-03
2026-10-01 16:56:39,325 INFO epoch 32000  mean_mse 1.7215e-05 | train eq18 5.1645e-04 test eq18 7.9768e-03
2026-10-01 16:56:39,661 INFO epoch 32250  mean_mse 1.7138e-05 | train eq18 5.1415e-04 test eq18 8.0078e-03
2026-10-01 16:56:40,098 INFO epoch 32500  mean_mse 1.7085e-05 | train eq18 5.1255e-04 test eq18 7.9473e-03
2026-10-01 16:56:40,394 INFO epoch 32750  mean_mse 1.7018e-05 | train eq18 5.1054e-04 test eq18 7.9179e-03
2026-10-01 16:56:40,767 INFO epoch 33000  mean_mse 1.6946e-05 | train eq18 5.0839e-04 test eq18 7.9414e-03
2026-10-01 16:56:41,078 INFO epoch 33250  mean_mse 1.6885e-05 | train eq18 5.0656e-04 test eq18 7.9029e-03
2026-10-01 16:56:41,388 INFO epoch 33500  mean_mse 1.6825e-05 | train eq18 5.0476e-04 test eq18 7.8871e-03
2026-10-01 16:56:41,723 INFO epoch 33750  mean_mse 1.7302e-05 | train eq18 5.1906e-04 test eq18 7.7294e-03
2026-10-01 16:56:42,064 INFO epoch 34000  mean_mse 1.7416e-05 | train eq18 5.2247e-04 test eq18 8.1721e-03
2026-10-01 16:56:42,356 INFO epoch 34250  mean_mse 1.6923e-05 | train eq18 5.0769e-04 test eq18 8.0299e-03
2026-10-01 16:56:42,660 INFO epoch 34500  mean_mse 1.8375e-05 | train eq18 5.5126e-04 test eq18 7.3963e-03
2026-10-01 16:56:43,028 INFO epoch 34750  mean_mse 2.0128e-05 | train eq18 6.0385e-04 test eq18 8.3314e-03
2026-10-01 16:56:43,482 INFO epoch 35000  mean_mse 1.6492e-05 | train eq18 4.9477e-04 test eq18 7.7944e-03
2026-10-01 16:56:43,929 INFO epoch 35250  mean_mse 1.6430e-05 | train eq18 4.9289e-04 test eq18 7.7444e-03
2026-10-01 16:56:44,261 INFO epoch 35500  mean_mse 1.6396e-05 | train eq18 4.9189e-04 test eq18 7.7855e-03
2026-10-01 16:56:44,607 INFO epoch 35750  mean_mse 1.6419e-05 | train eq18 4.9256e-04 test eq18 7.8306e-03
2026-10-01 16:56:44,913 INFO epoch 36000  mean_mse 1.6273e-05 | train eq18 4.8819e-04 test eq18 7.7024e-03
2026-10-01 16:56:45,240 INFO epoch 36250  mean_mse 1.6221e-05 | train eq18 4.8662e-04 test eq18 7.6895e-03
2026-10-01 16:56:45,550 INFO epoch 36500  mean_mse 1.6191e-05 | train eq18 4.8572e-04 test eq18 7.7238e-03
2026-10-01 16:56:45,879 INFO epoch 36750  mean_mse 1.6261e-05 | train eq18 4.8784e-04 test eq18 7.8063e-03
2026-10-01 16:56:46,175 INFO epoch 37000  mean_mse 1.6290e-05 | train eq18 4.8870e-04 test eq18 7.8137e-03
2026-10-01 16:56:46,467 INFO epoch 37250  mean_mse 1.6038e-05 | train eq18 4.8115e-04 test eq18 7.6009e-03
2026-10-01 16:56:46,760 INFO epoch 37500  mean_mse 2.4438e-05 | train eq18 7.3315e-04 test eq18 8.9563e-03
2026-10-01 16:56:47,089 INFO epoch 37750  mean_mse 1.6032e-05 | train eq18 4.8097e-04 test eq18 7.6998e-03
2026-10-01 16:56:47,379 INFO epoch 38000  mean_mse 1.5893e-05 | train eq18 4.7678e-04 test eq18 7.6121e-03
2026-10-01 16:56:47,678 INFO epoch 38250  mean_mse 1.8663e-05 | train eq18 5.5990e-04 test eq18 8.2587e-03
2026-10-01 16:56:47,966 INFO epoch 38500  mean_mse 1.5814e-05 | train eq18 4.7442e-04 test eq18 7.6149e-03
2026-10-01 16:56:48,263 INFO epoch 38750  mean_mse 1.5747e-05 | train eq18 4.7242e-04 test eq18 7.5469e-03
2026-10-01 16:56:48,547 INFO epoch 39000  mean_mse 1.5704e-05 | train eq18 4.7112e-04 test eq18 7.5268e-03
2026-10-01 16:56:48,862 INFO epoch 39250  mean_mse 1.5661e-05 | train eq18 4.6984e-04 test eq18 7.5097e-03
2026-10-01 16:56:49,154 INFO epoch 39500  mean_mse 1.5774e-05 | train eq18 4.7321e-04 test eq18 7.6391e-03
2026-10-01 16:56:49,442 INFO epoch 39750  mean_mse 1.5600e-05 | train eq18 4.6800e-04 test eq18 7.5091e-03
2026-10-01 16:56:49,749 INFO epoch 40000  mean_mse 1.5533e-05 | train eq18 4.6600e-04 test eq18 7.4767e-03
2026-10-01 16:56:50,090 INFO epoch 40250  mean_mse 1.5508e-05 | train eq18 4.6523e-04 test eq18 7.4222e-03
2026-10-01 16:56:50,638 INFO epoch 40500  mean_mse 1.5451e-05 | train eq18 4.6353e-04 test eq18 7.4594e-03
2026-10-01 16:56:51,386 INFO epoch 40750  mean_mse 1.5426e-05 | train eq18 4.6279e-04 test eq18 7.4161e-03
2026-10-01 16:56:51,704 INFO epoch 41000  mean_mse 1.8105e-05 | train eq18 5.4315e-04 test eq18 7.9208e-03
2026-10-01 16:56:51,999 INFO epoch 41250  mean_mse 1.5333e-05 | train eq18 4.6000e-04 test eq18 7.4190e-03
2026-10-01 16:56:52,302 INFO epoch 41500  mean_mse 1.5296e-05 | train eq18 4.5887e-04 test eq18 7.4169e-03
2026-10-01 16:56:52,583 INFO epoch 41750  mean_mse 1.5261e-05 | train eq18 4.5783e-04 test eq18 7.4133e-03
2026-10-01 16:56:52,880 INFO epoch 42000  mean_mse 1.5221e-05 | train eq18 4.5662e-04 test eq18 7.3876e-03
2026-10-01 16:56:53,196 INFO epoch 42250  mean_mse 1.5552e-05 | train eq18 4.6655e-04 test eq18 7.1690e-03
2026-10-01 16:56:53,514 INFO epoch 42500  mean_mse 1.5151e-05 | train eq18 4.5453e-04 test eq18 7.3446e-03
2026-10-01 16:56:53,796 INFO epoch 42750  mean_mse 1.5493e-05 | train eq18 4.6478e-04 test eq18 7.5186e-03
2026-10-01 16:56:54,082 INFO epoch 43000  mean_mse 1.8063e-05 | train eq18 5.4190e-04 test eq18 8.0302e-03
2026-10-01 16:56:54,376 INFO epoch 43250  mean_mse 1.5039e-05 | train eq18 4.5117e-04 test eq18 7.3338e-03
2026-10-01 16:56:54,668 INFO epoch 43500  mean_mse 1.5015e-05 | train eq18 4.5046e-04 test eq18 7.2862e-03
2026-10-01 16:56:54,953 INFO epoch 43750  mean_mse 1.4994e-05 | train eq18 4.4983e-04 test eq18 7.3758e-03
2026-10-01 16:56:55,245 INFO epoch 44000  mean_mse 1.5076e-05 | train eq18 4.5228e-04 test eq18 7.2315e-03
2026-10-01 16:56:55,523 INFO epoch 44250  mean_mse 1.4901e-05 | train eq18 4.4703e-04 test eq18 7.2999e-03
2026-10-01 16:56:55,837 INFO epoch 44500  mean_mse 1.4868e-05 | train eq18 4.4604e-04 test eq18 7.2906e-03
2026-10-01 16:56:56,123 INFO epoch 44750  mean_mse 1.4835e-05 | train eq18 4.4506e-04 test eq18 7.2753e-03
2026-10-01 16:56:56,416 INFO epoch 45000  mean_mse 1.5117e-05 | train eq18 4.5350e-04 test eq18 7.1326e-03
2026-10-01 16:56:56,695 INFO epoch 45250  mean_mse 1.4770e-05 | train eq18 4.4311e-04 test eq18 7.2534e-03
2026-10-01 16:56:56,997 INFO epoch 45500  mean_mse 1.4738e-05 | train eq18 4.4214e-04 test eq18 7.2513e-03
2026-10-01 16:56:57,279 INFO epoch 45750  mean_mse 1.4710e-05 | train eq18 4.4131e-04 test eq18 7.2546e-03
2026-10-01 16:56:57,595 INFO epoch 46000  mean_mse 1.4939e-05 | train eq18 4.4818e-04 test eq18 7.3829e-03
2026-10-01 16:56:57,876 INFO epoch 46250  mean_mse 1.4645e-05 | train eq18 4.3936e-04 test eq18 7.2330e-03
2026-10-01 16:56:58,188 INFO epoch 46500  mean_mse 1.7025e-05 | train eq18 5.1075e-04 test eq18 7.8187e-03
2026-10-01 16:56:58,473 INFO epoch 46750  mean_mse 1.6945e-05 | train eq18 5.0834e-04 test eq18 6.8328e-03
2026-10-01 16:56:58,752 INFO epoch 47000  mean_mse 1.4556e-05 | train eq18 4.3669e-04 test eq18 7.1965e-03
2026-10-01 16:56:59,037 INFO epoch 47250  mean_mse 1.8502e-05 | train eq18 5.5507e-04 test eq18 6.6337e-03
2026-10-01 16:56:59,347 INFO epoch 47500  mean_mse 1.4561e-05 | train eq18 4.3682e-04 test eq18 7.2088e-03
2026-10-01 16:56:59,713 INFO epoch 47750  mean_mse 1.4688e-05 | train eq18 4.4063e-04 test eq18 7.0794e-03
2026-10-01 16:57:00,048 INFO epoch 48000  mean_mse 1.6936e-05 | train eq18 5.0807e-04 test eq18 6.7152e-03
2026-10-01 16:57:00,412 INFO epoch 48250  mean_mse 1.4995e-05 | train eq18 4.4984e-04 test eq18 7.3647e-03
2026-10-01 16:57:00,713 INFO epoch 48500  mean_mse 1.4382e-05 | train eq18 4.3145e-04 test eq18 7.1631e-03
2026-10-01 16:57:01,002 INFO epoch 48750  mean_mse 1.4450e-05 | train eq18 4.3349e-04 test eq18 7.0850e-03
2026-10-01 16:57:01,332 INFO epoch 49000  mean_mse 1.4328e-05 | train eq18 4.2984e-04 test eq18 7.1437e-03
2026-10-01 16:57:01,629 INFO epoch 49250  mean_mse 1.4365e-05 | train eq18 4.3095e-04 test eq18 7.2203e-03
2026-10-01 16:57:01,919 INFO epoch 49500  mean_mse 1.4279e-05 | train eq18 4.2837e-04 test eq18 7.1231e-03
2026-10-01 16:57:02,198 INFO epoch 49750  mean_mse 1.6353e-05 | train eq18 4.9060e-04 test eq18 7.7990e-03
2026-10-01 16:57:02,568 INFO wrote ../results/experiments/biodiesel/author_repo_match/figures_tanh_r1/fig04/deeponet_p308_seed0/checkpoint_final.pt
2026-10-01 16:57:02,571 INFO final: train {'mean_mse': 1.4424083929043263e-05, 'mean_mse_u': 1.4424083929043263e-05, 'eq18_obs': 0.00043272250331938267, 'eq22_true': 0.00043272250331938267, 'eq18_obs_time_averaged': 1.4424083443979422e-05, 'eq22_true_time_averaged': 1.4424083443979422e-05}
2026-10-01 16:57:02,571 INFO final: test {'mean_mse': 0.0002318285551154986, 'mean_mse_u': 0.0002318285551154986, 'eq18_obs': 0.006954857148230076, 'eq22_true': 0.006954857148230076, 'eq18_obs_time_averaged': 0.0002318285716076692, 'eq22_true_time_averaged': 0.0002318285716076692}
2026-10-01 16:57:02,571 INFO final trunk: {'kinks': [-2.3039352893829346, 6.053341865539551, -41.291751861572266, 22.069440841674805, -1.7628271579742432, -81.62325286865234, -3.491549015045166], 'dead_on_grid': {'tanh0': 0, 'tanh1': 0}, 'dead_on_dense': {'tanh0': 0, 'tanh1': 0}, 'interior_breakpoints_s': {'layer1': [6.053341865539551, 22.069440841674805], 'layer2': [0.005000000353902578, 7.091000556945801, 7.169000148773193]}, 'tanh_saturation': {'grid': {'layer1': {'abs_z_quantiles_10_50_90_max': [0.2706040143966675, 1.0069250166416168, 6.021598815917967, 11.0216646194458], 'frac_abs_z_gt': {'2': 0.2714285714285714, '3': 0.20476190476190476, '5': 0.1380952380952381}, 'frac_abs_act_gt': {'0.95': 0.2857142857142857, '0.99': 0.21428571428571427}, 'derivative_mean': 0.4099405109882355, 'derivative_median': 0.4155893623828888}, 'layer2': {'abs_z_quantiles_10_50_90_max': [0.1035486735403538, 0.9125102460384369, 2.510647320747375, 4.988582134246826], 'frac_abs_z_gt': {'2': 0.1625, '3': 0.09166666666666666, '5': 0.0}, 'frac_abs_act_gt': {'0.95': 0.175, '0.99': 0.09583333333333334}, 'derivative_mean': 0.49849072098731995, 'derivative_median': 0.4782322943210602}}, 'dense': {'layer1': {'abs_z_quantiles_10_50_90_max': [0.271469122171402, 1.0164560079574585, 6.0975514411926275, 11.0216646194458], 'frac_abs_z_gt': {'2': 0.27147603227337447, '3': 0.20408163265306123, '5': 0.13716184148077837}, 'frac_abs_act_gt': {'0.95': 0.2876127195064072, '0.99': 0.2159468438538206}, 'derivative_mean': 0.4076422452926636, 'derivative_median': 0.4095321297645569}, 'layer2': {'abs_z_quantiles_10_50_90_max': [0.10600579455494882, 0.9124545454978943, 2.5701294898986853, 4.988582134246826], 'frac_abs_z_gt': {'2': 0.1644518272425249, '3': 0.0909468438538206, '5': 0.0}, 'frac_abs_act_gt': {'0.95': 0.17732558139534885, '0.99': 0.09842192691029901}, 'derivative_mean': 0.49759650230407715, 'derivative_median': 0.4782707393169403}}}}
2026-10-01 16:57:02,573 INFO run completed 2026-10-01T14:57:02Z
