2026-09-27 23:35:46,801 run start | results/experiments/biodiesel/author_repo_match/run_batched_juliainit | seed 0 | params 156
2026-09-27 23:35:46,876 epoch     1  train 2.7783e-01  val 2.5103e-01  (0 s)
2026-09-27 23:35:49,554 epoch   100  train 2.5523e-02  val 2.9512e-02  (3 s)
2026-09-27 23:35:52,850 epoch   200  train 8.3948e-03  val 9.5837e-03  (6 s)
2026-09-27 23:35:56,389 epoch   300  train 4.4167e-03  val 4.7558e-03  (10 s)
2026-09-27 23:35:59,678 epoch   400  train 2.9666e-03  val 3.1741e-03  (13 s)
2026-09-27 23:36:02,877 epoch   500  train 2.2628e-03  val 2.5934e-03  (16 s)
2026-09-27 23:36:06,144 epoch   600  train 1.8061e-03  val 2.1998e-03  (19 s)
2026-09-27 23:36:09,401 epoch   700  train 1.5824e-03  val 1.8338e-03  (23 s)
2026-09-27 23:36:12,671 epoch   800  train 1.3822e-03  val 1.5963e-03  (26 s)
2026-09-27 23:36:15,892 epoch   900  train 1.2185e-03  val 1.4245e-03  (29 s)
2026-09-27 23:36:19,219 epoch  1000  train 1.0563e-03  val 1.2468e-03  (32 s)
2026-09-27 23:36:22,799 epoch  1100  train 9.0949e-04  val 1.1051e-03  (36 s)
2026-09-27 23:36:26,413 epoch  1200  train 7.5863e-04  val 9.7982e-04  (40 s)
2026-09-27 23:36:30,142 epoch  1300  train 6.3116e-04  val 9.6026e-04  (43 s)
2026-09-27 23:36:33,708 epoch  1400  train 5.4923e-04  val 9.3719e-04  (47 s)
2026-09-27 23:36:37,568 epoch  1500  train 4.9019e-04  val 8.6314e-04  (51 s)
2026-09-27 23:36:41,288 epoch  1600  train 4.4637e-04  val 8.0070e-04  (54 s)
2026-09-27 23:36:44,969 epoch  1700  train 4.1256e-04  val 7.4356e-04  (58 s)
2026-09-27 23:36:48,659 epoch  1800  train 3.8438e-04  val 7.0760e-04  (62 s)
2026-09-27 23:36:52,365 epoch  1900  train 3.5637e-04  val 6.6930e-04  (66 s)
2026-09-27 23:36:56,113 epoch  2000  train 3.3409e-04  val 6.3564e-04  (69 s)
2026-09-27 23:37:00,187 epoch  2100  train 3.1429e-04  val 6.0397e-04  (73 s)
2026-09-27 23:37:03,955 epoch  2200  train 2.9920e-04  val 5.8325e-04  (77 s)
2026-09-27 23:37:07,724 epoch  2300  train 2.8007e-04  val 5.5363e-04  (81 s)
2026-09-27 23:37:11,392 epoch  2400  train 2.6522e-04  val 5.3223e-04  (85 s)
2026-09-27 23:37:15,168 epoch  2500  train 2.5266e-04  val 5.1477e-04  (88 s)
2026-09-27 23:37:18,919 epoch  2600  train 2.4014e-04  val 4.9813e-04  (92 s)
2026-09-27 23:37:22,642 epoch  2700  train 3.0961e-04  val 5.6300e-04  (96 s)
2026-09-27 23:37:26,306 epoch  2800  train 2.1960e-04  val 4.6962e-04  (99 s)
2026-09-27 23:37:29,875 epoch  2900  train 2.1041e-04  val 4.5797e-04  (103 s)
2026-09-27 23:37:33,519 epoch  3000  train 2.0163e-04  val 4.4632e-04  (107 s)
2026-09-27 23:37:37,326 epoch  3100  train 1.9322e-04  val 4.3503e-04  (111 s)
2026-09-27 23:37:41,293 epoch  3200  train 1.8639e-04  val 4.2323e-04  (114 s)
2026-09-27 23:37:45,132 epoch  3300  train 1.7922e-04  val 4.1395e-04  (118 s)
2026-09-27 23:37:48,967 epoch  3400  train 1.7254e-04  val 4.0355e-04  (122 s)
2026-09-27 23:37:52,657 epoch  3500  train 1.6616e-04  val 3.9351e-04  (126 s)
2026-09-27 23:37:56,647 epoch  3600  train 1.6010e-04  val 3.8409e-04  (130 s)
2026-09-27 23:38:00,458 epoch  3700  train 1.5852e-04  val 3.6821e-04  (134 s)
2026-09-27 23:38:04,453 epoch  3800  train 1.5050e-04  val 3.6807e-04  (138 s)
2026-09-27 23:38:08,378 epoch  3900  train 1.4582e-04  val 3.6250e-04  (142 s)
2026-09-27 23:38:12,172 epoch  4000  train 1.4142e-04  val 3.5727e-04  (145 s)
2026-09-27 23:38:16,076 epoch  4100  train 1.3729e-04  val 3.5255e-04  (149 s)
2026-09-27 23:38:20,049 epoch  4200  train 1.3400e-04  val 3.4669e-04  (153 s)
2026-09-27 23:38:23,839 epoch  4300  train 1.3044e-04  val 3.4392e-04  (157 s)
2026-09-27 23:38:27,624 epoch  4400  train 1.2716e-04  val 3.4201e-04  (161 s)
2026-09-27 23:38:31,633 epoch  4500  train 1.2491e-04  val 3.3512e-04  (165 s)
2026-09-27 23:38:35,668 epoch  4600  train 1.2206e-04  val 3.3422e-04  (169 s)
2026-09-27 23:38:39,747 epoch  4700  train 1.1943e-04  val 3.3215e-04  (173 s)
2026-09-27 23:38:43,364 epoch  4800  train 1.1698e-04  val 3.3026e-04  (177 s)
2026-09-27 23:38:47,159 epoch  4900  train 1.2685e-04  val 3.5134e-04  (180 s)
2026-09-27 23:38:50,824 epoch  5000  train 1.1412e-04  val 3.2367e-04  (184 s)
2026-09-27 23:38:54,730 epoch  5100  train 1.1196e-04  val 3.2337e-04  (188 s)
2026-09-27 23:38:58,560 epoch  5200  train 1.0996e-04  val 3.2216e-04  (192 s)
2026-09-27 23:39:02,245 epoch  5300  train 1.0806e-04  val 3.2093e-04  (195 s)
2026-09-27 23:39:05,910 epoch  5400  train 1.0623e-04  val 3.1978e-04  (199 s)
2026-09-27 23:39:09,625 epoch  5500  train 1.0572e-04  val 3.1286e-04  (203 s)
2026-09-27 23:39:13,335 epoch  5600  train 1.0317e-04  val 3.1435e-04  (207 s)
2026-09-27 23:39:16,949 epoch  5700  train 1.0149e-04  val 3.1460e-04  (210 s)
2026-09-27 23:39:20,597 epoch  5800  train 9.9919e-05  val 3.1332e-04  (214 s)
2026-09-27 23:39:24,294 epoch  5900  train 9.9221e-05  val 3.0808e-04  (217 s)
2026-09-27 23:39:28,009 epoch  6000  train 9.7111e-05  val 3.0897e-04  (221 s)
2026-09-27 23:39:31,721 epoch  6100  train 9.5486e-05  val 3.0755e-04  (225 s)
2026-09-27 23:39:35,367 epoch  6200  train 1.0193e-04  val 2.9731e-04  (229 s)
2026-09-27 23:39:39,040 epoch  6300  train 1.0061e-04  val 2.9662e-04  (232 s)
2026-09-27 23:39:42,756 epoch  6400  train 9.7067e-05  val 2.9524e-04  (236 s)
2026-09-27 23:39:46,433 epoch  6500  train 9.5608e-05  val 2.9383e-04  (240 s)
2026-09-27 23:39:50,224 epoch  6600  train 9.7317e-05  val 2.9159e-04  (243 s)
2026-09-27 23:39:53,824 epoch  6700  train 9.6126e-05  val 3.2110e-04  (247 s)
2026-09-27 23:39:57,423 epoch  6800  train 8.7324e-05  val 2.9969e-04  (251 s)
2026-09-27 23:40:00,939 epoch  6900  train 8.8487e-05  val 3.0458e-04  (254 s)
2026-09-27 23:40:04,445 epoch  7000  train 1.0223e-04  val 2.9068e-04  (258 s)
2026-09-27 23:40:08,092 epoch  7100  train 9.6992e-05  val 3.2397e-04  (261 s)
2026-09-27 23:40:11,903 epoch  7200  train 8.8146e-05  val 3.1170e-04  (265 s)
2026-09-27 23:40:15,462 epoch  7300  train 1.0213e-04  val 2.9012e-04  (269 s)
2026-09-27 23:40:19,038 epoch  7400  train 8.1680e-05  val 2.9231e-04  (272 s)
2026-09-27 23:40:22,608 epoch  7500  train 8.1102e-05  val 2.9318e-04  (276 s)
2026-09-27 23:40:26,179 epoch  7600  train 8.1388e-05  val 2.8990e-04  (279 s)
2026-09-27 23:40:29,808 epoch  7700  train 1.0491e-04  val 2.8788e-04  (283 s)
2026-09-27 23:40:33,486 epoch  7800  train 7.8791e-05  val 2.9081e-04  (287 s)
2026-09-27 23:40:37,299 epoch  7900  train 7.8594e-05  val 2.8544e-04  (290 s)
2026-09-27 23:40:41,014 epoch  8000  train 7.9497e-05  val 3.0072e-04  (294 s)
2026-09-27 23:40:44,831 epoch  8100  train 9.4993e-05  val 3.3632e-04  (298 s)
2026-09-27 23:40:48,566 epoch  8200  train 8.2088e-05  val 2.9744e-04  (302 s)
2026-09-27 23:40:52,440 epoch  8300  train 7.6063e-05  val 2.8459e-04  (306 s)
2026-09-27 23:40:56,390 epoch  8400  train 7.9229e-05  val 3.0963e-04  (310 s)
2026-09-27 23:41:00,345 epoch  8500  train 9.1648e-05  val 2.8333e-04  (314 s)
2026-09-27 23:41:04,117 epoch  8600  train 8.1851e-05  val 3.0839e-04  (317 s)
2026-09-27 23:41:08,004 epoch  8700  train 7.3828e-05  val 2.8668e-04  (321 s)
2026-09-27 23:41:12,144 epoch  8800  train 9.1792e-05  val 2.8509e-04  (325 s)
2026-09-27 23:41:15,944 epoch  8900  train 1.1271e-04  val 2.9465e-04  (329 s)
2026-09-27 23:41:19,761 epoch  9000  train 7.5757e-05  val 2.9801e-04  (333 s)
2026-09-27 23:41:23,553 epoch  9100  train 7.1466e-05  val 2.8666e-04  (337 s)
2026-09-27 23:41:27,315 epoch  9200  train 7.0865e-05  val 2.8487e-04  (341 s)
2026-09-27 23:41:31,077 epoch  9300  train 7.0838e-05  val 2.8390e-04  (344 s)
2026-09-27 23:41:34,841 epoch  9400  train 1.5281e-04  val 4.0096e-04  (348 s)
2026-09-27 23:41:38,936 epoch  9500  train 6.9447e-05  val 2.8411e-04  (352 s)
2026-09-27 23:41:42,767 epoch  9600  train 6.9618e-05  val 2.8886e-04  (356 s)
2026-09-27 23:41:46,571 epoch  9700  train 7.1472e-05  val 2.9592e-04  (360 s)
2026-09-27 23:41:50,244 epoch  9800  train 6.8200e-05  val 2.8128e-04  (363 s)
2026-09-27 23:41:53,851 epoch  9900  train 6.8735e-05  val 2.7794e-04  (367 s)
2026-09-27 23:41:57,421 epoch 10000  train 6.7396e-05  val 2.8067e-04  (371 s)
2026-09-27 23:41:59,810 completed | 10000 epochs | 370.6 s | train 6.7396e-05 val 2.8067e-04
