2026-09-29 23:45:18,897 run start | results/experiments/biodiesel/author_repo_match/figures/fig05/chemkan_noise05_seed0 | seed 0 | params 156
2026-09-29 23:45:19,414 epoch     1  train 2.5921e-01  val 2.3524e-01  (0 s)
2026-09-29 23:45:40,105 epoch   100  train 2.0933e-02  val 2.2018e-02  (21 s)
2026-09-29 23:46:04,248 epoch   200  train 7.1074e-03  val 6.5748e-03  (45 s)
2026-09-29 23:46:31,872 epoch   300  train 3.7109e-03  val 2.9824e-03  (73 s)
2026-09-29 23:47:01,647 epoch   400  train 2.9002e-03  val 2.2217e-03  (103 s)
2026-09-29 23:47:31,659 epoch   500  train 2.3754e-03  val 1.8524e-03  (133 s)
2026-09-29 23:48:01,629 epoch   600  train 2.0587e-03  val 1.6743e-03  (163 s)
2026-09-29 23:48:31,732 epoch   700  train 1.8465e-03  val 1.6054e-03  (193 s)
2026-09-29 23:49:02,080 epoch   800  train 1.7021e-03  val 1.5982e-03  (223 s)
2026-09-29 23:49:32,911 epoch   900  train 1.6074e-03  val 1.5311e-03  (254 s)
2026-09-29 23:50:03,577 epoch  1000  train 1.5441e-03  val 1.4457e-03  (285 s)
2026-09-29 23:50:34,269 epoch  1100  train 1.4989e-03  val 1.3403e-03  (315 s)
2026-09-29 23:51:04,980 epoch  1200  train 1.4639e-03  val 1.2301e-03  (346 s)
2026-09-29 23:51:35,426 epoch  1300  train 1.4362e-03  val 1.1312e-03  (377 s)
2026-09-29 23:52:05,742 epoch  1400  train 1.4477e-03  val 8.9229e-04  (407 s)
2026-09-29 23:52:36,257 epoch  1500  train 1.3911e-03  val 9.4877e-04  (437 s)
2026-09-29 23:53:06,914 epoch  1600  train 1.3724e-03  val 8.6907e-04  (468 s)
2026-09-29 23:53:37,502 epoch  1700  train 1.4095e-03  val 1.0416e-03  (499 s)
2026-09-29 23:54:07,202 epoch  1800  train 1.3391e-03  val 7.4974e-04  (528 s)
2026-09-29 23:54:37,334 epoch  1900  train 1.3269e-03  val 7.3851e-04  (558 s)
2026-09-29 23:55:07,193 epoch  2000  train 1.3424e-03  val 8.0666e-04  (588 s)
2026-09-29 23:55:36,953 epoch  2100  train 1.2979e-03  val 6.2825e-04  (618 s)
2026-09-29 23:56:06,790 epoch  2200  train 1.2866e-03  val 6.1031e-04  (648 s)
2026-09-29 23:56:36,761 epoch  2300  train 1.2771e-03  val 5.5160e-04  (678 s)
2026-09-29 23:57:06,636 epoch  2400  train 1.2647e-03  val 5.5268e-04  (708 s)
2026-09-29 23:57:36,502 epoch  2500  train 1.2562e-03  val 5.5299e-04  (738 s)
2026-09-29 23:58:06,571 epoch  2600  train 1.2494e-03  val 5.4963e-04  (768 s)
2026-09-29 23:58:36,439 epoch  2700  train 1.2393e-03  val 5.0959e-04  (798 s)
2026-09-29 23:59:06,245 epoch  2800  train 1.2489e-03  val 4.5890e-04  (827 s)
2026-09-29 23:59:36,431 epoch  2900  train 1.2653e-03  val 4.4323e-04  (858 s)
2026-09-30 00:00:09,126 epoch  3000  train 1.2204e-03  val 4.8148e-04  (890 s)
2026-09-30 00:00:42,352 epoch  3100  train 1.2157e-03  val 4.7953e-04  (923 s)
2026-09-30 00:01:15,457 epoch  3200  train 1.2112e-03  val 4.6507e-04  (957 s)
2026-09-30 00:01:48,052 epoch  3300  train 1.2138e-03  val 5.0064e-04  (989 s)
2026-09-30 00:02:20,031 epoch  3400  train 1.2211e-03  val 4.2244e-04  (1021 s)
2026-09-30 00:02:51,952 epoch  3500  train 1.1991e-03  val 4.4772e-04  (1053 s)
2026-09-30 00:03:23,895 epoch  3600  train 1.1961e-03  val 4.3440e-04  (1085 s)
2026-09-30 00:03:55,884 epoch  3700  train 1.1986e-03  val 4.1283e-04  (1117 s)
2026-09-30 00:04:27,670 epoch  3800  train 1.1984e-03  val 4.7117e-04  (1149 s)
2026-09-30 00:04:59,623 epoch  3900  train 1.1863e-03  val 4.2338e-04  (1181 s)
2026-09-30 00:05:31,997 epoch  4000  train 1.1840e-03  val 4.2089e-04  (1213 s)
2026-09-30 00:06:04,133 epoch  4100  train 1.2346e-03  val 3.7876e-04  (1245 s)
2026-09-30 00:06:36,286 epoch  4200  train 1.1781e-03  val 4.0389e-04  (1277 s)
2026-09-30 00:07:08,499 epoch  4300  train 1.1757e-03  val 4.0166e-04  (1310 s)
2026-09-30 00:07:40,677 epoch  4400  train 1.1737e-03  val 3.8909e-04  (1342 s)
2026-09-30 00:08:13,024 epoch  4500  train 1.1748e-03  val 4.1466e-04  (1374 s)
2026-09-30 00:08:45,308 epoch  4600  train 1.1732e-03  val 4.1075e-04  (1406 s)
2026-09-30 00:09:17,116 epoch  4700  train 1.1667e-03  val 3.8071e-04  (1438 s)
2026-09-30 00:09:48,764 epoch  4800  train 1.1655e-03  val 3.6564e-04  (1470 s)
2026-09-30 00:10:20,822 epoch  4900  train 1.2068e-03  val 4.7345e-04  (1502 s)
2026-09-30 00:10:52,981 epoch  5000  train 1.1606e-03  val 3.6508e-04  (1534 s)
2026-09-30 00:11:25,274 epoch  5100  train 1.1592e-03  val 3.6269e-04  (1566 s)
2026-09-30 00:11:57,698 epoch  5200  train 1.1622e-03  val 3.3830e-04  (1599 s)
2026-09-30 00:12:30,329 epoch  5300  train 1.1555e-03  val 3.5136e-04  (1631 s)
2026-09-30 00:13:02,688 epoch  5400  train 1.1541e-03  val 3.4662e-04  (1664 s)
2026-09-30 00:13:34,984 epoch  5500  train 1.1553e-03  val 3.5910e-04  (1696 s)
2026-09-30 00:14:07,533 epoch  5600  train 1.1511e-03  val 3.4189e-04  (1729 s)
2026-09-30 00:14:39,966 epoch  5700  train 1.1496e-03  val 3.3190e-04  (1761 s)
2026-09-30 00:15:11,961 epoch  5800  train 1.1486e-03  val 3.3279e-04  (1793 s)
2026-09-30 00:15:44,125 epoch  5900  train 1.1493e-03  val 3.1533e-04  (1825 s)
2026-09-30 00:16:16,245 epoch  6000  train 1.1462e-03  val 3.2855e-04  (1857 s)
2026-09-30 00:16:48,296 epoch  6100  train 1.1446e-03  val 3.1911e-04  (1889 s)
2026-09-30 00:17:20,386 epoch  6200  train 1.1470e-03  val 3.0190e-04  (1921 s)
2026-09-30 00:17:52,548 epoch  6300  train 1.1423e-03  val 3.1215e-04  (1954 s)
2026-09-30 00:18:24,595 epoch  6400  train 1.1417e-03  val 3.1139e-04  (1986 s)
2026-09-30 00:18:56,903 epoch  6500  train 1.1934e-03  val 3.1118e-04  (2018 s)
2026-09-30 00:19:29,325 epoch  6600  train 1.1393e-03  val 3.0299e-04  (2050 s)
2026-09-30 00:20:01,538 epoch  6700  train 1.1403e-03  val 2.9234e-04  (2083 s)
2026-09-30 00:20:33,477 epoch  6800  train 1.1403e-03  val 2.9085e-04  (2115 s)
2026-09-30 00:21:05,562 epoch  6900  train 1.1365e-03  val 2.9444e-04  (2147 s)
2026-09-30 00:21:37,511 epoch  7000  train 1.1359e-03  val 2.9226e-04  (2179 s)
2026-09-30 00:22:09,641 epoch  7100  train 1.1612e-03  val 3.4801e-04  (2211 s)
2026-09-30 00:22:42,107 epoch  7200  train 1.1339e-03  val 2.8783e-04  (2243 s)
2026-09-30 00:23:15,014 epoch  7300  train 1.1332e-03  val 2.8568e-04  (2276 s)
2026-09-30 00:23:48,060 epoch  7400  train 1.1328e-03  val 2.8497e-04  (2309 s)
2026-09-30 00:24:20,948 epoch  7500  train 1.1731e-03  val 3.5078e-04  (2342 s)
2026-09-30 00:24:53,933 epoch  7600  train 1.1309e-03  val 2.8192e-04  (2375 s)
2026-09-30 00:25:26,435 epoch  7700  train 1.1312e-03  val 2.8410e-04  (2408 s)
2026-09-30 00:25:58,772 epoch  7800  train 1.1298e-03  val 2.8238e-04  (2440 s)
2026-09-30 00:26:31,345 epoch  7900  train 1.1289e-03  val 2.7670e-04  (2472 s)
2026-09-30 00:27:03,855 epoch  8000  train 1.1348e-03  val 2.9582e-04  (2505 s)
2026-09-30 00:27:36,335 epoch  8100  train 1.1275e-03  val 2.7583e-04  (2537 s)
2026-09-30 00:28:08,826 epoch  8200  train 1.1269e-03  val 2.7235e-04  (2570 s)
2026-09-30 00:28:41,753 epoch  8300  train 1.1351e-03  val 2.6514e-04  (2603 s)
2026-09-30 00:29:14,827 epoch  8400  train 1.1256e-03  val 2.7210e-04  (2636 s)
2026-09-30 00:29:47,904 epoch  8500  train 1.1254e-03  val 2.6957e-04  (2669 s)
2026-09-30 00:30:19,976 epoch  8600  train 1.1465e-03  val 2.7370e-04  (2701 s)
2026-09-30 00:30:51,900 epoch  8700  train 1.1239e-03  val 2.6865e-04  (2733 s)
2026-09-30 00:31:23,819 epoch  8800  train 1.1284e-03  val 2.8290e-04  (2765 s)
2026-09-30 00:31:55,923 epoch  8900  train 1.1228e-03  val 2.6742e-04  (2797 s)
2026-09-30 00:32:27,939 epoch  9000  train 1.1224e-03  val 2.6717e-04  (2829 s)
2026-09-30 00:32:59,957 epoch  9100  train 1.1285e-03  val 2.5834e-04  (2861 s)
2026-09-30 00:33:32,143 epoch  9200  train 1.1212e-03  val 2.6532e-04  (2893 s)
2026-09-30 00:34:04,260 epoch  9300  train 1.1208e-03  val 2.6399e-04  (2925 s)
2026-09-30 00:34:36,478 epoch  9400  train 1.1317e-03  val 2.8839e-04  (2958 s)
2026-09-30 00:35:08,592 epoch  9500  train 1.1198e-03  val 2.6315e-04  (2990 s)
2026-09-30 00:35:40,651 epoch  9600  train 1.1196e-03  val 2.6080e-04  (3022 s)
2026-09-30 00:36:12,560 epoch  9700  train 1.1188e-03  val 2.6225e-04  (3054 s)
2026-09-30 00:36:44,810 epoch  9800  train 1.1185e-03  val 2.6099e-04  (3086 s)
2026-09-30 00:37:16,895 epoch  9900  train 1.3097e-03  val 3.8769e-04  (3118 s)
2026-09-30 00:37:49,103 epoch 10000  train 1.1175e-03  val 2.6005e-04  (3150 s)
2026-09-30 00:37:55,759 completed | 10000 epochs | 3150.2 s | train 1.1175e-03 val 2.6005e-04
