2026-10-01 17:42:51,950 INFO run start 2026-10-01T15:42:51Z | run_id=biodiesel-deeponet-repro/deeponet_p384_seed0 | system=biodiesel-deeponet-repro | dir=../results/experiments/biodiesel/author_repo_match/figures_tanh_r1_lr1e-2/fig04/deeponet_p384_seed0
2026-10-01 17:42:52,037 INFO wrote ../results/experiments/biodiesel/author_repo_match/figures_tanh_r1_lr1e-2/fig04/deeponet_p384_seed0/config.json
2026-10-01 17:42:52,043 INFO configuration: branch inputs normalized (author-global normalized Mode A), targets author_global_normalized_states, trunk input raw physical t 0..30 s (30 points), activation tanh, placement A, init Aprime_tf_truncated_glorot_zero_bias, Adam lr 0.01
2026-10-01 17:42:52,043 INFO initial: train {'mean_mse': 0.32977548241615295, 'mean_mse_u': 0.32977548241615295, 'eq18_obs': 9.893264770507812, 'eq22_true': 9.893264770507812, 'eq18_obs_time_averaged': 0.32977549235026044, 'eq22_true_time_averaged': 0.32977549235026044} | test {'mean_mse': 0.298168808221817, 'mean_mse_u': 0.298168808221817, 'eq18_obs': 8.945063591003418, 'eq22_true': 8.945063591003418, 'eq18_obs_time_averaged': 0.2981687863667806, 'eq22_true_time_averaged': 0.2981687863667806}
2026-10-01 17:42:52,045 INFO initial prediction stats: {'min': -0.9361422061920166, 'max': 0.24484869837760925, 'mean': -0.18470308184623718, 'abs_max': 0.9361422061920166, 'per_species_min': [-0.5449867844581604, -0.9361422061920166, -0.09391751140356064, 0.0, -0.026244444772601128, -0.7660255432128906], 'per_species_max': [0.1511426419019699, 0.01674935780465603, 0.12527534365653992, 0.07711532711982727, 0.24484869837760925, 0.0], 'fraction_negative': 0.5158333333333334}
2026-10-01 17:42:52,957 INFO epoch     0  mean_mse 3.2978e-01 | train eq18 9.8933e+00 test eq18 8.9451e+00
2026-10-01 17:42:53,372 INFO epoch   250  mean_mse 1.5666e-03 | train eq18 4.6999e-02 test eq18 6.8794e-02
2026-10-01 17:42:53,708 INFO epoch   500  mean_mse 8.3129e-04 | train eq18 2.4939e-02 test eq18 5.9675e-02
2026-10-01 17:42:54,021 INFO epoch   750  mean_mse 5.5582e-04 | train eq18 1.6675e-02 test eq18 6.1551e-02
2026-10-01 17:42:54,317 INFO epoch  1000  mean_mse 4.3573e-04 | train eq18 1.3072e-02 test eq18 5.6348e-02
2026-10-01 17:42:54,609 INFO epoch  1250  mean_mse 3.5570e-04 | train eq18 1.0671e-02 test eq18 5.1972e-02
2026-10-01 17:42:54,921 INFO epoch  1500  mean_mse 2.9732e-04 | train eq18 8.9195e-03 test eq18 4.9123e-02
2026-10-01 17:42:55,220 INFO epoch  1750  mean_mse 2.5090e-04 | train eq18 7.5270e-03 test eq18 4.7269e-02
2026-10-01 17:42:55,553 INFO epoch  2000  mean_mse 2.1148e-04 | train eq18 6.3444e-03 test eq18 4.6100e-02
2026-10-01 17:42:55,919 INFO epoch  2250  mean_mse 1.7171e-04 | train eq18 5.1512e-03 test eq18 4.3651e-02
2026-10-01 17:42:56,293 INFO epoch  2500  mean_mse 1.3481e-04 | train eq18 4.0442e-03 test eq18 4.1658e-02
2026-10-01 17:42:57,052 INFO epoch  2750  mean_mse 1.1354e-04 | train eq18 3.4061e-03 test eq18 3.8475e-02
2026-10-01 17:42:57,807 INFO epoch  3000  mean_mse 1.0030e-04 | train eq18 3.0089e-03 test eq18 3.5569e-02
2026-10-01 17:42:58,199 INFO epoch  3250  mean_mse 8.9626e-05 | train eq18 2.6888e-03 test eq18 3.2943e-02
2026-10-01 17:42:58,600 INFO epoch  3500  mean_mse 8.7777e-05 | train eq18 2.6333e-03 test eq18 3.1195e-02
2026-10-01 17:42:59,130 INFO epoch  3750  mean_mse 2.6946e-04 | train eq18 8.0839e-03 test eq18 3.8896e-02
2026-10-01 17:43:00,557 INFO epoch  4000  mean_mse 6.7273e-05 | train eq18 2.0182e-03 test eq18 2.5650e-02
2026-10-01 17:43:01,467 INFO epoch  4250  mean_mse 7.3487e-05 | train eq18 2.2046e-03 test eq18 2.4367e-02
2026-10-01 17:43:01,842 INFO epoch  4500  mean_mse 1.2988e-04 | train eq18 3.8963e-03 test eq18 2.1696e-02
2026-10-01 17:43:02,257 INFO epoch  4750  mean_mse 7.2456e-05 | train eq18 2.1737e-03 test eq18 2.2460e-02
2026-10-01 17:43:02,590 INFO epoch  5000  mean_mse 7.6297e-05 | train eq18 2.2889e-03 test eq18 2.1044e-02
2026-10-01 17:43:03,218 INFO epoch  5250  mean_mse 5.0320e-05 | train eq18 1.5096e-03 test eq18 1.9970e-02
2026-10-01 17:43:03,574 INFO epoch  5500  mean_mse 5.0411e-05 | train eq18 1.5123e-03 test eq18 1.9229e-02
2026-10-01 17:43:03,931 INFO epoch  5750  mean_mse 4.5277e-05 | train eq18 1.3583e-03 test eq18 2.1292e-02
2026-10-01 17:43:04,297 INFO epoch  6000  mean_mse 3.9027e-05 | train eq18 1.1708e-03 test eq18 1.9480e-02
2026-10-01 17:43:04,723 INFO epoch  6250  mean_mse 4.1033e-05 | train eq18 1.2310e-03 test eq18 1.9985e-02
2026-10-01 17:43:05,035 INFO epoch  6500  mean_mse 4.8427e-05 | train eq18 1.4528e-03 test eq18 2.0200e-02
2026-10-01 17:43:05,369 INFO epoch  6750  mean_mse 5.0427e-05 | train eq18 1.5128e-03 test eq18 1.9109e-02
2026-10-01 17:43:05,720 INFO epoch  7000  mean_mse 1.0138e-04 | train eq18 3.0415e-03 test eq18 2.1062e-02
2026-10-01 17:43:06,031 INFO epoch  7250  mean_mse 3.2590e-05 | train eq18 9.7771e-04 test eq18 1.9273e-02
2026-10-01 17:43:06,329 INFO epoch  7500  mean_mse 1.3045e-04 | train eq18 3.9134e-03 test eq18 1.9934e-02
2026-10-01 17:43:06,641 INFO epoch  7750  mean_mse 3.2311e-05 | train eq18 9.6934e-04 test eq18 1.9500e-02
2026-10-01 17:43:06,983 INFO epoch  8000  mean_mse 3.6507e-05 | train eq18 1.0952e-03 test eq18 2.0119e-02
2026-10-01 17:43:07,273 INFO epoch  8250  mean_mse 3.5998e-05 | train eq18 1.0799e-03 test eq18 1.9268e-02
2026-10-01 17:43:07,577 INFO epoch  8500  mean_mse 3.2517e-05 | train eq18 9.7550e-04 test eq18 1.8551e-02
2026-10-01 17:43:07,871 INFO epoch  8750  mean_mse 2.9256e-05 | train eq18 8.7769e-04 test eq18 1.8724e-02
2026-10-01 17:43:08,163 INFO epoch  9000  mean_mse 1.0396e-04 | train eq18 3.1189e-03 test eq18 1.8595e-02
2026-10-01 17:43:08,454 INFO epoch  9250  mean_mse 2.6494e-05 | train eq18 7.9483e-04 test eq18 1.8917e-02
2026-10-01 17:43:08,767 INFO epoch  9500  mean_mse 4.6042e-05 | train eq18 1.3812e-03 test eq18 2.0168e-02
2026-10-01 17:43:09,062 INFO epoch  9750  mean_mse 3.0185e-05 | train eq18 9.0554e-04 test eq18 1.9518e-02
2026-10-01 17:43:09,350 INFO epoch 10000  mean_mse 2.6160e-05 | train eq18 7.8481e-04 test eq18 1.8597e-02
2026-10-01 17:43:09,673 INFO epoch 10250  mean_mse 2.4336e-05 | train eq18 7.3009e-04 test eq18 1.8222e-02
2026-10-01 17:43:09,966 INFO epoch 10500  mean_mse 8.4095e-05 | train eq18 2.5228e-03 test eq18 1.8900e-02
2026-10-01 17:43:10,280 INFO epoch 10750  mean_mse 3.2529e-05 | train eq18 9.7588e-04 test eq18 1.8176e-02
2026-10-01 17:43:10,576 INFO epoch 11000  mean_mse 2.2095e-05 | train eq18 6.6284e-04 test eq18 1.7297e-02
2026-10-01 17:43:10,871 INFO epoch 11250  mean_mse 2.3400e-05 | train eq18 7.0201e-04 test eq18 1.6665e-02
2026-10-01 17:43:11,163 INFO epoch 11500  mean_mse 3.7081e-05 | train eq18 1.1124e-03 test eq18 1.6441e-02
2026-10-01 17:43:11,479 INFO epoch 11750  mean_mse 2.2278e-05 | train eq18 6.6835e-04 test eq18 1.6864e-02
2026-10-01 17:43:11,872 INFO epoch 12000  mean_mse 9.3504e-05 | train eq18 2.8051e-03 test eq18 1.5430e-02
2026-10-01 17:43:12,223 INFO epoch 12250  mean_mse 2.2335e-05 | train eq18 6.7006e-04 test eq18 1.6802e-02
2026-10-01 17:43:12,547 INFO epoch 12500  mean_mse 2.6505e-05 | train eq18 7.9516e-04 test eq18 1.5851e-02
2026-10-01 17:43:12,859 INFO epoch 12750  mean_mse 2.2079e-05 | train eq18 6.6238e-04 test eq18 1.6670e-02
2026-10-01 17:43:13,163 INFO epoch 13000  mean_mse 2.8481e-05 | train eq18 8.5443e-04 test eq18 1.7209e-02
2026-10-01 17:43:13,476 INFO epoch 13250  mean_mse 2.1531e-05 | train eq18 6.4593e-04 test eq18 1.4726e-02
2026-10-01 17:43:13,800 INFO epoch 13500  mean_mse 8.4858e-05 | train eq18 2.5457e-03 test eq18 2.0449e-02
2026-10-01 17:43:14,099 INFO epoch 13750  mean_mse 4.1149e-05 | train eq18 1.2345e-03 test eq18 1.6874e-02
2026-10-01 17:43:14,488 INFO epoch 14000  mean_mse 1.1179e-04 | train eq18 3.3538e-03 test eq18 1.8857e-02
2026-10-01 17:43:14,783 INFO epoch 14250  mean_mse 2.3908e-05 | train eq18 7.1724e-04 test eq18 1.5122e-02
2026-10-01 17:43:15,071 INFO epoch 14500  mean_mse 1.7609e-05 | train eq18 5.2826e-04 test eq18 1.4635e-02
2026-10-01 17:43:15,367 INFO epoch 14750  mean_mse 1.6512e-05 | train eq18 4.9536e-04 test eq18 1.4357e-02
2026-10-01 17:43:15,661 INFO epoch 15000  mean_mse 4.7354e-05 | train eq18 1.4206e-03 test eq18 1.5080e-02
2026-10-01 17:43:15,957 INFO epoch 15250  mean_mse 1.8076e-05 | train eq18 5.4227e-04 test eq18 1.4572e-02
2026-10-01 17:43:16,252 INFO epoch 15500  mean_mse 1.7038e-05 | train eq18 5.1113e-04 test eq18 1.4668e-02
2026-10-01 17:43:16,536 INFO epoch 15750  mean_mse 4.5587e-05 | train eq18 1.3676e-03 test eq18 1.3092e-02
2026-10-01 17:43:16,840 INFO epoch 16000  mean_mse 1.6497e-05 | train eq18 4.9490e-04 test eq18 1.4349e-02
2026-10-01 17:43:17,135 INFO epoch 16250  mean_mse 3.1234e-05 | train eq18 9.3703e-04 test eq18 1.2283e-02
2026-10-01 17:43:17,424 INFO epoch 16500  mean_mse 2.4571e-05 | train eq18 7.3712e-04 test eq18 1.4768e-02
2026-10-01 17:43:17,713 INFO epoch 16750  mean_mse 2.0322e-05 | train eq18 6.0967e-04 test eq18 1.2997e-02
2026-10-01 17:43:18,056 INFO epoch 17000  mean_mse 1.6458e-05 | train eq18 4.9373e-04 test eq18 1.4097e-02
2026-10-01 17:43:18,398 INFO epoch 17250  mean_mse 1.4924e-05 | train eq18 4.4772e-04 test eq18 1.3411e-02
2026-10-01 17:43:18,803 INFO epoch 17500  mean_mse 1.6294e-05 | train eq18 4.8881e-04 test eq18 1.3485e-02
2026-10-01 17:43:19,101 INFO epoch 17750  mean_mse 1.5736e-05 | train eq18 4.7209e-04 test eq18 1.4165e-02
2026-10-01 17:43:19,396 INFO epoch 18000  mean_mse 1.0087e-04 | train eq18 3.0260e-03 test eq18 1.7395e-02
2026-10-01 17:43:19,704 INFO epoch 18250  mean_mse 2.8278e-05 | train eq18 8.4834e-04 test eq18 1.5130e-02
2026-10-01 17:43:20,060 INFO epoch 18500  mean_mse 1.5015e-05 | train eq18 4.5045e-04 test eq18 1.3385e-02
2026-10-01 17:43:20,403 INFO epoch 18750  mean_mse 3.4590e-05 | train eq18 1.0377e-03 test eq18 1.6093e-02
2026-10-01 17:43:20,807 INFO epoch 19000  mean_mse 1.5749e-05 | train eq18 4.7247e-04 test eq18 1.4225e-02
2026-10-01 17:43:21,105 INFO epoch 19250  mean_mse 1.3812e-05 | train eq18 4.1436e-04 test eq18 1.3205e-02
2026-10-01 17:43:21,390 INFO epoch 19500  mean_mse 3.1296e-05 | train eq18 9.3889e-04 test eq18 1.2619e-02
2026-10-01 17:43:21,868 INFO epoch 19750  mean_mse 2.9711e-05 | train eq18 8.9132e-04 test eq18 1.5991e-02
2026-10-01 17:43:22,168 INFO epoch 20000  mean_mse 3.2586e-05 | train eq18 9.7759e-04 test eq18 1.3613e-02
2026-10-01 17:43:22,450 INFO epoch 20250  mean_mse 2.2304e-05 | train eq18 6.6911e-04 test eq18 1.5696e-02
2026-10-01 17:43:22,759 INFO epoch 20500  mean_mse 1.0611e-05 | train eq18 3.1833e-04 test eq18 1.3653e-02
2026-10-01 17:43:23,046 INFO epoch 20750  mean_mse 2.0585e-05 | train eq18 6.1754e-04 test eq18 1.3583e-02
2026-10-01 17:43:23,342 INFO epoch 21000  mean_mse 2.1328e-05 | train eq18 6.3985e-04 test eq18 1.2874e-02
2026-10-01 17:43:23,623 INFO epoch 21250  mean_mse 1.0543e-05 | train eq18 3.1628e-04 test eq18 1.3382e-02
2026-10-01 17:43:23,924 INFO epoch 21500  mean_mse 1.3943e-05 | train eq18 4.1828e-04 test eq18 1.4599e-02
2026-10-01 17:43:24,218 INFO epoch 21750  mean_mse 1.2489e-05 | train eq18 3.7468e-04 test eq18 1.3721e-02
2026-10-01 17:43:24,524 INFO epoch 22000  mean_mse 9.4521e-06 | train eq18 2.8356e-04 test eq18 1.3856e-02
2026-10-01 17:43:24,832 INFO epoch 22250  mean_mse 9.3143e-06 | train eq18 2.7943e-04 test eq18 1.3533e-02
2026-10-01 17:43:25,144 INFO epoch 22500  mean_mse 5.3884e-05 | train eq18 1.6165e-03 test eq18 1.2018e-02
2026-10-01 17:43:25,474 INFO epoch 22750  mean_mse 2.4612e-05 | train eq18 7.3836e-04 test eq18 1.3288e-02
2026-10-01 17:43:25,776 INFO epoch 23000  mean_mse 9.5171e-06 | train eq18 2.8551e-04 test eq18 1.3407e-02
2026-10-01 17:43:26,082 INFO epoch 23250  mean_mse 8.9984e-06 | train eq18 2.6995e-04 test eq18 1.3782e-02
2026-10-01 17:43:26,384 INFO epoch 23500  mean_mse 5.9305e-05 | train eq18 1.7791e-03 test eq18 1.4856e-02
2026-10-01 17:43:26,718 INFO epoch 23750  mean_mse 6.9513e-05 | train eq18 2.0854e-03 test eq18 1.5547e-02
2026-10-01 17:43:27,044 INFO epoch 24000  mean_mse 1.0766e-05 | train eq18 3.2297e-04 test eq18 1.3861e-02
2026-10-01 17:43:27,425 INFO epoch 24250  mean_mse 1.1857e-05 | train eq18 3.5570e-04 test eq18 1.2940e-02
2026-10-01 17:43:27,715 INFO epoch 24500  mean_mse 7.8616e-05 | train eq18 2.3585e-03 test eq18 1.4814e-02
2026-10-01 17:43:28,055 INFO epoch 24750  mean_mse 9.5607e-06 | train eq18 2.8682e-04 test eq18 1.3611e-02
2026-10-01 17:43:28,347 INFO epoch 25000  mean_mse 1.5847e-05 | train eq18 4.7540e-04 test eq18 1.3620e-02
2026-10-01 17:43:28,666 INFO epoch 25250  mean_mse 2.7038e-05 | train eq18 8.1113e-04 test eq18 1.3465e-02
2026-10-01 17:43:28,962 INFO epoch 25500  mean_mse 4.5723e-05 | train eq18 1.3717e-03 test eq18 1.2911e-02
2026-10-01 17:43:29,285 INFO epoch 25750  mean_mse 1.4212e-05 | train eq18 4.2635e-04 test eq18 1.3670e-02
2026-10-01 17:43:29,597 INFO epoch 26000  mean_mse 1.6383e-05 | train eq18 4.9148e-04 test eq18 1.3492e-02
2026-10-01 17:43:29,907 INFO epoch 26250  mean_mse 1.2970e-04 | train eq18 3.8909e-03 test eq18 1.7248e-02
2026-10-01 17:43:30,216 INFO epoch 26500  mean_mse 1.0582e-05 | train eq18 3.1745e-04 test eq18 1.2834e-02
2026-10-01 17:43:30,512 INFO epoch 26750  mean_mse 3.1801e-05 | train eq18 9.5404e-04 test eq18 1.4363e-02
2026-10-01 17:43:30,811 INFO epoch 27000  mean_mse 1.8614e-05 | train eq18 5.5841e-04 test eq18 1.3433e-02
2026-10-01 17:43:31,150 INFO epoch 27250  mean_mse 1.0130e-05 | train eq18 3.0389e-04 test eq18 1.2611e-02
2026-10-01 17:43:31,451 INFO epoch 27500  mean_mse 8.8712e-06 | train eq18 2.6614e-04 test eq18 1.3510e-02
2026-10-01 17:43:31,756 INFO epoch 27750  mean_mse 7.5186e-05 | train eq18 2.2556e-03 test eq18 1.4206e-02
2026-10-01 17:43:32,105 INFO epoch 28000  mean_mse 1.8836e-05 | train eq18 5.6508e-04 test eq18 1.4166e-02
2026-10-01 17:43:32,409 INFO epoch 28250  mean_mse 7.9180e-06 | train eq18 2.3754e-04 test eq18 1.3405e-02
2026-10-01 17:43:32,714 INFO epoch 28500  mean_mse 4.5713e-05 | train eq18 1.3714e-03 test eq18 1.4024e-02
2026-10-01 17:43:33,021 INFO epoch 28750  mean_mse 8.9201e-06 | train eq18 2.6760e-04 test eq18 1.2960e-02
2026-10-01 17:43:33,364 INFO epoch 29000  mean_mse 1.2650e-04 | train eq18 3.7949e-03 test eq18 1.3093e-02
2026-10-01 17:43:33,698 INFO epoch 29250  mean_mse 2.1400e-05 | train eq18 6.4199e-04 test eq18 1.2759e-02
2026-10-01 17:43:34,016 INFO epoch 29500  mean_mse 7.2966e-06 | train eq18 2.1890e-04 test eq18 1.3622e-02
2026-10-01 17:43:34,319 INFO epoch 29750  mean_mse 5.0536e-05 | train eq18 1.5161e-03 test eq18 1.2266e-02
2026-10-01 17:43:34,673 INFO epoch 30000  mean_mse 2.8598e-05 | train eq18 8.5793e-04 test eq18 1.4145e-02
2026-10-01 17:43:34,983 INFO epoch 30250  mean_mse 9.7681e-06 | train eq18 2.9304e-04 test eq18 1.3095e-02
2026-10-01 17:43:35,269 INFO epoch 30500  mean_mse 9.0334e-06 | train eq18 2.7100e-04 test eq18 1.4067e-02
2026-10-01 17:43:35,572 INFO epoch 30750  mean_mse 1.7596e-05 | train eq18 5.2787e-04 test eq18 1.2737e-02
2026-10-01 17:43:35,867 INFO epoch 31000  mean_mse 1.4274e-05 | train eq18 4.2821e-04 test eq18 1.4540e-02
2026-10-01 17:43:36,167 INFO epoch 31250  mean_mse 1.8616e-05 | train eq18 5.5849e-04 test eq18 1.2259e-02
2026-10-01 17:43:36,489 INFO epoch 31500  mean_mse 7.4494e-06 | train eq18 2.2348e-04 test eq18 1.2732e-02
2026-10-01 17:43:36,790 INFO epoch 31750  mean_mse 7.3397e-06 | train eq18 2.2019e-04 test eq18 1.3103e-02
2026-10-01 17:43:37,081 INFO epoch 32000  mean_mse 9.3302e-06 | train eq18 2.7991e-04 test eq18 1.3357e-02
2026-10-01 17:43:37,386 INFO epoch 32250  mean_mse 9.6850e-06 | train eq18 2.9055e-04 test eq18 1.4181e-02
2026-10-01 17:43:37,671 INFO epoch 32500  mean_mse 7.0214e-06 | train eq18 2.1064e-04 test eq18 1.2973e-02
2026-10-01 17:43:37,963 INFO epoch 32750  mean_mse 7.9869e-06 | train eq18 2.3961e-04 test eq18 1.3573e-02
2026-10-01 17:43:38,247 INFO epoch 33000  mean_mse 1.0799e-05 | train eq18 3.2398e-04 test eq18 1.4240e-02
2026-10-01 17:43:38,529 INFO epoch 33250  mean_mse 8.2188e-06 | train eq18 2.4657e-04 test eq18 1.3037e-02
2026-10-01 17:43:38,849 INFO epoch 33500  mean_mse 8.3642e-06 | train eq18 2.5093e-04 test eq18 1.3850e-02
2026-10-01 17:43:39,164 INFO epoch 33750  mean_mse 8.7163e-06 | train eq18 2.6149e-04 test eq18 1.3094e-02
2026-10-01 17:43:39,461 INFO epoch 34000  mean_mse 9.1412e-06 | train eq18 2.7424e-04 test eq18 1.2688e-02
2026-10-01 17:43:39,829 INFO epoch 34250  mean_mse 8.3388e-06 | train eq18 2.5016e-04 test eq18 1.3266e-02
2026-10-01 17:43:40,127 INFO epoch 34500  mean_mse 7.4408e-06 | train eq18 2.2322e-04 test eq18 1.3672e-02
2026-10-01 17:43:40,465 INFO epoch 34750  mean_mse 8.3773e-06 | train eq18 2.5132e-04 test eq18 1.3250e-02
2026-10-01 17:43:40,869 INFO epoch 35000  mean_mse 3.6289e-05 | train eq18 1.0887e-03 test eq18 1.4082e-02
2026-10-01 17:43:41,148 INFO epoch 35250  mean_mse 2.1597e-05 | train eq18 6.4790e-04 test eq18 1.3183e-02
2026-10-01 17:43:41,426 INFO epoch 35500  mean_mse 4.3654e-05 | train eq18 1.3096e-03 test eq18 1.6929e-02
2026-10-01 17:43:41,729 INFO epoch 35750  mean_mse 1.4726e-05 | train eq18 4.4177e-04 test eq18 1.2866e-02
2026-10-01 17:43:42,011 INFO epoch 36000  mean_mse 7.6251e-06 | train eq18 2.2875e-04 test eq18 1.3534e-02
2026-10-01 17:43:42,298 INFO epoch 36250  mean_mse 3.0017e-05 | train eq18 9.0050e-04 test eq18 1.2876e-02
2026-10-01 17:43:42,588 INFO epoch 36500  mean_mse 8.8033e-06 | train eq18 2.6410e-04 test eq18 1.2473e-02
2026-10-01 17:43:42,891 INFO epoch 36750  mean_mse 9.4271e-05 | train eq18 2.8281e-03 test eq18 1.5510e-02
2026-10-01 17:43:43,192 INFO epoch 37000  mean_mse 2.5872e-05 | train eq18 7.7616e-04 test eq18 1.2141e-02
2026-10-01 17:43:43,648 INFO epoch 37250  mean_mse 6.2783e-06 | train eq18 1.8835e-04 test eq18 1.2979e-02
2026-10-01 17:43:43,933 INFO epoch 37500  mean_mse 2.9068e-05 | train eq18 8.7205e-04 test eq18 1.5911e-02
2026-10-01 17:43:44,228 INFO epoch 37750  mean_mse 8.8745e-05 | train eq18 2.6623e-03 test eq18 1.4435e-02
2026-10-01 17:43:44,521 INFO epoch 38000  mean_mse 1.2828e-05 | train eq18 3.8485e-04 test eq18 1.1801e-02
2026-10-01 17:43:45,021 INFO epoch 38250  mean_mse 2.9946e-05 | train eq18 8.9839e-04 test eq18 1.3157e-02
2026-10-01 17:43:45,307 INFO epoch 38500  mean_mse 6.7034e-06 | train eq18 2.0110e-04 test eq18 1.2663e-02
2026-10-01 17:43:45,621 INFO epoch 38750  mean_mse 7.8910e-06 | train eq18 2.3673e-04 test eq18 1.2813e-02
2026-10-01 17:43:45,953 INFO epoch 39000  mean_mse 3.4206e-05 | train eq18 1.0262e-03 test eq18 1.5786e-02
2026-10-01 17:43:46,250 INFO epoch 39250  mean_mse 7.3551e-06 | train eq18 2.2065e-04 test eq18 1.3785e-02
2026-10-01 17:43:46,551 INFO epoch 39500  mean_mse 6.8722e-06 | train eq18 2.0616e-04 test eq18 1.2331e-02
2026-10-01 17:43:46,850 INFO epoch 39750  mean_mse 4.3931e-05 | train eq18 1.3179e-03 test eq18 1.6377e-02
2026-10-01 17:43:47,147 INFO epoch 40000  mean_mse 3.4139e-05 | train eq18 1.0242e-03 test eq18 1.4102e-02
2026-10-01 17:43:47,474 INFO epoch 40250  mean_mse 6.3752e-06 | train eq18 1.9125e-04 test eq18 1.2876e-02
2026-10-01 17:43:47,800 INFO epoch 40500  mean_mse 6.0257e-06 | train eq18 1.8077e-04 test eq18 1.2779e-02
2026-10-01 17:43:48,106 INFO epoch 40750  mean_mse 2.9181e-05 | train eq18 8.7544e-04 test eq18 1.1446e-02
2026-10-01 17:43:48,397 INFO epoch 41000  mean_mse 9.6832e-06 | train eq18 2.9050e-04 test eq18 1.3188e-02
2026-10-01 17:43:48,698 INFO epoch 41250  mean_mse 5.6694e-06 | train eq18 1.7008e-04 test eq18 1.2479e-02
2026-10-01 17:43:48,980 INFO epoch 41500  mean_mse 6.1418e-06 | train eq18 1.8426e-04 test eq18 1.2214e-02
2026-10-01 17:43:49,289 INFO epoch 41750  mean_mse 9.8174e-06 | train eq18 2.9452e-04 test eq18 1.3485e-02
2026-10-01 17:43:49,573 INFO epoch 42000  mean_mse 5.6637e-06 | train eq18 1.6991e-04 test eq18 1.2400e-02
2026-10-01 17:43:49,853 INFO epoch 42250  mean_mse 1.9863e-05 | train eq18 5.9589e-04 test eq18 1.4197e-02
2026-10-01 17:43:50,130 INFO epoch 42500  mean_mse 5.9144e-06 | train eq18 1.7743e-04 test eq18 1.1943e-02
2026-10-01 17:43:50,435 INFO epoch 42750  mean_mse 5.8247e-06 | train eq18 1.7474e-04 test eq18 1.2142e-02
2026-10-01 17:43:50,718 INFO epoch 43000  mean_mse 1.3053e-05 | train eq18 3.9158e-04 test eq18 1.3294e-02
2026-10-01 17:43:51,001 INFO epoch 43250  mean_mse 7.1184e-06 | train eq18 2.1355e-04 test eq18 1.3063e-02
2026-10-01 17:43:51,284 INFO epoch 43500  mean_mse 2.6365e-05 | train eq18 7.9096e-04 test eq18 1.5435e-02
2026-10-01 17:43:51,618 INFO epoch 43750  mean_mse 7.9892e-06 | train eq18 2.3968e-04 test eq18 1.2702e-02
2026-10-01 17:43:51,909 INFO epoch 44000  mean_mse 1.0203e-05 | train eq18 3.0610e-04 test eq18 1.3222e-02
2026-10-01 17:43:52,213 INFO epoch 44250  mean_mse 5.3933e-06 | train eq18 1.6180e-04 test eq18 1.2637e-02
2026-10-01 17:43:52,502 INFO epoch 44500  mean_mse 5.3721e-06 | train eq18 1.6116e-04 test eq18 1.2090e-02
2026-10-01 17:43:52,788 INFO epoch 44750  mean_mse 6.1675e-06 | train eq18 1.8502e-04 test eq18 1.2468e-02
2026-10-01 17:43:53,084 INFO epoch 45000  mean_mse 5.2807e-06 | train eq18 1.5842e-04 test eq18 1.2384e-02
2026-10-01 17:43:53,388 INFO epoch 45250  mean_mse 1.5868e-05 | train eq18 4.7603e-04 test eq18 1.1375e-02
2026-10-01 17:43:53,691 INFO epoch 45500  mean_mse 1.2647e-05 | train eq18 3.7940e-04 test eq18 1.2062e-02
2026-10-01 17:43:53,986 INFO epoch 45750  mean_mse 5.1879e-06 | train eq18 1.5564e-04 test eq18 1.2426e-02
2026-10-01 17:43:54,277 INFO epoch 46000  mean_mse 6.9353e-05 | train eq18 2.0806e-03 test eq18 1.5697e-02
2026-10-01 17:43:54,562 INFO epoch 46250  mean_mse 5.1392e-06 | train eq18 1.5418e-04 test eq18 1.2317e-02
2026-10-01 17:43:54,852 INFO epoch 46500  mean_mse 2.3097e-05 | train eq18 6.9291e-04 test eq18 1.1672e-02
2026-10-01 17:43:55,139 INFO epoch 46750  mean_mse 5.1300e-06 | train eq18 1.5390e-04 test eq18 1.2616e-02
2026-10-01 17:43:55,455 INFO epoch 47000  mean_mse 6.0577e-06 | train eq18 1.8173e-04 test eq18 1.1991e-02
2026-10-01 17:43:55,750 INFO epoch 47250  mean_mse 6.6696e-06 | train eq18 2.0009e-04 test eq18 1.2089e-02
2026-10-01 17:43:56,034 INFO epoch 47500  mean_mse 5.0850e-06 | train eq18 1.5255e-04 test eq18 1.2544e-02
2026-10-01 17:43:56,313 INFO epoch 47750  mean_mse 2.2863e-05 | train eq18 6.8590e-04 test eq18 1.4408e-02
2026-10-01 17:43:56,616 INFO epoch 48000  mean_mse 1.1047e-05 | train eq18 3.3141e-04 test eq18 1.4109e-02
2026-10-01 17:43:56,934 INFO epoch 48250  mean_mse 1.1746e-05 | train eq18 3.5239e-04 test eq18 1.3183e-02
2026-10-01 17:43:57,241 INFO epoch 48500  mean_mse 5.0905e-06 | train eq18 1.5272e-04 test eq18 1.2634e-02
2026-10-01 17:43:57,540 INFO epoch 48750  mean_mse 7.8184e-06 | train eq18 2.3455e-04 test eq18 1.2825e-02
2026-10-01 17:43:57,836 INFO epoch 49000  mean_mse 6.4226e-06 | train eq18 1.9268e-04 test eq18 1.2452e-02
2026-10-01 17:43:58,136 INFO epoch 49250  mean_mse 1.1440e-05 | train eq18 3.4320e-04 test eq18 1.2651e-02
2026-10-01 17:43:58,480 INFO epoch 49500  mean_mse 6.0785e-06 | train eq18 1.8235e-04 test eq18 1.2101e-02
2026-10-01 17:43:58,768 INFO epoch 49750  mean_mse 1.5035e-05 | train eq18 4.5106e-04 test eq18 1.4127e-02
2026-10-01 17:43:59,093 INFO wrote ../results/experiments/biodiesel/author_repo_match/figures_tanh_r1_lr1e-2/fig04/deeponet_p384_seed0/checkpoint_final.pt
2026-10-01 17:43:59,095 INFO final: train {'mean_mse': 6.807463705627015e-06, 'mean_mse_u': 6.807463705627015e-06, 'eq18_obs': 0.00020422390662133694, 'eq22_true': 0.00020422390662133694, 'eq18_obs_time_averaged': 6.807463554044564e-06, 'eq22_true_time_averaged': 6.807463554044564e-06}
2026-10-01 17:43:59,095 INFO final: test {'mean_mse': 0.00042092063813470304, 'mean_mse_u': 0.00042092063813470304, 'eq18_obs': 0.012627619318664074, 'eq22_true': 0.012627619318664074, 'eq18_obs_time_averaged': 0.0004209206439554691, 'eq22_true_time_averaged': 0.0004209206439554691}
2026-10-01 17:43:59,095 INFO final trunk: {'kinks': [15.124719619750977, 0.17312757670879364, 2.911242961883545, 1.3947727680206299, 8.91157054901123, 1.4763994216918945, 25.033855438232422, -16.615995407104492, 2.203418493270874], 'dead_on_grid': {'tanh0': 0, 'tanh1': 0}, 'dead_on_dense': {'tanh0': 0, 'tanh1': 0}, 'interior_breakpoints_s': {'layer1': [0.17312757670879364, 1.3947727680206299, 1.4763994216918945, 2.203418493270874, 2.911242961883545, 8.91157054901123, 15.124719619750977, 25.033855438232422], 'layer2': [0.11900000274181366, 0.22200001776218414, 0.23600001633167267, 0.30800002813339233, 3.1540000438690186, 13.419000625610352, 15.46399974822998, 16.05699920654297]}, 'tanh_saturation': {'grid': {'layer1': {'abs_z_quantiles_10_50_90_max': [0.005479932809248567, 1.3391551971435547, 7.528048515319823, 22.033634185791016], 'frac_abs_z_gt': {'2': 0.37407407407407406, '3': 0.26296296296296295, '5': 0.13703703703703704}, 'frac_abs_act_gt': {'0.95': 0.4, '0.99': 0.2851851851851852}, 'derivative_mean': 0.40328678488731384, 'derivative_median': 0.24058547616004944}, 'layer2': {'abs_z_quantiles_10_50_90_max': [0.0824357956647873, 0.7319020926952362, 7.461712646484374, 9.489446640014648], 'frac_abs_z_gt': {'2': 0.3111111111111111, '3': 0.3, '5': 0.1814814814814815}, 'frac_abs_act_gt': {'0.95': 0.3148148148148148, '0.99': 0.3037037037037037}, 'derivative_mean': 0.5077084898948669, 'derivative_median': 0.6103453636169434}}, 'dense': {'layer1': {'abs_z_quantiles_10_50_90_max': [0.0051798256114125255, 1.3318204879760742, 7.565507793426524, 22.033634185791016], 'frac_abs_z_gt': {'2': 0.37763012181616834, '3': 0.26208933185677374, '5': 0.13842746400885936}, 'frac_abs_act_gt': {'0.95': 0.4019933554817276, '0.99': 0.28940568475452194}, 'derivative_mean': 0.40333378314971924, 'derivative_median': 0.24363309144973755}, 'layer2': {'abs_z_quantiles_10_50_90_max': [0.08508548438549042, 0.7181352376937866, 7.604552650451665, 9.494481086730957], 'frac_abs_z_gt': {'2': 0.31155407899593945, '3': 0.301218161683278, '5': 0.1849390919158361}, 'frac_abs_act_gt': {'0.95': 0.31450719822812845, '0.99': 0.3052787006275378}, 'derivative_mean': 0.5088078379631042, 'derivative_median': 0.6208484172821045}}}}
2026-10-01 17:43:59,096 INFO run completed 2026-10-01T15:43:59Z
