2026-10-01 16:31:48,311 INFO run start 2026-10-01T14:31:48Z | run_id=biodiesel-deeponet-repro/seed0 | system=biodiesel-deeponet-repro | dir=../results/experiments/biodiesel/deeponet_diagnostics/tanh_R1/seed0
2026-10-01 16:31:48,339 INFO wrote ../results/experiments/biodiesel/deeponet_diagnostics/tanh_R1/seed0/config.json
2026-10-01 16:31:48,358 INFO configuration: branch inputs normalized (author-global normalized Mode A), targets author_global_normalized_states, trunk input raw physical t 0..30 s (30 points), activation tanh, placement A, init Aprime_tf_truncated_glorot_zero_bias, Adam lr 0.001
2026-10-01 16:31:48,359 INFO initial: train {'mean_mse': 0.48036080598831177, 'mean_mse_u': 0.48036080598831177, 'eq18_obs': 14.4108247756958, 'eq22_true': 14.4108247756958, 'eq18_obs_time_averaged': 0.4803608258565267, 'eq22_true_time_averaged': 0.4803608258565267} | test {'mean_mse': 0.4624251425266266, 'mean_mse_u': 0.4624251425266266, 'eq18_obs': 13.87275505065918, 'eq22_true': 13.87275505065918, 'eq18_obs_time_averaged': 0.462425168355306, 'eq22_true_time_averaged': 0.462425168355306}
2026-10-01 16:31:48,361 INFO initial prediction stats: {'min': -0.4128516912460327, 'max': 1.0678064823150635, 'mean': 0.25382742285728455, 'abs_max': 1.0678064823150635, 'per_species_min': [0.1511426419019699, 0.01674935780465603, -0.07298735529184341, -0.1487981379032135, -0.4128516912460327, 0.0], 'per_species_max': [1.0678064823150635, 1.014087200164795, 0.013730580918490887, 0.0, 0.0, 0.7322954535484314], 'fraction_negative': 0.47}
2026-10-01 16:31:49,842 INFO epoch     0  mean_mse 4.8036e-01 | train eq18 1.4411e+01 test eq18 1.3873e+01
2026-10-01 16:31:50,166 INFO epoch   250  mean_mse 3.0455e-02 | train eq18 9.1366e-01 test eq18 9.1176e-01
2026-10-01 16:31:50,426 INFO epoch   500  mean_mse 1.5729e-02 | train eq18 4.7187e-01 test eq18 4.7326e-01
2026-10-01 16:31:50,702 INFO epoch   750  mean_mse 8.6860e-03 | train eq18 2.6058e-01 test eq18 2.5403e-01
2026-10-01 16:31:51,126 INFO epoch  1000  mean_mse 3.8192e-03 | train eq18 1.1458e-01 test eq18 1.4269e-01
2026-10-01 16:31:51,653 INFO epoch  1250  mean_mse 2.9615e-03 | train eq18 8.8845e-02 test eq18 1.1278e-01
2026-10-01 16:31:51,953 INFO epoch  1500  mean_mse 2.5961e-03 | train eq18 7.7884e-02 test eq18 1.0395e-01
2026-10-01 16:31:52,203 INFO epoch  1750  mean_mse 2.3406e-03 | train eq18 7.0217e-02 test eq18 9.8082e-02
2026-10-01 16:31:52,443 INFO epoch  2000  mean_mse 2.1121e-03 | train eq18 6.3362e-02 test eq18 9.2456e-02
2026-10-01 16:31:52,754 INFO epoch  2250  mean_mse 1.8934e-03 | train eq18 5.6801e-02 test eq18 8.6399e-02
2026-10-01 16:31:53,090 INFO epoch  2500  mean_mse 1.6999e-03 | train eq18 5.0996e-02 test eq18 7.9911e-02
2026-10-01 16:31:53,364 INFO epoch  2750  mean_mse 1.5257e-03 | train eq18 4.5772e-02 test eq18 7.3123e-02
2026-10-01 16:31:53,603 INFO epoch  3000  mean_mse 1.3560e-03 | train eq18 4.0681e-02 test eq18 6.6302e-02
2026-10-01 16:31:53,953 INFO epoch  3250  mean_mse 1.1919e-03 | train eq18 3.5756e-02 test eq18 6.0144e-02
2026-10-01 16:31:54,401 INFO epoch  3500  mean_mse 1.0490e-03 | train eq18 3.1471e-02 test eq18 5.5646e-02
2026-10-01 16:31:55,251 INFO epoch  3750  mean_mse 9.3120e-04 | train eq18 2.7936e-02 test eq18 5.2709e-02
2026-10-01 16:31:55,564 INFO epoch  4000  mean_mse 8.3245e-04 | train eq18 2.4974e-02 test eq18 5.0518e-02
2026-10-01 16:31:55,985 INFO epoch  4250  mean_mse 7.4986e-04 | train eq18 2.2496e-02 test eq18 4.8544e-02
2026-10-01 16:31:56,300 INFO epoch  4500  mean_mse 6.8226e-04 | train eq18 2.0468e-02 test eq18 4.6698e-02
2026-10-01 16:31:56,761 INFO epoch  4750  mean_mse 6.2696e-04 | train eq18 1.8809e-02 test eq18 4.5158e-02
2026-10-01 16:31:57,089 INFO epoch  5000  mean_mse 5.7934e-04 | train eq18 1.7380e-02 test eq18 4.4209e-02
2026-10-01 16:31:58,001 INFO epoch  5250  mean_mse 5.3520e-04 | train eq18 1.6056e-02 test eq18 4.3102e-02
2026-10-01 16:31:58,251 INFO epoch  5500  mean_mse 4.9519e-04 | train eq18 1.4856e-02 test eq18 4.1918e-02
2026-10-01 16:31:58,510 INFO epoch  5750  mean_mse 4.5996e-04 | train eq18 1.3799e-02 test eq18 4.0200e-02
2026-10-01 16:31:58,795 INFO epoch  6000  mean_mse 4.2825e-04 | train eq18 1.2848e-02 test eq18 3.8135e-02
2026-10-01 16:31:59,086 INFO epoch  6250  mean_mse 3.9815e-04 | train eq18 1.1944e-02 test eq18 3.5707e-02
2026-10-01 16:31:59,324 INFO epoch  6500  mean_mse 3.6810e-04 | train eq18 1.1043e-02 test eq18 3.3286e-02
2026-10-01 16:31:59,637 INFO epoch  6750  mean_mse 3.3723e-04 | train eq18 1.0117e-02 test eq18 3.0610e-02
2026-10-01 16:31:59,892 INFO epoch  7000  mean_mse 3.0668e-04 | train eq18 9.2004e-03 test eq18 2.8772e-02
2026-10-01 16:32:00,176 INFO epoch  7250  mean_mse 2.7098e-04 | train eq18 8.1294e-03 test eq18 2.6022e-02
2026-10-01 16:32:00,445 INFO epoch  7500  mean_mse 2.3716e-04 | train eq18 7.1147e-03 test eq18 2.3822e-02
2026-10-01 16:32:00,678 INFO epoch  7750  mean_mse 2.0178e-04 | train eq18 6.0534e-03 test eq18 2.1175e-02
2026-10-01 16:32:00,956 INFO epoch  8000  mean_mse 1.6921e-04 | train eq18 5.0764e-03 test eq18 1.9139e-02
2026-10-01 16:32:01,203 INFO epoch  8250  mean_mse 1.4193e-04 | train eq18 4.2579e-03 test eq18 1.7646e-02
2026-10-01 16:32:01,458 INFO epoch  8500  mean_mse 1.2165e-04 | train eq18 3.6496e-03 test eq18 1.6592e-02
2026-10-01 16:32:01,722 INFO epoch  8750  mean_mse 1.0771e-04 | train eq18 3.2314e-03 test eq18 1.5845e-02
2026-10-01 16:32:01,993 INFO epoch  9000  mean_mse 9.8058e-05 | train eq18 2.9418e-03 test eq18 1.5091e-02
2026-10-01 16:32:02,248 INFO epoch  9250  mean_mse 9.0735e-05 | train eq18 2.7220e-03 test eq18 1.4552e-02
2026-10-01 16:32:02,498 INFO epoch  9500  mean_mse 8.4883e-05 | train eq18 2.5465e-03 test eq18 1.4119e-02
2026-10-01 16:32:02,744 INFO epoch  9750  mean_mse 7.9723e-05 | train eq18 2.3917e-03 test eq18 1.3423e-02
2026-10-01 16:32:03,112 INFO wrote ../results/experiments/biodiesel/deeponet_diagnostics/tanh_R1/seed0/checkpoint_final.pt
2026-10-01 16:32:03,125 INFO final: train {'mean_mse': 7.52595005906187e-05, 'mean_mse_u': 7.52595005906187e-05, 'eq18_obs': 0.0022577850613743067, 'eq22_true': 0.0022577850613743067, 'eq18_obs_time_averaged': 7.525950204581022e-05, 'eq22_true_time_averaged': 7.525950204581022e-05}
2026-10-01 16:32:03,125 INFO final: test {'mean_mse': 0.00043080380419269204, 'mean_mse_u': 0.00043080380419269204, 'eq18_obs': 0.012924114242196083, 'eq22_true': 0.012924114242196083, 'eq18_obs_time_averaged': 0.00043080380807320275, 'eq22_true_time_averaged': 0.00043080380807320275}
2026-10-01 16:32:03,125 INFO final trunk: {'kinks': [-2.3038201332092285, 3.7762985229492188, -14.398098945617676, 16.46592140197754, -1.1545722484588623, -14.019370079040527, 5.147960186004639], 'dead_on_grid': {'tanh0': 0, 'tanh1': 0}, 'dead_on_dense': {'tanh0': 0, 'tanh1': 0}, 'interior_breakpoints_s': {'layer1': [3.7762985229492188, 5.147960186004639, 16.46592140197754], 'layer2': [0.33000001311302185, 0.7850000262260437, 2.7940001487731934, 11.122000694274902, 12.85400104522705]}, 'tanh_saturation': {'grid': {'layer1': {'abs_z_quantiles_10_50_90_max': [0.211502243578434, 0.9630098342895508, 6.590499877929686, 11.417587280273438], 'frac_abs_z_gt': {'2': 0.23809523809523808, '3': 0.20952380952380953, '5': 0.14761904761904762}, 'frac_abs_act_gt': {'0.95': 0.24761904761904763, '0.99': 0.21904761904761905}, 'derivative_mean': 0.45352455973625183, 'derivative_median': 0.4440828263759613}, 'layer2': {'abs_z_quantiles_10_50_90_max': [0.1562738135457039, 0.7166244685649872, 2.181669783592224, 3.2418646812438965], 'frac_abs_z_gt': {'2': 0.12083333333333333, '3': 0.029166666666666667, '5': 0.0}, 'frac_abs_act_gt': {'0.95': 0.14166666666666666, '0.99': 0.05}, 'derivative_mean': 0.5719541907310486, 'derivative_median': 0.6220039129257202}}, 'dense': {'layer1': {'abs_z_quantiles_10_50_90_max': [0.2030195951461792, 0.973505437374115, 6.643881416320802, 11.417587280273438], 'frac_abs_z_gt': {'2': 0.2406264831514001, '3': 0.21072615092548647, '5': 0.1499762695775985}, 'frac_abs_act_gt': {'0.95': 0.24774560987185573, '0.99': 0.2216421452301851}, 'derivative_mean': 0.45219823718070984, 'derivative_median': 0.4371389150619507}, 'layer2': {'abs_z_quantiles_10_50_90_max': [0.1525373548269272, 0.71641805768013, 2.1777083635330206, 3.2418646812438965], 'frac_abs_z_gt': {'2': 0.12209302325581395, '3': 0.026993355481727575, '5': 0.0}, 'frac_abs_act_gt': {'0.95': 0.13911960132890366, '0.99': 0.05149501661129568}, 'derivative_mean': 0.570589542388916, 'derivative_median': 0.6221615076065063}}}}
2026-10-01 16:32:03,127 INFO run completed 2026-10-01T14:32:03Z
