2026-10-01 02:59:31,708 INFO run start 2026-10-01T00:59:31Z | run_id=biodiesel-deeponet-repro/seed0 | system=biodiesel-deeponet-repro | dir=../results/experiments/biodiesel/deeponet_diagnostics/fig5_0pct_10k/arm1_refinit_lr1e-3/seed0
2026-10-01 02:59:31,733 INFO wrote ../results/experiments/biodiesel/deeponet_diagnostics/fig5_0pct_10k/arm1_refinit_lr1e-3/seed0/config.json
2026-10-01 02:59:31,751 INFO initial: train {'mean_mse': 4.933155059814453, 'mean_mse_u': 4.933155059814453, 'eq18_obs': 147.99464416503906, 'eq22_true': 147.99464416503906, 'eq18_obs_time_averaged': 4.933154805501302, 'eq22_true_time_averaged': 4.933154805501302} | test {'mean_mse': 5.276395320892334, 'mean_mse_u': 5.276395320892334, 'eq18_obs': 158.2918701171875, 'eq22_true': 158.2918701171875, 'eq18_obs_time_averaged': 5.276395670572916, 'eq22_true_time_averaged': 5.276395670572916}
2026-10-01 02:59:31,756 INFO initial prediction stats: {'min': -12.454559326171875, 'max': 0.1511426419019699, 'mean': -1.432403326034546, 'abs_max': 12.454559326171875, 'per_species_min': [-1.4593690633773804, -12.454559326171875, -2.524792194366455, -1.207352876663208, -1.3134667873382568, -7.772950649261475], 'per_species_max': [0.1511426419019699, 0.01674935780465603, 0.0, 0.0, 0.0, 0.0], 'fraction_negative': 0.9336111111111111}
2026-10-01 02:59:32,794 INFO epoch     0  mean_mse 4.9332e+00 | train eq18 1.4799e+02 test eq18 1.5829e+02
2026-10-01 02:59:33,046 INFO epoch   250  mean_mse 9.5154e-02 | train eq18 2.8546e+00 test eq18 2.4323e+00
2026-10-01 02:59:33,279 INFO epoch   500  mean_mse 5.3497e-02 | train eq18 1.6049e+00 test eq18 1.5202e+00
2026-10-01 02:59:33,503 INFO epoch   750  mean_mse 4.0954e-02 | train eq18 1.2286e+00 test eq18 1.3016e+00
2026-10-01 02:59:33,729 INFO epoch  1000  mean_mse 3.2402e-02 | train eq18 9.7207e-01 test eq18 1.1488e+00
2026-10-01 02:59:33,955 INFO epoch  1250  mean_mse 2.6846e-02 | train eq18 8.0538e-01 test eq18 1.0306e+00
2026-10-01 02:59:34,180 INFO epoch  1500  mean_mse 2.3791e-02 | train eq18 7.1374e-01 test eq18 9.4121e-01
2026-10-01 02:59:34,425 INFO epoch  1750  mean_mse 2.2017e-02 | train eq18 6.6052e-01 test eq18 8.7385e-01
2026-10-01 02:59:34,655 INFO epoch  2000  mean_mse 2.0700e-02 | train eq18 6.2100e-01 test eq18 8.1022e-01
2026-10-01 02:59:34,894 INFO epoch  2250  mean_mse 1.9562e-02 | train eq18 5.8687e-01 test eq18 7.5207e-01
2026-10-01 02:59:35,121 INFO epoch  2500  mean_mse 1.8412e-02 | train eq18 5.5236e-01 test eq18 6.9327e-01
2026-10-01 02:59:35,377 INFO epoch  2750  mean_mse 1.6999e-02 | train eq18 5.0997e-01 test eq18 6.2091e-01
2026-10-01 02:59:35,626 INFO epoch  3000  mean_mse 1.4127e-02 | train eq18 4.2381e-01 test eq18 4.8113e-01
2026-10-01 02:59:35,876 INFO epoch  3250  mean_mse 1.0595e-02 | train eq18 3.1784e-01 test eq18 3.3260e-01
2026-10-01 02:59:36,121 INFO epoch  3500  mean_mse 9.5233e-03 | train eq18 2.8570e-01 test eq18 2.9376e-01
2026-10-01 02:59:36,385 INFO epoch  3750  mean_mse 9.0607e-03 | train eq18 2.7182e-01 test eq18 2.7731e-01
2026-10-01 02:59:36,658 INFO epoch  4000  mean_mse 8.7655e-03 | train eq18 2.6296e-01 test eq18 2.6953e-01
2026-10-01 02:59:36,888 INFO epoch  4250  mean_mse 8.5496e-03 | train eq18 2.5649e-01 test eq18 2.6338e-01
2026-10-01 02:59:37,119 INFO epoch  4500  mean_mse 8.3823e-03 | train eq18 2.5147e-01 test eq18 2.6037e-01
2026-10-01 02:59:37,349 INFO epoch  4750  mean_mse 8.2158e-03 | train eq18 2.4647e-01 test eq18 2.5494e-01
2026-10-01 02:59:37,570 INFO epoch  5000  mean_mse 8.0634e-03 | train eq18 2.4190e-01 test eq18 2.5084e-01
2026-10-01 02:59:37,791 INFO epoch  5250  mean_mse 7.9162e-03 | train eq18 2.3749e-01 test eq18 2.4677e-01
2026-10-01 02:59:38,016 INFO epoch  5500  mean_mse 7.7722e-03 | train eq18 2.3317e-01 test eq18 2.4253e-01
2026-10-01 02:59:38,263 INFO epoch  5750  mean_mse 7.6301e-03 | train eq18 2.2890e-01 test eq18 2.3809e-01
2026-10-01 02:59:38,489 INFO epoch  6000  mean_mse 7.4887e-03 | train eq18 2.2466e-01 test eq18 2.3342e-01
2026-10-01 02:59:38,734 INFO epoch  6250  mean_mse 7.3467e-03 | train eq18 2.2040e-01 test eq18 2.2850e-01
2026-10-01 02:59:38,978 INFO epoch  6500  mean_mse 7.2031e-03 | train eq18 2.1609e-01 test eq18 2.2331e-01
2026-10-01 02:59:39,214 INFO epoch  6750  mean_mse 7.0494e-03 | train eq18 2.1148e-01 test eq18 2.1533e-01
2026-10-01 02:59:39,464 INFO epoch  7000  mean_mse 6.9042e-03 | train eq18 2.0713e-01 test eq18 2.0994e-01
2026-10-01 02:59:39,693 INFO epoch  7250  mean_mse 6.7769e-03 | train eq18 2.0331e-01 test eq18 2.0552e-01
2026-10-01 02:59:39,948 INFO epoch  7500  mean_mse 6.6780e-03 | train eq18 2.0034e-01 test eq18 2.0188e-01
2026-10-01 02:59:40,172 INFO epoch  7750  mean_mse 6.6128e-03 | train eq18 1.9838e-01 test eq18 2.0022e-01
2026-10-01 02:59:40,515 INFO epoch  8000  mean_mse 6.5660e-03 | train eq18 1.9698e-01 test eq18 1.9957e-01
2026-10-01 02:59:40,746 INFO epoch  8250  mean_mse 6.5264e-03 | train eq18 1.9579e-01 test eq18 1.9937e-01
2026-10-01 02:59:41,020 INFO epoch  8500  mean_mse 6.4914e-03 | train eq18 1.9474e-01 test eq18 1.9971e-01
2026-10-01 02:59:41,246 INFO epoch  8750  mean_mse 6.4426e-03 | train eq18 1.9328e-01 test eq18 2.0132e-01
2026-10-01 02:59:41,483 INFO epoch  9000  mean_mse 6.4158e-03 | train eq18 1.9247e-01 test eq18 2.0196e-01
2026-10-01 02:59:41,708 INFO epoch  9250  mean_mse 6.3928e-03 | train eq18 1.9178e-01 test eq18 2.0262e-01
2026-10-01 02:59:41,931 INFO epoch  9500  mean_mse 6.3718e-03 | train eq18 1.9115e-01 test eq18 2.0356e-01
2026-10-01 02:59:42,159 INFO epoch  9750  mean_mse 6.3512e-03 | train eq18 1.9054e-01 test eq18 2.0468e-01
2026-10-01 02:59:42,395 INFO wrote ../results/experiments/biodiesel/deeponet_diagnostics/fig5_0pct_10k/arm1_refinit_lr1e-3/seed0/checkpoint_final.pt
2026-10-01 02:59:42,395 INFO final: train {'mean_mse': 0.006330536678433418, 'mean_mse_u': 0.006330536678433418, 'eq18_obs': 0.18991610407829285, 'eq22_true': 0.18991610407829285, 'eq18_obs_time_averaged': 0.006330536802609762, 'eq22_true_time_averaged': 0.006330536802609762}
2026-10-01 02:59:42,395 INFO final: test {'mean_mse': 0.0068712192587554455, 'mean_mse_u': 0.0068712192587554455, 'eq18_obs': 0.206136554479599, 'eq22_true': 0.206136554479599, 'eq18_obs_time_averaged': 0.0068712184826533, 'eq22_true_time_averaged': 0.0068712184826533}
2026-10-01 02:59:42,395 INFO final trunk: {'kinks': [0.0, 0.0, 0.0, 0.0, -0.0773371234536171, 0.0, 0.0], 'dead_on_grid': {'relu0': 6, 'relu1': 4}, 'dead_on_dense': {'relu0': 6, 'relu1': 4}, 'interior_breakpoints_s': {'layer1': [], 'layer2': [0.406000018119812]}}
2026-10-01 02:59:42,395 INFO run completed 2026-10-01T00:59:42Z
