2026-09-29 23:04:32,127 run start | results/experiments/biodiesel/author_repo_match/figures/fig04/chemkan_h09_seed0 | seed 0 | params 351
2026-09-29 23:04:32,702 epoch     1  train 1.5765e-01  val 1.4209e-01  (0 s)
2026-09-29 23:05:08,148 epoch   100  train 2.1428e-03  val 3.2409e-03  (36 s)
2026-09-29 23:05:52,710 epoch   200  train 7.7334e-04  val 3.7152e-03  (81 s)
2026-09-29 23:06:40,062 epoch   300  train 5.3103e-04  val 2.4027e-03  (128 s)
2026-09-29 23:07:29,394 epoch   400  train 4.4905e-04  val 1.6072e-03  (177 s)
2026-09-29 23:08:18,926 epoch   500  train 3.1682e-04  val 1.4707e-03  (227 s)
2026-09-29 23:09:09,184 epoch   600  train 2.6591e-04  val 1.2855e-03  (277 s)
2026-09-29 23:09:59,044 epoch   700  train 4.4631e-04  val 1.6593e-03  (327 s)
2026-09-29 23:10:48,433 epoch   800  train 2.0034e-04  val 1.0673e-03  (376 s)
2026-09-29 23:11:37,810 epoch   900  train 1.8369e-04  val 9.6727e-04  (426 s)
2026-09-29 23:12:27,195 epoch  1000  train 1.5947e-04  val 9.1464e-04  (475 s)
2026-09-29 23:13:16,011 epoch  1100  train 1.4463e-04  val 8.5660e-04  (524 s)
2026-09-29 23:14:04,603 epoch  1200  train 1.4842e-04  val 8.5405e-04  (572 s)
2026-09-29 23:14:53,258 epoch  1300  train 1.2046e-04  val 7.4963e-04  (621 s)
2026-09-29 23:15:42,191 epoch  1400  train 1.1177e-04  val 7.0744e-04  (670 s)
2026-09-29 23:16:31,257 epoch  1500  train 1.1374e-04  val 6.5763e-04  (719 s)
2026-09-29 23:17:20,234 epoch  1600  train 9.6656e-05  val 6.4258e-04  (768 s)
2026-09-29 23:18:09,276 epoch  1700  train 9.0212e-05  val 6.1140e-04  (817 s)
2026-09-29 23:18:58,410 epoch  1800  train 8.6202e-05  val 5.8946e-04  (866 s)
2026-09-29 23:19:47,408 epoch  1900  train 8.0780e-05  val 5.6542e-04  (915 s)
2026-09-29 23:20:36,459 epoch  2000  train 8.1116e-05  val 5.4709e-04  (964 s)
2026-09-29 23:21:25,665 epoch  2100  train 7.3634e-05  val 5.3030e-04  (1014 s)
2026-09-29 23:22:14,995 epoch  2200  train 7.8571e-05  val 5.2758e-04  (1063 s)
2026-09-29 23:23:03,947 epoch  2300  train 6.8155e-05  val 5.0137e-04  (1112 s)
2026-09-29 23:23:53,129 epoch  2400  train 6.6809e-05  val 4.8840e-04  (1161 s)
2026-09-29 23:24:42,121 epoch  2500  train 6.3719e-05  val 4.7827e-04  (1210 s)
2026-09-29 23:25:31,097 epoch  2600  train 6.2451e-05  val 4.7005e-04  (1259 s)
2026-09-29 23:26:19,881 epoch  2700  train 6.0302e-05  val 4.5953e-04  (1308 s)
2026-09-29 23:27:09,086 epoch  2800  train 5.9103e-05  val 4.5419e-04  (1357 s)
2026-09-29 23:27:58,135 epoch  2900  train 1.6914e-04  val 5.3210e-04  (1406 s)
2026-09-29 23:28:46,610 epoch  3000  train 5.6316e-05  val 4.3794e-04  (1454 s)
2026-09-29 23:29:35,147 epoch  3100  train 5.5424e-05  val 4.3534e-04  (1503 s)
2026-09-29 23:30:23,570 epoch  3200  train 5.4252e-05  val 4.2715e-04  (1551 s)
2026-09-29 23:31:12,441 epoch  3300  train 5.3270e-05  val 4.2448e-04  (1600 s)
2026-09-29 23:32:02,759 epoch  3400  train 5.2500e-05  val 4.1892e-04  (1651 s)
2026-09-29 23:32:52,256 epoch  3500  train 5.2012e-05  val 4.1585e-04  (1700 s)
2026-09-29 23:33:40,914 epoch  3600  train 1.0677e-04  val 4.6616e-04  (1749 s)
2026-09-29 23:34:29,735 epoch  3700  train 5.0079e-05  val 4.0733e-04  (1798 s)
2026-09-29 23:35:18,451 epoch  3800  train 4.8958e-05  val 4.0557e-04  (1846 s)
2026-09-29 23:36:07,017 epoch  3900  train 4.8229e-05  val 4.0107e-04  (1895 s)
2026-09-29 23:36:55,871 epoch  4000  train 4.8506e-05  val 4.0209e-04  (1944 s)
2026-09-29 23:37:44,858 epoch  4100  train 5.1983e-05  val 4.0087e-04  (1993 s)
2026-09-29 23:38:34,110 epoch  4200  train 5.6136e-05  val 4.0267e-04  (2042 s)
2026-09-29 23:39:23,472 epoch  4300  train 4.6056e-05  val 3.9264e-04  (2091 s)
2026-09-29 23:40:13,142 epoch  4400  train 5.4399e-05  val 3.9608e-04  (2141 s)
2026-09-29 23:41:02,851 epoch  4500  train 4.4735e-05  val 3.8996e-04  (2191 s)
2026-09-29 23:41:52,607 epoch  4600  train 4.3894e-05  val 3.8699e-04  (2240 s)
2026-09-29 23:42:41,890 epoch  4700  train 5.8450e-05  val 3.9674e-04  (2290 s)
2026-09-29 23:43:30,721 epoch  4800  train 5.9776e-05  val 4.0540e-04  (2339 s)
2026-09-29 23:44:19,583 epoch  4900  train 4.5305e-05  val 3.7720e-04  (2387 s)
2026-09-29 23:45:08,597 epoch  5000  train 4.1005e-05  val 3.7926e-04  (2436 s)
2026-09-29 23:45:14,676 completed | 5000 epochs | 2436.5 s | train 4.1005e-05 val 3.7926e-04
