2026-09-29 23:04:53,879 run start | results/experiments/biodiesel/author_repo_match/figures/fig05/chemkan_noise00_seed0 | seed 0 | params 156
2026-09-29 23:04:54,385 epoch     1  train 2.8454e-01  val 2.5872e-01  (0 s)
2026-09-29 23:05:15,166 epoch   100  train 2.2614e-02  val 2.4947e-02  (21 s)
2026-09-29 23:05:39,673 epoch   200  train 6.4916e-03  val 7.1096e-03  (46 s)
2026-09-29 23:06:07,520 epoch   300  train 2.9352e-03  val 3.1814e-03  (74 s)
2026-09-29 23:06:37,329 epoch   400  train 1.9851e-03  val 2.3801e-03  (103 s)
2026-09-29 23:07:07,402 epoch   500  train 1.4049e-03  val 2.0340e-03  (134 s)
2026-09-29 23:07:37,286 epoch   600  train 1.0683e-03  val 1.8740e-03  (163 s)
2026-09-29 23:08:07,120 epoch   700  train 8.4370e-04  val 1.8351e-03  (193 s)
2026-09-29 23:08:37,371 epoch   800  train 6.9661e-04  val 1.7495e-03  (223 s)
2026-09-29 23:09:08,029 epoch   900  train 6.0035e-04  val 1.6454e-03  (254 s)
2026-09-29 23:09:38,550 epoch  1000  train 5.3431e-04  val 1.5216e-03  (285 s)
2026-09-29 23:10:10,334 epoch  1100  train 4.8537e-04  val 1.3976e-03  (316 s)
2026-09-29 23:10:43,950 epoch  1200  train 5.1137e-04  val 1.5667e-03  (350 s)
2026-09-29 23:11:17,374 epoch  1300  train 4.1478e-04  val 1.1796e-03  (383 s)
2026-09-29 23:11:50,935 epoch  1400  train 3.8908e-04  val 1.1221e-03  (417 s)
2026-09-29 23:12:24,630 epoch  1500  train 3.6271e-04  val 1.0132e-03  (451 s)
2026-09-29 23:12:57,237 epoch  1600  train 3.4141e-04  val 9.3353e-04  (483 s)
2026-09-29 23:13:28,075 epoch  1700  train 3.4002e-04  val 7.9953e-04  (514 s)
2026-09-29 23:13:58,525 epoch  1800  train 3.0310e-04  val 8.4180e-04  (545 s)
2026-09-29 23:14:29,184 epoch  1900  train 2.8683e-04  val 7.9993e-04  (575 s)
2026-09-29 23:14:59,652 epoch  2000  train 2.7323e-04  val 7.4512e-04  (606 s)
2026-09-29 23:15:30,254 epoch  2100  train 4.2282e-04  val 6.6773e-04  (636 s)
2026-09-29 23:16:00,876 epoch  2200  train 2.4442e-04  val 6.9966e-04  (667 s)
2026-09-29 23:16:31,470 epoch  2300  train 2.3217e-04  val 6.8645e-04  (698 s)
2026-09-29 23:17:02,225 epoch  2400  train 2.2060e-04  val 6.6471e-04  (728 s)
2026-09-29 23:17:32,934 epoch  2500  train 2.0997e-04  val 6.4472e-04  (759 s)
2026-09-29 23:18:03,810 epoch  2600  train 2.0047e-04  val 6.1919e-04  (790 s)
2026-09-29 23:18:35,700 epoch  2700  train 1.9291e-04  val 6.2323e-04  (822 s)
2026-09-29 23:19:09,264 epoch  2800  train 1.8734e-04  val 6.3160e-04  (855 s)
2026-09-29 23:19:42,807 epoch  2900  train 1.7608e-04  val 5.8721e-04  (889 s)
2026-09-29 23:20:16,466 epoch  3000  train 1.6997e-04  val 5.8358e-04  (923 s)
2026-09-29 23:20:50,046 epoch  3100  train 1.6396e-04  val 5.6699e-04  (956 s)
2026-09-29 23:21:23,697 epoch  3200  train 1.6216e-04  val 5.8507e-04  (990 s)
2026-09-29 23:21:57,441 epoch  3300  train 2.3062e-04  val 7.1485e-04  (1024 s)
2026-09-29 23:22:31,153 epoch  3400  train 1.4854e-04  val 5.4151e-04  (1057 s)
2026-09-29 23:23:04,891 epoch  3500  train 1.4462e-04  val 5.2872e-04  (1091 s)
2026-09-29 23:23:38,661 epoch  3600  train 1.4110e-04  val 5.1467e-04  (1125 s)
2026-09-29 23:24:12,265 epoch  3700  train 1.4235e-04  val 5.4481e-04  (1158 s)
2026-09-29 23:24:45,848 epoch  3800  train 1.6329e-04  val 4.6784e-04  (1192 s)
2026-09-29 23:25:19,313 epoch  3900  train 1.3061e-04  val 5.0262e-04  (1225 s)
2026-09-29 23:25:52,702 epoch  4000  train 1.2782e-04  val 4.9067e-04  (1259 s)
2026-09-29 23:26:26,008 epoch  4100  train 1.2545e-04  val 4.8925e-04  (1292 s)
2026-09-29 23:26:59,810 epoch  4200  train 1.2348e-04  val 4.7444e-04  (1326 s)
2026-09-29 23:27:33,916 epoch  4300  train 1.2142e-04  val 4.8108e-04  (1360 s)
2026-09-29 23:28:07,658 epoch  4400  train 1.1821e-04  val 4.6450e-04  (1394 s)
2026-09-29 23:28:41,372 epoch  4500  train 1.1644e-04  val 4.5656e-04  (1427 s)
2026-09-29 23:29:15,255 epoch  4600  train 1.2014e-04  val 4.2884e-04  (1461 s)
2026-09-29 23:29:48,650 epoch  4700  train 1.1185e-04  val 4.4870e-04  (1495 s)
2026-09-29 23:30:21,930 epoch  4800  train 1.1074e-04  val 4.4218e-04  (1528 s)
2026-09-29 23:30:55,400 epoch  4900  train 1.8951e-04  val 5.7495e-04  (1562 s)
2026-09-29 23:31:28,726 epoch  5000  train 1.1514e-04  val 4.1845e-04  (1595 s)
2026-09-29 23:32:02,250 epoch  5100  train 1.0699e-04  val 4.3521e-04  (1628 s)
2026-09-29 23:32:35,862 epoch  5200  train 1.0499e-04  val 4.1803e-04  (1662 s)
2026-09-29 23:33:09,592 epoch  5300  train 1.2254e-04  val 4.4440e-04  (1696 s)
2026-09-29 23:33:43,189 epoch  5400  train 1.0085e-04  val 4.1604e-04  (1729 s)
2026-09-29 23:34:16,792 epoch  5500  train 1.2098e-04  val 3.9028e-04  (1763 s)
2026-09-29 23:34:50,579 epoch  5600  train 1.0288e-04  val 4.0823e-04  (1797 s)
2026-09-29 23:35:24,147 epoch  5700  train 1.0281e-04  val 4.0352e-04  (1830 s)
2026-09-29 23:35:57,771 epoch  5800  train 9.6494e-05  val 4.0743e-04  (1864 s)
2026-09-29 23:36:31,567 epoch  5900  train 1.2550e-04  val 4.7244e-04  (1898 s)
2026-09-29 23:37:05,409 epoch  6000  train 9.3729e-05  val 3.9169e-04  (1932 s)
2026-09-29 23:37:39,343 epoch  6100  train 1.0532e-04  val 3.7592e-04  (1965 s)
2026-09-29 23:38:13,393 epoch  6200  train 9.4036e-05  val 3.9196e-04  (2000 s)
2026-09-29 23:38:47,294 epoch  6300  train 1.1877e-04  val 3.8873e-04  (2033 s)
2026-09-29 23:39:21,428 epoch  6400  train 1.9419e-04  val 4.6978e-04  (2068 s)
2026-09-29 23:39:55,255 epoch  6500  train 8.8657e-05  val 3.7545e-04  (2101 s)
2026-09-29 23:40:28,950 epoch  6600  train 8.8005e-05  val 3.6810e-04  (2135 s)
2026-09-29 23:41:02,497 epoch  6700  train 8.9950e-05  val 3.6790e-04  (2169 s)
2026-09-29 23:41:36,212 epoch  6800  train 1.1286e-04  val 3.5145e-04  (2202 s)
2026-09-29 23:42:10,424 epoch  6900  train 9.3461e-05  val 3.6459e-04  (2237 s)
2026-09-29 23:42:44,135 epoch  7000  train 9.5996e-05  val 3.9222e-04  (2270 s)
2026-09-29 23:43:17,617 epoch  7100  train 8.3869e-05  val 3.5541e-04  (2304 s)
2026-09-29 23:43:51,197 epoch  7200  train 8.2969e-05  val 3.5483e-04  (2337 s)
2026-09-29 23:44:24,622 epoch  7300  train 8.2383e-05  val 3.5289e-04  (2371 s)
2026-09-29 23:44:57,935 epoch  7400  train 8.5351e-05  val 3.4291e-04  (2404 s)
2026-09-29 23:45:30,919 epoch  7500  train 8.0865e-05  val 3.4734e-04  (2437 s)
2026-09-29 23:46:03,720 epoch  7600  train 8.0904e-05  val 3.4246e-04  (2470 s)
2026-09-29 23:46:36,494 epoch  7700  train 7.9590e-05  val 3.4053e-04  (2503 s)
2026-09-29 23:47:09,227 epoch  7800  train 9.8225e-05  val 3.5137e-04  (2535 s)
2026-09-29 23:47:42,271 epoch  7900  train 1.8957e-04  val 4.5571e-04  (2568 s)
2026-09-29 23:48:15,279 epoch  8000  train 7.9924e-05  val 3.4370e-04  (2601 s)
2026-09-29 23:48:48,258 epoch  8100  train 1.8567e-04  val 3.8541e-04  (2634 s)
2026-09-29 23:49:21,365 epoch  8200  train 1.1735e-04  val 3.3440e-04  (2667 s)
2026-09-29 23:49:54,347 epoch  8300  train 8.2511e-05  val 3.3310e-04  (2700 s)
2026-09-29 23:50:27,349 epoch  8400  train 7.7222e-05  val 3.1879e-04  (2733 s)
2026-09-29 23:51:00,390 epoch  8500  train 7.4767e-05  val 3.2163e-04  (2767 s)
2026-09-29 23:51:33,328 epoch  8600  train 7.5860e-05  val 3.1733e-04  (2799 s)
2026-09-29 23:52:06,228 epoch  8700  train 8.2695e-05  val 3.1780e-04  (2832 s)
2026-09-29 23:52:39,188 epoch  8800  train 7.3108e-05  val 3.1855e-04  (2865 s)
2026-09-29 23:53:12,245 epoch  8900  train 7.3264e-05  val 3.0944e-04  (2898 s)
2026-09-29 23:53:45,112 epoch  9000  train 8.0920e-05  val 3.3360e-04  (2931 s)
2026-09-29 23:54:17,649 epoch  9100  train 7.7757e-05  val 3.0905e-04  (2964 s)
2026-09-29 23:54:50,320 epoch  9200  train 9.0275e-05  val 3.3493e-04  (2996 s)
2026-09-29 23:55:22,676 epoch  9300  train 7.4424e-05  val 3.2194e-04  (3029 s)
2026-09-29 23:55:55,082 epoch  9400  train 1.0550e-04  val 3.2519e-04  (3061 s)
2026-09-29 23:56:27,591 epoch  9500  train 7.1037e-05  val 2.9590e-04  (3094 s)
2026-09-29 23:57:00,048 epoch  9600  train 7.0008e-05  val 3.0202e-04  (3126 s)
2026-09-29 23:57:32,596 epoch  9700  train 8.6285e-05  val 3.2141e-04  (3159 s)
2026-09-29 23:58:05,109 epoch  9800  train 7.0495e-05  val 3.0734e-04  (3191 s)
2026-09-29 23:58:37,192 epoch  9900  train 8.2224e-05  val 3.3091e-04  (3223 s)
2026-09-29 23:59:09,002 epoch 10000  train 7.0842e-05  val 2.8659e-04  (3255 s)
2026-09-29 23:59:15,498 completed | 10000 epochs | 3255.1 s | train 7.0842e-05 val 2.8659e-04
