2026-09-28 22:06:02,852 run start | results/experiments/biodiesel/author_repo_match/reaction_order/code_order_seed0 | seed 0 | params 156
2026-09-28 22:06:03,036 epoch     1  train 2.7401e-01  val 2.4947e-01  (0 s)
2026-09-28 22:06:06,331 epoch   100  train 2.1343e-02  val 2.3724e-02  (3 s)
2026-09-28 22:06:09,058 epoch   200  train 6.1385e-03  val 6.9154e-03  (6 s)
2026-09-28 22:06:11,952 epoch   300  train 2.7112e-03  val 3.3300e-03  (9 s)
2026-09-28 22:06:15,093 epoch   400  train 1.8468e-03  val 2.5336e-03  (12 s)
2026-09-28 22:06:18,083 epoch   500  train 1.3363e-03  val 2.0500e-03  (15 s)
2026-09-28 22:06:21,521 epoch   600  train 1.0788e-03  val 1.8673e-03  (19 s)
2026-09-28 22:06:24,937 epoch   700  train 8.7309e-04  val 1.8148e-03  (22 s)
2026-09-28 22:06:28,265 epoch   800  train 7.2732e-04  val 1.7583e-03  (25 s)
2026-09-28 22:06:31,708 epoch   900  train 6.0274e-04  val 1.6989e-03  (29 s)
2026-09-28 22:06:35,065 epoch  1000  train 5.2823e-04  val 1.6255e-03  (32 s)
2026-09-28 22:06:38,636 epoch  1100  train 4.7677e-04  val 1.5311e-03  (36 s)
2026-09-28 22:06:42,069 epoch  1200  train 4.3807e-04  val 1.4383e-03  (39 s)
2026-09-28 22:06:45,492 epoch  1300  train 4.8438e-04  val 1.6812e-03  (43 s)
2026-09-28 22:06:48,834 epoch  1400  train 3.7719e-04  val 1.2173e-03  (46 s)
2026-09-28 22:06:52,173 epoch  1500  train 3.5374e-04  val 1.1187e-03  (49 s)
2026-09-28 22:06:55,619 epoch  1600  train 4.2340e-04  val 1.4425e-03  (53 s)
2026-09-28 22:06:58,941 epoch  1700  train 3.1238e-04  val 9.9713e-04  (56 s)
2026-09-28 22:07:02,238 epoch  1800  train 2.9584e-04  val 9.5022e-04  (59 s)
2026-09-28 22:07:05,529 epoch  1900  train 2.8455e-04  val 9.3363e-04  (63 s)
2026-09-28 22:07:08,863 epoch  2000  train 2.6331e-04  val 8.4922e-04  (66 s)
2026-09-28 22:07:12,212 epoch  2100  train 2.5003e-04  val 7.8845e-04  (69 s)
2026-09-28 22:07:15,698 epoch  2200  train 2.4476e-04  val 6.9062e-04  (73 s)
2026-09-28 22:07:19,010 epoch  2300  train 2.3061e-04  val 6.5789e-04  (76 s)
2026-09-28 22:07:22,474 epoch  2400  train 2.2398e-04  val 7.5515e-04  (80 s)
2026-09-28 22:07:25,761 epoch  2500  train 2.0228e-04  val 6.7478e-04  (83 s)
2026-09-28 22:07:29,113 epoch  2600  train 1.9211e-04  val 6.4920e-04  (86 s)
2026-09-28 22:07:32,424 epoch  2700  train 1.8345e-04  val 6.0390e-04  (90 s)
2026-09-28 22:07:35,736 epoch  2800  train 2.5106e-04  val 5.4125e-04  (93 s)
2026-09-28 22:07:39,050 epoch  2900  train 1.7064e-04  val 6.0610e-04  (96 s)
2026-09-28 22:07:42,365 epoch  3000  train 2.1214e-04  val 7.1345e-04  (99 s)
2026-09-28 22:07:45,916 epoch  3100  train 1.5734e-04  val 5.6617e-04  (103 s)
2026-09-28 22:07:49,213 epoch  3200  train 1.5218e-04  val 5.4293e-04  (106 s)
2026-09-28 22:07:52,540 epoch  3300  train 1.5177e-04  val 5.1997e-04  (110 s)
2026-09-28 22:07:55,955 epoch  3400  train 2.1984e-04  val 6.9970e-04  (113 s)
2026-09-28 22:07:59,316 epoch  3500  train 1.4106e-04  val 5.4151e-04  (116 s)
2026-09-28 22:08:02,647 epoch  3600  train 1.3635e-04  val 5.2485e-04  (120 s)
2026-09-28 22:08:06,010 epoch  3700  train 1.3270e-04  val 5.0678e-04  (123 s)
2026-09-28 22:08:09,582 epoch  3800  train 1.2973e-04  val 4.9944e-04  (127 s)
2026-09-28 22:08:12,882 epoch  3900  train 1.2725e-04  val 4.9118e-04  (130 s)
2026-09-28 22:08:16,212 epoch  4000  train 1.3021e-04  val 4.6892e-04  (133 s)
2026-09-28 22:08:19,738 epoch  4100  train 1.3382e-04  val 4.5018e-04  (137 s)
2026-09-28 22:08:23,281 epoch  4200  train 2.5624e-04  val 7.2423e-04  (140 s)
2026-09-28 22:08:26,685 epoch  4300  train 1.1801e-04  val 4.8371e-04  (144 s)
2026-09-28 22:08:30,105 epoch  4400  train 1.1459e-04  val 4.6555e-04  (147 s)
2026-09-28 22:08:33,402 epoch  4500  train 1.1311e-04  val 4.5258e-04  (150 s)
2026-09-28 22:08:36,952 epoch  4600  train 3.0812e-04  val 5.2056e-04  (154 s)
2026-09-28 22:08:40,282 epoch  4700  train 1.0867e-04  val 4.4898e-04  (157 s)
2026-09-28 22:08:43,623 epoch  4800  train 1.0711e-04  val 4.4120e-04  (161 s)
2026-09-28 22:08:46,964 epoch  4900  train 1.0731e-04  val 4.5482e-04  (164 s)
2026-09-28 22:08:50,248 epoch  5000  train 1.0607e-04  val 4.3482e-04  (167 s)
2026-09-28 22:08:53,631 epoch  5100  train 1.0275e-04  val 4.2103e-04  (171 s)
2026-09-28 22:08:56,924 epoch  5200  train 1.0040e-04  val 4.2104e-04  (174 s)
2026-09-28 22:09:00,222 epoch  5300  train 1.0134e-04  val 4.1351e-04  (177 s)
2026-09-28 22:09:03,525 epoch  5400  train 1.2968e-04  val 3.8984e-04  (181 s)
2026-09-28 22:09:06,833 epoch  5500  train 9.7252e-05  val 4.0344e-04  (184 s)
2026-09-28 22:09:10,259 epoch  5600  train 9.4583e-05  val 4.0415e-04  (187 s)
2026-09-28 22:09:13,740 epoch  5700  train 9.3571e-05  val 3.9778e-04  (191 s)
2026-09-28 22:09:17,069 epoch  5800  train 9.4948e-05  val 3.9945e-04  (194 s)
2026-09-28 22:09:20,385 epoch  5900  train 9.2218e-05  val 3.8472e-04  (197 s)
2026-09-28 22:09:23,693 epoch  6000  train 9.7148e-05  val 4.1326e-04  (201 s)
2026-09-28 22:09:27,149 epoch  6100  train 1.0377e-04  val 3.7679e-04  (204 s)
2026-09-28 22:09:30,458 epoch  6200  train 9.2675e-05  val 3.8175e-04  (208 s)
2026-09-28 22:09:33,748 epoch  6300  train 1.2378e-04  val 4.3857e-04  (211 s)
2026-09-28 22:09:37,081 epoch  6400  train 9.0500e-05  val 3.7513e-04  (214 s)
2026-09-28 22:09:40,575 epoch  6500  train 8.4559e-05  val 3.6626e-04  (218 s)
2026-09-28 22:09:44,032 epoch  6600  train 8.3922e-05  val 3.6837e-04  (221 s)
2026-09-28 22:09:47,445 epoch  6700  train 8.6066e-05  val 3.7213e-04  (225 s)
2026-09-28 22:09:50,793 epoch  6800  train 8.0993e-05  val 3.5205e-04  (228 s)
2026-09-28 22:09:54,206 epoch  6900  train 8.1869e-05  val 3.4079e-04  (231 s)
2026-09-28 22:09:57,492 epoch  7000  train 9.7443e-05  val 3.7372e-04  (235 s)
2026-09-28 22:10:00,859 epoch  7100  train 9.5565e-05  val 3.7163e-04  (238 s)
2026-09-28 22:10:04,195 epoch  7200  train 7.8962e-05  val 3.3972e-04  (241 s)
2026-09-28 22:10:07,489 epoch  7300  train 7.6351e-05  val 3.3395e-04  (245 s)
2026-09-28 22:10:10,812 epoch  7400  train 7.5121e-05  val 3.3238e-04  (248 s)
2026-09-28 22:10:14,157 epoch  7500  train 1.1808e-04  val 3.2175e-04  (251 s)
2026-09-28 22:10:17,540 epoch  7600  train 8.1192e-05  val 3.4054e-04  (255 s)
2026-09-28 22:10:20,849 epoch  7700  train 9.1032e-05  val 3.5498e-04  (258 s)
2026-09-28 22:10:24,148 epoch  7800  train 7.7147e-05  val 3.1781e-04  (261 s)
2026-09-28 22:10:27,439 epoch  7900  train 7.5821e-05  val 3.2957e-04  (265 s)
2026-09-28 22:10:30,761 epoch  8000  train 8.2998e-05  val 3.3409e-04  (268 s)
2026-09-28 22:10:34,280 epoch  8100  train 6.9975e-05  val 3.0739e-04  (271 s)
2026-09-28 22:10:37,586 epoch  8200  train 6.8955e-05  val 3.0340e-04  (275 s)
2026-09-28 22:10:40,906 epoch  8300  train 6.8615e-05  val 3.0668e-04  (278 s)
2026-09-28 22:10:44,244 epoch  8400  train 7.0337e-05  val 3.0340e-04  (281 s)
2026-09-28 22:10:47,592 epoch  8500  train 6.6642e-05  val 2.9640e-04  (285 s)
2026-09-28 22:10:50,921 epoch  8600  train 7.7613e-05  val 2.8259e-04  (288 s)
2026-09-28 22:10:54,263 epoch  8700  train 6.5198e-05  val 2.9401e-04  (291 s)
2026-09-28 22:10:57,555 epoch  8800  train 6.6177e-05  val 2.8275e-04  (295 s)
2026-09-28 22:11:00,873 epoch  8900  train 6.4040e-05  val 2.8928e-04  (298 s)
2026-09-28 22:11:04,167 epoch  9000  train 6.3598e-05  val 2.8568e-04  (301 s)
2026-09-28 22:11:07,622 epoch  9100  train 6.3234e-05  val 2.8011e-04  (305 s)
2026-09-28 22:11:11,145 epoch  9200  train 6.2209e-05  val 2.8211e-04  (308 s)
2026-09-28 22:11:14,470 epoch  9300  train 6.1946e-05  val 2.7742e-04  (312 s)
2026-09-28 22:11:17,767 epoch  9400  train 7.0453e-05  val 3.0051e-04  (315 s)
2026-09-28 22:11:21,049 epoch  9500  train 1.0552e-04  val 3.3311e-04  (318 s)
2026-09-28 22:11:24,597 epoch  9600  train 6.0146e-05  val 2.7219e-04  (322 s)
2026-09-28 22:11:28,335 epoch  9700  train 1.2059e-04  val 3.0401e-04  (325 s)
2026-09-28 22:11:31,700 epoch  9800  train 5.9331e-05  val 2.6787e-04  (329 s)
2026-09-28 22:11:35,007 epoch  9900  train 6.1220e-05  val 2.7551e-04  (332 s)
2026-09-28 22:11:38,318 epoch 10000  train 5.8159e-05  val 2.6233e-04  (335 s)
2026-09-28 22:11:40,718 completed | 10000 epochs | 335.4 s | train 5.8159e-05 val 2.6233e-04
