2026-10-01 16:54:23,485 INFO run start 2026-10-01T14:54:23Z | run_id=biodiesel-deeponet-repro/deeponet_p249_seed0 | system=biodiesel-deeponet-repro | dir=../results/experiments/biodiesel/author_repo_match/figures_tanh_r1/fig04/deeponet_p249_seed0
2026-10-01 16:54:23,513 INFO wrote ../results/experiments/biodiesel/author_repo_match/figures_tanh_r1/fig04/deeponet_p249_seed0/config.json
2026-10-01 16:54:23,528 INFO configuration: branch inputs normalized (author-global normalized Mode A), targets author_global_normalized_states, trunk input raw physical t 0..30 s (30 points), activation tanh, placement A, init Aprime_tf_truncated_glorot_zero_bias, Adam lr 0.001
2026-10-01 16:54:23,529 INFO initial: train {'mean_mse': 0.30112335085868835, 'mean_mse_u': 0.30112335085868835, 'eq18_obs': 9.033699989318848, 'eq22_true': 9.033699989318848, 'eq18_obs_time_averaged': 0.30112333297729493, 'eq22_true_time_averaged': 0.30112333297729493} | test {'mean_mse': 0.28185877203941345, 'mean_mse_u': 0.28185877203941345, 'eq18_obs': 8.455761909484863, 'eq22_true': 8.455761909484863, 'eq18_obs_time_averaged': 0.2818587303161621, 'eq22_true_time_averaged': 0.2818587303161621}
2026-10-01 16:54:23,532 INFO initial prediction stats: {'min': -0.33963707089424133, 'max': 0.8402357697486877, 'mean': 0.07740066200494766, 'abs_max': 0.8402357697486877, 'per_species_min': [0.1511426419019699, 0.010146113112568855, -0.33963707089424133, 0.0, -0.053992487490177155, -0.12153200805187225], 'per_species_max': [0.8402357697486877, 0.18632610142230988, 0.0, 0.14473450183868408, 0.041905827820301056, 0.15950347483158112], 'fraction_negative': 0.3527777777777778}
2026-10-01 16:54:24,529 INFO epoch     0  mean_mse 3.0112e-01 | train eq18 9.0337e+00 test eq18 8.4558e+00
2026-10-01 16:54:24,864 INFO epoch   250  mean_mse 2.6357e-02 | train eq18 7.9072e-01 test eq18 9.3256e-01
2026-10-01 16:54:25,242 INFO epoch   500  mean_mse 1.3360e-02 | train eq18 4.0079e-01 test eq18 5.3744e-01
2026-10-01 16:54:25,553 INFO epoch   750  mean_mse 5.0621e-03 | train eq18 1.5186e-01 test eq18 1.9555e-01
2026-10-01 16:54:25,934 INFO epoch  1000  mean_mse 2.9475e-03 | train eq18 8.8426e-02 test eq18 1.1028e-01
2026-10-01 16:54:26,269 INFO epoch  1250  mean_mse 2.5644e-03 | train eq18 7.6931e-02 test eq18 9.9478e-02
2026-10-01 16:54:26,657 INFO epoch  1500  mean_mse 2.3261e-03 | train eq18 6.9782e-02 test eq18 9.2981e-02
2026-10-01 16:54:26,976 INFO epoch  1750  mean_mse 2.1103e-03 | train eq18 6.3308e-02 test eq18 8.6612e-02
2026-10-01 16:54:27,283 INFO epoch  2000  mean_mse 1.9014e-03 | train eq18 5.7041e-02 test eq18 8.0275e-02
2026-10-01 16:54:27,618 INFO epoch  2250  mean_mse 1.6971e-03 | train eq18 5.0912e-02 test eq18 7.4125e-02
2026-10-01 16:54:27,980 INFO epoch  2500  mean_mse 1.5041e-03 | train eq18 4.5122e-02 test eq18 6.8432e-02
2026-10-01 16:54:28,371 INFO epoch  2750  mean_mse 1.3367e-03 | train eq18 4.0102e-02 test eq18 6.3638e-02
2026-10-01 16:54:28,683 INFO epoch  3000  mean_mse 1.2000e-03 | train eq18 3.5999e-02 test eq18 5.9838e-02
2026-10-01 16:54:29,074 INFO epoch  3250  mean_mse 1.0838e-03 | train eq18 3.2513e-02 test eq18 5.6655e-02
2026-10-01 16:54:29,590 INFO epoch  3500  mean_mse 9.8025e-04 | train eq18 2.9407e-02 test eq18 5.3884e-02
2026-10-01 16:54:29,927 INFO epoch  3750  mean_mse 8.8865e-04 | train eq18 2.6659e-02 test eq18 5.1545e-02
2026-10-01 16:54:30,230 INFO epoch  4000  mean_mse 8.0967e-04 | train eq18 2.4290e-02 test eq18 4.9659e-02
2026-10-01 16:54:30,871 INFO epoch  4250  mean_mse 7.4218e-04 | train eq18 2.2265e-02 test eq18 4.8196e-02
2026-10-01 16:54:31,250 INFO epoch  4500  mean_mse 6.8332e-04 | train eq18 2.0500e-02 test eq18 4.7331e-02
2026-10-01 16:54:31,602 INFO epoch  4750  mean_mse 6.2933e-04 | train eq18 1.8880e-02 test eq18 4.6447e-02
2026-10-01 16:54:31,968 INFO epoch  5000  mean_mse 5.7700e-04 | train eq18 1.7310e-02 test eq18 4.6092e-02
2026-10-01 16:54:32,300 INFO epoch  5250  mean_mse 5.2440e-04 | train eq18 1.5732e-02 test eq18 4.5811e-02
2026-10-01 16:54:32,620 INFO epoch  5500  mean_mse 4.7241e-04 | train eq18 1.4172e-02 test eq18 4.5703e-02
2026-10-01 16:54:32,915 INFO epoch  5750  mean_mse 4.2606e-04 | train eq18 1.2782e-02 test eq18 4.5877e-02
2026-10-01 16:54:33,339 INFO epoch  6000  mean_mse 3.8987e-04 | train eq18 1.1696e-02 test eq18 4.6416e-02
2026-10-01 16:54:34,071 INFO epoch  6250  mean_mse 3.6381e-04 | train eq18 1.0914e-02 test eq18 4.7114e-02
2026-10-01 16:54:34,386 INFO epoch  6500  mean_mse 3.4829e-04 | train eq18 1.0449e-02 test eq18 4.8802e-02
2026-10-01 16:54:34,684 INFO epoch  6750  mean_mse 3.2922e-04 | train eq18 9.8766e-03 test eq18 4.7755e-02
2026-10-01 16:54:35,038 INFO epoch  7000  mean_mse 3.1581e-04 | train eq18 9.4742e-03 test eq18 4.7483e-02
2026-10-01 16:54:35,354 INFO epoch  7250  mean_mse 3.0310e-04 | train eq18 9.0929e-03 test eq18 4.7111e-02
2026-10-01 16:54:35,665 INFO epoch  7500  mean_mse 2.9042e-04 | train eq18 8.7127e-03 test eq18 4.6530e-02
2026-10-01 16:54:35,996 INFO epoch  7750  mean_mse 2.7710e-04 | train eq18 8.3131e-03 test eq18 4.5938e-02
2026-10-01 16:54:36,329 INFO epoch  8000  mean_mse 2.6269e-04 | train eq18 7.8806e-03 test eq18 4.5350e-02
2026-10-01 16:54:36,637 INFO epoch  8250  mean_mse 2.4688e-04 | train eq18 7.4063e-03 test eq18 4.4892e-02
2026-10-01 16:54:36,956 INFO epoch  8500  mean_mse 2.2978e-04 | train eq18 6.8935e-03 test eq18 4.4560e-02
2026-10-01 16:54:37,281 INFO epoch  8750  mean_mse 2.1182e-04 | train eq18 6.3545e-03 test eq18 4.4232e-02
2026-10-01 16:54:37,587 INFO epoch  9000  mean_mse 1.9401e-04 | train eq18 5.8202e-03 test eq18 4.3748e-02
2026-10-01 16:54:37,917 INFO epoch  9250  mean_mse 1.7730e-04 | train eq18 5.3190e-03 test eq18 4.3021e-02
2026-10-01 16:54:38,241 INFO epoch  9500  mean_mse 1.6241e-04 | train eq18 4.8724e-03 test eq18 4.2070e-02
2026-10-01 16:54:38,538 INFO epoch  9750  mean_mse 1.4939e-04 | train eq18 4.4817e-03 test eq18 4.0889e-02
2026-10-01 16:54:38,847 INFO epoch 10000  mean_mse 1.3828e-04 | train eq18 4.1485e-03 test eq18 3.9529e-02
2026-10-01 16:54:39,155 INFO epoch 10250  mean_mse 1.2872e-04 | train eq18 3.8616e-03 test eq18 3.8018e-02
2026-10-01 16:54:39,468 INFO epoch 10500  mean_mse 1.2055e-04 | train eq18 3.6165e-03 test eq18 3.6464e-02
2026-10-01 16:54:39,771 INFO epoch 10750  mean_mse 1.1340e-04 | train eq18 3.4020e-03 test eq18 3.4899e-02
2026-10-01 16:54:40,079 INFO epoch 11000  mean_mse 1.0709e-04 | train eq18 3.2128e-03 test eq18 3.3370e-02
2026-10-01 16:54:40,425 INFO epoch 11250  mean_mse 1.0152e-04 | train eq18 3.0457e-03 test eq18 3.1916e-02
2026-10-01 16:54:40,745 INFO epoch 11500  mean_mse 9.6669e-05 | train eq18 2.9001e-03 test eq18 3.0593e-02
2026-10-01 16:54:41,060 INFO epoch 11750  mean_mse 9.2358e-05 | train eq18 2.7707e-03 test eq18 2.9361e-02
2026-10-01 16:54:41,372 INFO epoch 12000  mean_mse 8.8554e-05 | train eq18 2.6566e-03 test eq18 2.8312e-02
2026-10-01 16:54:41,687 INFO epoch 12250  mean_mse 8.5090e-05 | train eq18 2.5527e-03 test eq18 2.7240e-02
2026-10-01 16:54:42,066 INFO epoch 12500  mean_mse 9.1949e-05 | train eq18 2.7585e-03 test eq18 2.7049e-02
2026-10-01 16:54:42,516 INFO epoch 12750  mean_mse 7.8936e-05 | train eq18 2.3681e-03 test eq18 2.5473e-02
2026-10-01 16:54:43,267 INFO epoch 13000  mean_mse 7.6081e-05 | train eq18 2.2824e-03 test eq18 2.4633e-02
2026-10-01 16:54:43,639 INFO epoch 13250  mean_mse 7.3290e-05 | train eq18 2.1987e-03 test eq18 2.3839e-02
2026-10-01 16:54:44,047 INFO epoch 13500  mean_mse 7.0549e-05 | train eq18 2.1165e-03 test eq18 2.3092e-02
2026-10-01 16:54:44,739 INFO epoch 13750  mean_mse 6.7897e-05 | train eq18 2.0369e-03 test eq18 2.2375e-02
2026-10-01 16:54:45,614 INFO epoch 14000  mean_mse 6.5332e-05 | train eq18 1.9600e-03 test eq18 2.1707e-02
2026-10-01 16:54:46,175 INFO epoch 14250  mean_mse 6.2859e-05 | train eq18 1.8858e-03 test eq18 2.1059e-02
2026-10-01 16:54:46,563 INFO epoch 14500  mean_mse 6.0588e-05 | train eq18 1.8176e-03 test eq18 2.0408e-02
2026-10-01 16:54:47,084 INFO epoch 14750  mean_mse 5.8542e-05 | train eq18 1.7563e-03 test eq18 1.9832e-02
2026-10-01 16:54:47,624 INFO epoch 15000  mean_mse 5.6747e-05 | train eq18 1.7024e-03 test eq18 1.9280e-02
2026-10-01 16:54:48,212 INFO epoch 15250  mean_mse 5.6258e-05 | train eq18 1.6877e-03 test eq18 1.8975e-02
2026-10-01 16:54:48,832 INFO epoch 15500  mean_mse 5.6437e-05 | train eq18 1.6931e-03 test eq18 1.8105e-02
2026-10-01 16:54:49,250 INFO epoch 15750  mean_mse 5.3292e-05 | train eq18 1.5988e-03 test eq18 1.7979e-02
2026-10-01 16:54:49,608 INFO epoch 16000  mean_mse 5.1806e-05 | train eq18 1.5542e-03 test eq18 1.7459e-02
2026-10-01 16:54:49,972 INFO epoch 16250  mean_mse 5.0962e-05 | train eq18 1.5289e-03 test eq18 1.7051e-02
2026-10-01 16:54:50,307 INFO epoch 16500  mean_mse 5.2908e-05 | train eq18 1.5872e-03 test eq18 1.6589e-02
2026-10-01 16:54:50,626 INFO epoch 16750  mean_mse 4.9440e-05 | train eq18 1.4832e-03 test eq18 1.6438e-02
2026-10-01 16:54:50,943 INFO epoch 17000  mean_mse 4.8767e-05 | train eq18 1.4630e-03 test eq18 1.6183e-02
2026-10-01 16:54:51,258 INFO epoch 17250  mean_mse 4.9206e-05 | train eq18 1.4762e-03 test eq18 1.6081e-02
2026-10-01 16:54:51,564 INFO epoch 17500  mean_mse 4.8252e-05 | train eq18 1.4475e-03 test eq18 1.5970e-02
2026-10-01 16:54:51,852 INFO epoch 17750  mean_mse 4.7130e-05 | train eq18 1.4139e-03 test eq18 1.5472e-02
2026-10-01 16:54:52,142 INFO epoch 18000  mean_mse 4.6736e-05 | train eq18 1.4021e-03 test eq18 1.5204e-02
2026-10-01 16:54:52,441 INFO epoch 18250  mean_mse 4.6111e-05 | train eq18 1.3833e-03 test eq18 1.5249e-02
2026-10-01 16:54:52,742 INFO epoch 18500  mean_mse 4.5581e-05 | train eq18 1.3674e-03 test eq18 1.4982e-02
2026-10-01 16:54:53,066 INFO epoch 18750  mean_mse 4.5126e-05 | train eq18 1.3538e-03 test eq18 1.4876e-02
2026-10-01 16:54:53,449 INFO epoch 19000  mean_mse 4.4719e-05 | train eq18 1.3416e-03 test eq18 1.4794e-02
2026-10-01 16:54:53,937 INFO epoch 19250  mean_mse 4.4298e-05 | train eq18 1.3289e-03 test eq18 1.4652e-02
2026-10-01 16:54:54,266 INFO epoch 19500  mean_mse 5.1186e-05 | train eq18 1.5356e-03 test eq18 1.5197e-02
2026-10-01 16:54:54,587 INFO epoch 19750  mean_mse 4.3516e-05 | train eq18 1.3055e-03 test eq18 1.4436e-02
2026-10-01 16:54:54,926 INFO epoch 20000  mean_mse 4.3153e-05 | train eq18 1.2946e-03 test eq18 1.4351e-02
2026-10-01 16:54:55,235 INFO epoch 20250  mean_mse 4.3021e-05 | train eq18 1.2906e-03 test eq18 1.4388e-02
2026-10-01 16:54:55,538 INFO epoch 20500  mean_mse 4.2480e-05 | train eq18 1.2744e-03 test eq18 1.4176e-02
2026-10-01 16:54:55,844 INFO epoch 20750  mean_mse 4.2128e-05 | train eq18 1.2639e-03 test eq18 1.4122e-02
2026-10-01 16:54:56,137 INFO epoch 21000  mean_mse 4.1802e-05 | train eq18 1.2541e-03 test eq18 1.4055e-02
2026-10-01 16:54:56,431 INFO epoch 21250  mean_mse 4.1681e-05 | train eq18 1.2504e-03 test eq18 1.4053e-02
2026-10-01 16:54:56,744 INFO epoch 21500  mean_mse 4.1203e-05 | train eq18 1.2361e-03 test eq18 1.3963e-02
2026-10-01 16:54:57,045 INFO epoch 21750  mean_mse 4.0895e-05 | train eq18 1.2269e-03 test eq18 1.3869e-02
2026-10-01 16:54:57,346 INFO epoch 22000  mean_mse 4.0609e-05 | train eq18 1.2183e-03 test eq18 1.3779e-02
2026-10-01 16:54:57,635 INFO epoch 22250  mean_mse 4.0592e-05 | train eq18 1.2178e-03 test eq18 1.3734e-02
2026-10-01 16:54:57,922 INFO epoch 22500  mean_mse 4.1772e-05 | train eq18 1.2532e-03 test eq18 1.3549e-02
2026-10-01 16:54:58,223 INFO epoch 22750  mean_mse 3.9746e-05 | train eq18 1.1924e-03 test eq18 1.3640e-02
2026-10-01 16:54:58,519 INFO epoch 23000  mean_mse 3.9479e-05 | train eq18 1.1844e-03 test eq18 1.3607e-02
2026-10-01 16:54:58,820 INFO epoch 23250  mean_mse 3.9442e-05 | train eq18 1.1833e-03 test eq18 1.3509e-02
2026-10-01 16:54:59,127 INFO epoch 23500  mean_mse 3.9003e-05 | train eq18 1.1701e-03 test eq18 1.3513e-02
2026-10-01 16:54:59,420 INFO epoch 23750  mean_mse 3.8716e-05 | train eq18 1.1615e-03 test eq18 1.3460e-02
2026-10-01 16:54:59,796 INFO epoch 24000  mean_mse 3.8480e-05 | train eq18 1.1544e-03 test eq18 1.3415e-02
2026-10-01 16:55:00,467 INFO epoch 24250  mean_mse 3.8260e-05 | train eq18 1.1478e-03 test eq18 1.3395e-02
2026-10-01 16:55:01,374 INFO epoch 24500  mean_mse 3.8126e-05 | train eq18 1.1438e-03 test eq18 1.3353e-02
2026-10-01 16:55:01,899 INFO epoch 24750  mean_mse 3.7784e-05 | train eq18 1.1335e-03 test eq18 1.3323e-02
2026-10-01 16:55:02,366 INFO epoch 25000  mean_mse 3.7610e-05 | train eq18 1.1283e-03 test eq18 1.3226e-02
2026-10-01 16:55:02,789 INFO epoch 25250  mean_mse 3.7340e-05 | train eq18 1.1202e-03 test eq18 1.3219e-02
2026-10-01 16:55:03,262 INFO epoch 25500  mean_mse 3.7419e-05 | train eq18 1.1226e-03 test eq18 1.3268e-02
2026-10-01 16:55:03,663 INFO epoch 25750  mean_mse 3.6933e-05 | train eq18 1.1080e-03 test eq18 1.3131e-02
2026-10-01 16:55:04,482 INFO epoch 26000  mean_mse 3.6772e-05 | train eq18 1.1032e-03 test eq18 1.3072e-02
2026-10-01 16:55:05,006 INFO epoch 26250  mean_mse 3.7147e-05 | train eq18 1.1144e-03 test eq18 1.3206e-02
2026-10-01 16:55:05,336 INFO epoch 26500  mean_mse 3.6365e-05 | train eq18 1.0910e-03 test eq18 1.3043e-02
2026-10-01 16:55:05,658 INFO epoch 26750  mean_mse 3.6163e-05 | train eq18 1.0849e-03 test eq18 1.3019e-02
2026-10-01 16:55:06,024 INFO epoch 27000  mean_mse 3.6463e-05 | train eq18 1.0939e-03 test eq18 1.3071e-02
2026-10-01 16:55:06,386 INFO epoch 27250  mean_mse 3.5880e-05 | train eq18 1.0764e-03 test eq18 1.2868e-02
2026-10-01 16:55:06,678 INFO epoch 27500  mean_mse 3.6140e-05 | train eq18 1.0842e-03 test eq18 1.3036e-02
2026-10-01 16:55:06,989 INFO epoch 27750  mean_mse 3.5457e-05 | train eq18 1.0637e-03 test eq18 1.2867e-02
2026-10-01 16:55:07,286 INFO epoch 28000  mean_mse 3.6675e-05 | train eq18 1.1002e-03 test eq18 1.2625e-02
2026-10-01 16:55:07,577 INFO epoch 28250  mean_mse 3.5135e-05 | train eq18 1.0541e-03 test eq18 1.2807e-02
2026-10-01 16:55:07,892 INFO epoch 28500  mean_mse 3.5011e-05 | train eq18 1.0503e-03 test eq18 1.2755e-02
2026-10-01 16:55:08,363 INFO epoch 28750  mean_mse 3.5028e-05 | train eq18 1.0508e-03 test eq18 1.2748e-02
2026-10-01 16:55:09,213 INFO epoch 29000  mean_mse 3.4693e-05 | train eq18 1.0408e-03 test eq18 1.2687e-02
2026-10-01 16:55:09,666 INFO epoch 29250  mean_mse 3.4546e-05 | train eq18 1.0364e-03 test eq18 1.2677e-02
2026-10-01 16:55:10,051 INFO epoch 29500  mean_mse 3.4407e-05 | train eq18 1.0322e-03 test eq18 1.2637e-02
2026-10-01 16:55:10,358 INFO epoch 29750  mean_mse 3.5819e-05 | train eq18 1.0746e-03 test eq18 1.2286e-02
2026-10-01 16:55:10,670 INFO epoch 30000  mean_mse 3.4243e-05 | train eq18 1.0273e-03 test eq18 1.2537e-02
2026-10-01 16:55:10,984 INFO epoch 30250  mean_mse 3.4139e-05 | train eq18 1.0242e-03 test eq18 1.2656e-02
2026-10-01 16:55:11,301 INFO epoch 30500  mean_mse 3.3897e-05 | train eq18 1.0169e-03 test eq18 1.2515e-02
2026-10-01 16:55:11,644 INFO epoch 30750  mean_mse 3.3767e-05 | train eq18 1.0130e-03 test eq18 1.2490e-02
2026-10-01 16:55:11,968 INFO epoch 31000  mean_mse 3.6272e-05 | train eq18 1.0882e-03 test eq18 1.2468e-02
2026-10-01 16:55:12,317 INFO epoch 31250  mean_mse 3.3533e-05 | train eq18 1.0060e-03 test eq18 1.2439e-02
2026-10-01 16:55:12,974 INFO epoch 31500  mean_mse 3.5908e-05 | train eq18 1.0773e-03 test eq18 1.2210e-02
2026-10-01 16:55:13,663 INFO epoch 31750  mean_mse 3.3307e-05 | train eq18 9.9922e-04 test eq18 1.2386e-02
2026-10-01 16:55:14,514 INFO epoch 32000  mean_mse 3.3206e-05 | train eq18 9.9617e-04 test eq18 1.2372e-02
2026-10-01 16:55:15,100 INFO epoch 32250  mean_mse 3.3104e-05 | train eq18 9.9312e-04 test eq18 1.2357e-02
2026-10-01 16:55:15,394 INFO epoch 32500  mean_mse 3.2988e-05 | train eq18 9.8965e-04 test eq18 1.2316e-02
2026-10-01 16:55:15,706 INFO epoch 32750  mean_mse 3.4282e-05 | train eq18 1.0285e-03 test eq18 1.2581e-02
2026-10-01 16:55:16,034 INFO epoch 33000  mean_mse 3.2788e-05 | train eq18 9.8364e-04 test eq18 1.2264e-02
2026-10-01 16:55:16,343 INFO epoch 33250  mean_mse 3.2691e-05 | train eq18 9.8073e-04 test eq18 1.2239e-02
2026-10-01 16:55:16,648 INFO epoch 33500  mean_mse 3.2595e-05 | train eq18 9.7784e-04 test eq18 1.2213e-02
2026-10-01 16:55:16,953 INFO epoch 33750  mean_mse 3.2532e-05 | train eq18 9.7595e-04 test eq18 1.2239e-02
2026-10-01 16:55:17,263 INFO epoch 34000  mean_mse 3.3583e-05 | train eq18 1.0075e-03 test eq18 1.2432e-02
2026-10-01 16:55:17,785 INFO epoch 34250  mean_mse 3.2322e-05 | train eq18 9.6966e-04 test eq18 1.2133e-02
2026-10-01 16:55:18,090 INFO epoch 34500  mean_mse 3.2249e-05 | train eq18 9.6748e-04 test eq18 1.2085e-02
2026-10-01 16:55:18,395 INFO epoch 34750  mean_mse 3.2948e-05 | train eq18 9.8844e-04 test eq18 1.2246e-02
2026-10-01 16:55:18,732 INFO epoch 35000  mean_mse 3.2073e-05 | train eq18 9.6218e-04 test eq18 1.2087e-02
2026-10-01 16:55:19,056 INFO epoch 35250  mean_mse 3.2557e-05 | train eq18 9.7672e-04 test eq18 1.2264e-02
2026-10-01 16:55:19,355 INFO epoch 35500  mean_mse 3.1901e-05 | train eq18 9.5704e-04 test eq18 1.2040e-02
2026-10-01 16:55:19,667 INFO epoch 35750  mean_mse 3.1811e-05 | train eq18 9.5434e-04 test eq18 1.2024e-02
2026-10-01 16:55:19,973 INFO epoch 36000  mean_mse 3.1730e-05 | train eq18 9.5191e-04 test eq18 1.2001e-02
2026-10-01 16:55:20,269 INFO epoch 36250  mean_mse 3.1652e-05 | train eq18 9.4955e-04 test eq18 1.1979e-02
2026-10-01 16:55:20,564 INFO epoch 36500  mean_mse 3.1577e-05 | train eq18 9.4732e-04 test eq18 1.1964e-02
2026-10-01 16:55:20,855 INFO epoch 36750  mean_mse 3.3166e-05 | train eq18 9.9498e-04 test eq18 1.1729e-02
2026-10-01 16:55:21,157 INFO epoch 37000  mean_mse 3.1455e-05 | train eq18 9.4364e-04 test eq18 1.1886e-02
2026-10-01 16:55:21,482 INFO epoch 37250  mean_mse 3.1352e-05 | train eq18 9.4055e-04 test eq18 1.1905e-02
2026-10-01 16:55:21,789 INFO epoch 37500  mean_mse 3.1280e-05 | train eq18 9.3840e-04 test eq18 1.1885e-02
2026-10-01 16:55:22,081 INFO epoch 37750  mean_mse 3.1210e-05 | train eq18 9.3630e-04 test eq18 1.1870e-02
2026-10-01 16:55:22,378 INFO epoch 38000  mean_mse 3.1248e-05 | train eq18 9.3743e-04 test eq18 1.1790e-02
2026-10-01 16:55:22,694 INFO epoch 38250  mean_mse 3.1068e-05 | train eq18 9.3204e-04 test eq18 1.1834e-02
2026-10-01 16:55:23,128 INFO epoch 38500  mean_mse 3.0997e-05 | train eq18 9.2990e-04 test eq18 1.1803e-02
2026-10-01 16:55:23,432 INFO epoch 38750  mean_mse 3.0928e-05 | train eq18 9.2783e-04 test eq18 1.1790e-02
2026-10-01 16:55:23,742 INFO epoch 39000  mean_mse 3.0859e-05 | train eq18 9.2578e-04 test eq18 1.1772e-02
2026-10-01 16:55:24,045 INFO epoch 39250  mean_mse 3.1861e-05 | train eq18 9.5582e-04 test eq18 1.1444e-02
2026-10-01 16:55:24,377 INFO epoch 39500  mean_mse 3.0729e-05 | train eq18 9.2186e-04 test eq18 1.1733e-02
2026-10-01 16:55:24,671 INFO epoch 39750  mean_mse 3.3724e-05 | train eq18 1.0117e-03 test eq18 1.1277e-02
2026-10-01 16:55:24,965 INFO epoch 40000  mean_mse 4.1869e-05 | train eq18 1.2561e-03 test eq18 1.1415e-02
2026-10-01 16:55:25,264 INFO epoch 40250  mean_mse 3.3360e-05 | train eq18 1.0008e-03 test eq18 1.2244e-02
2026-10-01 16:55:25,557 INFO epoch 40500  mean_mse 3.0743e-05 | train eq18 9.2229e-04 test eq18 1.1554e-02
2026-10-01 16:55:25,870 INFO epoch 40750  mean_mse 3.0496e-05 | train eq18 9.1489e-04 test eq18 1.1622e-02
2026-10-01 16:55:26,184 INFO epoch 41000  mean_mse 3.0361e-05 | train eq18 9.1083e-04 test eq18 1.1627e-02
2026-10-01 16:55:26,492 INFO epoch 41250  mean_mse 3.0305e-05 | train eq18 9.0914e-04 test eq18 1.1603e-02
2026-10-01 16:55:26,904 INFO epoch 41500  mean_mse 3.0237e-05 | train eq18 9.0712e-04 test eq18 1.1606e-02
2026-10-01 16:55:27,374 INFO epoch 41750  mean_mse 3.0178e-05 | train eq18 9.0535e-04 test eq18 1.1588e-02
2026-10-01 16:55:27,907 INFO epoch 42000  mean_mse 3.0228e-05 | train eq18 9.0685e-04 test eq18 1.1657e-02
2026-10-01 16:55:28,351 INFO epoch 42250  mean_mse 3.0066e-05 | train eq18 9.0198e-04 test eq18 1.1557e-02
2026-10-01 16:55:28,653 INFO epoch 42500  mean_mse 3.0021e-05 | train eq18 9.0063e-04 test eq18 1.1510e-02
2026-10-01 16:55:29,010 INFO epoch 42750  mean_mse 2.9955e-05 | train eq18 8.9864e-04 test eq18 1.1521e-02
2026-10-01 16:55:29,332 INFO epoch 43000  mean_mse 2.9907e-05 | train eq18 8.9720e-04 test eq18 1.1477e-02
2026-10-01 16:55:29,816 INFO epoch 43250  mean_mse 2.9846e-05 | train eq18 8.9539e-04 test eq18 1.1487e-02
2026-10-01 16:55:30,551 INFO epoch 43500  mean_mse 2.9791e-05 | train eq18 8.9373e-04 test eq18 1.1465e-02
2026-10-01 16:55:31,086 INFO epoch 43750  mean_mse 2.9866e-05 | train eq18 8.9599e-04 test eq18 1.1342e-02
2026-10-01 16:55:31,412 INFO epoch 44000  mean_mse 2.9684e-05 | train eq18 8.9053e-04 test eq18 1.1417e-02
2026-10-01 16:55:31,757 INFO epoch 44250  mean_mse 2.9766e-05 | train eq18 8.9299e-04 test eq18 1.1383e-02
2026-10-01 16:55:32,074 INFO epoch 44500  mean_mse 3.1537e-05 | train eq18 9.4611e-04 test eq18 1.1761e-02
2026-10-01 16:55:32,391 INFO epoch 44750  mean_mse 2.9531e-05 | train eq18 8.8592e-04 test eq18 1.1361e-02
2026-10-01 16:55:32,723 INFO epoch 45000  mean_mse 2.9504e-05 | train eq18 8.8511e-04 test eq18 1.1296e-02
2026-10-01 16:55:33,068 INFO epoch 45250  mean_mse 2.9432e-05 | train eq18 8.8295e-04 test eq18 1.1323e-02
2026-10-01 16:55:33,370 INFO epoch 45500  mean_mse 2.9618e-05 | train eq18 8.8853e-04 test eq18 1.1397e-02
2026-10-01 16:55:33,677 INFO epoch 45750  mean_mse 2.9921e-05 | train eq18 8.9763e-04 test eq18 1.1244e-02
2026-10-01 16:55:34,180 INFO epoch 46000  mean_mse 2.9343e-05 | train eq18 8.8030e-04 test eq18 1.1321e-02
2026-10-01 16:55:34,650 INFO epoch 46250  mean_mse 2.9478e-05 | train eq18 8.8435e-04 test eq18 1.1254e-02
2026-10-01 16:55:35,356 INFO epoch 46500  mean_mse 3.0534e-05 | train eq18 9.1602e-04 test eq18 1.1073e-02
2026-10-01 16:55:35,674 INFO epoch 46750  mean_mse 2.9144e-05 | train eq18 8.7432e-04 test eq18 1.1198e-02
2026-10-01 16:55:36,045 INFO epoch 47000  mean_mse 2.9097e-05 | train eq18 8.7291e-04 test eq18 1.1182e-02
2026-10-01 16:55:36,359 INFO epoch 47250  mean_mse 2.9052e-05 | train eq18 8.7155e-04 test eq18 1.1164e-02
2026-10-01 16:55:36,666 INFO epoch 47500  mean_mse 2.9007e-05 | train eq18 8.7020e-04 test eq18 1.1146e-02
2026-10-01 16:55:36,983 INFO epoch 47750  mean_mse 3.0084e-05 | train eq18 9.0251e-04 test eq18 1.1354e-02
2026-10-01 16:55:37,429 INFO epoch 48000  mean_mse 2.9381e-05 | train eq18 8.8143e-04 test eq18 1.1182e-02
2026-10-01 16:55:37,755 INFO epoch 48250  mean_mse 2.9826e-05 | train eq18 8.9477e-04 test eq18 1.1216e-02
2026-10-01 16:55:38,066 INFO epoch 48500  mean_mse 2.9101e-05 | train eq18 8.7303e-04 test eq18 1.1170e-02
2026-10-01 16:55:38,395 INFO epoch 48750  mean_mse 2.8868e-05 | train eq18 8.6604e-04 test eq18 1.1108e-02
2026-10-01 16:55:38,692 INFO epoch 49000  mean_mse 2.8873e-05 | train eq18 8.6619e-04 test eq18 1.1137e-02
2026-10-01 16:55:38,988 INFO epoch 49250  mean_mse 2.8697e-05 | train eq18 8.6090e-04 test eq18 1.1017e-02
2026-10-01 16:55:39,301 INFO epoch 49500  mean_mse 3.0937e-05 | train eq18 9.2811e-04 test eq18 1.1319e-02
2026-10-01 16:55:39,591 INFO epoch 49750  mean_mse 2.8631e-05 | train eq18 8.5894e-04 test eq18 1.0950e-02
2026-10-01 16:55:39,950 INFO wrote ../results/experiments/biodiesel/author_repo_match/figures_tanh_r1/fig04/deeponet_p249_seed0/checkpoint_final.pt
2026-10-01 16:55:39,952 INFO final: train {'mean_mse': 2.8566350010805763e-05, 'mean_mse_u': 2.8566350010805763e-05, 'eq18_obs': 0.000856990460306406, 'eq22_true': 0.000856990460306406, 'eq18_obs_time_averaged': 2.8566348676880202e-05, 'eq22_true_time_averaged': 2.8566348676880202e-05}
2026-10-01 16:55:39,952 INFO final: test {'mean_mse': 0.00036517882836051285, 'mean_mse_u': 0.00036517882836051285, 'eq18_obs': 0.010955365374684334, 'eq22_true': 0.010955365374684334, 'eq18_obs_time_averaged': 0.0003651788458228111, 'eq22_true_time_averaged': 0.0003651788458228111}
2026-10-01 16:55:39,952 INFO final trunk: {'kinks': [-1.258105993270874, -2.6643874645233154, -0.9138041734695435, 4.435883045196533, -1.5529195070266724, -1.6079914569854736], 'dead_on_grid': {'tanh0': 0, 'tanh1': 0}, 'dead_on_dense': {'tanh0': 0, 'tanh1': 0}, 'interior_breakpoints_s': {'layer1': [4.435883045196533], 'layer2': [0.33400002121925354, 0.9080000519752502, 3.0350000858306885, 4.843000411987305, 10.005000114440918]}, 'tanh_saturation': {'grid': {'layer1': {'abs_z_quantiles_10_50_90_max': [0.16493964046239856, 1.7676565647125244, 7.744929122924803, 18.574119567871094], 'frac_abs_z_gt': {'2': 0.4722222222222222, '3': 0.36666666666666664, '5': 0.24444444444444444}, 'frac_abs_act_gt': {'0.95': 0.49444444444444446, '0.99': 0.39444444444444443}, 'derivative_mean': 0.37298741936683655, 'derivative_median': 0.11019733548164368}, 'layer2': {'abs_z_quantiles_10_50_90_max': [0.07578020319342614, 0.6314944326877594, 7.949710845947266, 8.15087604522705], 'frac_abs_z_gt': {'2': 0.15714285714285714, '3': 0.14285714285714285, '5': 0.14285714285714285}, 'frac_abs_act_gt': {'0.95': 0.16666666666666666, '0.99': 0.14285714285714285}, 'derivative_mean': 0.5907772779464722, 'derivative_median': 0.6874291300773621}}, 'dense': {'layer1': {'abs_z_quantiles_10_50_90_max': [0.16342424601316452, 1.7905146479606628, 7.7374043464660645, 18.574119567871094], 'frac_abs_z_gt': {'2': 0.47619047619047616, '3': 0.3637873754152824, '5': 0.24640088593576967}, 'frac_abs_act_gt': {'0.95': 0.4950166112956811, '0.99': 0.40365448504983387}, 'derivative_mean': 0.36669260263442993, 'derivative_median': 0.10543450713157654}, 'layer2': {'abs_z_quantiles_10_50_90_max': [0.09073215574026108, 0.6300825476646423, 7.957924270629883, 8.15087604522705], 'frac_abs_z_gt': {'2': 0.1551969625059326, '3': 0.14285714285714285, '5': 0.14285714285714285}, 'frac_abs_act_gt': {'0.95': 0.16753678215472234, '0.99': 0.14285714285714285}, 'derivative_mean': 0.5905002951622009, 'derivative_median': 0.6885142922401428}}}}
2026-10-01 16:55:39,953 INFO run completed 2026-10-01T14:55:39Z
