2026-10-01 07:02:45,442 stage1 epoch 1  loss 1.6197e+01  mse 1.6197e+01  pinn 5.2389e-01  (0 s)
2026-10-01 07:02:50,844 stage1 epoch 100  loss 2.3336e+00  mse 2.3334e+00  pinn 1.7818e+00  (6 s)
2026-10-01 07:03:00,150 stage1 epoch 200  loss 1.2889e+00  mse 1.2888e+00  pinn 4.4900e-01  (15 s)
2026-10-01 07:03:10,296 stage1 epoch 300  loss 1.0805e+00  mse 1.0804e+00  pinn 4.7370e-01  (25 s)
2026-10-01 07:03:24,695 stage1 epoch 400  loss 9.5148e-01  mse 9.5144e-01  pinn 4.4304e-01  (40 s)
2026-10-01 07:03:44,686 stage1 epoch 500  loss 8.4277e-01  mse 8.4272e-01  pinn 4.4219e-01  (60 s)
2026-10-01 07:03:59,573 stage1 epoch 600  loss 7.5732e-01  mse 7.5726e-01  pinn 5.7075e-01  (74 s)
2026-10-01 07:04:12,869 stage1 epoch 700  loss 6.5191e-01  mse 6.5187e-01  pinn 4.0885e-01  (88 s)
2026-10-01 07:04:26,290 stage1 epoch 800  loss 5.9745e-01  mse 5.9740e-01  pinn 4.9374e-01  (101 s)
2026-10-01 07:04:40,879 stage1 epoch 900  loss 6.0123e-01  mse 6.0118e-01  pinn 4.8279e-01  (116 s)
2026-10-01 07:04:56,700 stage1 epoch 1000  loss 5.5612e-01  mse 5.5609e-01  pinn 3.9131e-01  (132 s)
2026-10-01 07:05:11,799 stage1 epoch 1100  loss 8.5629e-01  mse 8.5617e-01  pinn 1.1839e+00  (147 s)
2026-10-01 07:05:30,796 stage1 epoch 1200  loss 7.7474e-01  mse 7.7464e-01  pinn 1.0022e+00  (166 s)
2026-10-01 07:05:48,496 stage1 epoch 1300  loss 1.0895e+00  mse 1.0894e+00  pinn 6.9439e-01  (183 s)
2026-10-01 07:06:04,970 stage1 epoch 1400  loss 6.7429e-01  mse 6.7423e-01  pinn 5.9493e-01  (200 s)
2026-10-01 07:06:22,198 stage1 epoch 1500  loss 1.0603e+00  mse 1.0602e+00  pinn 1.0290e+00  (217 s)
2026-10-01 07:06:38,776 stage1 epoch 1600  loss 8.7366e-01  mse 8.7356e-01  pinn 9.9028e-01  (234 s)
2026-10-01 07:06:55,241 stage1 epoch 1700  loss 9.0387e-01  mse 9.0372e-01  pinn 1.4414e+00  (250 s)
2026-10-01 07:07:10,401 stage1 epoch 1800  loss 7.7244e-01  mse 7.7237e-01  pinn 6.8080e-01  (265 s)
2026-10-01 07:07:25,295 stage1 epoch 1900  loss 7.5992e-01  mse 7.5986e-01  pinn 5.7137e-01  (280 s)
2026-10-01 07:07:40,134 stage1 epoch 2000  loss 7.5306e-01  mse 7.5300e-01  pinn 5.2353e-01  (295 s)
2026-10-01 07:07:55,790 stage1 epoch 2100  loss 7.4060e-01  mse 7.4055e-01  pinn 5.6800e-01  (311 s)
2026-10-01 07:08:10,913 stage1 epoch 2200  loss 7.6773e-01  mse 7.6767e-01  pinn 5.6265e-01  (326 s)
2026-10-01 07:08:28,316 stage1 epoch 2300  loss 8.6750e-01  mse 8.6745e-01  pinn 5.4289e-01  (343 s)
2026-10-01 07:08:43,250 stage1 epoch 2400  loss 7.3584e-01  mse 7.3578e-01  pinn 5.7718e-01  (358 s)
2026-10-01 07:08:57,962 stage1 epoch 2500  loss 7.5534e-01  mse 7.5529e-01  pinn 5.1967e-01  (373 s)
2026-10-01 07:09:12,179 stage1 epoch 2600  loss 7.7863e-01  mse 7.7857e-01  pinn 6.5645e-01  (387 s)
2026-10-01 07:09:26,893 stage1 epoch 2700  loss 7.4261e-01  mse 7.4255e-01  pinn 5.8910e-01  (402 s)
2026-10-01 07:09:41,486 stage1 epoch 2800  loss 1.4175e+00  mse 1.4173e+00  pinn 1.1384e+00  (416 s)
2026-10-01 07:09:56,886 stage1 epoch 2900  loss 6.9686e-01  mse 6.9681e-01  pinn 5.5944e-01  (432 s)
2026-10-01 07:10:12,863 stage1 epoch 3000  loss 6.7501e-01  mse 6.7496e-01  pinn 5.0531e-01  (448 s)
2026-10-01 07:10:26,171 stage1 epoch 3100  loss 5.8529e+01  mse 5.8527e+01  pinn 1.8790e+01  (461 s)
2026-10-01 07:10:31,068 stage1 epoch 3200  loss 1.1226e+01  mse 1.1226e+01  pinn 5.3257e+00  (466 s)
2026-10-01 07:10:36,755 stage1 epoch 3300  loss 8.8572e+00  mse 8.8570e+00  pinn 1.8445e+00  (472 s)
2026-10-01 07:10:42,694 stage1 epoch 3400  loss 8.0997e+00  mse 8.0995e+00  pinn 2.5155e+00  (478 s)
2026-10-01 07:10:49,345 stage1 epoch 3500  loss 7.6817e+00  mse 7.6815e+00  pinn 2.0941e+00  (484 s)
2026-10-01 07:10:55,699 stage1 epoch 3600  loss 7.3809e+00  mse 7.3807e+00  pinn 1.8975e+00  (491 s)
2026-10-01 07:11:02,062 stage1 epoch 3700  loss 7.1827e+00  mse 7.1825e+00  pinn 2.0451e+00  (497 s)
2026-10-01 07:11:10,041 stage1 epoch 3800  loss 7.0113e+00  mse 7.0111e+00  pinn 1.7111e+00  (505 s)
2026-10-01 07:11:16,994 stage1 epoch 3900  loss 6.7977e+00  mse 6.7975e+00  pinn 2.0310e+00  (512 s)
2026-10-01 07:11:23,216 stage1 epoch 4000  loss 6.7155e+00  mse 6.7153e+00  pinn 1.5614e+00  (518 s)
2026-10-01 07:11:29,069 stage1 epoch 4100  loss 6.6014e+00  mse 6.6012e+00  pinn 2.0909e+00  (524 s)
2026-10-01 07:11:34,728 stage1 epoch 4200  loss 6.4726e+00  mse 6.4724e+00  pinn 1.8027e+00  (530 s)
2026-10-01 07:11:40,500 stage1 epoch 4300  loss 6.3791e+00  mse 6.3790e+00  pinn 1.4603e+00  (535 s)
2026-10-01 07:11:46,516 stage1 epoch 4400  loss 6.1100e+00  mse 6.1099e+00  pinn 5.5456e-01  (541 s)
2026-10-01 07:11:52,268 stage1 epoch 4500  loss 6.0719e+00  mse 6.0719e+00  pinn 2.8225e-01  (547 s)
2026-10-01 07:11:58,050 stage1 epoch 4600  loss 6.0520e+00  mse 6.0520e+00  pinn 2.2682e-01  (553 s)
2026-10-01 07:12:03,748 stage1 epoch 4700  loss 6.0393e+00  mse 6.0393e+00  pinn 2.3032e-01  (559 s)
2026-10-01 07:12:09,536 stage1 epoch 4800  loss 6.0312e+00  mse 6.0312e+00  pinn 2.6035e-01  (564 s)
2026-10-01 07:12:15,194 stage1 epoch 4900  loss 6.0340e+00  mse 6.0340e+00  pinn 2.7090e-01  (570 s)
2026-10-01 07:12:20,883 stage1 epoch 5000  loss 6.0281e+00  mse 6.0281e+00  pinn 2.1587e-01  (576 s)
2026-10-01 07:12:20,894 stage 1 archive stage1_S1_seed0_epoch5000.pt  sha256 a8504b622f2f22c14b04a6784fb9e80b77e832383ff1fce345358ed2d8bf83a1
2026-10-01 07:12:26,560 stage1 epoch 5100  loss 6.0202e+00  mse 6.0201e+00  pinn 2.6736e-01  (581 s)
2026-10-01 07:12:32,250 stage1 epoch 5200  loss 6.0000e+00  mse 6.0000e+00  pinn 2.7136e-01  (587 s)
2026-10-01 07:12:37,868 stage1 epoch 5300  loss 6.0179e+00  mse 6.0178e+00  pinn 2.9922e-01  (593 s)
2026-10-01 07:12:43,663 stage1 epoch 5400  loss 6.0019e+00  mse 6.0019e+00  pinn 2.1995e-01  (599 s)
2026-10-01 07:12:49,300 stage1 epoch 5500  loss 5.9917e+00  mse 5.9917e+00  pinn 1.7278e-01  (604 s)
2026-10-01 07:12:55,057 stage1 epoch 5600  loss 6.0054e+00  mse 6.0054e+00  pinn 2.7223e-01  (610 s)
2026-10-01 07:13:00,842 stage1 epoch 5700  loss 6.0108e+00  mse 6.0108e+00  pinn 2.3051e-01  (616 s)
2026-10-01 07:13:07,378 stage1 epoch 5800  loss 5.9694e+00  mse 5.9693e+00  pinn 1.7741e-01  (622 s)
2026-10-01 07:13:13,069 stage1 epoch 5900  loss 5.9886e+00  mse 5.9886e+00  pinn 2.6379e-01  (628 s)
2026-10-01 07:13:18,977 stage1 epoch 6000  loss 5.9727e+00  mse 5.9726e+00  pinn 3.5517e-01  (634 s)
2026-10-01 07:13:25,967 stage1 epoch 6100  loss 5.9872e+00  mse 5.9872e+00  pinn 2.1732e-01  (641 s)
2026-10-01 07:13:31,562 stage1 epoch 6200  loss 5.9932e+00  mse 5.9931e+00  pinn 1.7607e-01  (646 s)
2026-10-01 07:13:38,203 stage1 epoch 6300  loss 5.9673e+00  mse 5.9673e+00  pinn 1.9453e-01  (653 s)
2026-10-01 07:13:44,281 stage1 epoch 6400  loss 5.9833e+00  mse 5.9833e+00  pinn 2.6159e-01  (659 s)
2026-10-01 07:13:50,007 stage1 epoch 6500  loss 5.9635e+00  mse 5.9635e+00  pinn 2.2285e-01  (665 s)
2026-10-01 07:13:55,856 stage1 epoch 6600  loss 5.9587e+00  mse 5.9586e+00  pinn 2.0214e-01  (671 s)
2026-10-01 07:14:01,643 stage1 epoch 6700  loss 5.9453e+00  mse 5.9453e+00  pinn 1.9019e-01  (677 s)
2026-10-01 07:14:07,854 stage1 epoch 6800  loss 5.9564e+00  mse 5.9564e+00  pinn 2.1646e-01  (683 s)
2026-10-01 07:14:14,057 stage1 epoch 6900  loss 5.9473e+00  mse 5.9473e+00  pinn 2.5694e-01  (689 s)
2026-10-01 07:14:19,839 stage1 epoch 7000  loss 5.9524e+00  mse 5.9524e+00  pinn 2.9344e-01  (695 s)
2026-10-01 07:14:25,792 stage1 epoch 7100  loss 5.9302e+00  mse 5.9301e+00  pinn 3.1418e-01  (701 s)
2026-10-01 07:14:31,601 stage1 epoch 7200  loss 5.9391e+00  mse 5.9391e+00  pinn 3.3528e-01  (706 s)
2026-10-01 07:14:37,687 stage1 epoch 7300  loss 5.9341e+00  mse 5.9340e+00  pinn 2.7205e-01  (713 s)
2026-10-01 07:14:43,427 stage1 epoch 7400  loss 5.9242e+00  mse 5.9241e+00  pinn 2.7520e-01  (718 s)
2026-10-01 07:14:49,583 stage1 epoch 7500  loss 5.9200e+00  mse 5.9200e+00  pinn 2.1517e-01  (724 s)
2026-10-01 07:14:55,888 stage1 epoch 7600  loss 5.9158e+00  mse 5.9158e+00  pinn 3.3853e-01  (731 s)
2026-10-01 07:15:02,056 stage1 epoch 7700  loss 5.8854e+00  mse 5.8853e+00  pinn 2.9458e-01  (737 s)
2026-10-01 07:15:08,017 stage1 epoch 7800  loss 5.9061e+00  mse 5.9061e+00  pinn 3.2915e-01  (743 s)
2026-10-01 07:15:14,415 stage1 epoch 7900  loss 5.8877e+00  mse 5.8877e+00  pinn 3.4874e-01  (749 s)
2026-10-01 07:15:21,349 stage1 epoch 8000  loss 5.8762e+00  mse 5.8762e+00  pinn 2.9098e-01  (756 s)
2026-10-01 07:15:32,629 stage1 epoch 8100  loss 5.8613e+00  mse 5.8613e+00  pinn 3.8974e-01  (768 s)
2026-10-01 07:15:39,084 stage1 epoch 8200  loss 5.8552e+00  mse 5.8551e+00  pinn 3.0068e-01  (774 s)
2026-10-01 07:15:44,886 stage1 epoch 8300  loss 5.8381e+00  mse 5.8381e+00  pinn 4.1265e-01  (780 s)
2026-10-01 07:15:52,362 stage1 epoch 8400  loss 5.8604e+00  mse 5.8604e+00  pinn 4.0774e-01  (787 s)
2026-10-01 07:15:57,985 stage1 epoch 8500  loss 5.8583e+00  mse 5.8583e+00  pinn 3.9607e-01  (793 s)
2026-10-01 07:16:04,009 stage1 epoch 8600  loss 5.8638e+00  mse 5.8638e+00  pinn 3.9263e-01  (799 s)
2026-10-01 07:16:09,850 stage1 epoch 8700  loss 5.8328e+00  mse 5.8328e+00  pinn 4.4330e-01  (805 s)
2026-10-01 07:16:15,592 stage1 epoch 8800  loss 5.8332e+00  mse 5.8331e+00  pinn 4.6863e-01  (810 s)
2026-10-01 07:16:21,430 stage1 epoch 8900  loss 5.8126e+00  mse 5.8126e+00  pinn 5.4054e-01  (816 s)
2026-10-01 07:16:27,895 stage1 epoch 9000  loss 5.7927e+00  mse 5.7926e+00  pinn 6.0314e-01  (823 s)
2026-10-01 07:16:33,886 stage1 epoch 9100  loss 5.7876e+00  mse 5.7875e+00  pinn 6.2291e-01  (829 s)
2026-10-01 07:16:39,907 stage1 epoch 9200  loss 5.7652e+00  mse 5.7651e+00  pinn 7.6999e-01  (835 s)
2026-10-01 07:16:45,737 stage1 epoch 9300  loss 5.7507e+00  mse 5.7507e+00  pinn 9.1586e-01  (841 s)
2026-10-01 07:16:51,914 stage1 epoch 9400  loss 5.7096e+00  mse 5.7095e+00  pinn 1.1812e+00  (847 s)
2026-10-01 07:16:57,819 stage1 epoch 9500  loss 4.4216e+00  mse 4.4214e+00  pinn 2.4664e+00  (853 s)
2026-10-01 07:17:04,285 stage1 epoch 9600  loss 3.2710e+00  mse 3.2709e+00  pinn 1.6843e+00  (859 s)
2026-10-01 07:17:11,556 stage1 epoch 9700  loss 2.9830e+00  mse 2.9829e+00  pinn 1.5079e+00  (866 s)
2026-10-01 07:17:18,960 stage1 epoch 9800  loss 2.8053e+00  mse 2.8052e+00  pinn 1.4292e+00  (874 s)
2026-10-01 07:17:26,687 stage1 epoch 9900  loss 2.6861e+00  mse 2.6860e+00  pinn 1.4456e+00  (882 s)
2026-10-01 07:17:34,621 stage1 epoch 10000  loss 2.5690e+00  mse 2.5689e+00  pinn 1.3644e+00  (890 s)
2026-10-01 07:17:34,631 stage 1 archive stage1_S1_seed0_epoch10000.pt  sha256 f4ae1ef00160418889262693df7bfab03ee68d2b9306e64783a1d638b0238174
2026-10-01 07:17:42,563 stage1 epoch 10100  loss 2.4879e+00  mse 2.4878e+00  pinn 1.3114e+00  (897 s)
2026-10-01 07:17:51,706 stage1 epoch 10200  loss 2.4252e+00  mse 2.4250e+00  pinn 1.4994e+00  (907 s)
2026-10-01 07:17:59,696 stage1 epoch 10300  loss 2.3720e+00  mse 2.3719e+00  pinn 1.5689e+00  (915 s)
2026-10-01 07:18:07,913 stage1 epoch 10400  loss 2.3309e+00  mse 2.3307e+00  pinn 1.2520e+00  (923 s)
2026-10-01 07:18:16,659 stage1 epoch 10500  loss 2.2509e+00  mse 2.2508e+00  pinn 1.3800e+00  (932 s)
2026-10-01 07:18:24,973 stage1 epoch 10600  loss 2.2022e+00  mse 2.2021e+00  pinn 1.3511e+00  (940 s)
2026-10-01 07:18:33,169 stage1 epoch 10700  loss 2.1710e+00  mse 2.1709e+00  pinn 1.4151e+00  (948 s)
2026-10-01 07:18:41,865 stage1 epoch 10800  loss 2.1340e+00  mse 2.1339e+00  pinn 1.1199e+00  (957 s)
2026-10-01 07:18:50,954 stage1 epoch 10900  loss 2.0980e+00  mse 2.0979e+00  pinn 1.1668e+00  (966 s)
2026-10-01 07:18:59,561 stage1 epoch 11000  loss 2.2104e+00  mse 2.2102e+00  pinn 1.7800e+00  (974 s)
2026-10-01 07:19:08,602 stage1 epoch 11100  loss 2.0600e+00  mse 2.0599e+00  pinn 1.3461e+00  (983 s)
2026-10-01 07:19:17,572 stage1 epoch 11200  loss 2.0191e+00  mse 2.0190e+00  pinn 1.1358e+00  (992 s)
2026-10-01 07:19:26,506 stage1 epoch 11300  loss 2.1603e+00  mse 2.1602e+00  pinn 1.4320e+00  (1001 s)
2026-10-01 07:19:36,076 stage1 epoch 11400  loss 2.4284e+00  mse 2.4283e+00  pinn 1.2773e+00  (1011 s)
2026-10-01 07:19:45,274 stage1 epoch 11500  loss 2.2944e+00  mse 2.2942e+00  pinn 2.4342e+00  (1020 s)
2026-10-01 07:19:54,458 stage1 epoch 11600  loss 2.1407e+00  mse 2.1405e+00  pinn 1.9524e+00  (1029 s)
2026-10-01 07:20:04,062 stage1 epoch 11700  loss 2.0087e+00  mse 2.0086e+00  pinn 1.3566e+00  (1039 s)
2026-10-01 07:20:13,021 stage1 epoch 11800  loss 1.9605e+00  mse 1.9604e+00  pinn 1.0817e+00  (1048 s)
