2026-09-30 00:01:08,211 run start | results/experiments/biodiesel/author_repo_match/figures/fig05/chemkan_noise03_seed0 | seed 0 | params 156
2026-09-30 00:01:08,735 epoch     1  train 2.7088e-01  val 2.4649e-01  (0 s)
2026-09-30 00:01:28,833 epoch   100  train 2.1231e-02  val 2.2806e-02  (21 s)
2026-09-30 00:01:52,564 epoch   200  train 6.5135e-03  val 6.6516e-03  (44 s)
2026-09-30 00:02:19,393 epoch   300  train 3.1365e-03  val 2.9939e-03  (71 s)
2026-09-30 00:02:48,199 epoch   400  train 2.2823e-03  val 2.2319e-03  (100 s)
2026-09-30 00:03:17,109 epoch   500  train 1.7419e-03  val 1.8741e-03  (129 s)
2026-09-30 00:03:45,873 epoch   600  train 1.4241e-03  val 1.7134e-03  (158 s)
2026-09-30 00:04:14,694 epoch   700  train 1.2084e-03  val 1.6419e-03  (186 s)
2026-09-30 00:04:43,393 epoch   800  train 1.0621e-03  val 1.6168e-03  (215 s)
2026-09-30 00:05:12,618 epoch   900  train 9.6494e-04  val 1.5188e-03  (244 s)
2026-09-30 00:05:41,780 epoch  1000  train 8.9942e-04  val 1.4174e-03  (274 s)
2026-09-30 00:06:11,011 epoch  1100  train 8.5226e-04  val 1.3041e-03  (303 s)
2026-09-30 00:06:41,175 epoch  1200  train 8.1559e-04  val 1.1968e-03  (333 s)
2026-09-30 00:07:11,346 epoch  1300  train 7.8728e-04  val 1.1364e-03  (363 s)
2026-09-30 00:07:42,741 epoch  1400  train 7.6041e-04  val 1.0204e-03  (395 s)
2026-09-30 00:08:12,330 epoch  1500  train 7.3827e-04  val 9.4390e-04  (424 s)
2026-09-30 00:08:43,656 epoch  1600  train 7.2232e-04  val 8.3962e-04  (455 s)
2026-09-30 00:09:15,913 epoch  1700  train 6.9987e-04  val 8.3256e-04  (488 s)
2026-09-30 00:09:48,183 epoch  1800  train 6.8318e-04  val 7.8624e-04  (520 s)
2026-09-30 00:10:20,547 epoch  1900  train 6.8072e-04  val 8.2862e-04  (552 s)
2026-09-30 00:10:52,839 epoch  2000  train 6.5247e-04  val 7.0785e-04  (585 s)
2026-09-30 00:11:24,977 epoch  2100  train 6.3945e-04  val 6.8693e-04  (617 s)
2026-09-30 00:11:57,646 epoch  2200  train 6.2933e-04  val 6.2859e-04  (649 s)
2026-09-30 00:12:30,528 epoch  2300  train 6.1495e-04  val 6.3307e-04  (682 s)
2026-09-30 00:13:02,284 epoch  2400  train 7.0670e-04  val 5.6361e-04  (714 s)
2026-09-30 00:13:34,072 epoch  2500  train 5.9181e-04  val 5.9433e-04  (746 s)
2026-09-30 00:14:06,454 epoch  2600  train 5.8275e-04  val 5.8398e-04  (778 s)
2026-09-30 00:14:38,824 epoch  2700  train 5.7473e-04  val 5.7282e-04  (811 s)
2026-09-30 00:15:11,233 epoch  2800  train 5.6795e-04  val 5.4839e-04  (843 s)
2026-09-30 00:15:43,657 epoch  2900  train 5.6300e-04  val 5.3066e-04  (875 s)
2026-09-30 00:16:16,090 epoch  3000  train 5.5921e-04  val 5.1731e-04  (908 s)
2026-09-30 00:16:48,443 epoch  3100  train 5.5742e-04  val 5.0112e-04  (940 s)
2026-09-30 00:17:20,940 epoch  3200  train 5.5879e-04  val 5.7293e-04  (973 s)
2026-09-30 00:17:53,314 epoch  3300  train 5.4292e-04  val 5.1539e-04  (1005 s)
2026-09-30 00:18:25,771 epoch  3400  train 5.3687e-04  val 5.0130e-04  (1038 s)
2026-09-30 00:18:58,324 epoch  3500  train 5.3322e-04  val 4.9348e-04  (1070 s)
2026-09-30 00:19:30,811 epoch  3600  train 5.3014e-04  val 4.8515e-04  (1103 s)
2026-09-30 00:20:03,232 epoch  3700  train 7.1777e-04  val 5.0381e-04  (1135 s)
2026-09-30 00:20:35,525 epoch  3800  train 5.2274e-04  val 4.6712e-04  (1167 s)
2026-09-30 00:21:07,936 epoch  3900  train 5.1982e-04  val 4.6100e-04  (1200 s)
2026-09-30 00:21:40,321 epoch  4000  train 5.1918e-04  val 4.3343e-04  (1232 s)
2026-09-30 00:22:12,774 epoch  4100  train 5.2534e-04  val 4.1099e-04  (1265 s)
2026-09-30 00:22:45,274 epoch  4200  train 6.2410e-04  val 6.6547e-04  (1297 s)
2026-09-30 00:23:17,796 epoch  4300  train 5.0842e-04  val 4.2917e-04  (1330 s)
2026-09-30 00:23:50,196 epoch  4400  train 5.0602e-04  val 4.1916e-04  (1362 s)
2026-09-30 00:24:22,757 epoch  4500  train 5.0441e-04  val 4.0363e-04  (1395 s)
2026-09-30 00:24:55,345 epoch  4600  train 5.0505e-04  val 3.8791e-04  (1427 s)
2026-09-30 00:25:27,931 epoch  4700  train 4.9890e-04  val 4.0220e-04  (1460 s)
2026-09-30 00:26:00,435 epoch  4800  train 4.9684e-04  val 3.9417e-04  (1492 s)
2026-09-30 00:26:32,939 epoch  4900  train 4.9547e-04  val 3.7639e-04  (1525 s)
2026-09-30 00:27:05,497 epoch  5000  train 4.9599e-04  val 3.6240e-04  (1557 s)
2026-09-30 00:27:37,969 epoch  5100  train 5.0001e-04  val 4.0627e-04  (1590 s)
2026-09-30 00:28:10,531 epoch  5200  train 5.6073e-04  val 3.6486e-04  (1622 s)
2026-09-30 00:28:42,984 epoch  5300  train 4.8795e-04  val 3.5623e-04  (1655 s)
2026-09-30 00:29:15,443 epoch  5400  train 4.8581e-04  val 3.6004e-04  (1687 s)
2026-09-30 00:29:48,109 epoch  5500  train 4.8421e-04  val 3.5096e-04  (1720 s)
2026-09-30 00:30:20,717 epoch  5600  train 4.8293e-04  val 3.4797e-04  (1753 s)
2026-09-30 00:30:53,152 epoch  5700  train 4.8642e-04  val 3.3498e-04  (1785 s)
2026-09-30 00:31:25,717 epoch  5800  train 4.8186e-04  val 3.2859e-04  (1818 s)
2026-09-30 00:31:58,121 epoch  5900  train 4.7897e-04  val 3.3268e-04  (1850 s)
2026-09-30 00:32:30,551 epoch  6000  train 4.8056e-04  val 3.2013e-04  (1882 s)
2026-09-30 00:33:03,047 epoch  6100  train 4.7653e-04  val 3.2440e-04  (1915 s)
2026-09-30 00:33:35,476 epoch  6200  train 4.7568e-04  val 3.1925e-04  (1947 s)
2026-09-30 00:34:07,892 epoch  6300  train 4.7688e-04  val 3.2970e-04  (1980 s)
2026-09-30 00:34:40,423 epoch  6400  train 4.7350e-04  val 3.1609e-04  (2012 s)
2026-09-30 00:35:13,005 epoch  6500  train 4.7256e-04  val 3.1002e-04  (2045 s)
2026-09-30 00:35:45,429 epoch  6600  train 4.7207e-04  val 3.0837e-04  (2077 s)
2026-09-30 00:36:17,788 epoch  6700  train 4.7110e-04  val 2.9911e-04  (2110 s)
2026-09-30 00:36:50,434 epoch  6800  train 4.7000e-04  val 2.9691e-04  (2142 s)
2026-09-30 00:37:23,037 epoch  6900  train 4.6903e-04  val 2.9661e-04  (2175 s)
2026-09-30 00:37:55,437 epoch  7000  train 4.6833e-04  val 2.9698e-04  (2207 s)
2026-09-30 00:38:28,323 epoch  7100  train 4.6778e-04  val 2.8794e-04  (2240 s)
2026-09-30 00:39:01,092 epoch  7200  train 4.6678e-04  val 2.8822e-04  (2273 s)
2026-09-30 00:39:33,794 epoch  7300  train 4.6704e-04  val 2.8286e-04  (2306 s)
2026-09-30 00:40:06,597 epoch  7400  train 4.6522e-04  val 2.8608e-04  (2338 s)
2026-09-30 00:40:39,332 epoch  7500  train 4.6572e-04  val 2.7634e-04  (2371 s)
2026-09-30 00:41:12,265 epoch  7600  train 4.6392e-04  val 2.8500e-04  (2404 s)
2026-09-30 00:41:44,744 epoch  7700  train 4.6325e-04  val 2.7950e-04  (2437 s)
2026-09-30 00:42:17,423 epoch  7800  train 4.6318e-04  val 2.7346e-04  (2469 s)
2026-09-30 00:42:49,812 epoch  7900  train 4.6247e-04  val 2.7108e-04  (2502 s)
2026-09-30 00:43:22,485 epoch  8000  train 4.6139e-04  val 2.7615e-04  (2534 s)
2026-09-30 00:43:55,369 epoch  8100  train 4.6092e-04  val 2.6921e-04  (2567 s)
2026-09-30 00:44:28,025 epoch  8200  train 4.6123e-04  val 2.7663e-04  (2600 s)
2026-09-30 00:45:00,620 epoch  8300  train 4.7066e-04  val 3.0418e-04  (2632 s)
2026-09-30 00:45:33,360 epoch  8400  train 5.1503e-04  val 3.6998e-04  (2665 s)
2026-09-30 00:46:05,903 epoch  8500  train 4.7123e-04  val 2.5733e-04  (2698 s)
2026-09-30 00:46:38,276 epoch  8600  train 4.5814e-04  val 2.6575e-04  (2730 s)
2026-09-30 00:47:10,872 epoch  8700  train 4.5767e-04  val 2.6568e-04  (2763 s)
2026-09-30 00:47:43,199 epoch  8800  train 4.6406e-04  val 2.8934e-04  (2795 s)
2026-09-30 00:48:15,484 epoch  8900  train 4.5667e-04  val 2.5607e-04  (2827 s)
2026-09-30 00:48:47,806 epoch  9000  train 4.5625e-04  val 2.5679e-04  (2860 s)
2026-09-30 00:49:20,243 epoch  9100  train 4.5572e-04  val 2.5857e-04  (2892 s)
2026-09-30 00:49:52,611 epoch  9200  train 4.5591e-04  val 2.6096e-04  (2924 s)
2026-09-30 00:50:24,973 epoch  9300  train 4.6160e-04  val 2.8188e-04  (2957 s)
2026-09-30 00:50:57,500 epoch  9400  train 4.6222e-04  val 2.6995e-04  (2989 s)
2026-09-30 00:51:29,784 epoch  9500  train 4.5419e-04  val 2.5589e-04  (3022 s)
2026-09-30 00:52:01,848 epoch  9600  train 4.5371e-04  val 2.5424e-04  (3054 s)
2026-09-30 00:52:34,312 epoch  9700  train 4.5429e-04  val 2.5133e-04  (3086 s)
2026-09-30 00:53:06,600 epoch  9800  train 4.5499e-04  val 2.4182e-04  (3118 s)
2026-09-30 00:53:38,340 epoch  9900  train 4.5217e-04  val 2.4536e-04  (3150 s)
2026-09-30 00:54:10,595 epoch 10000  train 4.5179e-04  val 2.4325e-04  (3182 s)
2026-09-30 00:54:17,366 completed | 10000 epochs | 3182.4 s | train 4.5179e-04 val 2.4325e-04
