2026-10-01 16:57:06,971 INFO run start 2026-10-01T14:57:06Z | run_id=biodiesel-deeponet-repro/deeponet_p384_seed0 | system=biodiesel-deeponet-repro | dir=../results/experiments/biodiesel/author_repo_match/figures_tanh_r1/fig04/deeponet_p384_seed0
2026-10-01 16:57:07,101 INFO wrote ../results/experiments/biodiesel/author_repo_match/figures_tanh_r1/fig04/deeponet_p384_seed0/config.json
2026-10-01 16:57:07,107 INFO configuration: branch inputs normalized (author-global normalized Mode A), targets author_global_normalized_states, trunk input raw physical t 0..30 s (30 points), activation tanh, placement A, init Aprime_tf_truncated_glorot_zero_bias, Adam lr 0.001
2026-10-01 16:57:07,107 INFO initial: train {'mean_mse': 0.32977548241615295, 'mean_mse_u': 0.32977548241615295, 'eq18_obs': 9.893264770507812, 'eq22_true': 9.893264770507812, 'eq18_obs_time_averaged': 0.32977549235026044, 'eq22_true_time_averaged': 0.32977549235026044} | test {'mean_mse': 0.298168808221817, 'mean_mse_u': 0.298168808221817, 'eq18_obs': 8.945063591003418, 'eq22_true': 8.945063591003418, 'eq18_obs_time_averaged': 0.2981687863667806, 'eq22_true_time_averaged': 0.2981687863667806}
2026-10-01 16:57:07,109 INFO initial prediction stats: {'min': -0.9361422061920166, 'max': 0.24484869837760925, 'mean': -0.18470308184623718, 'abs_max': 0.9361422061920166, 'per_species_min': [-0.5449867844581604, -0.9361422061920166, -0.09391751140356064, 0.0, -0.026244444772601128, -0.7660255432128906], 'per_species_max': [0.1511426419019699, 0.01674935780465603, 0.12527534365653992, 0.07711532711982727, 0.24484869837760925, 0.0], 'fraction_negative': 0.5158333333333334}
2026-10-01 16:57:08,003 INFO epoch     0  mean_mse 3.2978e-01 | train eq18 9.8933e+00 test eq18 8.9451e+00
2026-10-01 16:57:08,305 INFO epoch   250  mean_mse 1.9378e-02 | train eq18 5.8135e-01 test eq18 8.0739e-01
2026-10-01 16:57:08,687 INFO epoch   500  mean_mse 5.6360e-03 | train eq18 1.6908e-01 test eq18 2.0386e-01
2026-10-01 16:57:09,046 INFO epoch   750  mean_mse 2.8163e-03 | train eq18 8.4488e-02 test eq18 1.0087e-01
2026-10-01 16:57:09,367 INFO epoch  1000  mean_mse 2.1832e-03 | train eq18 6.5497e-02 test eq18 8.2946e-02
2026-10-01 16:57:09,700 INFO epoch  1250  mean_mse 1.8126e-03 | train eq18 5.4377e-02 test eq18 7.3814e-02
2026-10-01 16:57:09,999 INFO epoch  1500  mean_mse 1.5554e-03 | train eq18 4.6663e-02 test eq18 6.7499e-02
2026-10-01 16:57:10,314 INFO epoch  1750  mean_mse 1.3750e-03 | train eq18 4.1249e-02 test eq18 6.2699e-02
2026-10-01 16:57:10,607 INFO epoch  2000  mean_mse 1.2387e-03 | train eq18 3.7160e-02 test eq18 5.8984e-02
2026-10-01 16:57:10,916 INFO epoch  2250  mean_mse 1.1241e-03 | train eq18 3.3722e-02 test eq18 5.6105e-02
2026-10-01 16:57:11,262 INFO epoch  2500  mean_mse 1.0168e-03 | train eq18 3.0505e-02 test eq18 5.3781e-02
2026-10-01 16:57:11,579 INFO epoch  2750  mean_mse 9.1065e-04 | train eq18 2.7320e-02 test eq18 5.1929e-02
2026-10-01 16:57:11,872 INFO epoch  3000  mean_mse 8.0167e-04 | train eq18 2.4050e-02 test eq18 5.0256e-02
2026-10-01 16:57:12,200 INFO epoch  3250  mean_mse 6.9632e-04 | train eq18 2.0890e-02 test eq18 4.8922e-02
2026-10-01 16:57:12,566 INFO epoch  3500  mean_mse 6.0734e-04 | train eq18 1.8220e-02 test eq18 4.8426e-02
2026-10-01 16:57:12,907 INFO epoch  3750  mean_mse 5.3833e-04 | train eq18 1.6150e-02 test eq18 4.8418e-02
2026-10-01 16:57:13,221 INFO epoch  4000  mean_mse 4.8584e-04 | train eq18 1.4575e-02 test eq18 4.8095e-02
2026-10-01 16:57:13,545 INFO epoch  4250  mean_mse 4.4485e-04 | train eq18 1.3345e-02 test eq18 4.6964e-02
2026-10-01 16:57:13,859 INFO epoch  4500  mean_mse 4.1157e-04 | train eq18 1.2347e-02 test eq18 4.5411e-02
2026-10-01 16:57:14,177 INFO epoch  4750  mean_mse 3.8544e-04 | train eq18 1.1563e-02 test eq18 4.4794e-02
2026-10-01 16:57:14,503 INFO epoch  5000  mean_mse 3.5781e-04 | train eq18 1.0734e-02 test eq18 4.2348e-02
2026-10-01 16:57:14,801 INFO epoch  5250  mean_mse 3.3331e-04 | train eq18 9.9994e-03 test eq18 4.0594e-02
2026-10-01 16:57:15,101 INFO epoch  5500  mean_mse 3.0897e-04 | train eq18 9.2691e-03 test eq18 3.8495e-02
2026-10-01 16:57:15,448 INFO epoch  5750  mean_mse 2.8457e-04 | train eq18 8.5371e-03 test eq18 3.6881e-02
2026-10-01 16:57:15,803 INFO epoch  6000  mean_mse 2.5960e-04 | train eq18 7.7879e-03 test eq18 3.5280e-02
2026-10-01 16:57:16,105 INFO epoch  6250  mean_mse 2.3455e-04 | train eq18 7.0366e-03 test eq18 3.3691e-02
2026-10-01 16:57:16,509 INFO epoch  6500  mean_mse 2.1082e-04 | train eq18 6.3246e-03 test eq18 3.2146e-02
2026-10-01 16:57:16,844 INFO epoch  6750  mean_mse 1.9003e-04 | train eq18 5.7008e-03 test eq18 3.0704e-02
2026-10-01 16:57:17,164 INFO epoch  7000  mean_mse 1.7202e-04 | train eq18 5.1605e-03 test eq18 2.9341e-02
2026-10-01 16:57:17,606 INFO epoch  7250  mean_mse 1.5606e-04 | train eq18 4.6817e-03 test eq18 2.8052e-02
2026-10-01 16:57:17,979 INFO epoch  7500  mean_mse 1.4158e-04 | train eq18 4.2475e-03 test eq18 2.6815e-02
2026-10-01 16:57:18,293 INFO epoch  7750  mean_mse 1.2860e-04 | train eq18 3.8581e-03 test eq18 2.5656e-02
2026-10-01 16:57:18,599 INFO epoch  8000  mean_mse 1.1713e-04 | train eq18 3.5139e-03 test eq18 2.4576e-02
2026-10-01 16:57:18,919 INFO epoch  8250  mean_mse 1.0712e-04 | train eq18 3.2135e-03 test eq18 2.3575e-02
2026-10-01 16:57:19,213 INFO epoch  8500  mean_mse 9.8548e-05 | train eq18 2.9565e-03 test eq18 2.2642e-02
2026-10-01 16:57:19,533 INFO epoch  8750  mean_mse 9.1278e-05 | train eq18 2.7383e-03 test eq18 2.1711e-02
2026-10-01 16:57:19,841 INFO epoch  9000  mean_mse 8.5061e-05 | train eq18 2.5518e-03 test eq18 2.0888e-02
2026-10-01 16:57:20,136 INFO epoch  9250  mean_mse 7.9663e-05 | train eq18 2.3899e-03 test eq18 2.0086e-02
2026-10-01 16:57:20,429 INFO epoch  9500  mean_mse 7.4864e-05 | train eq18 2.2459e-03 test eq18 1.9308e-02
2026-10-01 16:57:20,749 INFO epoch  9750  mean_mse 7.0555e-05 | train eq18 2.1166e-03 test eq18 1.8555e-02
2026-10-01 16:57:21,039 INFO epoch 10000  mean_mse 6.6746e-05 | train eq18 2.0024e-03 test eq18 1.8059e-02
2026-10-01 16:57:21,353 INFO epoch 10250  mean_mse 6.6319e-05 | train eq18 1.9896e-03 test eq18 1.8248e-02
2026-10-01 16:57:21,667 INFO epoch 10500  mean_mse 7.5058e-05 | train eq18 2.2517e-03 test eq18 1.4967e-02
2026-10-01 16:57:21,965 INFO epoch 10750  mean_mse 8.5810e-05 | train eq18 2.5743e-03 test eq18 1.9668e-02
2026-10-01 16:57:22,263 INFO epoch 11000  mean_mse 5.9393e-05 | train eq18 1.7818e-03 test eq18 1.6798e-02
2026-10-01 16:57:22,565 INFO epoch 11250  mean_mse 5.2312e-05 | train eq18 1.5694e-03 test eq18 1.5075e-02
2026-10-01 16:57:22,878 INFO epoch 11500  mean_mse 6.4045e-05 | train eq18 1.9214e-03 test eq18 1.2732e-02
2026-10-01 16:57:23,214 INFO epoch 11750  mean_mse 4.7363e-05 | train eq18 1.4209e-03 test eq18 1.3868e-02
2026-10-01 16:57:23,517 INFO epoch 12000  mean_mse 4.9901e-05 | train eq18 1.4970e-03 test eq18 1.4649e-02
2026-10-01 16:57:23,815 INFO epoch 12250  mean_mse 4.5156e-05 | train eq18 1.3547e-03 test eq18 1.3598e-02
2026-10-01 16:57:24,113 INFO epoch 12500  mean_mse 4.2741e-05 | train eq18 1.2822e-03 test eq18 1.2930e-02
2026-10-01 16:57:24,414 INFO epoch 12750  mean_mse 4.0968e-05 | train eq18 1.2290e-03 test eq18 1.2271e-02
2026-10-01 16:57:24,705 INFO epoch 13000  mean_mse 3.9685e-05 | train eq18 1.1906e-03 test eq18 1.1980e-02
2026-10-01 16:57:25,029 INFO epoch 13250  mean_mse 3.8492e-05 | train eq18 1.1548e-03 test eq18 1.1703e-02
2026-10-01 16:57:25,355 INFO epoch 13500  mean_mse 3.7396e-05 | train eq18 1.1219e-03 test eq18 1.1437e-02
2026-10-01 16:57:25,702 INFO epoch 13750  mean_mse 3.6377e-05 | train eq18 1.0913e-03 test eq18 1.1192e-02
2026-10-01 16:57:26,023 INFO epoch 14000  mean_mse 3.5460e-05 | train eq18 1.0638e-03 test eq18 1.1002e-02
2026-10-01 16:57:26,347 INFO epoch 14250  mean_mse 3.4620e-05 | train eq18 1.0386e-03 test eq18 1.0765e-02
2026-10-01 16:57:26,643 INFO epoch 14500  mean_mse 3.3840e-05 | train eq18 1.0152e-03 test eq18 1.0623e-02
2026-10-01 16:57:26,960 INFO epoch 14750  mean_mse 3.3114e-05 | train eq18 9.9342e-04 test eq18 1.0464e-02
2026-10-01 16:57:27,257 INFO epoch 15000  mean_mse 3.2444e-05 | train eq18 9.7333e-04 test eq18 1.0332e-02
2026-10-01 16:57:27,560 INFO epoch 15250  mean_mse 3.3147e-05 | train eq18 9.9442e-04 test eq18 9.6877e-03
2026-10-01 16:57:27,876 INFO epoch 15500  mean_mse 3.3766e-05 | train eq18 1.0130e-03 test eq18 9.5323e-03
2026-10-01 16:57:28,213 INFO epoch 15750  mean_mse 3.2843e-05 | train eq18 9.8528e-04 test eq18 9.4013e-03
2026-10-01 16:57:28,512 INFO epoch 16000  mean_mse 3.0235e-05 | train eq18 9.0705e-04 test eq18 9.9085e-03
2026-10-01 16:57:28,877 INFO epoch 16250  mean_mse 2.9820e-05 | train eq18 8.9459e-04 test eq18 9.7697e-03
2026-10-01 16:57:29,177 INFO epoch 16500  mean_mse 3.0257e-05 | train eq18 9.0772e-04 test eq18 9.3797e-03
2026-10-01 16:57:29,476 INFO epoch 16750  mean_mse 3.0824e-05 | train eq18 9.2472e-04 test eq18 9.1985e-03
2026-10-01 16:57:29,810 INFO epoch 17000  mean_mse 2.8469e-05 | train eq18 8.5407e-04 test eq18 9.6965e-03
2026-10-01 16:57:30,135 INFO epoch 17250  mean_mse 3.8689e-05 | train eq18 1.1607e-03 test eq18 1.1605e-02
2026-10-01 16:57:30,430 INFO epoch 17500  mean_mse 2.7741e-05 | train eq18 8.3222e-04 test eq18 9.6938e-03
2026-10-01 16:57:30,750 INFO epoch 17750  mean_mse 2.7362e-05 | train eq18 8.2085e-04 test eq18 9.5628e-03
2026-10-01 16:57:31,045 INFO epoch 18000  mean_mse 2.7474e-05 | train eq18 8.2423e-04 test eq18 9.8958e-03
2026-10-01 16:57:31,358 INFO epoch 18250  mean_mse 2.6991e-05 | train eq18 8.0973e-04 test eq18 9.2563e-03
2026-10-01 16:57:31,665 INFO epoch 18500  mean_mse 2.6370e-05 | train eq18 7.9110e-04 test eq18 9.5047e-03
2026-10-01 16:57:31,969 INFO epoch 18750  mean_mse 2.6080e-05 | train eq18 7.8240e-04 test eq18 9.5234e-03
2026-10-01 16:57:32,272 INFO epoch 19000  mean_mse 2.6046e-05 | train eq18 7.8137e-04 test eq18 9.1574e-03
2026-10-01 16:57:32,724 INFO epoch 19250  mean_mse 2.5504e-05 | train eq18 7.6513e-04 test eq18 9.2823e-03
2026-10-01 16:57:33,027 INFO epoch 19500  mean_mse 2.5165e-05 | train eq18 7.5495e-04 test eq18 9.3661e-03
2026-10-01 16:57:33,337 INFO epoch 19750  mean_mse 2.5704e-05 | train eq18 7.7111e-04 test eq18 9.8124e-03
2026-10-01 16:57:33,648 INFO epoch 20000  mean_mse 2.4606e-05 | train eq18 7.3819e-04 test eq18 9.3075e-03
2026-10-01 16:57:33,957 INFO epoch 20250  mean_mse 2.6725e-05 | train eq18 8.0175e-04 test eq18 8.6370e-03
2026-10-01 16:57:34,256 INFO epoch 20500  mean_mse 2.4122e-05 | train eq18 7.2367e-04 test eq18 9.3577e-03
2026-10-01 16:57:34,563 INFO epoch 20750  mean_mse 2.3826e-05 | train eq18 7.1477e-04 test eq18 9.2899e-03
2026-10-01 16:57:34,853 INFO epoch 21000  mean_mse 2.3584e-05 | train eq18 7.0751e-04 test eq18 9.2140e-03
2026-10-01 16:57:35,164 INFO epoch 21250  mean_mse 2.3353e-05 | train eq18 7.0058e-04 test eq18 9.1963e-03
2026-10-01 16:57:35,485 INFO epoch 21500  mean_mse 2.3073e-05 | train eq18 6.9220e-04 test eq18 9.2145e-03
2026-10-01 16:57:35,794 INFO epoch 21750  mean_mse 2.2832e-05 | train eq18 6.8497e-04 test eq18 9.2038e-03
2026-10-01 16:57:36,117 INFO epoch 22000  mean_mse 2.2591e-05 | train eq18 6.7772e-04 test eq18 9.1883e-03
2026-10-01 16:57:36,417 INFO epoch 22250  mean_mse 2.2356e-05 | train eq18 6.7068e-04 test eq18 9.1705e-03
2026-10-01 16:57:36,715 INFO epoch 22500  mean_mse 2.2127e-05 | train eq18 6.6380e-04 test eq18 9.1633e-03
2026-10-01 16:57:37,029 INFO epoch 22750  mean_mse 2.1903e-05 | train eq18 6.5709e-04 test eq18 9.1415e-03
2026-10-01 16:57:37,330 INFO epoch 23000  mean_mse 3.2853e-05 | train eq18 9.8559e-04 test eq18 7.9197e-03
2026-10-01 16:57:37,630 INFO epoch 23250  mean_mse 2.1466e-05 | train eq18 6.4399e-04 test eq18 9.2185e-03
2026-10-01 16:57:37,958 INFO epoch 23500  mean_mse 2.1221e-05 | train eq18 6.3664e-04 test eq18 9.1294e-03
2026-10-01 16:57:38,252 INFO epoch 23750  mean_mse 2.8397e-05 | train eq18 8.5191e-04 test eq18 1.0711e-02
2026-10-01 16:57:38,566 INFO epoch 24000  mean_mse 2.1931e-05 | train eq18 6.5793e-04 test eq18 9.2700e-03
2026-10-01 16:57:38,863 INFO epoch 24250  mean_mse 2.0562e-05 | train eq18 6.1687e-04 test eq18 9.0626e-03
2026-10-01 16:57:39,194 INFO epoch 24500  mean_mse 2.0345e-05 | train eq18 6.1035e-04 test eq18 9.1279e-03
2026-10-01 16:57:39,492 INFO epoch 24750  mean_mse 4.0817e-05 | train eq18 1.2245e-03 test eq18 1.2036e-02
2026-10-01 16:57:39,813 INFO epoch 25000  mean_mse 1.9914e-05 | train eq18 5.9742e-04 test eq18 9.0916e-03
2026-10-01 16:57:40,107 INFO epoch 25250  mean_mse 1.9700e-05 | train eq18 5.9101e-04 test eq18 9.0956e-03
2026-10-01 16:57:40,424 INFO epoch 25500  mean_mse 2.0280e-05 | train eq18 6.0841e-04 test eq18 8.8051e-03
2026-10-01 16:57:40,771 INFO epoch 25750  mean_mse 1.9393e-05 | train eq18 5.8179e-04 test eq18 9.2421e-03
2026-10-01 16:57:41,093 INFO epoch 26000  mean_mse 1.9101e-05 | train eq18 5.7304e-04 test eq18 9.0636e-03
2026-10-01 16:57:41,521 INFO epoch 26250  mean_mse 1.8893e-05 | train eq18 5.6680e-04 test eq18 9.0781e-03
2026-10-01 16:57:41,872 INFO epoch 26500  mean_mse 1.9942e-05 | train eq18 5.9825e-04 test eq18 8.5932e-03
2026-10-01 16:57:42,187 INFO epoch 26750  mean_mse 1.8604e-05 | train eq18 5.5811e-04 test eq18 8.9542e-03
2026-10-01 16:57:42,483 INFO epoch 27000  mean_mse 1.8377e-05 | train eq18 5.5132e-04 test eq18 9.0999e-03
2026-10-01 16:57:42,785 INFO epoch 27250  mean_mse 1.8262e-05 | train eq18 5.4785e-04 test eq18 8.9347e-03
2026-10-01 16:57:43,102 INFO epoch 27500  mean_mse 1.7952e-05 | train eq18 5.3855e-04 test eq18 9.1019e-03
2026-10-01 16:57:43,409 INFO epoch 27750  mean_mse 1.7779e-05 | train eq18 5.3336e-04 test eq18 9.0952e-03
2026-10-01 16:57:43,705 INFO epoch 28000  mean_mse 1.8035e-05 | train eq18 5.4104e-04 test eq18 9.4757e-03
2026-10-01 16:57:44,005 INFO epoch 28250  mean_mse 2.3260e-05 | train eq18 6.9779e-04 test eq18 1.0530e-02
2026-10-01 16:57:44,340 INFO epoch 28500  mean_mse 2.4504e-05 | train eq18 7.3511e-04 test eq18 1.0740e-02
2026-10-01 16:57:44,649 INFO epoch 28750  mean_mse 1.7112e-05 | train eq18 5.1335e-04 test eq18 9.1289e-03
2026-10-01 16:57:45,004 INFO epoch 29000  mean_mse 1.6956e-05 | train eq18 5.0869e-04 test eq18 9.1269e-03
2026-10-01 16:57:45,294 INFO epoch 29250  mean_mse 2.6582e-05 | train eq18 7.9745e-04 test eq18 1.1046e-02
2026-10-01 16:57:45,596 INFO epoch 29500  mean_mse 1.6662e-05 | train eq18 4.9987e-04 test eq18 9.1216e-03
2026-10-01 16:57:45,924 INFO epoch 29750  mean_mse 1.6524e-05 | train eq18 4.9572e-04 test eq18 9.1996e-03
2026-10-01 16:57:46,235 INFO epoch 30000  mean_mse 1.6369e-05 | train eq18 4.9106e-04 test eq18 9.1385e-03
2026-10-01 16:57:46,590 INFO epoch 30250  mean_mse 1.6563e-05 | train eq18 4.9688e-04 test eq18 9.4438e-03
2026-10-01 16:57:46,913 INFO epoch 30500  mean_mse 1.6099e-05 | train eq18 4.8296e-04 test eq18 9.1512e-03
2026-10-01 16:57:47,214 INFO epoch 30750  mean_mse 1.9425e-05 | train eq18 5.8276e-04 test eq18 1.0226e-02
2026-10-01 16:57:47,519 INFO epoch 31000  mean_mse 1.5839e-05 | train eq18 4.7517e-04 test eq18 9.1363e-03
2026-10-01 16:57:47,813 INFO epoch 31250  mean_mse 1.6111e-05 | train eq18 4.8333e-04 test eq18 9.4699e-03
2026-10-01 16:57:48,135 INFO epoch 31500  mean_mse 1.5604e-05 | train eq18 4.6813e-04 test eq18 9.0703e-03
2026-10-01 16:57:48,442 INFO epoch 31750  mean_mse 1.5666e-05 | train eq18 4.6997e-04 test eq18 9.2971e-03
2026-10-01 16:57:48,733 INFO epoch 32000  mean_mse 1.5336e-05 | train eq18 4.6009e-04 test eq18 9.0919e-03
2026-10-01 16:57:49,157 INFO epoch 32250  mean_mse 1.5207e-05 | train eq18 4.5620e-04 test eq18 9.1280e-03
2026-10-01 16:57:49,444 INFO epoch 32500  mean_mse 1.7964e-05 | train eq18 5.3891e-04 test eq18 8.3331e-03
2026-10-01 16:57:49,776 INFO epoch 32750  mean_mse 1.4995e-05 | train eq18 4.4984e-04 test eq18 9.0408e-03
2026-10-01 16:57:50,072 INFO epoch 33000  mean_mse 3.3353e-05 | train eq18 1.0006e-03 test eq18 1.2038e-02
2026-10-01 16:57:50,370 INFO epoch 33250  mean_mse 1.4736e-05 | train eq18 4.4207e-04 test eq18 9.1329e-03
2026-10-01 16:57:50,672 INFO epoch 33500  mean_mse 1.5349e-05 | train eq18 4.6046e-04 test eq18 8.7005e-03
2026-10-01 16:57:50,983 INFO epoch 33750  mean_mse 1.4506e-05 | train eq18 4.3519e-04 test eq18 9.1075e-03
2026-10-01 16:57:51,303 INFO epoch 34000  mean_mse 1.4391e-05 | train eq18 4.3174e-04 test eq18 9.0814e-03
2026-10-01 16:57:51,591 INFO epoch 34250  mean_mse 1.4792e-05 | train eq18 4.4375e-04 test eq18 8.7302e-03
2026-10-01 16:57:51,886 INFO epoch 34500  mean_mse 1.4267e-05 | train eq18 4.2802e-04 test eq18 8.9440e-03
2026-10-01 16:57:52,171 INFO epoch 34750  mean_mse 1.4060e-05 | train eq18 4.2181e-04 test eq18 9.0634e-03
2026-10-01 16:57:52,495 INFO epoch 35000  mean_mse 1.5182e-05 | train eq18 4.5545e-04 test eq18 9.6538e-03
2026-10-01 16:57:52,786 INFO epoch 35250  mean_mse 4.8016e-05 | train eq18 1.4405e-03 test eq18 7.2729e-03
2026-10-01 16:57:53,109 INFO epoch 35500  mean_mse 1.4094e-05 | train eq18 4.2282e-04 test eq18 8.7845e-03
2026-10-01 16:57:53,402 INFO epoch 35750  mean_mse 1.3650e-05 | train eq18 4.0950e-04 test eq18 9.0864e-03
2026-10-01 16:57:53,769 INFO epoch 36000  mean_mse 1.3535e-05 | train eq18 4.0606e-04 test eq18 9.0232e-03
2026-10-01 16:57:54,064 INFO epoch 36250  mean_mse 1.6676e-05 | train eq18 5.0029e-04 test eq18 8.2808e-03
2026-10-01 16:57:54,426 INFO epoch 36500  mean_mse 1.3358e-05 | train eq18 4.0075e-04 test eq18 9.0932e-03
2026-10-01 16:57:54,758 INFO epoch 36750  mean_mse 1.3234e-05 | train eq18 3.9701e-04 test eq18 9.0046e-03
2026-10-01 16:57:55,065 INFO epoch 37000  mean_mse 1.3137e-05 | train eq18 3.9412e-04 test eq18 8.9992e-03
2026-10-01 16:57:55,380 INFO epoch 37250  mean_mse 2.7825e-05 | train eq18 8.3476e-04 test eq18 7.6332e-03
2026-10-01 16:57:55,684 INFO epoch 37500  mean_mse 1.2953e-05 | train eq18 3.8858e-04 test eq18 8.9657e-03
2026-10-01 16:57:56,002 INFO epoch 37750  mean_mse 1.2859e-05 | train eq18 3.8578e-04 test eq18 8.9752e-03
2026-10-01 16:57:56,303 INFO epoch 38000  mean_mse 1.2770e-05 | train eq18 3.8310e-04 test eq18 8.9922e-03
2026-10-01 16:57:56,614 INFO epoch 38250  mean_mse 3.1283e-05 | train eq18 9.3850e-04 test eq18 7.5461e-03
2026-10-01 16:57:56,917 INFO epoch 38500  mean_mse 1.7662e-05 | train eq18 5.2985e-04 test eq18 1.0241e-02
2026-10-01 16:57:57,219 INFO epoch 38750  mean_mse 1.3845e-05 | train eq18 4.1536e-04 test eq18 8.4266e-03
2026-10-01 16:57:57,512 INFO epoch 39000  mean_mse 1.2469e-05 | train eq18 3.7407e-04 test eq18 8.8454e-03
2026-10-01 16:57:57,810 INFO epoch 39250  mean_mse 1.2370e-05 | train eq18 3.7110e-04 test eq18 8.8642e-03
2026-10-01 16:57:58,107 INFO epoch 39500  mean_mse 1.2468e-05 | train eq18 3.7403e-04 test eq18 8.7202e-03
2026-10-01 16:57:58,397 INFO epoch 39750  mean_mse 1.2193e-05 | train eq18 3.6578e-04 test eq18 8.9000e-03
2026-10-01 16:57:58,689 INFO epoch 40000  mean_mse 1.2117e-05 | train eq18 3.6350e-04 test eq18 8.8870e-03
2026-10-01 16:57:58,993 INFO epoch 40250  mean_mse 1.2044e-05 | train eq18 3.6133e-04 test eq18 8.8745e-03
2026-10-01 16:57:59,316 INFO epoch 40500  mean_mse 1.1972e-05 | train eq18 3.5915e-04 test eq18 8.8588e-03
2026-10-01 16:57:59,646 INFO epoch 40750  mean_mse 1.1902e-05 | train eq18 3.5707e-04 test eq18 8.8479e-03
2026-10-01 16:58:00,077 INFO epoch 41000  mean_mse 1.1958e-05 | train eq18 3.5874e-04 test eq18 8.7690e-03
2026-10-01 16:58:00,477 INFO epoch 41250  mean_mse 1.1771e-05 | train eq18 3.5313e-04 test eq18 8.8273e-03
2026-10-01 16:58:00,774 INFO epoch 41500  mean_mse 1.1722e-05 | train eq18 3.5165e-04 test eq18 8.7810e-03
2026-10-01 16:58:01,094 INFO epoch 41750  mean_mse 1.1644e-05 | train eq18 3.4932e-04 test eq18 8.8047e-03
2026-10-01 16:58:01,493 INFO epoch 42000  mean_mse 2.5237e-05 | train eq18 7.5711e-04 test eq18 1.1045e-02
2026-10-01 16:58:01,804 INFO epoch 42250  mean_mse 1.1564e-05 | train eq18 3.4691e-04 test eq18 8.7111e-03
2026-10-01 16:58:02,105 INFO epoch 42500  mean_mse 1.1467e-05 | train eq18 3.4401e-04 test eq18 8.7625e-03
2026-10-01 16:58:02,411 INFO epoch 42750  mean_mse 1.2048e-05 | train eq18 3.6143e-04 test eq18 9.1543e-03
2026-10-01 16:58:02,738 INFO epoch 43000  mean_mse 1.1958e-05 | train eq18 3.5875e-04 test eq18 9.1356e-03
2026-10-01 16:58:03,022 INFO epoch 43250  mean_mse 1.1302e-05 | train eq18 3.3907e-04 test eq18 8.7456e-03
2026-10-01 16:58:03,341 INFO epoch 43500  mean_mse 1.1248e-05 | train eq18 3.3744e-04 test eq18 8.7165e-03
2026-10-01 16:58:03,643 INFO epoch 43750  mean_mse 1.1197e-05 | train eq18 3.3591e-04 test eq18 8.7036e-03
2026-10-01 16:58:03,942 INFO epoch 44000  mean_mse 1.1147e-05 | train eq18 3.3440e-04 test eq18 8.6901e-03
2026-10-01 16:58:04,246 INFO epoch 44250  mean_mse 1.1098e-05 | train eq18 3.3295e-04 test eq18 8.6744e-03
2026-10-01 16:58:04,552 INFO epoch 44500  mean_mse 1.1052e-05 | train eq18 3.3156e-04 test eq18 8.6620e-03
2026-10-01 16:58:04,872 INFO epoch 44750  mean_mse 1.2496e-05 | train eq18 3.7488e-04 test eq18 8.1038e-03
2026-10-01 16:58:05,167 INFO epoch 45000  mean_mse 1.3224e-05 | train eq18 3.9673e-04 test eq18 7.9894e-03
2026-10-01 16:58:05,480 INFO epoch 45250  mean_mse 1.1354e-05 | train eq18 3.4061e-04 test eq18 8.4260e-03
2026-10-01 16:58:05,842 INFO epoch 45500  mean_mse 1.0871e-05 | train eq18 3.2612e-04 test eq18 8.6195e-03
2026-10-01 16:58:06,146 INFO epoch 45750  mean_mse 1.0840e-05 | train eq18 3.2521e-04 test eq18 8.6539e-03
2026-10-01 16:58:06,453 INFO epoch 46000  mean_mse 1.1789e-05 | train eq18 3.5366e-04 test eq18 8.8669e-03
2026-10-01 16:58:06,758 INFO epoch 46250  mean_mse 1.0935e-05 | train eq18 3.2806e-04 test eq18 8.3637e-03
2026-10-01 16:58:07,042 INFO epoch 46500  mean_mse 1.0812e-05 | train eq18 3.2436e-04 test eq18 8.3963e-03
2026-10-01 16:58:07,321 INFO epoch 46750  mean_mse 1.0795e-05 | train eq18 3.2386e-04 test eq18 8.7200e-03
2026-10-01 16:58:07,629 INFO epoch 47000  mean_mse 1.4261e-05 | train eq18 4.2784e-04 test eq18 9.4838e-03
2026-10-01 16:58:07,917 INFO epoch 47250  mean_mse 1.0639e-05 | train eq18 3.1917e-04 test eq18 8.5374e-03
2026-10-01 16:58:08,219 INFO epoch 47500  mean_mse 1.0542e-05 | train eq18 3.1625e-04 test eq18 8.4768e-03
2026-10-01 16:58:08,510 INFO epoch 47750  mean_mse 1.0593e-05 | train eq18 3.1778e-04 test eq18 8.6164e-03
2026-10-01 16:58:08,823 INFO epoch 48000  mean_mse 1.0471e-05 | train eq18 3.1414e-04 test eq18 8.4416e-03
2026-10-01 16:58:09,275 INFO epoch 48250  mean_mse 1.0428e-05 | train eq18 3.1284e-04 test eq18 8.4482e-03
2026-10-01 16:58:09,679 INFO epoch 48500  mean_mse 1.0435e-05 | train eq18 3.1306e-04 test eq18 8.5383e-03
2026-10-01 16:58:10,025 INFO epoch 48750  mean_mse 1.0358e-05 | train eq18 3.1073e-04 test eq18 8.4205e-03
2026-10-01 16:58:10,356 INFO epoch 49000  mean_mse 1.0326e-05 | train eq18 3.0979e-04 test eq18 8.4021e-03
2026-10-01 16:58:10,688 INFO epoch 49250  mean_mse 1.1005e-05 | train eq18 3.3015e-04 test eq18 8.0400e-03
2026-10-01 16:58:10,988 INFO epoch 49500  mean_mse 1.0252e-05 | train eq18 3.0757e-04 test eq18 8.3848e-03
2026-10-01 16:58:11,388 INFO epoch 49750  mean_mse 1.0217e-05 | train eq18 3.0650e-04 test eq18 8.3530e-03
2026-10-01 16:58:12,216 INFO wrote ../results/experiments/biodiesel/author_repo_match/figures_tanh_r1/fig04/deeponet_p384_seed0/checkpoint_final.pt
2026-10-01 16:58:12,217 INFO final: train {'mean_mse': 1.1506104783620685e-05, 'mean_mse_u': 1.1506104783620685e-05, 'eq18_obs': 0.00034518312895670533, 'eq22_true': 0.00034518312895670533, 'eq18_obs_time_averaged': 1.1506104298556845e-05, 'eq22_true_time_averaged': 1.1506104298556845e-05}
2026-10-01 16:58:12,217 INFO final: test {'mean_mse': 0.000267965515377, 'mean_mse_u': 0.000267965515377, 'eq18_obs': 0.008038965053856373, 'eq22_true': 0.008038965053856373, 'eq18_obs_time_averaged': 0.0002679655017952124, 'eq22_true_time_averaged': 0.0002679655017952124}
2026-10-01 16:58:12,217 INFO final trunk: {'kinks': [4.3991594314575195, -10.951692581176758, 2.8096940517425537, 1.7694417238235474, 6.857608795166016, -2.218844175338745, 24.304706573486328, -13.817879676818848, 1.8836582899093628], 'dead_on_grid': {'tanh0': 0, 'tanh1': 0}, 'dead_on_dense': {'tanh0': 0, 'tanh1': 0}, 'interior_breakpoints_s': {'layer1': [1.7694417238235474, 1.8836582899093628, 2.8096940517425537, 4.3991594314575195, 6.857608795166016, 24.304706573486328], 'layer2': [0.3790000081062317, 0.9330000281333923, 4.164000034332275, 4.392000198364258, 13.665000915527344]}, 'tanh_saturation': {'grid': {'layer1': {'abs_z_quantiles_10_50_90_max': [0.12741846293210984, 1.0566837191581726, 6.47428765296936, 10.074945449829102], 'frac_abs_z_gt': {'2': 0.32592592592592595, '3': 0.24074074074074073, '5': 0.16296296296296298}, 'frac_abs_act_gt': {'0.95': 0.3592592592592593, '0.99': 0.25555555555555554}, 'derivative_mean': 0.4295189082622528, 'derivative_median': 0.3847668468952179}, 'layer2': {'abs_z_quantiles_10_50_90_max': [0.08338247835636141, 0.7047882676124573, 8.137974834442138, 9.254105567932129], 'frac_abs_z_gt': {'2': 0.28888888888888886, '3': 0.21851851851851853, '5': 0.2111111111111111}, 'frac_abs_act_gt': {'0.95': 0.3037037037037037, '0.99': 0.23333333333333334}, 'derivative_mean': 0.5304343104362488, 'derivative_median': 0.6310676336288452}}, 'dense': {'layer1': {'abs_z_quantiles_10_50_90_max': [0.12645890712738037, 1.0828410387039185, 6.478728485107422, 10.074945449829102], 'frac_abs_z_gt': {'2': 0.3292727943890735, '3': 0.24732373569582872, '5': 0.162421557770395}, 'frac_abs_act_gt': {'0.95': 0.3610188261351052, '0.99': 0.26208933185677374}, 'derivative_mean': 0.42859765887260437, 'derivative_median': 0.36916643381118774}, 'layer2': {'abs_z_quantiles_10_50_90_max': [0.08424983024597169, 0.7046200633049011, 8.167339706420899, 9.254105567932129], 'frac_abs_z_gt': {'2': 0.28645256552233295, '3': 0.22185308231819859, '5': 0.21410114433370248}, 'frac_abs_act_gt': {'0.95': 0.3023255813953488, '0.99': 0.23108157991878922}, 'derivative_mean': 0.5297061204910278, 'derivative_median': 0.6311962604522705}}}}
2026-10-01 16:58:12,218 INFO run completed 2026-10-01T14:58:12Z
