2026-09-29 23:59:19,654 run start | results/experiments/biodiesel/author_repo_match/figures/fig05/chemkan_noise02_seed0 | seed 0 | params 156
2026-09-29 23:59:20,166 epoch     1  train 2.7547e-01  val 2.5029e-01  (0 s)
2026-09-29 23:59:40,496 epoch   100  train 2.2114e-02  val 2.4124e-02  (21 s)
2026-09-30 00:00:04,491 epoch   200  train 6.5025e-03  val 6.9588e-03  (45 s)
2026-09-30 00:00:31,977 epoch   300  train 3.0035e-03  val 3.0344e-03  (72 s)
2026-09-30 00:01:01,735 epoch   400  train 2.1129e-03  val 2.2699e-03  (102 s)
2026-09-30 00:01:31,610 epoch   500  train 1.5443e-03  val 1.9362e-03  (132 s)
2026-09-30 00:02:01,179 epoch   600  train 1.2176e-03  val 1.7721e-03  (162 s)
2026-09-30 00:02:30,649 epoch   700  train 9.9893e-04  val 1.7015e-03  (191 s)
2026-09-30 00:03:00,111 epoch   800  train 8.5296e-04  val 1.6353e-03  (220 s)
2026-09-30 00:03:30,016 epoch   900  train 7.5649e-04  val 1.5176e-03  (250 s)
2026-09-30 00:03:59,774 epoch  1000  train 6.9067e-04  val 1.3963e-03  (280 s)
2026-09-30 00:04:29,520 epoch  1100  train 6.4252e-04  val 1.2778e-03  (310 s)
2026-09-30 00:04:59,386 epoch  1200  train 6.0465e-04  val 1.1692e-03  (340 s)
2026-09-30 00:05:29,043 epoch  1300  train 5.7432e-04  val 1.0881e-03  (369 s)
2026-09-30 00:05:58,618 epoch  1400  train 5.4765e-04  val 1.0017e-03  (399 s)
2026-09-30 00:06:28,238 epoch  1500  train 5.2493e-04  val 9.2664e-04  (429 s)
2026-09-30 00:06:58,013 epoch  1600  train 5.1481e-04  val 8.1171e-04  (458 s)
2026-09-30 00:07:27,717 epoch  1700  train 4.8621e-04  val 8.2044e-04  (488 s)
2026-09-30 00:07:57,281 epoch  1800  train 4.6966e-04  val 7.8000e-04  (518 s)
2026-09-30 00:08:26,957 epoch  1900  train 4.5874e-04  val 7.8719e-04  (547 s)
2026-09-30 00:08:56,543 epoch  2000  train 4.3996e-04  val 7.1456e-04  (577 s)
2026-09-30 00:09:26,170 epoch  2100  train 4.3047e-04  val 7.2278e-04  (607 s)
2026-09-30 00:09:55,843 epoch  2200  train 4.1419e-04  val 6.6546e-04  (636 s)
2026-09-30 00:10:25,611 epoch  2300  train 4.0317e-04  val 6.4901e-04  (666 s)
2026-09-30 00:10:55,181 epoch  2400  train 3.9314e-04  val 6.1751e-04  (696 s)
2026-09-30 00:11:24,907 epoch  2500  train 3.8396e-04  val 6.2963e-04  (725 s)
2026-09-30 00:11:54,645 epoch  2600  train 3.7515e-04  val 6.1109e-04  (755 s)
2026-09-30 00:12:24,686 epoch  2700  train 6.0978e-04  val 6.4598e-04  (785 s)
2026-09-30 00:12:54,407 epoch  2800  train 3.5804e-04  val 5.7386e-04  (815 s)
2026-09-30 00:13:24,437 epoch  2900  train 3.5196e-04  val 5.5377e-04  (845 s)
2026-09-30 00:13:54,883 epoch  3000  train 3.4730e-04  val 5.3776e-04  (875 s)
2026-09-30 00:14:27,345 epoch  3100  train 3.4473e-04  val 5.2384e-04  (908 s)
2026-09-30 00:14:59,605 epoch  3200  train 3.3893e-04  val 5.1579e-04  (940 s)
2026-09-30 00:15:31,960 epoch  3300  train 3.3040e-04  val 5.2624e-04  (972 s)
2026-09-30 00:16:04,153 epoch  3400  train 3.2617e-04  val 5.1684e-04  (1004 s)
2026-09-30 00:16:36,441 epoch  3500  train 3.2353e-04  val 5.1772e-04  (1037 s)
2026-09-30 00:17:08,731 epoch  3600  train 3.2236e-04  val 5.2158e-04  (1069 s)
2026-09-30 00:17:41,637 epoch  3700  train 3.2666e-04  val 4.6603e-04  (1102 s)
2026-09-30 00:18:14,387 epoch  3800  train 3.1322e-04  val 4.9098e-04  (1135 s)
2026-09-30 00:18:47,095 epoch  3900  train 3.1156e-04  val 4.8586e-04  (1167 s)
2026-09-30 00:19:19,850 epoch  4000  train 3.0839e-04  val 4.6341e-04  (1200 s)
2026-09-30 00:19:52,340 epoch  4100  train 3.0415e-04  val 4.6985e-04  (1233 s)
2026-09-30 00:20:24,706 epoch  4200  train 3.0190e-04  val 4.5610e-04  (1265 s)
2026-09-30 00:20:57,137 epoch  4300  train 3.0029e-04  val 4.4720e-04  (1297 s)
2026-09-30 00:21:30,009 epoch  4400  train 3.4001e-04  val 5.4272e-04  (1330 s)
2026-09-30 00:22:02,734 epoch  4500  train 2.9703e-04  val 4.4778e-04  (1363 s)
2026-09-30 00:22:35,271 epoch  4600  train 2.9471e-04  val 4.2891e-04  (1396 s)
2026-09-30 00:23:07,827 epoch  4700  train 2.9532e-04  val 4.2064e-04  (1428 s)
2026-09-30 00:23:40,441 epoch  4800  train 4.7080e-04  val 4.9885e-04  (1461 s)
2026-09-30 00:24:13,043 epoch  4900  train 2.8886e-04  val 4.2966e-04  (1493 s)
2026-09-30 00:24:45,950 epoch  5000  train 2.8708e-04  val 4.1749e-04  (1526 s)
2026-09-30 00:25:18,750 epoch  5100  train 2.8603e-04  val 4.1476e-04  (1559 s)
2026-09-30 00:25:51,067 epoch  5200  train 2.9175e-04  val 4.0097e-04  (1591 s)
2026-09-30 00:26:23,772 epoch  5300  train 2.8286e-04  val 4.0731e-04  (1624 s)
2026-09-30 00:26:56,247 epoch  5400  train 2.8210e-04  val 4.0361e-04  (1657 s)
2026-09-30 00:27:28,761 epoch  5500  train 2.8675e-04  val 4.0452e-04  (1689 s)
2026-09-30 00:28:01,262 epoch  5600  train 2.8116e-04  val 3.9823e-04  (1722 s)
2026-09-30 00:28:33,645 epoch  5700  train 2.7850e-04  val 3.8725e-04  (1754 s)
2026-09-30 00:29:05,954 epoch  5800  train 2.7783e-04  val 3.8691e-04  (1786 s)
2026-09-30 00:29:38,425 epoch  5900  train 3.1570e-04  val 4.2092e-04  (1819 s)
2026-09-30 00:30:10,780 epoch  6000  train 2.7495e-04  val 3.8211e-04  (1851 s)
2026-09-30 00:30:43,113 epoch  6100  train 2.7404e-04  val 3.8052e-04  (1883 s)
2026-09-30 00:31:15,406 epoch  6200  train 2.7319e-04  val 3.7785e-04  (1916 s)
2026-09-30 00:31:48,407 epoch  6300  train 2.7197e-04  val 3.7390e-04  (1949 s)
2026-09-30 00:32:21,310 epoch  6400  train 2.7118e-04  val 3.7105e-04  (1982 s)
2026-09-30 00:32:53,481 epoch  6500  train 2.7076e-04  val 3.6524e-04  (2014 s)
2026-09-30 00:33:25,990 epoch  6600  train 2.7067e-04  val 3.6319e-04  (2046 s)
2026-09-30 00:33:58,418 epoch  6700  train 2.6857e-04  val 3.6426e-04  (2079 s)
2026-09-30 00:34:31,027 epoch  6800  train 2.6791e-04  val 3.5906e-04  (2111 s)
2026-09-30 00:35:03,705 epoch  6900  train 2.6833e-04  val 3.4874e-04  (2144 s)
2026-09-30 00:35:36,341 epoch  7000  train 2.6618e-04  val 3.5531e-04  (2177 s)
2026-09-30 00:36:08,977 epoch  7100  train 2.6572e-04  val 3.4902e-04  (2209 s)
2026-09-30 00:36:41,726 epoch  7200  train 3.6851e-04  val 4.7858e-04  (2242 s)
2026-09-30 00:37:14,278 epoch  7300  train 2.6922e-04  val 3.6625e-04  (2275 s)
2026-09-30 00:37:46,998 epoch  7400  train 2.6475e-04  val 3.5020e-04  (2307 s)
2026-09-30 00:38:19,519 epoch  7500  train 2.6354e-04  val 3.4119e-04  (2340 s)
2026-09-30 00:38:52,486 epoch  7600  train 2.6222e-04  val 3.3701e-04  (2373 s)
2026-09-30 00:39:25,249 epoch  7700  train 2.6184e-04  val 3.3771e-04  (2406 s)
2026-09-30 00:39:58,005 epoch  7800  train 2.6096e-04  val 3.3311e-04  (2438 s)
2026-09-30 00:40:30,820 epoch  7900  train 2.6023e-04  val 3.3257e-04  (2471 s)
2026-09-30 00:41:03,545 epoch  8000  train 2.5976e-04  val 3.2789e-04  (2504 s)
2026-09-30 00:41:36,338 epoch  8100  train 2.5941e-04  val 3.2589e-04  (2537 s)
2026-09-30 00:42:09,250 epoch  8200  train 3.2456e-04  val 3.6361e-04  (2570 s)
2026-09-30 00:42:42,036 epoch  8300  train 2.6208e-04  val 3.3603e-04  (2602 s)
2026-09-30 00:43:14,798 epoch  8400  train 2.5736e-04  val 3.2273e-04  (2635 s)
2026-09-30 00:43:47,582 epoch  8500  train 2.5698e-04  val 3.1728e-04  (2668 s)
2026-09-30 00:44:20,203 epoch  8600  train 2.6505e-04  val 3.4450e-04  (2701 s)
2026-09-30 00:44:52,837 epoch  8700  train 2.5617e-04  val 3.1816e-04  (2733 s)
2026-09-30 00:45:25,235 epoch  8800  train 2.5527e-04  val 3.1338e-04  (2766 s)
2026-09-30 00:45:57,747 epoch  8900  train 2.5520e-04  val 3.0723e-04  (2798 s)
2026-09-30 00:46:29,944 epoch  9000  train 2.6859e-04  val 3.4703e-04  (2830 s)
2026-09-30 00:47:02,331 epoch  9100  train 2.5394e-04  val 3.0860e-04  (2863 s)
2026-09-30 00:47:34,815 epoch  9200  train 2.5437e-04  val 3.0448e-04  (2895 s)
2026-09-30 00:48:07,252 epoch  9300  train 2.5279e-04  val 3.0558e-04  (2928 s)
2026-09-30 00:48:39,952 epoch  9400  train 2.5338e-04  val 3.0547e-04  (2960 s)
2026-09-30 00:49:12,660 epoch  9500  train 2.5204e-04  val 3.0339e-04  (2993 s)
2026-09-30 00:49:45,252 epoch  9600  train 2.5210e-04  val 3.0513e-04  (3026 s)
2026-09-30 00:50:17,810 epoch  9700  train 2.5182e-04  val 3.0376e-04  (3058 s)
2026-09-30 00:50:50,538 epoch  9800  train 2.5067e-04  val 2.9462e-04  (3091 s)
2026-09-30 00:51:23,032 epoch  9900  train 2.5087e-04  val 2.9590e-04  (3123 s)
2026-09-30 00:51:55,859 epoch 10000  train 2.5048e-04  val 2.9989e-04  (3156 s)
2026-09-30 00:52:02,820 completed | 10000 epochs | 3156.2 s | train 2.5048e-04 val 2.9989e-04
