2026-10-01 17:44:03,487 INFO run start 2026-10-01T15:44:03Z | run_id=biodiesel-deeponet-repro/deeponet_p456_seed0 | system=biodiesel-deeponet-repro | dir=../results/experiments/biodiesel/author_repo_match/figures_tanh_r1_lr1e-2/fig04/deeponet_p456_seed0
2026-10-01 17:44:03,513 INFO wrote ../results/experiments/biodiesel/author_repo_match/figures_tanh_r1_lr1e-2/fig04/deeponet_p456_seed0/config.json
2026-10-01 17:44:03,519 INFO configuration: branch inputs normalized (author-global normalized Mode A), targets author_global_normalized_states, trunk input raw physical t 0..30 s (30 points), activation tanh, placement A, init Aprime_tf_truncated_glorot_zero_bias, Adam lr 0.01
2026-10-01 17:44:03,519 INFO initial: train {'mean_mse': 0.3208436965942383, 'mean_mse_u': 0.3208436965942383, 'eq18_obs': 9.625310897827148, 'eq22_true': 9.625310897827148, 'eq18_obs_time_averaged': 0.3208436965942383, 'eq22_true_time_averaged': 0.3208436965942383} | test {'mean_mse': 0.3125576972961426, 'mean_mse_u': 0.3125576972961426, 'eq18_obs': 9.376731872558594, 'eq22_true': 9.376731872558594, 'eq18_obs_time_averaged': 0.31255772908528645, 'eq22_true_time_averaged': 0.31255772908528645}
2026-10-01 17:44:03,522 INFO initial prediction stats: {'min': -0.3546866774559021, 'max': 1.0715506076812744, 'mean': 0.137808158993721, 'abs_max': 1.0715506076812744, 'per_species_min': [0.030384190380573273, -0.3546866774559021, -0.039179250597953796, -0.13354156911373138, -0.1515641063451767, 0.0], 'per_species_max': [0.3946765065193176, 1.0715506076812744, 0.16187787055969238, 0.0, 0.0, 0.6436312198638916], 'fraction_negative': 0.37277777777777776}
2026-10-01 17:44:04,510 INFO epoch     0  mean_mse 3.2084e-01 | train eq18 9.6253e+00 test eq18 9.3767e+00
2026-10-01 17:44:04,792 INFO epoch   250  mean_mse 1.5685e-03 | train eq18 4.7054e-02 test eq18 7.8254e-02
2026-10-01 17:44:05,083 INFO epoch   500  mean_mse 9.5709e-04 | train eq18 2.8713e-02 test eq18 6.4776e-02
2026-10-01 17:44:05,407 INFO epoch   750  mean_mse 6.2533e-04 | train eq18 1.8760e-02 test eq18 5.6671e-02
2026-10-01 17:44:05,679 INFO epoch  1000  mean_mse 4.4485e-04 | train eq18 1.3346e-02 test eq18 4.3883e-02
2026-10-01 17:44:05,959 INFO epoch  1250  mean_mse 3.4632e-04 | train eq18 1.0389e-02 test eq18 3.5169e-02
2026-10-01 17:44:06,215 INFO epoch  1500  mean_mse 2.7688e-04 | train eq18 8.3065e-03 test eq18 2.8609e-02
2026-10-01 17:44:06,469 INFO epoch  1750  mean_mse 2.3077e-04 | train eq18 6.9230e-03 test eq18 2.4394e-02
2026-10-01 17:44:06,716 INFO epoch  2000  mean_mse 1.9675e-04 | train eq18 5.9025e-03 test eq18 2.1316e-02
2026-10-01 17:44:06,970 INFO epoch  2250  mean_mse 2.6967e-04 | train eq18 8.0902e-03 test eq18 1.7508e-02
2026-10-01 17:44:07,237 INFO epoch  2500  mean_mse 1.4665e-04 | train eq18 4.3996e-03 test eq18 1.5881e-02
2026-10-01 17:44:07,489 INFO epoch  2750  mean_mse 1.2426e-04 | train eq18 3.7277e-03 test eq18 1.3271e-02
2026-10-01 17:44:07,774 INFO epoch  3000  mean_mse 1.3429e-04 | train eq18 4.0288e-03 test eq18 1.2850e-02
2026-10-01 17:44:08,034 INFO epoch  3250  mean_mse 1.7399e-04 | train eq18 5.2196e-03 test eq18 1.0707e-02
2026-10-01 17:44:08,278 INFO epoch  3500  mean_mse 1.8577e-04 | train eq18 5.5730e-03 test eq18 1.1319e-02
2026-10-01 17:44:08,557 INFO epoch  3750  mean_mse 1.1229e-04 | train eq18 3.3686e-03 test eq18 8.3384e-03
2026-10-01 17:44:08,809 INFO epoch  4000  mean_mse 6.9490e-05 | train eq18 2.0847e-03 test eq18 7.5980e-03
2026-10-01 17:44:09,051 INFO epoch  4250  mean_mse 2.5764e-04 | train eq18 7.7293e-03 test eq18 1.4315e-02
2026-10-01 17:44:09,318 INFO epoch  4500  mean_mse 5.5550e-05 | train eq18 1.6665e-03 test eq18 6.0759e-03
2026-10-01 17:44:09,562 INFO epoch  4750  mean_mse 4.9420e-05 | train eq18 1.4826e-03 test eq18 5.5232e-03
2026-10-01 17:44:09,811 INFO epoch  5000  mean_mse 8.7076e-05 | train eq18 2.6123e-03 test eq18 5.6959e-03
2026-10-01 17:44:10,077 INFO epoch  5250  mean_mse 4.8199e-05 | train eq18 1.4460e-03 test eq18 5.5771e-03
2026-10-01 17:44:10,364 INFO epoch  5500  mean_mse 4.4695e-05 | train eq18 1.3409e-03 test eq18 4.8253e-03
2026-10-01 17:44:10,624 INFO epoch  5750  mean_mse 4.4589e-05 | train eq18 1.3377e-03 test eq18 5.2634e-03
2026-10-01 17:44:10,878 INFO epoch  6000  mean_mse 1.3868e-04 | train eq18 4.1605e-03 test eq18 9.4347e-03
2026-10-01 17:44:11,129 INFO epoch  6250  mean_mse 5.4283e-05 | train eq18 1.6285e-03 test eq18 6.2668e-03
2026-10-01 17:44:11,385 INFO epoch  6500  mean_mse 3.3071e-05 | train eq18 9.9213e-04 test eq18 4.2644e-03
2026-10-01 17:44:11,650 INFO epoch  6750  mean_mse 7.3545e-05 | train eq18 2.2064e-03 test eq18 3.9852e-03
2026-10-01 17:44:11,975 INFO epoch  7000  mean_mse 4.0790e-05 | train eq18 1.2237e-03 test eq18 3.9966e-03
2026-10-01 17:44:12,223 INFO epoch  7250  mean_mse 4.8674e-05 | train eq18 1.4602e-03 test eq18 6.4018e-03
2026-10-01 17:44:12,476 INFO epoch  7500  mean_mse 1.6101e-04 | train eq18 4.8303e-03 test eq18 5.2290e-03
2026-10-01 17:44:12,767 INFO epoch  7750  mean_mse 3.0062e-05 | train eq18 9.0185e-04 test eq18 4.6432e-03
2026-10-01 17:44:13,056 INFO epoch  8000  mean_mse 2.7759e-05 | train eq18 8.3276e-04 test eq18 4.4464e-03
2026-10-01 17:44:13,354 INFO epoch  8250  mean_mse 2.3001e-05 | train eq18 6.9004e-04 test eq18 4.9017e-03
2026-10-01 17:44:13,615 INFO epoch  8500  mean_mse 2.1374e-05 | train eq18 6.4121e-04 test eq18 4.9390e-03
2026-10-01 17:44:13,908 INFO epoch  8750  mean_mse 1.1478e-04 | train eq18 3.4433e-03 test eq18 5.5851e-03
2026-10-01 17:44:14,214 INFO epoch  9000  mean_mse 2.0455e-05 | train eq18 6.1365e-04 test eq18 4.5443e-03
2026-10-01 17:44:14,570 INFO epoch  9250  mean_mse 1.9363e-05 | train eq18 5.8089e-04 test eq18 5.2772e-03
2026-10-01 17:44:14,912 INFO epoch  9500  mean_mse 1.7315e-05 | train eq18 5.1945e-04 test eq18 4.8759e-03
2026-10-01 17:44:15,182 INFO epoch  9750  mean_mse 1.9585e-05 | train eq18 5.8755e-04 test eq18 4.8426e-03
2026-10-01 17:44:15,452 INFO epoch 10000  mean_mse 1.9612e-05 | train eq18 5.8836e-04 test eq18 4.6552e-03
2026-10-01 17:44:15,757 INFO epoch 10250  mean_mse 1.7489e-04 | train eq18 5.2466e-03 test eq18 1.3753e-02
2026-10-01 17:44:16,067 INFO epoch 10500  mean_mse 1.4346e-05 | train eq18 4.3039e-04 test eq18 4.6822e-03
2026-10-01 17:44:16,316 INFO epoch 10750  mean_mse 2.2438e-05 | train eq18 6.7315e-04 test eq18 5.4797e-03
2026-10-01 17:44:16,578 INFO epoch 11000  mean_mse 3.7657e-05 | train eq18 1.1297e-03 test eq18 4.5059e-03
2026-10-01 17:44:16,843 INFO epoch 11250  mean_mse 1.6015e-05 | train eq18 4.8045e-04 test eq18 5.4258e-03
2026-10-01 17:44:17,095 INFO epoch 11500  mean_mse 8.2686e-05 | train eq18 2.4806e-03 test eq18 1.0010e-02
2026-10-01 17:44:17,364 INFO epoch 11750  mean_mse 1.6436e-04 | train eq18 4.9307e-03 test eq18 1.2194e-02
2026-10-01 17:44:17,627 INFO epoch 12000  mean_mse 6.6672e-05 | train eq18 2.0001e-03 test eq18 5.3888e-03
2026-10-01 17:44:17,912 INFO epoch 12250  mean_mse 3.0101e-05 | train eq18 9.0302e-04 test eq18 6.3342e-03
2026-10-01 17:44:18,177 INFO epoch 12500  mean_mse 1.1637e-05 | train eq18 3.4912e-04 test eq18 4.8120e-03
2026-10-01 17:44:18,438 INFO epoch 12750  mean_mse 4.6209e-05 | train eq18 1.3863e-03 test eq18 3.9473e-03
2026-10-01 17:44:18,726 INFO epoch 13000  mean_mse 1.0942e-05 | train eq18 3.2826e-04 test eq18 4.9186e-03
2026-10-01 17:44:18,981 INFO epoch 13250  mean_mse 1.7927e-05 | train eq18 5.3782e-04 test eq18 4.9376e-03
2026-10-01 17:44:19,220 INFO epoch 13500  mean_mse 1.7073e-05 | train eq18 5.1219e-04 test eq18 5.0692e-03
2026-10-01 17:44:19,464 INFO epoch 13750  mean_mse 2.6068e-05 | train eq18 7.8203e-04 test eq18 5.3499e-03
2026-10-01 17:44:19,705 INFO epoch 14000  mean_mse 1.0125e-05 | train eq18 3.0375e-04 test eq18 5.0156e-03
2026-10-01 17:44:19,967 INFO epoch 14250  mean_mse 9.7068e-06 | train eq18 2.9120e-04 test eq18 4.5703e-03
2026-10-01 17:44:20,204 INFO epoch 14500  mean_mse 1.4660e-05 | train eq18 4.3980e-04 test eq18 4.2410e-03
2026-10-01 17:44:20,454 INFO epoch 14750  mean_mse 1.0172e-05 | train eq18 3.0517e-04 test eq18 4.5227e-03
2026-10-01 17:44:20,700 INFO epoch 15000  mean_mse 1.1797e-05 | train eq18 3.5392e-04 test eq18 5.3794e-03
2026-10-01 17:44:20,957 INFO epoch 15250  mean_mse 4.8500e-05 | train eq18 1.4550e-03 test eq18 8.0978e-03
2026-10-01 17:44:21,193 INFO epoch 15500  mean_mse 3.5824e-05 | train eq18 1.0747e-03 test eq18 7.0601e-03
2026-10-01 17:44:21,443 INFO epoch 15750  mean_mse 1.0958e-05 | train eq18 3.2875e-04 test eq18 5.1019e-03
2026-10-01 17:44:21,682 INFO epoch 16000  mean_mse 9.9054e-06 | train eq18 2.9716e-04 test eq18 5.0043e-03
2026-10-01 17:44:21,936 INFO epoch 16250  mean_mse 4.3612e-05 | train eq18 1.3083e-03 test eq18 4.4045e-03
2026-10-01 17:44:22,172 INFO epoch 16500  mean_mse 1.5496e-05 | train eq18 4.6487e-04 test eq18 6.0239e-03
2026-10-01 17:44:22,418 INFO epoch 16750  mean_mse 1.2258e-05 | train eq18 3.6775e-04 test eq18 5.1675e-03
2026-10-01 17:44:22,679 INFO epoch 17000  mean_mse 8.2401e-06 | train eq18 2.4720e-04 test eq18 4.7430e-03
2026-10-01 17:44:22,954 INFO epoch 17250  mean_mse 3.1121e-05 | train eq18 9.3363e-04 test eq18 4.3182e-03
2026-10-01 17:44:23,223 INFO epoch 17500  mean_mse 1.0122e-05 | train eq18 3.0367e-04 test eq18 5.1503e-03
2026-10-01 17:44:23,462 INFO epoch 17750  mean_mse 7.6806e-06 | train eq18 2.3042e-04 test eq18 5.0719e-03
2026-10-01 17:44:23,708 INFO epoch 18000  mean_mse 7.3627e-06 | train eq18 2.2088e-04 test eq18 5.0032e-03
2026-10-01 17:44:23,957 INFO epoch 18250  mean_mse 6.0351e-05 | train eq18 1.8105e-03 test eq18 4.7421e-03
2026-10-01 17:44:24,197 INFO epoch 18500  mean_mse 2.1157e-05 | train eq18 6.3471e-04 test eq18 4.7988e-03
2026-10-01 17:44:24,446 INFO epoch 18750  mean_mse 8.1298e-06 | train eq18 2.4389e-04 test eq18 5.2891e-03
2026-10-01 17:44:24,689 INFO epoch 19000  mean_mse 5.4817e-05 | train eq18 1.6445e-03 test eq18 8.1532e-03
2026-10-01 17:44:24,943 INFO epoch 19250  mean_mse 1.4034e-05 | train eq18 4.2103e-04 test eq18 6.0228e-03
2026-10-01 17:44:25,190 INFO epoch 19500  mean_mse 9.1281e-06 | train eq18 2.7384e-04 test eq18 5.1833e-03
2026-10-01 17:44:25,439 INFO epoch 19750  mean_mse 1.7827e-05 | train eq18 5.3480e-04 test eq18 6.2095e-03
2026-10-01 17:44:25,675 INFO epoch 20000  mean_mse 1.1652e-05 | train eq18 3.4957e-04 test eq18 4.6735e-03
2026-10-01 17:44:25,930 INFO epoch 20250  mean_mse 9.6554e-06 | train eq18 2.8966e-04 test eq18 6.0720e-03
2026-10-01 17:44:26,170 INFO epoch 20500  mean_mse 4.2959e-05 | train eq18 1.2888e-03 test eq18 7.8768e-03
2026-10-01 17:44:26,415 INFO epoch 20750  mean_mse 1.7475e-05 | train eq18 5.2424e-04 test eq18 6.4825e-03
2026-10-01 17:44:26,657 INFO epoch 21000  mean_mse 7.1755e-06 | train eq18 2.1527e-04 test eq18 5.5206e-03
2026-10-01 17:44:26,913 INFO epoch 21250  mean_mse 8.7211e-06 | train eq18 2.6163e-04 test eq18 5.2624e-03
2026-10-01 17:44:27,167 INFO epoch 21500  mean_mse 1.5034e-04 | train eq18 4.5102e-03 test eq18 7.5205e-03
2026-10-01 17:44:27,405 INFO epoch 21750  mean_mse 5.9560e-05 | train eq18 1.7868e-03 test eq18 9.9731e-03
2026-10-01 17:44:27,662 INFO epoch 22000  mean_mse 6.5207e-06 | train eq18 1.9562e-04 test eq18 5.7680e-03
2026-10-01 17:44:27,909 INFO epoch 22250  mean_mse 8.1258e-05 | train eq18 2.4378e-03 test eq18 9.4790e-03
2026-10-01 17:44:28,241 INFO epoch 22500  mean_mse 5.9328e-05 | train eq18 1.7799e-03 test eq18 7.1495e-03
2026-10-01 17:44:28,500 INFO epoch 22750  mean_mse 1.2096e-05 | train eq18 3.6287e-04 test eq18 6.9263e-03
2026-10-01 17:44:28,775 INFO epoch 23000  mean_mse 1.6616e-05 | train eq18 4.9848e-04 test eq18 5.9308e-03
2026-10-01 17:44:29,015 INFO epoch 23250  mean_mse 6.7564e-06 | train eq18 2.0269e-04 test eq18 6.2890e-03
2026-10-01 17:44:29,310 INFO epoch 23500  mean_mse 9.6686e-06 | train eq18 2.9006e-04 test eq18 5.9636e-03
2026-10-01 17:44:29,574 INFO epoch 23750  mean_mse 3.4655e-05 | train eq18 1.0396e-03 test eq18 8.2196e-03
2026-10-01 17:44:29,837 INFO epoch 24000  mean_mse 6.8909e-06 | train eq18 2.0673e-04 test eq18 5.9055e-03
2026-10-01 17:44:30,086 INFO epoch 24250  mean_mse 2.7206e-05 | train eq18 8.1618e-04 test eq18 5.9771e-03
2026-10-01 17:44:30,344 INFO epoch 24500  mean_mse 3.1166e-05 | train eq18 9.3498e-04 test eq18 5.0279e-03
2026-10-01 17:44:30,593 INFO epoch 24750  mean_mse 8.6674e-06 | train eq18 2.6002e-04 test eq18 7.1001e-03
2026-10-01 17:44:30,839 INFO epoch 25000  mean_mse 7.1018e-06 | train eq18 2.1305e-04 test eq18 5.8505e-03
2026-10-01 17:44:31,092 INFO epoch 25250  mean_mse 3.1375e-05 | train eq18 9.4125e-04 test eq18 5.1906e-03
2026-10-01 17:44:31,409 INFO epoch 25500  mean_mse 9.4098e-06 | train eq18 2.8229e-04 test eq18 6.0866e-03
2026-10-01 17:44:31,665 INFO epoch 25750  mean_mse 1.3820e-05 | train eq18 4.1460e-04 test eq18 5.6688e-03
2026-10-01 17:44:31,956 INFO epoch 26000  mean_mse 7.7786e-06 | train eq18 2.3336e-04 test eq18 6.8100e-03
2026-10-01 17:44:32,220 INFO epoch 26250  mean_mse 3.7615e-05 | train eq18 1.1284e-03 test eq18 9.1978e-03
2026-10-01 17:44:32,464 INFO epoch 26500  mean_mse 6.0237e-06 | train eq18 1.8071e-04 test eq18 7.0448e-03
2026-10-01 17:44:32,710 INFO epoch 26750  mean_mse 1.2571e-05 | train eq18 3.7712e-04 test eq18 6.3724e-03
2026-10-01 17:44:32,954 INFO epoch 27000  mean_mse 5.5870e-06 | train eq18 1.6761e-04 test eq18 6.6587e-03
2026-10-01 17:44:33,215 INFO epoch 27250  mean_mse 2.4400e-05 | train eq18 7.3200e-04 test eq18 8.7530e-03
2026-10-01 17:44:33,471 INFO epoch 27500  mean_mse 7.2403e-06 | train eq18 2.1721e-04 test eq18 7.5084e-03
2026-10-01 17:44:33,724 INFO epoch 27750  mean_mse 2.0123e-05 | train eq18 6.0370e-04 test eq18 5.7084e-03
2026-10-01 17:44:33,967 INFO epoch 28000  mean_mse 1.4685e-05 | train eq18 4.4054e-04 test eq18 8.8668e-03
2026-10-01 17:44:34,216 INFO epoch 28250  mean_mse 1.3052e-05 | train eq18 3.9155e-04 test eq18 6.6811e-03
2026-10-01 17:44:34,458 INFO epoch 28500  mean_mse 3.5588e-05 | train eq18 1.0676e-03 test eq18 9.2754e-03
2026-10-01 17:44:34,709 INFO epoch 28750  mean_mse 1.4790e-05 | train eq18 4.4370e-04 test eq18 7.3106e-03
2026-10-01 17:44:34,983 INFO epoch 29000  mean_mse 5.8048e-06 | train eq18 1.7414e-04 test eq18 6.8384e-03
2026-10-01 17:44:35,233 INFO epoch 29250  mean_mse 1.5540e-05 | train eq18 4.6619e-04 test eq18 7.9980e-03
2026-10-01 17:44:35,503 INFO epoch 29500  mean_mse 1.5784e-05 | train eq18 4.7351e-04 test eq18 7.4623e-03
2026-10-01 17:44:35,744 INFO epoch 29750  mean_mse 9.3098e-06 | train eq18 2.7929e-04 test eq18 6.7404e-03
2026-10-01 17:44:35,988 INFO epoch 30000  mean_mse 1.5468e-05 | train eq18 4.6404e-04 test eq18 8.9686e-03
2026-10-01 17:44:36,270 INFO epoch 30250  mean_mse 8.8584e-06 | train eq18 2.6575e-04 test eq18 8.2124e-03
2026-10-01 17:44:36,518 INFO epoch 30500  mean_mse 4.6437e-06 | train eq18 1.3931e-04 test eq18 7.4526e-03
2026-10-01 17:44:36,770 INFO epoch 30750  mean_mse 8.3777e-05 | train eq18 2.5133e-03 test eq18 7.0595e-03
2026-10-01 17:44:37,017 INFO epoch 31000  mean_mse 4.7944e-06 | train eq18 1.4383e-04 test eq18 7.6964e-03
2026-10-01 17:44:37,257 INFO epoch 31250  mean_mse 4.5779e-05 | train eq18 1.3734e-03 test eq18 6.3188e-03
2026-10-01 17:44:37,518 INFO epoch 31500  mean_mse 1.3288e-05 | train eq18 3.9864e-04 test eq18 9.3650e-03
2026-10-01 17:44:37,847 INFO epoch 31750  mean_mse 8.4032e-06 | train eq18 2.5210e-04 test eq18 8.6844e-03
2026-10-01 17:44:38,087 INFO epoch 32000  mean_mse 4.5385e-06 | train eq18 1.3615e-04 test eq18 7.4856e-03
2026-10-01 17:44:38,341 INFO epoch 32250  mean_mse 9.5613e-06 | train eq18 2.8684e-04 test eq18 7.7588e-03
2026-10-01 17:44:38,591 INFO epoch 32500  mean_mse 1.7370e-05 | train eq18 5.2109e-04 test eq18 6.5052e-03
2026-10-01 17:44:38,840 INFO epoch 32750  mean_mse 1.5709e-05 | train eq18 4.7126e-04 test eq18 6.5404e-03
2026-10-01 17:44:39,090 INFO epoch 33000  mean_mse 6.2466e-05 | train eq18 1.8740e-03 test eq18 7.5406e-03
2026-10-01 17:44:39,339 INFO epoch 33250  mean_mse 8.6132e-06 | train eq18 2.5839e-04 test eq18 8.6912e-03
2026-10-01 17:44:39,580 INFO epoch 33500  mean_mse 9.7493e-06 | train eq18 2.9248e-04 test eq18 6.8827e-03
2026-10-01 17:44:39,863 INFO epoch 33750  mean_mse 2.6380e-05 | train eq18 7.9140e-04 test eq18 1.0358e-02
2026-10-01 17:44:40,105 INFO epoch 34000  mean_mse 4.4292e-06 | train eq18 1.3288e-04 test eq18 7.5687e-03
2026-10-01 17:44:40,373 INFO epoch 34250  mean_mse 1.9612e-05 | train eq18 5.8835e-04 test eq18 6.4474e-03
2026-10-01 17:44:40,612 INFO epoch 34500  mean_mse 8.5541e-06 | train eq18 2.5662e-04 test eq18 7.3620e-03
2026-10-01 17:44:40,906 INFO epoch 34750  mean_mse 4.9343e-06 | train eq18 1.4803e-04 test eq18 7.6172e-03
2026-10-01 17:44:41,161 INFO epoch 35000  mean_mse 5.9810e-06 | train eq18 1.7943e-04 test eq18 7.8931e-03
2026-10-01 17:44:41,416 INFO epoch 35250  mean_mse 1.3688e-05 | train eq18 4.1065e-04 test eq18 9.0931e-03
2026-10-01 17:44:41,668 INFO epoch 35500  mean_mse 1.5471e-05 | train eq18 4.6413e-04 test eq18 7.7277e-03
2026-10-01 17:44:41,929 INFO epoch 35750  mean_mse 3.3170e-05 | train eq18 9.9511e-04 test eq18 1.0326e-02
2026-10-01 17:44:42,171 INFO epoch 36000  mean_mse 5.4780e-06 | train eq18 1.6434e-04 test eq18 8.5621e-03
2026-10-01 17:44:42,439 INFO epoch 36250  mean_mse 1.1187e-05 | train eq18 3.3561e-04 test eq18 7.1718e-03
2026-10-01 17:44:42,695 INFO epoch 36500  mean_mse 2.3553e-05 | train eq18 7.0658e-04 test eq18 8.7793e-03
2026-10-01 17:44:42,964 INFO epoch 36750  mean_mse 1.8392e-05 | train eq18 5.5177e-04 test eq18 9.9737e-03
2026-10-01 17:44:43,202 INFO epoch 37000  mean_mse 2.5001e-05 | train eq18 7.5003e-04 test eq18 7.7573e-03
2026-10-01 17:44:43,460 INFO epoch 37250  mean_mse 2.4599e-05 | train eq18 7.3796e-04 test eq18 1.0014e-02
2026-10-01 17:44:43,751 INFO epoch 37500  mean_mse 5.2841e-06 | train eq18 1.5852e-04 test eq18 8.7762e-03
2026-10-01 17:44:44,018 INFO epoch 37750  mean_mse 1.1827e-05 | train eq18 3.5480e-04 test eq18 7.2129e-03
2026-10-01 17:44:44,294 INFO epoch 38000  mean_mse 1.5733e-05 | train eq18 4.7198e-04 test eq18 7.2003e-03
2026-10-01 17:44:44,565 INFO epoch 38250  mean_mse 6.5452e-06 | train eq18 1.9635e-04 test eq18 9.1733e-03
2026-10-01 17:44:44,849 INFO epoch 38500  mean_mse 4.9234e-06 | train eq18 1.4770e-04 test eq18 7.9233e-03
2026-10-01 17:44:45,112 INFO epoch 38750  mean_mse 9.9251e-06 | train eq18 2.9775e-04 test eq18 9.3182e-03
2026-10-01 17:44:45,492 INFO epoch 39000  mean_mse 6.6420e-06 | train eq18 1.9926e-04 test eq18 7.8824e-03
2026-10-01 17:44:45,746 INFO epoch 39250  mean_mse 3.3736e-05 | train eq18 1.0121e-03 test eq18 7.9806e-03
2026-10-01 17:44:45,999 INFO epoch 39500  mean_mse 4.3353e-06 | train eq18 1.3006e-04 test eq18 8.4193e-03
2026-10-01 17:44:46,264 INFO epoch 39750  mean_mse 2.5686e-05 | train eq18 7.7057e-04 test eq18 6.9046e-03
2026-10-01 17:44:46,508 INFO epoch 40000  mean_mse 3.9306e-06 | train eq18 1.1792e-04 test eq18 8.3997e-03
2026-10-01 17:44:46,751 INFO epoch 40250  mean_mse 6.9247e-06 | train eq18 2.0774e-04 test eq18 8.6124e-03
2026-10-01 17:44:46,995 INFO epoch 40500  mean_mse 8.8558e-06 | train eq18 2.6567e-04 test eq18 9.7294e-03
2026-10-01 17:44:47,240 INFO epoch 40750  mean_mse 7.0636e-05 | train eq18 2.1191e-03 test eq18 7.0832e-03
2026-10-01 17:44:47,507 INFO epoch 41000  mean_mse 5.1881e-06 | train eq18 1.5564e-04 test eq18 9.1360e-03
2026-10-01 17:44:47,744 INFO epoch 41250  mean_mse 3.8778e-06 | train eq18 1.1633e-04 test eq18 8.5870e-03
2026-10-01 17:44:48,003 INFO epoch 41500  mean_mse 2.3728e-05 | train eq18 7.1185e-04 test eq18 7.7973e-03
2026-10-01 17:44:48,249 INFO epoch 41750  mean_mse 5.4258e-06 | train eq18 1.6277e-04 test eq18 8.6929e-03
2026-10-01 17:44:48,496 INFO epoch 42000  mean_mse 3.7688e-06 | train eq18 1.1306e-04 test eq18 8.6320e-03
2026-10-01 17:44:48,746 INFO epoch 42250  mean_mse 7.5452e-06 | train eq18 2.2636e-04 test eq18 7.9916e-03
2026-10-01 17:44:48,989 INFO epoch 42500  mean_mse 6.3204e-06 | train eq18 1.8961e-04 test eq18 8.9613e-03
2026-10-01 17:44:49,240 INFO epoch 42750  mean_mse 6.2876e-06 | train eq18 1.8863e-04 test eq18 8.5213e-03
2026-10-01 17:44:49,479 INFO epoch 43000  mean_mse 4.0340e-06 | train eq18 1.2102e-04 test eq18 8.7239e-03
2026-10-01 17:44:49,743 INFO epoch 43250  mean_mse 5.8910e-06 | train eq18 1.7673e-04 test eq18 8.9654e-03
2026-10-01 17:44:50,047 INFO epoch 43500  mean_mse 4.1825e-05 | train eq18 1.2548e-03 test eq18 9.6383e-03
2026-10-01 17:44:50,345 INFO epoch 43750  mean_mse 3.9924e-06 | train eq18 1.1977e-04 test eq18 9.2104e-03
2026-10-01 17:44:50,686 INFO epoch 44000  mean_mse 4.3580e-06 | train eq18 1.3074e-04 test eq18 8.6976e-03
2026-10-01 17:44:50,974 INFO epoch 44250  mean_mse 6.0389e-06 | train eq18 1.8117e-04 test eq18 8.6069e-03
2026-10-01 17:44:51,361 INFO epoch 44500  mean_mse 6.4296e-06 | train eq18 1.9289e-04 test eq18 9.9412e-03
2026-10-01 17:44:51,762 INFO epoch 44750  mean_mse 4.8774e-06 | train eq18 1.4632e-04 test eq18 9.4612e-03
2026-10-01 17:44:52,122 INFO epoch 45000  mean_mse 5.9056e-06 | train eq18 1.7717e-04 test eq18 8.6171e-03
2026-10-01 17:44:52,388 INFO epoch 45250  mean_mse 3.6808e-06 | train eq18 1.1042e-04 test eq18 9.4598e-03
2026-10-01 17:44:52,757 INFO epoch 45500  mean_mse 1.7923e-05 | train eq18 5.3769e-04 test eq18 1.0761e-02
2026-10-01 17:44:53,058 INFO epoch 45750  mean_mse 1.8038e-05 | train eq18 5.4114e-04 test eq18 8.3047e-03
2026-10-01 17:44:53,322 INFO epoch 46000  mean_mse 7.7276e-06 | train eq18 2.3183e-04 test eq18 9.5870e-03
2026-10-01 17:44:53,618 INFO epoch 46250  mean_mse 8.1005e-06 | train eq18 2.4302e-04 test eq18 9.9972e-03
2026-10-01 17:44:53,963 INFO epoch 46500  mean_mse 3.8102e-06 | train eq18 1.1431e-04 test eq18 9.6106e-03
2026-10-01 17:44:54,288 INFO epoch 46750  mean_mse 3.9580e-06 | train eq18 1.1874e-04 test eq18 9.4303e-03
2026-10-01 17:44:54,573 INFO epoch 47000  mean_mse 9.2006e-06 | train eq18 2.7602e-04 test eq18 9.4425e-03
2026-10-01 17:44:54,845 INFO epoch 47250  mean_mse 4.2353e-06 | train eq18 1.2706e-04 test eq18 9.2813e-03
2026-10-01 17:44:55,110 INFO epoch 47500  mean_mse 2.9034e-05 | train eq18 8.7103e-04 test eq18 8.3986e-03
2026-10-01 17:44:55,351 INFO epoch 47750  mean_mse 4.3499e-05 | train eq18 1.3050e-03 test eq18 8.9482e-03
2026-10-01 17:44:55,608 INFO epoch 48000  mean_mse 4.4014e-06 | train eq18 1.3204e-04 test eq18 1.0020e-02
2026-10-01 17:44:55,874 INFO epoch 48250  mean_mse 6.0676e-06 | train eq18 1.8203e-04 test eq18 8.9895e-03
2026-10-01 17:44:56,120 INFO epoch 48500  mean_mse 4.2427e-06 | train eq18 1.2728e-04 test eq18 9.8701e-03
2026-10-01 17:44:56,391 INFO epoch 48750  mean_mse 3.3740e-06 | train eq18 1.0122e-04 test eq18 9.8601e-03
2026-10-01 17:44:56,650 INFO epoch 49000  mean_mse 5.5534e-06 | train eq18 1.6660e-04 test eq18 1.0865e-02
2026-10-01 17:44:56,897 INFO epoch 49250  mean_mse 4.4090e-06 | train eq18 1.3227e-04 test eq18 1.0158e-02
2026-10-01 17:44:57,149 INFO epoch 49500  mean_mse 4.9443e-06 | train eq18 1.4833e-04 test eq18 1.0348e-02
2026-10-01 17:44:57,426 INFO epoch 49750  mean_mse 3.8323e-05 | train eq18 1.1497e-03 test eq18 1.3897e-02
2026-10-01 17:44:57,721 INFO wrote ../results/experiments/biodiesel/author_repo_match/figures_tanh_r1_lr1e-2/fig04/deeponet_p456_seed0/checkpoint_final.pt
2026-10-01 17:44:57,722 INFO final: train {'mean_mse': 3.863391157210572e-06, 'mean_mse_u': 3.863391157210572e-06, 'eq18_obs': 0.00011590171925490722, 'eq22_true': 0.00011590171925490722, 'eq18_obs_time_averaged': 3.863390641830241e-06, 'eq22_true_time_averaged': 3.863390641830241e-06}
2026-10-01 17:44:57,722 INFO final: test {'mean_mse': 0.00035006602411158383, 'mean_mse_u': 0.00035006602411158383, 'eq18_obs': 0.010501980781555176, 'eq22_true': 0.010501980781555176, 'eq18_obs_time_averaged': 0.0003500660260518392, 'eq22_true_time_averaged': 0.0003500660260518392}
2026-10-01 17:44:57,722 INFO final trunk: {'kinks': [-3.452253580093384, -2.544382333755493, -0.28154221177101135, 24.496583938598633, 3.3387291431427, -0.47846323251724243, 0.769853413105011, 2.537004232406616, 8.451338768005371, -3.941655158996582], 'dead_on_grid': {'tanh0': 0, 'tanh1': 0}, 'dead_on_dense': {'tanh0': 0, 'tanh1': 0}, 'interior_breakpoints_s': {'layer1': [0.769853413105011, 2.537004232406616, 3.3387291431427, 8.451338768005371, 24.496583938598633], 'layer2': [3.5210001468658447, 4.669000148773193, 10.747000694274902, 16.847999572753906, 17.26599884033203, 20.51300048828125]}, 'tanh_saturation': {'grid': {'layer1': {'abs_z_quantiles_10_50_90_max': [0.43845980167388915, 2.6621086597442627, 20.65039291381838, 47.186683654785156], 'frac_abs_z_gt': {'2': 0.5933333333333334, '3': 0.46, '5': 0.36}, 'frac_abs_act_gt': {'0.95': 0.6166666666666667, '0.99': 0.5033333333333333}, 'derivative_mean': 0.21873387694358826, 'derivative_median': 0.01930198073387146}, 'layer2': {'abs_z_quantiles_10_50_90_max': [0.16688414365053178, 1.1719801425933838, 2.454508233070382, 3.062915086746216], 'frac_abs_z_gt': {'2': 0.16333333333333333, '3': 0.04, '5': 0.0}, 'frac_abs_act_gt': {'0.95': 0.23666666666666666, '0.99': 0.1}, 'derivative_mean': 0.43404969573020935, 'derivative_median': 0.3195422887802124}}, 'dense': {'layer1': {'abs_z_quantiles_10_50_90_max': [0.42237792909145355, 2.6670395135879517, 20.879615783691396, 47.186683654785156], 'frac_abs_z_gt': {'2': 0.5940199335548173, '3': 0.4611295681063123, '5': 0.3631229235880399}, 'frac_abs_act_gt': {'0.95': 0.6225913621262459, '0.99': 0.5026578073089701}, 'derivative_mean': 0.21405422687530518, 'derivative_median': 0.019112586975097656}, 'layer2': {'abs_z_quantiles_10_50_90_max': [0.1692038252949715, 1.14761620759964, 2.4544522523879673, 3.063671827316284], 'frac_abs_z_gt': {'2': 0.16079734219269104, '3': 0.04053156146179402, '5': 0.0}, 'frac_abs_act_gt': {'0.95': 0.23621262458471762, '0.99': 0.1}, 'derivative_mean': 0.43874576687812805, 'derivative_median': 0.3325718641281128}}}}
2026-10-01 17:44:57,723 INFO run completed 2026-10-01T15:44:57Z
