2026-10-01 18:46:49,981 run start | results/experiments/biodiesel/author_repo_match/figures_paper_order/fig05/chemkan_noise00_seed0 | seed 0 | params 156
2026-10-01 18:46:50,295 epoch     1  train 3.8470e-01  val 3.5345e-01  (0 s)
2026-10-01 18:47:00,074 epoch   100  train 2.6904e-02  val 3.0108e-02  (10 s)
2026-10-01 18:47:11,017 epoch   200  train 1.0389e-02  val 1.1933e-02  (21 s)
2026-10-01 18:47:24,396 epoch   300  train 3.6543e-03  val 4.5172e-03  (34 s)
2026-10-01 18:47:36,057 epoch   400  train 2.3271e-03  val 3.1327e-03  (46 s)
2026-10-01 18:47:51,444 epoch   500  train 1.7083e-03  val 2.5466e-03  (61 s)
2026-10-01 18:48:08,896 epoch   600  train 1.3239e-03  val 2.1858e-03  (79 s)
2026-10-01 18:48:27,907 epoch   700  train 1.0758e-03  val 1.9458e-03  (98 s)
2026-10-01 18:48:45,409 epoch   800  train 9.1114e-04  val 1.7782e-03  (115 s)
2026-10-01 18:49:09,824 epoch   900  train 7.9502e-04  val 1.6519e-03  (140 s)
2026-10-01 18:49:31,999 epoch  1000  train 7.0779e-04  val 1.5348e-03  (162 s)
2026-10-01 18:49:47,639 epoch  1100  train 6.3794e-04  val 1.4316e-03  (178 s)
2026-10-01 18:50:02,481 epoch  1200  train 5.7845e-04  val 1.3287e-03  (192 s)
2026-10-01 18:50:15,938 epoch  1300  train 5.2401e-04  val 1.2237e-03  (206 s)
2026-10-01 18:50:29,275 epoch  1400  train 4.7180e-04  val 1.1163e-03  (219 s)
2026-10-01 18:50:43,543 epoch  1500  train 4.2087e-04  val 1.0088e-03  (234 s)
2026-10-01 18:51:03,188 epoch  1600  train 3.7141e-04  val 9.0206e-04  (253 s)
2026-10-01 18:51:19,565 epoch  1700  train 3.2539e-04  val 8.0289e-04  (270 s)
2026-10-01 18:51:33,985 epoch  1800  train 2.8594e-04  val 7.1910e-04  (284 s)
2026-10-01 18:51:47,465 epoch  1900  train 2.5963e-04  val 6.7430e-04  (297 s)
2026-10-01 18:52:02,435 epoch  2000  train 2.3825e-04  val 6.1961e-04  (312 s)
2026-10-01 18:52:18,469 epoch  2100  train 4.7661e-04  val 9.6242e-04  (328 s)
2026-10-01 18:52:35,779 epoch  2200  train 2.1121e-04  val 5.5697e-04  (346 s)
2026-10-01 18:52:54,487 epoch  2300  train 2.0092e-04  val 5.2889e-04  (365 s)
2026-10-01 18:53:14,781 epoch  2400  train 1.9360e-04  val 5.1605e-04  (385 s)
2026-10-01 18:53:31,042 epoch  2500  train 1.8551e-04  val 4.8920e-04  (401 s)
2026-10-01 18:53:47,000 epoch  2600  train 1.7892e-04  val 4.7135e-04  (417 s)
2026-10-01 18:54:00,965 epoch  2700  train 1.7379e-04  val 4.5580e-04  (431 s)
2026-10-01 18:54:15,886 epoch  2800  train 1.6833e-04  val 4.4480e-04  (446 s)
2026-10-01 18:54:30,792 epoch  2900  train 1.6350e-04  val 4.3236e-04  (461 s)
2026-10-01 18:54:44,607 epoch  3000  train 1.5980e-04  val 4.2606e-04  (475 s)
2026-10-01 18:54:58,431 epoch  3100  train 1.5548e-04  val 4.1520e-04  (488 s)
2026-10-01 18:55:11,783 epoch  3200  train 1.5158e-04  val 4.0657e-04  (502 s)
2026-10-01 18:55:25,007 epoch  3300  train 1.5821e-04  val 3.9452e-04  (515 s)
2026-10-01 18:55:38,336 epoch  3400  train 1.4467e-04  val 3.9307e-04  (528 s)
2026-10-01 18:55:51,764 epoch  3500  train 1.4120e-04  val 3.8722e-04  (542 s)
2026-10-01 18:56:09,800 epoch  3600  train 3.2074e-04  val 4.6830e-04  (560 s)
2026-10-01 18:56:23,527 epoch  3700  train 1.3489e-04  val 3.8079e-04  (574 s)
2026-10-01 18:56:36,959 epoch  3800  train 1.3168e-04  val 3.7613e-04  (587 s)
2026-10-01 18:56:50,322 epoch  3900  train 1.2863e-04  val 3.7266e-04  (600 s)
2026-10-01 18:57:04,442 epoch  4000  train 1.3110e-04  val 3.9361e-04  (614 s)
2026-10-01 18:57:17,787 epoch  4100  train 1.2325e-04  val 3.6979e-04  (628 s)
2026-10-01 18:57:30,980 epoch  4200  train 1.2068e-04  val 3.6714e-04  (641 s)
2026-10-01 18:57:44,490 epoch  4300  train 1.3490e-04  val 3.6275e-04  (655 s)
2026-10-01 18:57:57,605 epoch  4400  train 1.1612e-04  val 3.6531e-04  (668 s)
2026-10-01 18:58:11,293 epoch  4500  train 1.1384e-04  val 3.6264e-04  (681 s)
2026-10-01 18:58:25,489 epoch  4600  train 1.1164e-04  val 3.6020e-04  (696 s)
2026-10-01 18:58:42,627 epoch  4700  train 1.0991e-04  val 3.6010e-04  (713 s)
2026-10-01 18:59:22,309 epoch  4800  train 1.0772e-04  val 3.5670e-04  (752 s)
2026-10-01 18:59:38,632 epoch  4900  train 1.0571e-04  val 3.5353e-04  (769 s)
2026-10-01 18:59:55,501 epoch  5000  train 1.1029e-04  val 3.5307e-04  (786 s)
2026-10-01 19:00:13,272 epoch  5100  train 1.0214e-04  val 3.4883e-04  (803 s)
2026-10-01 19:00:27,551 epoch  5200  train 1.0031e-04  val 3.4534e-04  (818 s)
2026-10-01 19:00:42,674 epoch  5300  train 2.0653e-04  val 4.8255e-04  (833 s)
2026-10-01 19:00:56,564 epoch  5400  train 9.7095e-05  val 3.4090e-04  (847 s)
2026-10-01 19:01:10,201 epoch  5500  train 9.5385e-05  val 3.3719e-04  (860 s)
2026-10-01 19:01:23,573 epoch  5600  train 9.3837e-05  val 3.3299e-04  (874 s)
2026-10-01 19:01:37,923 epoch  5700  train 9.2521e-05  val 3.3178e-04  (888 s)
2026-10-01 19:01:52,649 epoch  5800  train 9.0877e-05  val 3.2921e-04  (903 s)
2026-10-01 19:02:07,205 epoch  5900  train 8.9341e-05  val 3.2613e-04  (917 s)
2026-10-01 19:02:21,933 epoch  6000  train 8.8728e-05  val 3.2965e-04  (932 s)
2026-10-01 19:02:36,530 epoch  6100  train 8.6765e-05  val 3.2171e-04  (947 s)
2026-10-01 19:02:50,979 epoch  6200  train 8.5347e-05  val 3.1931e-04  (961 s)
2026-10-01 19:03:05,512 epoch  6300  train 9.0010e-05  val 3.2157e-04  (976 s)
2026-10-01 19:03:19,952 epoch  6400  train 8.3010e-05  val 3.1542e-04  (990 s)
2026-10-01 19:03:34,847 epoch  6500  train 8.1691e-05  val 3.1284e-04  (1005 s)
2026-10-01 19:03:55,939 epoch  6600  train 8.0418e-05  val 3.0919e-04  (1026 s)
2026-10-01 19:04:12,221 epoch  6700  train 7.9718e-05  val 3.0919e-04  (1042 s)
2026-10-01 19:04:26,790 epoch  6800  train 7.8411e-05  val 3.0467e-04  (1057 s)
2026-10-01 19:04:41,901 epoch  6900  train 7.7251e-05  val 3.0128e-04  (1072 s)
2026-10-01 19:04:57,089 epoch  7000  train 1.2448e-04  val 3.7869e-04  (1087 s)
2026-10-01 19:05:12,499 epoch  7100  train 7.5438e-05  val 2.9602e-04  (1103 s)
2026-10-01 19:05:27,235 epoch  7200  train 7.4347e-05  val 2.9067e-04  (1117 s)
2026-10-01 19:05:46,680 epoch  7300  train 1.0011e-04  val 3.4626e-04  (1137 s)
2026-10-01 19:06:01,460 epoch  7400  train 7.2460e-05  val 2.8395e-04  (1151 s)
2026-10-01 19:06:16,236 epoch  7500  train 7.3011e-05  val 2.8229e-04  (1166 s)
2026-10-01 19:06:31,438 epoch  7600  train 7.0716e-05  val 2.7953e-04  (1181 s)
2026-10-01 19:06:47,858 epoch  7700  train 7.0900e-05  val 2.7638e-04  (1198 s)
2026-10-01 19:07:03,077 epoch  7800  train 6.9112e-05  val 2.7578e-04  (1213 s)
2026-10-01 19:07:21,266 epoch  7900  train 8.5751e-05  val 2.9887e-04  (1231 s)
2026-10-01 19:07:39,486 epoch  8000  train 6.7627e-05  val 2.7292e-04  (1250 s)
2026-10-01 19:07:55,577 epoch  8100  train 6.6762e-05  val 2.7003e-04  (1266 s)
2026-10-01 19:08:12,209 epoch  8200  train 6.6252e-05  val 2.7142e-04  (1282 s)
2026-10-01 19:08:28,369 epoch  8300  train 6.8273e-05  val 2.5755e-04  (1298 s)
2026-10-01 19:08:44,782 epoch  8400  train 6.4706e-05  val 2.6611e-04  (1315 s)
2026-10-01 19:09:00,205 epoch  8500  train 2.3929e-04  val 4.6466e-04  (1330 s)
2026-10-01 19:09:15,502 epoch  8600  train 6.3561e-05  val 2.6549e-04  (1346 s)
2026-10-01 19:09:32,509 epoch  8700  train 6.2804e-05  val 2.6282e-04  (1363 s)
2026-10-01 19:09:48,331 epoch  8800  train 6.2096e-05  val 2.6112e-04  (1378 s)
2026-10-01 19:10:16,251 epoch  8900  train 6.1831e-05  val 2.6107e-04  (1406 s)
2026-10-01 19:10:37,904 epoch  9000  train 6.1011e-05  val 2.5979e-04  (1428 s)
2026-10-01 19:11:01,195 epoch  9100  train 6.0411e-05  val 2.5922e-04  (1451 s)
2026-10-01 19:11:26,240 epoch  9200  train 6.0040e-05  val 2.6241e-04  (1476 s)
2026-10-01 19:11:52,247 epoch  9300  train 5.9356e-05  val 2.6024e-04  (1502 s)
2026-10-01 19:12:09,359 epoch  9400  train 5.8733e-05  val 2.5916e-04  (1519 s)
2026-10-01 19:12:23,800 epoch  9500  train 5.8587e-05  val 2.5954e-04  (1534 s)
2026-10-01 19:12:38,647 epoch  9600  train 5.7819e-05  val 2.5748e-04  (1549 s)
2026-10-01 19:12:53,653 epoch  9700  train 5.7230e-05  val 2.5510e-04  (1564 s)
2026-10-01 19:13:08,223 epoch  9800  train 5.7613e-05  val 2.6347e-04  (1578 s)
2026-10-01 19:13:23,025 epoch  9900  train 5.6394e-05  val 2.5105e-04  (1593 s)
2026-10-01 19:13:37,839 epoch 10000  train 5.5831e-05  val 2.4888e-04  (1608 s)
2026-10-01 19:13:40,696 completed | 10000 epochs | 1607.9 s | train 5.5831e-05 val 2.4888e-04
