2026-09-26 23:01:01,878 run start | results/experiments/biodiesel/author_repo_match/canonical_data_fsa_seed0 | seed 0 | params 156
2026-09-26 23:01:02,916 epoch     1  train 2.5420e-01  val 2.9971e-01  (1 s)
2026-09-26 23:02:37,277 epoch   100  train 2.4413e-02  val 3.1666e-02  (95 s)
2026-09-26 23:04:31,863 epoch   200  train 6.0458e-03  val 1.0569e-02  (210 s)
2026-09-26 23:06:36,643 epoch   300  train 2.7255e-03  val 5.7102e-03  (335 s)
2026-09-26 23:08:41,930 epoch   400  train 1.9163e-03  val 4.1834e-03  (460 s)
2026-09-26 23:10:55,424 epoch   500  train 1.4708e-03  val 3.2751e-03  (594 s)
2026-09-26 23:13:11,676 epoch   600  train 1.1644e-03  val 2.6723e-03  (730 s)
2026-09-26 23:15:21,491 epoch   700  train 9.4254e-04  val 2.2221e-03  (860 s)
2026-09-26 23:17:33,184 epoch   800  train 7.7650e-04  val 1.8347e-03  (991 s)
2026-09-26 23:19:45,830 epoch   900  train 6.4870e-04  val 1.7034e-03  (1124 s)
2026-09-26 23:21:55,946 epoch  1000  train 5.4744e-04  val 1.5525e-03  (1254 s)
2026-09-26 23:24:06,024 epoch  1100  train 5.0354e-04  val 1.4056e-03  (1384 s)
2026-09-26 23:26:16,769 epoch  1200  train 4.0639e-04  val 1.3031e-03  (1515 s)
2026-09-26 23:28:33,111 epoch  1300  train 3.6137e-04  val 1.2189e-03  (1651 s)
2026-09-26 23:30:54,409 epoch  1400  train 3.7678e-04  val 1.2488e-03  (1793 s)
2026-09-26 23:33:19,984 epoch  1500  train 2.9804e-04  val 1.1377e-03  (1938 s)
2026-09-26 23:35:36,361 epoch  1600  train 2.8061e-04  val 1.1097e-03  (2075 s)
2026-09-26 23:37:51,724 epoch  1700  train 2.5792e-04  val 1.0757e-03  (2210 s)
2026-09-26 23:40:08,642 epoch  1800  train 2.4464e-04  val 1.0650e-03  (2347 s)
2026-09-26 23:42:24,658 epoch  1900  train 2.3063e-04  val 1.0379e-03  (2483 s)
2026-09-26 23:44:40,112 epoch  2000  train 2.1918e-04  val 1.0166e-03  (2618 s)
2026-09-26 23:46:55,200 epoch  2100  train 2.1050e-04  val 1.0177e-03  (2753 s)
2026-09-26 23:49:11,164 epoch  2200  train 2.0174e-04  val 9.9548e-04  (2889 s)
2026-09-26 23:51:27,541 epoch  2300  train 1.9571e-04  val 9.9205e-04  (3026 s)
2026-09-26 23:53:42,266 epoch  2400  train 1.8811e-04  val 9.7554e-04  (3160 s)
2026-09-26 23:55:57,215 epoch  2500  train 1.8381e-04  val 9.6815e-04  (3295 s)
2026-09-26 23:58:12,686 epoch  2600  train 1.7721e-04  val 9.5214e-04  (3431 s)
2026-09-27 00:00:29,449 epoch  2700  train 2.1784e-04  val 1.0431e-03  (3568 s)
2026-09-27 00:02:45,133 epoch  2800  train 1.6842e-04  val 9.2338e-04  (3703 s)
2026-09-27 00:05:01,433 epoch  2900  train 1.6413e-04  val 9.1517e-04  (3840 s)
2026-09-27 00:07:18,697 epoch  3000  train 1.6118e-04  val 8.9989e-04  (3977 s)
2026-09-27 00:09:34,956 epoch  3100  train 1.5749e-04  val 8.9198e-04  (4113 s)
2026-09-27 00:11:52,475 epoch  3200  train 1.5985e-04  val 8.7176e-04  (4251 s)
2026-09-27 00:14:09,037 epoch  3300  train 1.5177e-04  val 8.7877e-04  (4387 s)
2026-09-27 00:16:24,813 epoch  3400  train 1.5516e-04  val 8.4618e-04  (4523 s)
2026-09-27 00:18:41,344 epoch  3500  train 1.4678e-04  val 8.6465e-04  (4659 s)
2026-09-27 00:20:57,170 epoch  3600  train 1.4402e-04  val 8.6047e-04  (4795 s)
2026-09-27 00:23:19,644 epoch  3700  train 1.4255e-04  val 8.6249e-04  (4938 s)
2026-09-27 00:25:39,839 epoch  3800  train 1.3971e-04  val 8.4728e-04  (5078 s)
2026-09-27 00:28:00,517 epoch  3900  train 1.4112e-04  val 8.6437e-04  (5219 s)
2026-09-27 00:30:22,199 epoch  4000  train 1.3577e-04  val 8.3113e-04  (5360 s)
2026-09-27 00:32:53,686 epoch  4100  train 1.4333e-04  val 8.7844e-04  (5512 s)
2026-09-27 00:35:24,636 epoch  4200  train 1.3213e-04  val 8.2439e-04  (5663 s)
2026-09-27 00:37:44,588 epoch  4300  train 1.5149e-04  val 8.9148e-04  (5803 s)
2026-09-27 00:40:01,674 epoch  4400  train 1.2874e-04  val 8.0970e-04  (5940 s)
2026-09-27 00:42:19,061 epoch  4500  train 1.6486e-04  val 7.5500e-04  (6077 s)
2026-09-27 00:44:38,080 epoch  4600  train 1.2561e-04  val 8.0627e-04  (6216 s)
2026-09-27 00:46:58,233 epoch  4700  train 1.2634e-04  val 8.0119e-04  (6356 s)
2026-09-27 00:49:17,229 epoch  4800  train 1.2268e-04  val 8.0190e-04  (6495 s)
2026-09-27 00:51:33,446 epoch  4900  train 2.0775e-04  val 7.3402e-04  (6632 s)
2026-09-27 00:53:53,987 epoch  5000  train 1.1999e-04  val 7.9615e-04  (6772 s)
2026-09-27 00:56:10,459 epoch  5100  train 1.2052e-04  val 8.1580e-04  (6909 s)
2026-09-27 00:58:53,445 epoch  5200  train 1.1747e-04  val 7.8722e-04  (7072 s)
2026-09-27 01:01:15,237 epoch  5300  train 1.1602e-04  val 7.8655e-04  (7213 s)
2026-09-27 01:03:50,145 epoch  5400  train 1.1507e-04  val 7.8214e-04  (7368 s)
2026-09-27 01:06:23,538 epoch  5500  train 1.1367e-04  val 7.7581e-04  (7522 s)
2026-09-27 01:09:12,970 epoch  5600  train 1.1288e-04  val 7.7734e-04  (7691 s)
2026-09-27 01:11:58,960 epoch  5700  train 1.1145e-04  val 7.6758e-04  (7857 s)
2026-09-27 01:14:28,837 epoch  5800  train 1.1067e-04  val 7.6750e-04  (8007 s)
2026-09-27 01:16:53,312 epoch  5900  train 1.0937e-04  val 7.6024e-04  (8151 s)
2026-09-27 01:19:17,700 epoch  6000  train 1.0867e-04  val 7.6523e-04  (8296 s)
2026-09-27 01:21:39,770 epoch  6100  train 1.0736e-04  val 7.5758e-04  (8438 s)
2026-09-27 01:24:10,828 epoch  6200  train 1.0671e-04  val 7.6004e-04  (8589 s)
2026-09-27 01:26:35,537 epoch  6300  train 1.0548e-04  val 7.5974e-04  (8734 s)
2026-09-27 01:29:02,808 epoch  6400  train 1.0579e-04  val 7.5875e-04  (8881 s)
2026-09-27 01:31:24,220 epoch  6500  train 1.0369e-04  val 7.7358e-04  (9022 s)
2026-09-27 01:33:47,534 epoch  6600  train 1.1078e-04  val 7.3710e-04  (9166 s)
2026-09-27 01:36:13,692 epoch  6700  train 1.0197e-04  val 7.5550e-04  (9312 s)
2026-09-27 01:38:43,053 epoch  6800  train 1.1652e-04  val 8.0650e-04  (9461 s)
2026-09-27 01:41:05,385 epoch  6900  train 1.0034e-04  val 7.2583e-04  (9603 s)
2026-09-27 01:43:29,854 epoch  7000  train 9.9325e-05  val 7.1732e-04  (9748 s)
2026-09-27 01:45:51,150 epoch  7100  train 9.8823e-05  val 7.1656e-04  (9889 s)
2026-09-27 01:48:15,882 epoch  7200  train 9.7774e-05  val 7.1146e-04  (10034 s)
2026-09-27 01:50:44,889 epoch  7300  train 9.9581e-05  val 7.3446e-04  (10183 s)
2026-09-27 01:53:13,129 epoch  7400  train 9.6264e-05  val 7.0763e-04  (10331 s)
2026-09-27 01:55:40,167 epoch  7500  train 9.6573e-05  val 7.1610e-04  (10478 s)
2026-09-27 01:58:04,415 epoch  7600  train 9.4780e-05  val 7.1200e-04  (10622 s)
2026-09-27 02:00:28,702 epoch  7700  train 1.1815e-04  val 7.7739e-04  (10767 s)
2026-09-27 02:03:05,271 epoch  7800  train 9.3288e-05  val 7.0228e-04  (10923 s)
2026-09-27 02:05:22,570 epoch  7900  train 9.6638e-05  val 7.2917e-04  (11061 s)
2026-09-27 02:07:42,407 epoch  8000  train 9.1880e-05  val 6.9734e-04  (11200 s)
2026-09-27 02:10:01,815 epoch  8100  train 1.2702e-04  val 7.8194e-04  (11340 s)
2026-09-27 02:12:20,535 epoch  8200  train 9.0479e-05  val 6.9467e-04  (11479 s)
2026-09-27 02:14:41,816 epoch  8300  train 9.4096e-05  val 6.7003e-04  (11620 s)
2026-09-27 02:17:15,409 epoch  8400  train 8.9158e-05  val 6.9550e-04  (11773 s)
2026-09-27 02:19:46,604 epoch  8500  train 8.9842e-05  val 6.9071e-04  (11925 s)
2026-09-27 02:22:16,340 epoch  8600  train 8.7908e-05  val 6.9366e-04  (12074 s)
2026-09-27 02:24:57,279 epoch  8700  train 8.7137e-05  val 6.8854e-04  (12235 s)
2026-09-27 02:27:38,540 epoch  8800  train 8.6735e-05  val 6.9438e-04  (12397 s)
2026-09-27 02:30:19,680 epoch  8900  train 8.5880e-05  val 6.8993e-04  (12558 s)
2026-09-27 02:32:56,393 epoch  9000  train 8.5694e-05  val 6.8258e-04  (12714 s)
2026-09-27 02:36:03,502 epoch  9100  train 8.4674e-05  val 6.7894e-04  (12901 s)
2026-09-27 02:38:59,283 epoch  9200  train 8.5593e-05  val 6.8927e-04  (13077 s)
2026-09-27 02:42:06,952 epoch  9300  train 8.3508e-05  val 6.7369e-04  (13265 s)
2026-09-27 02:44:50,287 epoch  9400  train 8.3403e-05  val 6.7519e-04  (13428 s)
2026-09-27 02:47:23,246 epoch  9500  train 8.2368e-05  val 6.6990e-04  (13581 s)
2026-09-27 02:49:51,013 epoch  9600  train 8.3515e-05  val 6.6536e-04  (13729 s)
2026-09-27 02:52:15,591 epoch  9700  train 8.1223e-05  val 6.6668e-04  (13874 s)
2026-09-27 02:55:08,949 epoch  9800  train 8.1341e-05  val 6.6271e-04  (14047 s)
2026-09-27 02:57:52,739 epoch  9900  train 8.0124e-05  val 6.6482e-04  (14211 s)
2026-09-27 03:00:51,546 epoch 10000  train 7.9706e-05  val 6.6480e-04  (14389 s)
2026-09-27 03:00:54,777 completed | 10000 epochs | 14389.4 s | train 7.9706e-05 val 6.6480e-04
