2026-10-01 16:58:18,253 INFO run start 2026-10-01T14:58:18Z | run_id=biodiesel-deeponet-repro/deeponet_p456_seed0 | system=biodiesel-deeponet-repro | dir=../results/experiments/biodiesel/author_repo_match/figures_tanh_r1/fig04/deeponet_p456_seed0
2026-10-01 16:58:18,350 INFO wrote ../results/experiments/biodiesel/author_repo_match/figures_tanh_r1/fig04/deeponet_p456_seed0/config.json
2026-10-01 16:58:18,357 INFO configuration: branch inputs normalized (author-global normalized Mode A), targets author_global_normalized_states, trunk input raw physical t 0..30 s (30 points), activation tanh, placement A, init Aprime_tf_truncated_glorot_zero_bias, Adam lr 0.001
2026-10-01 16:58:18,357 INFO initial: train {'mean_mse': 0.3208436965942383, 'mean_mse_u': 0.3208436965942383, 'eq18_obs': 9.625310897827148, 'eq22_true': 9.625310897827148, 'eq18_obs_time_averaged': 0.3208436965942383, 'eq22_true_time_averaged': 0.3208436965942383} | test {'mean_mse': 0.3125576972961426, 'mean_mse_u': 0.3125576972961426, 'eq18_obs': 9.376731872558594, 'eq22_true': 9.376731872558594, 'eq18_obs_time_averaged': 0.31255772908528645, 'eq22_true_time_averaged': 0.31255772908528645}
2026-10-01 16:58:18,363 INFO initial prediction stats: {'min': -0.3546866774559021, 'max': 1.0715506076812744, 'mean': 0.137808158993721, 'abs_max': 1.0715506076812744, 'per_species_min': [0.030384190380573273, -0.3546866774559021, -0.039179250597953796, -0.13354156911373138, -0.1515641063451767, 0.0], 'per_species_max': [0.3946765065193176, 1.0715506076812744, 0.16187787055969238, 0.0, 0.0, 0.6436312198638916], 'fraction_negative': 0.37277777777777776}
2026-10-01 16:58:19,454 INFO epoch     0  mean_mse 3.2084e-01 | train eq18 9.6253e+00 test eq18 9.3767e+00
2026-10-01 16:58:20,351 INFO epoch   250  mean_mse 1.9239e-02 | train eq18 5.7718e-01 test eq18 7.2279e-01
2026-10-01 16:58:20,987 INFO epoch   500  mean_mse 5.1810e-03 | train eq18 1.5543e-01 test eq18 2.1224e-01
2026-10-01 16:58:21,353 INFO epoch   750  mean_mse 2.3661e-03 | train eq18 7.0982e-02 test eq18 1.0097e-01
2026-10-01 16:58:21,682 INFO epoch  1000  mean_mse 1.6980e-03 | train eq18 5.0939e-02 test eq18 8.0616e-02
2026-10-01 16:58:22,439 INFO epoch  1250  mean_mse 1.4312e-03 | train eq18 4.2936e-02 test eq18 7.2254e-02
2026-10-01 16:58:22,904 INFO epoch  1500  mean_mse 1.2399e-03 | train eq18 3.7198e-02 test eq18 6.6958e-02
2026-10-01 16:58:23,273 INFO epoch  1750  mean_mse 1.0416e-03 | train eq18 3.1248e-02 test eq18 6.2384e-02
2026-10-01 16:58:23,583 INFO epoch  2000  mean_mse 8.8253e-04 | train eq18 2.6476e-02 test eq18 5.9328e-02
2026-10-01 16:58:23,931 INFO epoch  2250  mean_mse 7.8736e-04 | train eq18 2.3621e-02 test eq18 5.6303e-02
2026-10-01 16:58:24,264 INFO epoch  2500  mean_mse 7.1484e-04 | train eq18 2.1445e-02 test eq18 5.2814e-02
2026-10-01 16:58:24,675 INFO epoch  2750  mean_mse 6.4475e-04 | train eq18 1.9342e-02 test eq18 4.9340e-02
2026-10-01 16:58:25,053 INFO epoch  3000  mean_mse 5.7563e-04 | train eq18 1.7269e-02 test eq18 4.5948e-02
2026-10-01 16:58:25,366 INFO epoch  3250  mean_mse 5.1180e-04 | train eq18 1.5354e-02 test eq18 4.2435e-02
2026-10-01 16:58:25,683 INFO epoch  3500  mean_mse 4.5598e-04 | train eq18 1.3679e-02 test eq18 3.9250e-02
2026-10-01 16:58:25,986 INFO epoch  3750  mean_mse 4.0708e-04 | train eq18 1.2212e-02 test eq18 3.5652e-02
2026-10-01 16:58:26,305 INFO epoch  4000  mean_mse 3.6271e-04 | train eq18 1.0881e-02 test eq18 3.2142e-02
2026-10-01 16:58:26,647 INFO epoch  4250  mean_mse 3.2084e-04 | train eq18 9.6253e-03 test eq18 2.8552e-02
2026-10-01 16:58:26,965 INFO epoch  4500  mean_mse 2.8155e-04 | train eq18 8.4464e-03 test eq18 2.5069e-02
2026-10-01 16:58:27,293 INFO epoch  4750  mean_mse 2.4645e-04 | train eq18 7.3935e-03 test eq18 2.1976e-02
2026-10-01 16:58:27,616 INFO epoch  5000  mean_mse 2.1683e-04 | train eq18 6.5049e-03 test eq18 1.9424e-02
2026-10-01 16:58:27,952 INFO epoch  5250  mean_mse 1.9270e-04 | train eq18 5.7809e-03 test eq18 1.7486e-02
2026-10-01 16:58:28,301 INFO epoch  5500  mean_mse 1.7319e-04 | train eq18 5.1957e-03 test eq18 1.6050e-02
2026-10-01 16:58:28,625 INFO epoch  5750  mean_mse 1.5718e-04 | train eq18 4.7153e-03 test eq18 1.4999e-02
2026-10-01 16:58:28,963 INFO epoch  6000  mean_mse 1.4381e-04 | train eq18 4.3144e-03 test eq18 1.4214e-02
2026-10-01 16:58:29,309 INFO epoch  6250  mean_mse 1.3238e-04 | train eq18 3.9714e-03 test eq18 1.3641e-02
2026-10-01 16:58:29,729 INFO epoch  6500  mean_mse 1.2229e-04 | train eq18 3.6686e-03 test eq18 1.3183e-02
2026-10-01 16:58:30,185 INFO epoch  6750  mean_mse 1.1297e-04 | train eq18 3.3892e-03 test eq18 1.2783e-02
2026-10-01 16:58:30,492 INFO epoch  7000  mean_mse 1.0407e-04 | train eq18 3.1222e-03 test eq18 1.2404e-02
2026-10-01 16:58:30,832 INFO epoch  7250  mean_mse 9.5435e-05 | train eq18 2.8630e-03 test eq18 1.2034e-02
2026-10-01 16:58:31,168 INFO epoch  7500  mean_mse 8.7125e-05 | train eq18 2.6137e-03 test eq18 1.1673e-02
2026-10-01 16:58:31,583 INFO epoch  7750  mean_mse 7.9324e-05 | train eq18 2.3797e-03 test eq18 1.1330e-02
2026-10-01 16:58:31,894 INFO epoch  8000  mean_mse 7.2390e-05 | train eq18 2.1717e-03 test eq18 1.1024e-02
2026-10-01 16:58:32,216 INFO epoch  8250  mean_mse 6.6356e-05 | train eq18 1.9907e-03 test eq18 1.0803e-02
2026-10-01 16:58:32,518 INFO epoch  8500  mean_mse 6.1377e-05 | train eq18 1.8413e-03 test eq18 1.0532e-02
2026-10-01 16:58:32,845 INFO epoch  8750  mean_mse 5.7350e-05 | train eq18 1.7205e-03 test eq18 1.0211e-02
2026-10-01 16:58:33,185 INFO epoch  9000  mean_mse 5.4073e-05 | train eq18 1.6222e-03 test eq18 1.0168e-02
2026-10-01 16:58:33,484 INFO epoch  9250  mean_mse 5.1237e-05 | train eq18 1.5371e-03 test eq18 9.9220e-03
2026-10-01 16:58:33,807 INFO epoch  9500  mean_mse 4.8821e-05 | train eq18 1.4646e-03 test eq18 9.7974e-03
2026-10-01 16:58:34,127 INFO epoch  9750  mean_mse 4.6644e-05 | train eq18 1.3993e-03 test eq18 9.6610e-03
2026-10-01 16:58:34,430 INFO epoch 10000  mean_mse 4.4681e-05 | train eq18 1.3404e-03 test eq18 9.5333e-03
2026-10-01 16:58:34,744 INFO epoch 10250  mean_mse 4.2898e-05 | train eq18 1.2869e-03 test eq18 9.4249e-03
2026-10-01 16:58:35,096 INFO epoch 10500  mean_mse 4.1245e-05 | train eq18 1.2374e-03 test eq18 9.3311e-03
2026-10-01 16:58:35,392 INFO epoch 10750  mean_mse 4.3479e-05 | train eq18 1.3044e-03 test eq18 9.9255e-03
2026-10-01 16:58:35,689 INFO epoch 11000  mean_mse 3.8361e-05 | train eq18 1.1508e-03 test eq18 9.1869e-03
2026-10-01 16:58:36,012 INFO epoch 11250  mean_mse 3.7102e-05 | train eq18 1.1131e-03 test eq18 9.1032e-03
2026-10-01 16:58:36,308 INFO epoch 11500  mean_mse 3.5942e-05 | train eq18 1.0783e-03 test eq18 9.0559e-03
2026-10-01 16:58:36,604 INFO epoch 11750  mean_mse 3.4853e-05 | train eq18 1.0456e-03 test eq18 8.9823e-03
2026-10-01 16:58:36,925 INFO epoch 12000  mean_mse 3.3849e-05 | train eq18 1.0155e-03 test eq18 8.9270e-03
2026-10-01 16:58:37,234 INFO epoch 12250  mean_mse 3.2923e-05 | train eq18 9.8768e-04 test eq18 8.8685e-03
2026-10-01 16:58:37,525 INFO epoch 12500  mean_mse 3.2051e-05 | train eq18 9.6154e-04 test eq18 8.8207e-03
2026-10-01 16:58:37,830 INFO epoch 12750  mean_mse 3.1594e-05 | train eq18 9.4782e-04 test eq18 8.5424e-03
2026-10-01 16:58:38,124 INFO epoch 13000  mean_mse 3.3354e-05 | train eq18 1.0006e-03 test eq18 8.0317e-03
2026-10-01 16:58:38,433 INFO epoch 13250  mean_mse 2.9787e-05 | train eq18 8.9361e-04 test eq18 8.7206e-03
2026-10-01 16:58:38,731 INFO epoch 13500  mean_mse 2.9090e-05 | train eq18 8.7270e-04 test eq18 8.6331e-03
2026-10-01 16:58:39,026 INFO epoch 13750  mean_mse 2.8452e-05 | train eq18 8.5356e-04 test eq18 8.5469e-03
2026-10-01 16:58:39,342 INFO epoch 14000  mean_mse 2.7805e-05 | train eq18 8.3415e-04 test eq18 8.5565e-03
2026-10-01 16:58:39,647 INFO epoch 14250  mean_mse 2.7314e-05 | train eq18 8.1943e-04 test eq18 8.4151e-03
2026-10-01 16:58:39,952 INFO epoch 14500  mean_mse 3.0335e-05 | train eq18 9.1004e-04 test eq18 7.9066e-03
2026-10-01 16:58:40,245 INFO epoch 14750  mean_mse 2.6076e-05 | train eq18 7.8227e-04 test eq18 8.4982e-03
2026-10-01 16:58:40,552 INFO epoch 15000  mean_mse 2.5524e-05 | train eq18 7.6572e-04 test eq18 8.3687e-03
2026-10-01 16:58:40,884 INFO epoch 15250  mean_mse 2.9574e-05 | train eq18 8.8723e-04 test eq18 9.3596e-03
2026-10-01 16:58:41,188 INFO epoch 15500  mean_mse 2.4510e-05 | train eq18 7.3529e-04 test eq18 8.3701e-03
2026-10-01 16:58:41,486 INFO epoch 15750  mean_mse 2.4001e-05 | train eq18 7.2003e-04 test eq18 8.3031e-03
2026-10-01 16:58:41,780 INFO epoch 16000  mean_mse 5.0658e-05 | train eq18 1.5198e-03 test eq18 1.0858e-02
2026-10-01 16:58:42,106 INFO epoch 16250  mean_mse 2.9059e-05 | train eq18 8.7177e-04 test eq18 9.2696e-03
2026-10-01 16:58:42,397 INFO epoch 16500  mean_mse 2.2610e-05 | train eq18 6.7829e-04 test eq18 8.1911e-03
2026-10-01 16:58:42,695 INFO epoch 16750  mean_mse 2.2168e-05 | train eq18 6.6504e-04 test eq18 8.1646e-03
2026-10-01 16:58:43,003 INFO epoch 17000  mean_mse 2.1736e-05 | train eq18 6.5209e-04 test eq18 8.1261e-03
2026-10-01 16:58:43,314 INFO epoch 17250  mean_mse 4.7980e-05 | train eq18 1.4394e-03 test eq18 6.7801e-03
2026-10-01 16:58:43,706 INFO epoch 17500  mean_mse 2.0950e-05 | train eq18 6.2851e-04 test eq18 8.1475e-03
2026-10-01 16:58:44,205 INFO epoch 17750  mean_mse 2.0504e-05 | train eq18 6.1513e-04 test eq18 8.0451e-03
2026-10-01 16:58:44,744 INFO epoch 18000  mean_mse 2.0110e-05 | train eq18 6.0331e-04 test eq18 8.0098e-03
2026-10-01 16:58:45,065 INFO epoch 18250  mean_mse 1.9729e-05 | train eq18 5.9187e-04 test eq18 7.9771e-03
2026-10-01 16:58:45,376 INFO epoch 18500  mean_mse 1.9361e-05 | train eq18 5.8084e-04 test eq18 7.9549e-03
2026-10-01 16:58:45,722 INFO epoch 18750  mean_mse 1.9001e-05 | train eq18 5.7003e-04 test eq18 7.9252e-03
2026-10-01 16:58:46,050 INFO epoch 19000  mean_mse 1.8670e-05 | train eq18 5.6011e-04 test eq18 7.9087e-03
2026-10-01 16:58:46,350 INFO epoch 19250  mean_mse 1.8342e-05 | train eq18 5.5025e-04 test eq18 7.8824e-03
2026-10-01 16:58:46,683 INFO epoch 19500  mean_mse 1.8027e-05 | train eq18 5.4082e-04 test eq18 7.8657e-03
2026-10-01 16:58:46,985 INFO epoch 19750  mean_mse 1.7731e-05 | train eq18 5.3193e-04 test eq18 7.8476e-03
2026-10-01 16:58:47,285 INFO epoch 20000  mean_mse 1.7451e-05 | train eq18 5.2352e-04 test eq18 7.8145e-03
2026-10-01 16:58:47,594 INFO epoch 20250  mean_mse 1.8262e-05 | train eq18 5.4785e-04 test eq18 7.3945e-03
2026-10-01 16:58:47,896 INFO epoch 20500  mean_mse 1.6957e-05 | train eq18 5.0872e-04 test eq18 7.8657e-03
2026-10-01 16:58:48,188 INFO epoch 20750  mean_mse 1.6733e-05 | train eq18 5.0199e-04 test eq18 7.7812e-03
2026-10-01 16:58:48,484 INFO epoch 21000  mean_mse 1.6477e-05 | train eq18 4.9432e-04 test eq18 7.7841e-03
2026-10-01 16:58:48,800 INFO epoch 21250  mean_mse 1.6276e-05 | train eq18 4.8827e-04 test eq18 7.7734e-03
2026-10-01 16:58:49,096 INFO epoch 21500  mean_mse 1.6087e-05 | train eq18 4.8260e-04 test eq18 7.7623e-03
2026-10-01 16:58:49,405 INFO epoch 21750  mean_mse 1.9304e-05 | train eq18 5.7912e-04 test eq18 8.5837e-03
2026-10-01 16:58:49,706 INFO epoch 22000  mean_mse 2.4527e-05 | train eq18 7.3582e-04 test eq18 8.9792e-03
2026-10-01 16:58:50,020 INFO epoch 22250  mean_mse 1.5819e-05 | train eq18 4.7457e-04 test eq18 7.9460e-03
2026-10-01 16:58:50,313 INFO epoch 22500  mean_mse 1.5454e-05 | train eq18 4.6361e-04 test eq18 7.7284e-03
2026-10-01 16:58:50,604 INFO epoch 22750  mean_mse 1.5321e-05 | train eq18 4.5962e-04 test eq18 7.7183e-03
2026-10-01 16:58:50,917 INFO epoch 23000  mean_mse 1.5199e-05 | train eq18 4.5598e-04 test eq18 7.6940e-03
2026-10-01 16:58:51,217 INFO epoch 23250  mean_mse 1.5079e-05 | train eq18 4.5238e-04 test eq18 7.7015e-03
2026-10-01 16:58:51,506 INFO epoch 23500  mean_mse 2.7831e-05 | train eq18 8.3492e-04 test eq18 7.8714e-03
2026-10-01 16:58:51,792 INFO epoch 23750  mean_mse 1.6380e-05 | train eq18 4.9139e-04 test eq18 7.2560e-03
2026-10-01 16:58:52,079 INFO epoch 24000  mean_mse 1.4841e-05 | train eq18 4.4524e-04 test eq18 7.7389e-03
2026-10-01 16:58:52,377 INFO epoch 24250  mean_mse 1.4983e-05 | train eq18 4.4949e-04 test eq18 7.4876e-03
2026-10-01 16:58:52,668 INFO epoch 24500  mean_mse 1.4585e-05 | train eq18 4.3755e-04 test eq18 7.6467e-03
2026-10-01 16:58:52,994 INFO epoch 24750  mean_mse 1.4516e-05 | train eq18 4.3547e-04 test eq18 7.6763e-03
2026-10-01 16:58:53,288 INFO epoch 25000  mean_mse 1.4419e-05 | train eq18 4.3256e-04 test eq18 7.6213e-03
2026-10-01 16:58:53,577 INFO epoch 25250  mean_mse 1.5426e-05 | train eq18 4.6279e-04 test eq18 8.0049e-03
2026-10-01 16:58:53,867 INFO epoch 25500  mean_mse 1.4265e-05 | train eq18 4.2795e-04 test eq18 7.5929e-03
2026-10-01 16:58:54,169 INFO epoch 25750  mean_mse 1.7730e-05 | train eq18 5.3191e-04 test eq18 6.9821e-03
2026-10-01 16:58:54,468 INFO epoch 26000  mean_mse 1.5080e-05 | train eq18 4.5240e-04 test eq18 7.1423e-03
2026-10-01 16:58:54,779 INFO epoch 26250  mean_mse 1.4061e-05 | train eq18 4.2183e-04 test eq18 7.5196e-03
2026-10-01 16:58:55,068 INFO epoch 26500  mean_mse 1.3996e-05 | train eq18 4.1988e-04 test eq18 7.5822e-03
2026-10-01 16:58:55,362 INFO epoch 26750  mean_mse 1.3929e-05 | train eq18 4.1788e-04 test eq18 7.4955e-03
2026-10-01 16:58:55,657 INFO epoch 27000  mean_mse 4.3953e-05 | train eq18 1.3186e-03 test eq18 1.0548e-02
2026-10-01 16:58:55,964 INFO epoch 27250  mean_mse 1.3807e-05 | train eq18 4.1420e-04 test eq18 7.5185e-03
2026-10-01 16:58:56,255 INFO epoch 27500  mean_mse 1.3745e-05 | train eq18 4.1234e-04 test eq18 7.4874e-03
2026-10-01 16:58:56,553 INFO epoch 27750  mean_mse 2.1872e-05 | train eq18 6.5616e-04 test eq18 7.5778e-03
2026-10-01 16:58:56,848 INFO epoch 28000  mean_mse 1.8212e-05 | train eq18 5.4636e-04 test eq18 6.7515e-03
2026-10-01 16:58:57,149 INFO epoch 28250  mean_mse 1.4250e-05 | train eq18 4.2749e-04 test eq18 7.1431e-03
2026-10-01 16:58:57,438 INFO epoch 28500  mean_mse 1.3538e-05 | train eq18 4.0613e-04 test eq18 7.4686e-03
2026-10-01 16:58:57,741 INFO epoch 28750  mean_mse 1.4349e-05 | train eq18 4.3048e-04 test eq18 7.0103e-03
2026-10-01 16:58:58,024 INFO epoch 29000  mean_mse 1.3501e-05 | train eq18 4.0503e-04 test eq18 7.3028e-03
2026-10-01 16:58:58,336 INFO epoch 29250  mean_mse 1.3372e-05 | train eq18 4.0115e-04 test eq18 7.3863e-03
2026-10-01 16:58:58,624 INFO epoch 29500  mean_mse 3.8657e-05 | train eq18 1.1597e-03 test eq18 1.0079e-02
2026-10-01 16:58:58,920 INFO epoch 29750  mean_mse 1.3277e-05 | train eq18 3.9832e-04 test eq18 7.3602e-03
2026-10-01 16:58:59,213 INFO epoch 30000  mean_mse 1.4331e-05 | train eq18 4.2992e-04 test eq18 7.7735e-03
2026-10-01 16:58:59,543 INFO epoch 30250  mean_mse 1.3181e-05 | train eq18 3.9544e-04 test eq18 7.3258e-03
2026-10-01 16:58:59,873 INFO epoch 30500  mean_mse 1.3229e-05 | train eq18 3.9688e-04 test eq18 7.2382e-03
2026-10-01 16:59:00,176 INFO epoch 30750  mean_mse 1.3091e-05 | train eq18 3.9272e-04 test eq18 7.2936e-03
2026-10-01 16:59:00,486 INFO epoch 31000  mean_mse 1.3060e-05 | train eq18 3.9179e-04 test eq18 7.3195e-03
2026-10-01 16:59:00,769 INFO epoch 31250  mean_mse 1.3042e-05 | train eq18 3.9125e-04 test eq18 7.3456e-03
2026-10-01 16:59:01,082 INFO epoch 31500  mean_mse 1.2965e-05 | train eq18 3.8896e-04 test eq18 7.2194e-03
2026-10-01 16:59:01,380 INFO epoch 31750  mean_mse 1.2966e-05 | train eq18 3.8897e-04 test eq18 7.3360e-03
2026-10-01 16:59:01,683 INFO epoch 32000  mean_mse 1.2893e-05 | train eq18 3.8679e-04 test eq18 7.1688e-03
2026-10-01 16:59:01,968 INFO epoch 32250  mean_mse 1.3516e-05 | train eq18 4.0547e-04 test eq18 7.5759e-03
2026-10-01 16:59:02,265 INFO epoch 32500  mean_mse 1.9743e-05 | train eq18 5.9228e-04 test eq18 6.4058e-03
2026-10-01 16:59:02,580 INFO epoch 32750  mean_mse 1.2809e-05 | train eq18 3.8426e-04 test eq18 7.2645e-03
2026-10-01 16:59:02,870 INFO epoch 33000  mean_mse 1.2725e-05 | train eq18 3.8175e-04 test eq18 7.1358e-03
2026-10-01 16:59:03,164 INFO epoch 33250  mean_mse 1.2707e-05 | train eq18 3.8122e-04 test eq18 7.2215e-03
2026-10-01 16:59:03,450 INFO epoch 33500  mean_mse 1.2642e-05 | train eq18 3.7925e-04 test eq18 7.1420e-03
2026-10-01 16:59:03,748 INFO epoch 33750  mean_mse 1.2769e-05 | train eq18 3.8306e-04 test eq18 7.2899e-03
2026-10-01 16:59:04,063 INFO epoch 34000  mean_mse 1.2617e-05 | train eq18 3.7852e-04 test eq18 7.2189e-03
2026-10-01 16:59:04,368 INFO epoch 34250  mean_mse 1.4620e-05 | train eq18 4.3859e-04 test eq18 6.5863e-03
2026-10-01 16:59:04,674 INFO epoch 34500  mean_mse 1.7195e-05 | train eq18 5.1584e-04 test eq18 6.4066e-03
2026-10-01 16:59:04,963 INFO epoch 34750  mean_mse 1.2460e-05 | train eq18 3.7380e-04 test eq18 7.0803e-03
2026-10-01 16:59:05,265 INFO epoch 35000  mean_mse 1.2887e-05 | train eq18 3.8662e-04 test eq18 7.2419e-03
2026-10-01 16:59:05,550 INFO epoch 35250  mean_mse 1.2395e-05 | train eq18 3.7184e-04 test eq18 7.0441e-03
2026-10-01 16:59:05,864 INFO epoch 35500  mean_mse 1.2360e-05 | train eq18 3.7079e-04 test eq18 7.0477e-03
2026-10-01 16:59:06,168 INFO epoch 35750  mean_mse 1.2328e-05 | train eq18 3.6985e-04 test eq18 6.9960e-03
2026-10-01 16:59:06,457 INFO epoch 36000  mean_mse 1.4839e-05 | train eq18 4.4518e-04 test eq18 7.8236e-03
2026-10-01 16:59:06,756 INFO epoch 36250  mean_mse 2.3988e-05 | train eq18 7.1965e-04 test eq18 8.6482e-03
2026-10-01 16:59:07,064 INFO epoch 36500  mean_mse 1.2229e-05 | train eq18 3.6688e-04 test eq18 6.9726e-03
2026-10-01 16:59:07,355 INFO epoch 36750  mean_mse 1.2450e-05 | train eq18 3.7350e-04 test eq18 6.8495e-03
2026-10-01 16:59:07,661 INFO epoch 37000  mean_mse 1.3655e-05 | train eq18 4.0965e-04 test eq18 7.0220e-03
2026-10-01 16:59:07,962 INFO epoch 37250  mean_mse 1.2407e-05 | train eq18 3.7222e-04 test eq18 7.2054e-03
2026-10-01 16:59:08,365 INFO epoch 37500  mean_mse 1.2201e-05 | train eq18 3.6603e-04 test eq18 7.0722e-03
2026-10-01 16:59:08,690 INFO epoch 37750  mean_mse 2.2630e-05 | train eq18 6.7889e-04 test eq18 8.5299e-03
2026-10-01 16:59:09,053 INFO epoch 38000  mean_mse 1.2061e-05 | train eq18 3.6184e-04 test eq18 6.8593e-03
2026-10-01 16:59:09,355 INFO epoch 38250  mean_mse 1.2012e-05 | train eq18 3.6035e-04 test eq18 6.9347e-03
2026-10-01 16:59:09,653 INFO epoch 38500  mean_mse 1.2140e-05 | train eq18 3.6421e-04 test eq18 6.7465e-03
2026-10-01 16:59:09,957 INFO epoch 38750  mean_mse 1.1949e-05 | train eq18 3.5848e-04 test eq18 6.8772e-03
2026-10-01 16:59:10,241 INFO epoch 39000  mean_mse 1.1922e-05 | train eq18 3.5765e-04 test eq18 6.8951e-03
2026-10-01 16:59:10,590 INFO epoch 39250  mean_mse 1.3512e-05 | train eq18 4.0535e-04 test eq18 7.3469e-03
2026-10-01 16:59:10,880 INFO epoch 39500  mean_mse 1.3926e-05 | train eq18 4.1779e-04 test eq18 6.3474e-03
2026-10-01 16:59:11,193 INFO epoch 39750  mean_mse 1.1956e-05 | train eq18 3.5869e-04 test eq18 6.7078e-03
2026-10-01 16:59:11,488 INFO epoch 40000  mean_mse 1.1809e-05 | train eq18 3.5428e-04 test eq18 6.8370e-03
2026-10-01 16:59:11,816 INFO epoch 40250  mean_mse 2.1643e-05 | train eq18 6.4929e-04 test eq18 5.9268e-03
2026-10-01 16:59:12,115 INFO epoch 40500  mean_mse 3.3255e-05 | train eq18 9.9765e-04 test eq18 8.9118e-03
2026-10-01 16:59:12,422 INFO epoch 40750  mean_mse 1.1722e-05 | train eq18 3.5167e-04 test eq18 6.8098e-03
2026-10-01 16:59:12,722 INFO epoch 41000  mean_mse 1.4051e-05 | train eq18 4.2153e-04 test eq18 6.7224e-03
2026-10-01 16:59:13,010 INFO epoch 41250  mean_mse 1.1679e-05 | train eq18 3.5037e-04 test eq18 6.7468e-03
2026-10-01 16:59:13,313 INFO epoch 41500  mean_mse 1.1651e-05 | train eq18 3.4953e-04 test eq18 6.7425e-03
2026-10-01 16:59:13,599 INFO epoch 41750  mean_mse 1.1617e-05 | train eq18 3.4852e-04 test eq18 6.7505e-03
2026-10-01 16:59:13,913 INFO epoch 42000  mean_mse 1.1643e-05 | train eq18 3.4930e-04 test eq18 6.8562e-03
2026-10-01 16:59:14,201 INFO epoch 42250  mean_mse 1.1740e-05 | train eq18 3.5220e-04 test eq18 6.9060e-03
2026-10-01 16:59:14,505 INFO epoch 42500  mean_mse 1.1634e-05 | train eq18 3.4902e-04 test eq18 6.7742e-03
2026-10-01 16:59:14,791 INFO epoch 42750  mean_mse 1.2818e-05 | train eq18 3.8453e-04 test eq18 6.4181e-03
2026-10-01 16:59:15,106 INFO epoch 43000  mean_mse 1.1495e-05 | train eq18 3.4486e-04 test eq18 6.6774e-03
2026-10-01 16:59:15,397 INFO epoch 43250  mean_mse 1.1467e-05 | train eq18 3.4402e-04 test eq18 6.7203e-03
2026-10-01 16:59:15,686 INFO epoch 43500  mean_mse 2.2990e-05 | train eq18 6.8969e-04 test eq18 5.7164e-03
2026-10-01 16:59:16,015 INFO epoch 43750  mean_mse 1.1414e-05 | train eq18 3.4243e-04 test eq18 6.6786e-03
2026-10-01 16:59:16,319 INFO epoch 44000  mean_mse 1.3315e-05 | train eq18 3.9946e-04 test eq18 6.1668e-03
2026-10-01 16:59:16,622 INFO epoch 44250  mean_mse 1.1388e-05 | train eq18 3.4163e-04 test eq18 6.6150e-03
2026-10-01 16:59:16,918 INFO epoch 44500  mean_mse 1.7385e-05 | train eq18 5.2154e-04 test eq18 6.8542e-03
2026-10-01 16:59:17,203 INFO epoch 44750  mean_mse 1.3610e-05 | train eq18 4.0829e-04 test eq18 7.2646e-03
2026-10-01 16:59:17,523 INFO epoch 45000  mean_mse 1.1456e-05 | train eq18 3.4367e-04 test eq18 6.4882e-03
2026-10-01 16:59:17,827 INFO epoch 45250  mean_mse 1.1269e-05 | train eq18 3.3808e-04 test eq18 6.6238e-03
2026-10-01 16:59:18,122 INFO epoch 45500  mean_mse 1.1248e-05 | train eq18 3.3745e-04 test eq18 6.6258e-03
2026-10-01 16:59:18,410 INFO epoch 45750  mean_mse 1.1224e-05 | train eq18 3.3671e-04 test eq18 6.6080e-03
2026-10-01 16:59:18,716 INFO epoch 46000  mean_mse 1.5564e-05 | train eq18 4.6692e-04 test eq18 5.9412e-03
2026-10-01 16:59:19,002 INFO epoch 46250  mean_mse 2.6827e-05 | train eq18 8.0482e-04 test eq18 5.5561e-03
2026-10-01 16:59:19,300 INFO epoch 46500  mean_mse 1.1154e-05 | train eq18 3.3463e-04 test eq18 6.5833e-03
2026-10-01 16:59:19,590 INFO epoch 46750  mean_mse 1.3408e-05 | train eq18 4.0225e-04 test eq18 6.0664e-03
2026-10-01 16:59:19,874 INFO epoch 47000  mean_mse 1.1111e-05 | train eq18 3.3332e-04 test eq18 6.5686e-03
2026-10-01 16:59:20,190 INFO epoch 47250  mean_mse 1.1090e-05 | train eq18 3.3269e-04 test eq18 6.5472e-03
2026-10-01 16:59:20,477 INFO epoch 47500  mean_mse 1.1067e-05 | train eq18 3.3200e-04 test eq18 6.5567e-03
2026-10-01 16:59:20,799 INFO epoch 47750  mean_mse 2.4748e-05 | train eq18 7.4244e-04 test eq18 8.3451e-03
2026-10-01 16:59:21,085 INFO epoch 48000  mean_mse 1.1491e-05 | train eq18 3.4473e-04 test eq18 6.4199e-03
2026-10-01 16:59:21,389 INFO epoch 48250  mean_mse 1.1000e-05 | train eq18 3.3001e-04 test eq18 6.5249e-03
2026-10-01 16:59:21,690 INFO epoch 48500  mean_mse 1.0978e-05 | train eq18 3.2935e-04 test eq18 6.5129e-03
2026-10-01 16:59:21,985 INFO epoch 48750  mean_mse 1.0958e-05 | train eq18 3.2875e-04 test eq18 6.5056e-03
2026-10-01 16:59:22,308 INFO epoch 49000  mean_mse 1.1043e-05 | train eq18 3.3128e-04 test eq18 6.6308e-03
2026-10-01 16:59:22,592 INFO epoch 49250  mean_mse 1.0917e-05 | train eq18 3.2751e-04 test eq18 6.4938e-03
2026-10-01 16:59:22,890 INFO epoch 49500  mean_mse 1.0976e-05 | train eq18 3.2928e-04 test eq18 6.6079e-03
2026-10-01 16:59:23,216 INFO epoch 49750  mean_mse 1.0886e-05 | train eq18 3.2659e-04 test eq18 6.5056e-03
2026-10-01 16:59:23,559 INFO wrote ../results/experiments/biodiesel/author_repo_match/figures_tanh_r1/fig04/deeponet_p456_seed0/checkpoint_final.pt
2026-10-01 16:59:23,560 INFO final: train {'mean_mse': 1.1258205631747842e-05, 'mean_mse_u': 1.1258205631747842e-05, 'eq18_obs': 0.00033774616895243526, 'eq22_true': 0.00033774616895243526, 'eq18_obs_time_averaged': 1.1258205631747842e-05, 'eq22_true_time_averaged': 1.1258205631747842e-05}
2026-10-01 16:59:23,560 INFO final: test {'mean_mse': 0.0002237151056760922, 'mean_mse_u': 0.0002237151056760922, 'eq18_obs': 0.006711452268064022, 'eq22_true': 0.006711452268064022, 'eq18_obs_time_averaged': 0.00022371507560213407, 'eq22_true_time_averaged': 0.00022371507560213407}
2026-10-01 16:59:23,560 INFO final trunk: {'kinks': [-0.31622475385665894, -17.90022850036621, -2.359265089035034, 16.35150146484375, -48.500709533691406, -2.6238088607788086, 0.7088329195976257, 16.659212112426758, -1.544526219367981, -7.5549421310424805], 'dead_on_grid': {'tanh0': 0, 'tanh1': 0}, 'dead_on_dense': {'tanh0': 0, 'tanh1': 0}, 'interior_breakpoints_s': {'layer1': [0.7088329195976257, 16.35150146484375, 16.659212112426758], 'layer2': [0.445000022649765, 0.8880000710487366, 1.2110000848770142, 2.5330002307891846, 4.076000213623047, 8.585000038146973]}, 'tanh_saturation': {'grid': {'layer1': {'abs_z_quantiles_10_50_90_max': [0.153684101998806, 1.6220968961715698, 5.085816287994387, 14.079636573791504], 'frac_abs_z_gt': {'2': 0.4033333333333333, '3': 0.25666666666666665, '5': 0.10666666666666667}, 'frac_abs_act_gt': {'0.95': 0.44333333333333336, '0.99': 0.2966666666666667}, 'derivative_mean': 0.3785203695297241, 'derivative_median': 0.14452588558197021}, 'layer2': {'abs_z_quantiles_10_50_90_max': [0.18376385867595676, 0.8942570686340332, 2.664159154891968, 2.929771900177002], 'frac_abs_z_gt': {'2': 0.2, '3': 0.0, '5': 0.0}, 'frac_abs_act_gt': {'0.95': 0.2, '0.99': 0.14666666666666667}, 'derivative_mean': 0.460059255361557, 'derivative_median': 0.49093207716941833}}, 'dense': {'layer1': {'abs_z_quantiles_10_50_90_max': [0.15506573021411896, 1.6338520646095276, 5.09735426902771, 14.079636573791504], 'frac_abs_z_gt': {'2': 0.4053156146179402, '3': 0.25514950166112954, '5': 0.10431893687707641}, 'frac_abs_act_gt': {'0.95': 0.44451827242524916, '0.99': 0.2956810631229236}, 'derivative_mean': 0.37598225474357605, 'derivative_median': 0.14139723777770996}, 'layer2': {'abs_z_quantiles_10_50_90_max': [0.2027701035141945, 0.8956547379493713, 2.6643468141555786, 2.929771900177002], 'frac_abs_z_gt': {'2': 0.2, '3': 0.0, '5': 0.0}, 'frac_abs_act_gt': {'0.95': 0.2, '0.99': 0.14651162790697675}, 'derivative_mean': 0.45907914638519287, 'derivative_median': 0.4899533689022064}}}}
2026-10-01 16:59:23,561 INFO run completed 2026-10-01T14:59:23Z
