2026-10-01 17:38:13,106 INFO run start 2026-10-01T15:38:13Z | run_id=biodiesel-deeponet-repro/deeponet_p078_seed0 | system=biodiesel-deeponet-repro | dir=../results/experiments/biodiesel/author_repo_match/figures_tanh_r1_lr1e-2/fig04/deeponet_p078_seed0
2026-10-01 17:38:13,166 INFO wrote ../results/experiments/biodiesel/author_repo_match/figures_tanh_r1_lr1e-2/fig04/deeponet_p078_seed0/config.json
2026-10-01 17:38:13,170 INFO configuration: branch inputs normalized (author-global normalized Mode A), targets author_global_normalized_states, trunk input raw physical t 0..30 s (30 points), activation tanh, placement A, init Aprime_tf_truncated_glorot_zero_bias, Adam lr 0.01
2026-10-01 17:38:13,171 INFO initial: train {'mean_mse': 0.2614682912826538, 'mean_mse_u': 0.2614682912826538, 'eq18_obs': 7.844048500061035, 'eq22_true': 7.844048500061035, 'eq18_obs_time_averaged': 0.2614682833353678, 'eq22_true_time_averaged': 0.2614682833353678} | test {'mean_mse': 0.23277021944522858, 'mean_mse_u': 0.23277021944522858, 'eq18_obs': 6.9831061363220215, 'eq22_true': 6.9831061363220215, 'eq18_obs_time_averaged': 0.23277020454406738, 'eq22_true_time_averaged': 0.23277020454406738}
2026-10-01 17:38:13,175 INFO initial prediction stats: {'min': -0.40990132093429565, 'max': 0.45845261216163635, 'mean': 0.02353842370212078, 'abs_max': 0.45845261216163635, 'per_species_min': [0.12955865263938904, 0.01674935780465603, -0.09374386072158813, 0.0, -0.0978541225194931, -0.40990132093429565], 'per_species_max': [0.3002968430519104, 0.45845261216163635, 0.0, 0.060367342084646225, 0.0, 0.0], 'fraction_negative': 0.48333333333333334}
2026-10-01 17:38:14,111 INFO epoch     0  mean_mse 2.6147e-01 | train eq18 7.8440e+00 test eq18 6.9831e+00
2026-10-01 17:38:14,422 INFO epoch   250  mean_mse 7.0595e-03 | train eq18 2.1178e-01 test eq18 2.5124e-01
2026-10-01 17:38:14,727 INFO epoch   500  mean_mse 4.0770e-03 | train eq18 1.2231e-01 test eq18 1.3630e-01
2026-10-01 17:38:15,020 INFO epoch   750  mean_mse 3.8016e-03 | train eq18 1.1405e-01 test eq18 1.2870e-01
2026-10-01 17:38:15,328 INFO epoch  1000  mean_mse 3.6948e-03 | train eq18 1.1084e-01 test eq18 1.1977e-01
2026-10-01 17:38:15,623 INFO epoch  1250  mean_mse 3.6340e-03 | train eq18 1.0902e-01 test eq18 1.2016e-01
2026-10-01 17:38:15,937 INFO epoch  1500  mean_mse 3.6064e-03 | train eq18 1.0819e-01 test eq18 1.2219e-01
2026-10-01 17:38:16,236 INFO epoch  1750  mean_mse 3.6626e-03 | train eq18 1.0988e-01 test eq18 1.2939e-01
2026-10-01 17:38:16,529 INFO epoch  2000  mean_mse 3.5508e-03 | train eq18 1.0652e-01 test eq18 1.1748e-01
2026-10-01 17:38:16,824 INFO epoch  2250  mean_mse 3.5315e-03 | train eq18 1.0594e-01 test eq18 1.1710e-01
2026-10-01 17:38:17,147 INFO epoch  2500  mean_mse 3.5227e-03 | train eq18 1.0568e-01 test eq18 1.1830e-01
2026-10-01 17:38:17,446 INFO epoch  2750  mean_mse 3.5415e-03 | train eq18 1.0625e-01 test eq18 1.1140e-01
2026-10-01 17:38:17,797 INFO epoch  3000  mean_mse 3.7000e-03 | train eq18 1.1100e-01 test eq18 1.0984e-01
2026-10-01 17:38:18,171 INFO epoch  3250  mean_mse 3.4640e-03 | train eq18 1.0392e-01 test eq18 1.1142e-01
2026-10-01 17:38:18,483 INFO epoch  3500  mean_mse 3.4457e-03 | train eq18 1.0337e-01 test eq18 1.0977e-01
2026-10-01 17:38:18,890 INFO epoch  3750  mean_mse 3.4296e-03 | train eq18 1.0289e-01 test eq18 1.0755e-01
2026-10-01 17:38:19,194 INFO epoch  4000  mean_mse 3.4130e-03 | train eq18 1.0239e-01 test eq18 1.0615e-01
2026-10-01 17:38:19,486 INFO epoch  4250  mean_mse 3.4002e-03 | train eq18 1.0201e-01 test eq18 1.0503e-01
2026-10-01 17:38:19,879 INFO epoch  4500  mean_mse 3.3880e-03 | train eq18 1.0164e-01 test eq18 1.0412e-01
2026-10-01 17:38:20,551 INFO epoch  4750  mean_mse 3.3769e-03 | train eq18 1.0131e-01 test eq18 1.0375e-01
2026-10-01 17:38:21,396 INFO epoch  5000  mean_mse 3.3689e-03 | train eq18 1.0107e-01 test eq18 1.0400e-01
2026-10-01 17:38:21,796 INFO epoch  5250  mean_mse 3.3574e-03 | train eq18 1.0072e-01 test eq18 1.0335e-01
2026-10-01 17:38:22,243 INFO epoch  5500  mean_mse 3.3502e-03 | train eq18 1.0051e-01 test eq18 1.0332e-01
2026-10-01 17:38:23,106 INFO epoch  5750  mean_mse 3.3418e-03 | train eq18 1.0026e-01 test eq18 1.0330e-01
2026-10-01 17:38:32,932 INFO epoch  6000  mean_mse 3.3374e-03 | train eq18 1.0012e-01 test eq18 1.0300e-01
2026-10-01 17:38:34,440 INFO epoch  6250  mean_mse 3.3311e-03 | train eq18 9.9932e-02 test eq18 1.0334e-01
2026-10-01 17:38:35,346 INFO epoch  6500  mean_mse 3.3275e-03 | train eq18 9.9826e-02 test eq18 1.0298e-01
2026-10-01 17:38:36,118 INFO epoch  6750  mean_mse 3.7619e-03 | train eq18 1.1286e-01 test eq18 1.0892e-01
2026-10-01 17:38:36,834 INFO epoch  7000  mean_mse 3.3209e-03 | train eq18 9.9628e-02 test eq18 1.0325e-01
2026-10-01 17:38:37,159 INFO epoch  7250  mean_mse 3.3442e-03 | train eq18 1.0033e-01 test eq18 1.0645e-01
2026-10-01 17:38:37,507 INFO epoch  7500  mean_mse 3.3210e-03 | train eq18 9.9631e-02 test eq18 1.0414e-01
2026-10-01 17:38:37,851 INFO epoch  7750  mean_mse 3.3134e-03 | train eq18 9.9401e-02 test eq18 1.0309e-01
2026-10-01 17:38:38,178 INFO epoch  8000  mean_mse 3.3107e-03 | train eq18 9.9321e-02 test eq18 1.0325e-01
2026-10-01 17:38:38,530 INFO epoch  8250  mean_mse 3.3082e-03 | train eq18 9.9247e-02 test eq18 1.0326e-01
2026-10-01 17:38:38,899 INFO epoch  8500  mean_mse 3.3057e-03 | train eq18 9.9172e-02 test eq18 1.0325e-01
2026-10-01 17:38:39,226 INFO epoch  8750  mean_mse 3.3048e-03 | train eq18 9.9143e-02 test eq18 1.0361e-01
2026-10-01 17:38:39,529 INFO epoch  9000  mean_mse 3.3175e-03 | train eq18 9.9526e-02 test eq18 1.0238e-01
2026-10-01 17:38:39,892 INFO epoch  9250  mean_mse 3.2999e-03 | train eq18 9.8998e-02 test eq18 1.0285e-01
2026-10-01 17:38:40,210 INFO epoch  9500  mean_mse 3.2974e-03 | train eq18 9.8921e-02 test eq18 1.0312e-01
2026-10-01 17:38:40,554 INFO epoch  9750  mean_mse 3.2952e-03 | train eq18 9.8856e-02 test eq18 1.0305e-01
2026-10-01 17:38:41,073 INFO epoch 10000  mean_mse 3.3147e-03 | train eq18 9.9440e-02 test eq18 1.0450e-01
2026-10-01 17:38:41,427 INFO epoch 10250  mean_mse 3.2969e-03 | train eq18 9.8908e-02 test eq18 1.0461e-01
2026-10-01 17:38:41,739 INFO epoch 10500  mean_mse 3.2923e-03 | train eq18 9.8770e-02 test eq18 1.0235e-01
2026-10-01 17:38:42,093 INFO epoch 10750  mean_mse 3.2893e-03 | train eq18 9.8680e-02 test eq18 1.0290e-01
2026-10-01 17:38:42,526 INFO epoch 11000  mean_mse 3.2878e-03 | train eq18 9.8634e-02 test eq18 1.0286e-01
2026-10-01 17:38:42,915 INFO epoch 11250  mean_mse 3.2906e-03 | train eq18 9.8718e-02 test eq18 1.0353e-01
2026-10-01 17:38:43,243 INFO epoch 11500  mean_mse 3.2950e-03 | train eq18 9.8851e-02 test eq18 1.0235e-01
2026-10-01 17:38:43,728 INFO epoch 11750  mean_mse 3.2889e-03 | train eq18 9.8667e-02 test eq18 1.0128e-01
2026-10-01 17:38:44,274 INFO epoch 12000  mean_mse 3.2836e-03 | train eq18 9.8507e-02 test eq18 1.0284e-01
2026-10-01 17:38:44,618 INFO epoch 12250  mean_mse 3.2865e-03 | train eq18 9.8594e-02 test eq18 1.0036e-01
2026-10-01 17:38:45,405 INFO epoch 12500  mean_mse 3.3516e-03 | train eq18 1.0055e-01 test eq18 1.0116e-01
2026-10-01 17:38:45,863 INFO epoch 12750  mean_mse 3.3845e-03 | train eq18 1.0153e-01 test eq18 9.8454e-02
2026-10-01 17:38:46,250 INFO epoch 13000  mean_mse 3.4796e-03 | train eq18 1.0439e-01 test eq18 1.0410e-01
2026-10-01 17:38:46,659 INFO epoch 13250  mean_mse 3.3906e-03 | train eq18 1.0172e-01 test eq18 1.0619e-01
2026-10-01 17:38:47,024 INFO epoch 13500  mean_mse 3.2797e-03 | train eq18 9.8390e-02 test eq18 9.8909e-02
2026-10-01 17:38:47,343 INFO epoch 13750  mean_mse 3.2700e-03 | train eq18 9.8101e-02 test eq18 9.8842e-02
2026-10-01 17:38:47,638 INFO epoch 14000  mean_mse 3.2671e-03 | train eq18 9.8014e-02 test eq18 9.8591e-02
2026-10-01 17:38:47,957 INFO epoch 14250  mean_mse 3.2652e-03 | train eq18 9.7955e-02 test eq18 9.8255e-02
2026-10-01 17:38:48,271 INFO epoch 14500  mean_mse 3.2645e-03 | train eq18 9.7935e-02 test eq18 9.7562e-02
2026-10-01 17:38:48,574 INFO epoch 14750  mean_mse 3.4037e-03 | train eq18 1.0211e-01 test eq18 1.0495e-01
2026-10-01 17:38:48,885 INFO epoch 15000  mean_mse 3.8285e-03 | train eq18 1.1486e-01 test eq18 1.0883e-01
2026-10-01 17:38:49,180 INFO epoch 15250  mean_mse 3.3129e-03 | train eq18 9.9386e-02 test eq18 9.6368e-02
2026-10-01 17:38:49,493 INFO epoch 15500  mean_mse 3.2731e-03 | train eq18 9.8194e-02 test eq18 9.9872e-02
2026-10-01 17:38:49,819 INFO epoch 15750  mean_mse 3.2639e-03 | train eq18 9.7916e-02 test eq18 9.6756e-02
2026-10-01 17:38:50,121 INFO epoch 16000  mean_mse 3.2521e-03 | train eq18 9.7562e-02 test eq18 9.6375e-02
2026-10-01 17:38:50,418 INFO epoch 16250  mean_mse 3.2760e-03 | train eq18 9.8281e-02 test eq18 9.7268e-02
2026-10-01 17:38:50,721 INFO epoch 16500  mean_mse 3.2493e-03 | train eq18 9.7479e-02 test eq18 9.6488e-02
2026-10-01 17:38:51,031 INFO epoch 16750  mean_mse 3.2479e-03 | train eq18 9.7437e-02 test eq18 9.6288e-02
2026-10-01 17:38:51,335 INFO epoch 17000  mean_mse 3.2468e-03 | train eq18 9.7403e-02 test eq18 9.6085e-02
2026-10-01 17:38:51,620 INFO epoch 17250  mean_mse 3.2459e-03 | train eq18 9.7376e-02 test eq18 9.6112e-02
2026-10-01 17:38:52,044 INFO epoch 17500  mean_mse 3.2448e-03 | train eq18 9.7345e-02 test eq18 9.5784e-02
2026-10-01 17:38:52,429 INFO epoch 17750  mean_mse 3.2439e-03 | train eq18 9.7318e-02 test eq18 9.5769e-02
2026-10-01 17:38:52,764 INFO epoch 18000  mean_mse 3.2431e-03 | train eq18 9.7293e-02 test eq18 9.5719e-02
2026-10-01 17:38:53,071 INFO epoch 18250  mean_mse 3.2424e-03 | train eq18 9.7271e-02 test eq18 9.5633e-02
2026-10-01 17:38:53,374 INFO epoch 18500  mean_mse 3.2415e-03 | train eq18 9.7244e-02 test eq18 9.5465e-02
2026-10-01 17:38:53,687 INFO epoch 18750  mean_mse 3.2408e-03 | train eq18 9.7223e-02 test eq18 9.5411e-02
2026-10-01 17:38:53,978 INFO epoch 19000  mean_mse 3.2400e-03 | train eq18 9.7200e-02 test eq18 9.5227e-02
2026-10-01 17:38:54,268 INFO epoch 19250  mean_mse 3.2393e-03 | train eq18 9.7179e-02 test eq18 9.5218e-02
2026-10-01 17:38:54,559 INFO epoch 19500  mean_mse 3.2386e-03 | train eq18 9.7159e-02 test eq18 9.5127e-02
2026-10-01 17:38:54,969 INFO epoch 19750  mean_mse 3.2383e-03 | train eq18 9.7150e-02 test eq18 9.4875e-02
2026-10-01 17:38:55,279 INFO epoch 20000  mean_mse 3.2373e-03 | train eq18 9.7119e-02 test eq18 9.5003e-02
2026-10-01 17:38:55,561 INFO epoch 20250  mean_mse 3.2370e-03 | train eq18 9.7109e-02 test eq18 9.4809e-02
2026-10-01 17:38:55,867 INFO epoch 20500  mean_mse 3.2389e-03 | train eq18 9.7168e-02 test eq18 9.5420e-02
2026-10-01 17:38:56,146 INFO epoch 20750  mean_mse 3.2364e-03 | train eq18 9.7091e-02 test eq18 9.5351e-02
2026-10-01 17:38:56,458 INFO epoch 21000  mean_mse 3.2353e-03 | train eq18 9.7058e-02 test eq18 9.5034e-02
2026-10-01 17:38:56,748 INFO epoch 21250  mean_mse 3.2346e-03 | train eq18 9.7039e-02 test eq18 9.5049e-02
2026-10-01 17:38:57,064 INFO epoch 21500  mean_mse 3.2343e-03 | train eq18 9.7028e-02 test eq18 9.5184e-02
2026-10-01 17:38:57,379 INFO epoch 21750  mean_mse 3.2452e-03 | train eq18 9.7357e-02 test eq18 9.4742e-02
2026-10-01 17:38:57,687 INFO epoch 22000  mean_mse 3.2328e-03 | train eq18 9.6983e-02 test eq18 9.4873e-02
2026-10-01 17:38:57,973 INFO epoch 22250  mean_mse 3.2322e-03 | train eq18 9.6965e-02 test eq18 9.4721e-02
2026-10-01 17:38:58,261 INFO epoch 22500  mean_mse 3.2317e-03 | train eq18 9.6950e-02 test eq18 9.4821e-02
2026-10-01 17:38:58,549 INFO epoch 22750  mean_mse 3.2311e-03 | train eq18 9.6933e-02 test eq18 9.4883e-02
2026-10-01 17:38:58,878 INFO epoch 23000  mean_mse 3.2382e-03 | train eq18 9.7147e-02 test eq18 9.4565e-02
2026-10-01 17:38:59,186 INFO epoch 23250  mean_mse 3.2302e-03 | train eq18 9.6905e-02 test eq18 9.4991e-02
2026-10-01 17:38:59,545 INFO epoch 23500  mean_mse 3.2296e-03 | train eq18 9.6888e-02 test eq18 9.4859e-02
2026-10-01 17:38:59,855 INFO epoch 23750  mean_mse 3.2294e-03 | train eq18 9.6883e-02 test eq18 9.5152e-02
2026-10-01 17:39:00,162 INFO epoch 24000  mean_mse 3.2285e-03 | train eq18 9.6855e-02 test eq18 9.4811e-02
2026-10-01 17:39:00,508 INFO epoch 24250  mean_mse 3.2284e-03 | train eq18 9.6851e-02 test eq18 9.4771e-02
2026-10-01 17:39:00,815 INFO epoch 24500  mean_mse 3.2274e-03 | train eq18 9.6821e-02 test eq18 9.4892e-02
2026-10-01 17:39:01,106 INFO epoch 24750  mean_mse 3.4015e-03 | train eq18 1.0205e-01 test eq18 1.0260e-01
2026-10-01 17:39:01,402 INFO epoch 25000  mean_mse 3.2264e-03 | train eq18 9.6793e-02 test eq18 9.4974e-02
2026-10-01 17:39:01,689 INFO epoch 25250  mean_mse 3.3771e-03 | train eq18 1.0131e-01 test eq18 1.0057e-01
2026-10-01 17:39:01,993 INFO epoch 25500  mean_mse 3.2258e-03 | train eq18 9.6775e-02 test eq18 9.5284e-02
2026-10-01 17:39:02,289 INFO epoch 25750  mean_mse 3.2253e-03 | train eq18 9.6758e-02 test eq18 9.5342e-02
2026-10-01 17:39:02,582 INFO epoch 26000  mean_mse 3.2247e-03 | train eq18 9.6742e-02 test eq18 9.5164e-02
2026-10-01 17:39:02,871 INFO epoch 26250  mean_mse 3.2257e-03 | train eq18 9.6772e-02 test eq18 9.5158e-02
2026-10-01 17:39:03,152 INFO epoch 26500  mean_mse 3.2238e-03 | train eq18 9.6715e-02 test eq18 9.5373e-02
2026-10-01 17:39:03,430 INFO epoch 26750  mean_mse 3.2239e-03 | train eq18 9.6716e-02 test eq18 9.5481e-02
2026-10-01 17:39:03,730 INFO epoch 27000  mean_mse 3.3325e-03 | train eq18 9.9975e-02 test eq18 9.7160e-02
2026-10-01 17:39:04,021 INFO epoch 27250  mean_mse 3.2236e-03 | train eq18 9.6709e-02 test eq18 9.5861e-02
2026-10-01 17:39:04,314 INFO epoch 27500  mean_mse 3.2227e-03 | train eq18 9.6681e-02 test eq18 9.5829e-02
2026-10-01 17:39:04,609 INFO epoch 27750  mean_mse 3.2220e-03 | train eq18 9.6661e-02 test eq18 9.5739e-02
2026-10-01 17:39:04,910 INFO epoch 28000  mean_mse 3.2215e-03 | train eq18 9.6645e-02 test eq18 9.5803e-02
2026-10-01 17:39:05,198 INFO epoch 28250  mean_mse 3.2212e-03 | train eq18 9.6636e-02 test eq18 9.5765e-02
2026-10-01 17:39:05,483 INFO epoch 28500  mean_mse 3.2208e-03 | train eq18 9.6625e-02 test eq18 9.5927e-02
2026-10-01 17:39:05,761 INFO epoch 28750  mean_mse 3.2205e-03 | train eq18 9.6614e-02 test eq18 9.5896e-02
2026-10-01 17:39:06,104 INFO epoch 29000  mean_mse 3.2323e-03 | train eq18 9.6968e-02 test eq18 9.5821e-02
2026-10-01 17:39:06,381 INFO epoch 29250  mean_mse 3.2201e-03 | train eq18 9.6603e-02 test eq18 9.6198e-02
2026-10-01 17:39:06,660 INFO epoch 29500  mean_mse 3.2197e-03 | train eq18 9.6592e-02 test eq18 9.6128e-02
2026-10-01 17:39:06,971 INFO epoch 29750  mean_mse 3.3878e-03 | train eq18 1.0163e-01 test eq18 1.0145e-01
2026-10-01 17:39:07,262 INFO epoch 30000  mean_mse 3.2190e-03 | train eq18 9.6570e-02 test eq18 9.6265e-02
2026-10-01 17:39:07,562 INFO epoch 30250  mean_mse 3.2186e-03 | train eq18 9.6558e-02 test eq18 9.6189e-02
2026-10-01 17:39:07,853 INFO epoch 30500  mean_mse 3.2632e-03 | train eq18 9.7895e-02 test eq18 9.7862e-02
2026-10-01 17:39:08,127 INFO epoch 30750  mean_mse 3.3064e-03 | train eq18 9.9192e-02 test eq18 9.9539e-02
2026-10-01 17:39:08,460 INFO epoch 31000  mean_mse 3.7065e-03 | train eq18 1.1120e-01 test eq18 1.0894e-01
2026-10-01 17:39:08,744 INFO epoch 31250  mean_mse 3.2213e-03 | train eq18 9.6640e-02 test eq18 9.6728e-02
2026-10-01 17:39:09,043 INFO epoch 31500  mean_mse 3.2174e-03 | train eq18 9.6521e-02 test eq18 9.6578e-02
2026-10-01 17:39:09,335 INFO epoch 31750  mean_mse 3.2174e-03 | train eq18 9.6521e-02 test eq18 9.6589e-02
2026-10-01 17:39:09,605 INFO epoch 32000  mean_mse 3.2198e-03 | train eq18 9.6593e-02 test eq18 9.6556e-02
2026-10-01 17:39:09,888 INFO epoch 32250  mean_mse 3.2192e-03 | train eq18 9.6577e-02 test eq18 9.6979e-02
2026-10-01 17:39:10,160 INFO epoch 32500  mean_mse 3.3127e-03 | train eq18 9.9381e-02 test eq18 1.0089e-01
2026-10-01 17:39:10,452 INFO epoch 32750  mean_mse 3.2265e-03 | train eq18 9.6795e-02 test eq18 9.7486e-02
2026-10-01 17:39:10,762 INFO epoch 33000  mean_mse 3.2161e-03 | train eq18 9.6482e-02 test eq18 9.6910e-02
2026-10-01 17:39:11,056 INFO epoch 33250  mean_mse 3.3775e-03 | train eq18 1.0133e-01 test eq18 1.0081e-01
2026-10-01 17:39:11,368 INFO epoch 33500  mean_mse 3.2464e-03 | train eq18 9.7392e-02 test eq18 9.7979e-02
2026-10-01 17:39:11,645 INFO epoch 33750  mean_mse 3.4250e-03 | train eq18 1.0275e-01 test eq18 1.0209e-01
2026-10-01 17:39:11,929 INFO epoch 34000  mean_mse 3.2304e-03 | train eq18 9.6913e-02 test eq18 9.7709e-02
2026-10-01 17:39:12,236 INFO epoch 34250  mean_mse 3.3259e-03 | train eq18 9.9778e-02 test eq18 1.0139e-01
2026-10-01 17:39:12,522 INFO epoch 34500  mean_mse 3.2203e-03 | train eq18 9.6609e-02 test eq18 9.7530e-02
2026-10-01 17:39:12,832 INFO epoch 34750  mean_mse 3.2149e-03 | train eq18 9.6448e-02 test eq18 9.7241e-02
2026-10-01 17:39:13,106 INFO epoch 35000  mean_mse 3.2146e-03 | train eq18 9.6438e-02 test eq18 9.7294e-02
2026-10-01 17:39:13,384 INFO epoch 35250  mean_mse 3.2144e-03 | train eq18 9.6433e-02 test eq18 9.7354e-02
2026-10-01 17:39:13,709 INFO epoch 35500  mean_mse 3.2143e-03 | train eq18 9.6429e-02 test eq18 9.7343e-02
2026-10-01 17:39:14,039 INFO epoch 35750  mean_mse 3.2172e-03 | train eq18 9.6515e-02 test eq18 9.7546e-02
2026-10-01 17:39:14,339 INFO epoch 36000  mean_mse 3.2138e-03 | train eq18 9.6415e-02 test eq18 9.7467e-02
2026-10-01 17:39:14,722 INFO epoch 36250  mean_mse 3.2144e-03 | train eq18 9.6431e-02 test eq18 9.7511e-02
2026-10-01 17:39:15,015 INFO epoch 36500  mean_mse 3.2136e-03 | train eq18 9.6409e-02 test eq18 9.7592e-02
2026-10-01 17:39:15,314 INFO epoch 36750  mean_mse 3.2134e-03 | train eq18 9.6403e-02 test eq18 9.7616e-02
2026-10-01 17:39:15,593 INFO epoch 37000  mean_mse 3.2156e-03 | train eq18 9.6467e-02 test eq18 9.7860e-02
2026-10-01 17:39:15,873 INFO epoch 37250  mean_mse 3.2160e-03 | train eq18 9.6480e-02 test eq18 9.8094e-02
2026-10-01 17:39:16,153 INFO epoch 37500  mean_mse 3.2132e-03 | train eq18 9.6395e-02 test eq18 9.7747e-02
2026-10-01 17:39:16,429 INFO epoch 37750  mean_mse 3.2833e-03 | train eq18 9.8498e-02 test eq18 9.9986e-02
2026-10-01 17:39:16,724 INFO epoch 38000  mean_mse 3.2127e-03 | train eq18 9.6382e-02 test eq18 9.7851e-02
2026-10-01 17:39:17,004 INFO epoch 38250  mean_mse 3.2208e-03 | train eq18 9.6625e-02 test eq18 9.8380e-02
2026-10-01 17:39:17,316 INFO epoch 38500  mean_mse 3.2128e-03 | train eq18 9.6384e-02 test eq18 9.8060e-02
2026-10-01 17:39:17,641 INFO epoch 38750  mean_mse 3.2123e-03 | train eq18 9.6368e-02 test eq18 9.8003e-02
2026-10-01 17:39:17,943 INFO epoch 39000  mean_mse 3.2122e-03 | train eq18 9.6367e-02 test eq18 9.8048e-02
2026-10-01 17:39:18,225 INFO epoch 39250  mean_mse 3.2136e-03 | train eq18 9.6407e-02 test eq18 9.8218e-02
2026-10-01 17:39:18,509 INFO epoch 39500  mean_mse 3.2120e-03 | train eq18 9.6361e-02 test eq18 9.8216e-02
2026-10-01 17:39:18,798 INFO epoch 39750  mean_mse 3.3752e-03 | train eq18 1.0126e-01 test eq18 1.0419e-01
2026-10-01 17:39:19,069 INFO epoch 40000  mean_mse 3.2116e-03 | train eq18 9.6348e-02 test eq18 9.8219e-02
2026-10-01 17:39:19,352 INFO epoch 40250  mean_mse 3.3038e-03 | train eq18 9.9113e-02 test eq18 1.0114e-01
2026-10-01 17:39:19,626 INFO epoch 40500  mean_mse 3.2113e-03 | train eq18 9.6340e-02 test eq18 9.8329e-02
2026-10-01 17:39:19,898 INFO epoch 40750  mean_mse 3.2597e-03 | train eq18 9.7791e-02 test eq18 1.0004e-01
2026-10-01 17:39:20,168 INFO epoch 41000  mean_mse 3.2926e-03 | train eq18 9.8777e-02 test eq18 1.0068e-01
2026-10-01 17:39:20,474 INFO epoch 41250  mean_mse 3.2118e-03 | train eq18 9.6354e-02 test eq18 9.8446e-02
2026-10-01 17:39:20,787 INFO epoch 41500  mean_mse 3.2204e-03 | train eq18 9.6611e-02 test eq18 9.8747e-02
2026-10-01 17:39:21,063 INFO epoch 41750  mean_mse 3.2118e-03 | train eq18 9.6355e-02 test eq18 9.8664e-02
2026-10-01 17:39:21,349 INFO epoch 42000  mean_mse 3.2106e-03 | train eq18 9.6317e-02 test eq18 9.8540e-02
2026-10-01 17:39:21,629 INFO epoch 42250  mean_mse 3.2108e-03 | train eq18 9.6324e-02 test eq18 9.8699e-02
2026-10-01 17:39:21,947 INFO epoch 42500  mean_mse 3.2103e-03 | train eq18 9.6310e-02 test eq18 9.8631e-02
2026-10-01 17:39:22,278 INFO epoch 42750  mean_mse 3.2232e-03 | train eq18 9.6697e-02 test eq18 9.9330e-02
2026-10-01 17:39:22,618 INFO epoch 43000  mean_mse 3.2102e-03 | train eq18 9.6307e-02 test eq18 9.8850e-02
2026-10-01 17:39:22,904 INFO epoch 43250  mean_mse 3.2903e-03 | train eq18 9.8710e-02 test eq18 1.0245e-01
2026-10-01 17:39:23,190 INFO epoch 43500  mean_mse 3.2147e-03 | train eq18 9.6441e-02 test eq18 9.8990e-02
2026-10-01 17:39:23,461 INFO epoch 43750  mean_mse 3.2315e-03 | train eq18 9.6945e-02 test eq18 9.9659e-02
2026-10-01 17:39:23,755 INFO epoch 44000  mean_mse 3.2095e-03 | train eq18 9.6285e-02 test eq18 9.8919e-02
2026-10-01 17:39:24,070 INFO epoch 44250  mean_mse 3.2326e-03 | train eq18 9.6977e-02 test eq18 9.9478e-02
2026-10-01 17:39:24,360 INFO epoch 44500  mean_mse 3.2096e-03 | train eq18 9.6287e-02 test eq18 9.9130e-02
2026-10-01 17:39:24,660 INFO epoch 44750  mean_mse 3.2092e-03 | train eq18 9.6275e-02 test eq18 9.9129e-02
2026-10-01 17:39:24,953 INFO epoch 45000  mean_mse 3.2194e-03 | train eq18 9.6582e-02 test eq18 9.9395e-02
2026-10-01 17:39:25,235 INFO epoch 45250  mean_mse 3.2109e-03 | train eq18 9.6326e-02 test eq18 9.9369e-02
2026-10-01 17:39:25,505 INFO epoch 45500  mean_mse 3.2092e-03 | train eq18 9.6275e-02 test eq18 9.9232e-02
2026-10-01 17:39:25,796 INFO epoch 45750  mean_mse 3.2098e-03 | train eq18 9.6293e-02 test eq18 9.9080e-02
2026-10-01 17:39:26,077 INFO epoch 46000  mean_mse 3.2085e-03 | train eq18 9.6254e-02 test eq18 9.9259e-02
2026-10-01 17:39:26,360 INFO epoch 46250  mean_mse 3.2084e-03 | train eq18 9.6252e-02 test eq18 9.9287e-02
2026-10-01 17:39:26,643 INFO epoch 46500  mean_mse 3.2098e-03 | train eq18 9.6294e-02 test eq18 9.9451e-02
2026-10-01 17:39:26,941 INFO epoch 46750  mean_mse 3.2633e-03 | train eq18 9.7900e-02 test eq18 1.0128e-01
2026-10-01 17:39:27,224 INFO epoch 47000  mean_mse 3.2254e-03 | train eq18 9.6761e-02 test eq18 1.0001e-01
2026-10-01 17:39:27,510 INFO epoch 47250  mean_mse 3.2080e-03 | train eq18 9.6239e-02 test eq18 9.9333e-02
2026-10-01 17:39:27,784 INFO epoch 47500  mean_mse 3.2098e-03 | train eq18 9.6294e-02 test eq18 9.9637e-02
2026-10-01 17:39:28,105 INFO epoch 47750  mean_mse 3.2077e-03 | train eq18 9.6230e-02 test eq18 9.9557e-02
2026-10-01 17:39:28,386 INFO epoch 48000  mean_mse 3.2076e-03 | train eq18 9.6228e-02 test eq18 9.9569e-02
2026-10-01 17:39:28,660 INFO epoch 48250  mean_mse 3.2548e-03 | train eq18 9.7645e-02 test eq18 1.0129e-01
2026-10-01 17:39:29,004 INFO epoch 48500  mean_mse 3.2121e-03 | train eq18 9.6364e-02 test eq18 1.0005e-01
2026-10-01 17:39:29,307 INFO epoch 48750  mean_mse 3.2070e-03 | train eq18 9.6210e-02 test eq18 9.9645e-02
2026-10-01 17:39:29,598 INFO epoch 49000  mean_mse 3.2116e-03 | train eq18 9.6348e-02 test eq18 9.9876e-02
2026-10-01 17:39:29,885 INFO epoch 49250  mean_mse 3.2067e-03 | train eq18 9.6201e-02 test eq18 9.9699e-02
2026-10-01 17:39:30,165 INFO epoch 49500  mean_mse 3.2066e-03 | train eq18 9.6197e-02 test eq18 9.9666e-02
2026-10-01 17:39:30,461 INFO epoch 49750  mean_mse 3.2115e-03 | train eq18 9.6345e-02 test eq18 9.9881e-02
2026-10-01 17:39:30,889 INFO wrote ../results/experiments/biodiesel/author_repo_match/figures_tanh_r1_lr1e-2/fig04/deeponet_p078_seed0/checkpoint_final.pt
2026-10-01 17:39:30,906 INFO final: train {'mean_mse': 0.0032935745548456907, 'mean_mse_u': 0.0032935745548456907, 'eq18_obs': 0.09880723059177399, 'eq22_true': 0.09880723059177399, 'eq18_obs_time_averaged': 0.0032935743530591328, 'eq22_true_time_averaged': 0.0032935743530591328}
2026-10-01 17:39:30,906 INFO final: test {'mean_mse': 0.0033953937236219645, 'mean_mse_u': 0.0033953937236219645, 'eq18_obs': 0.10186181217432022, 'eq22_true': 0.10186181217432022, 'eq18_obs_time_averaged': 0.0033953937391440073, 'eq22_true_time_averaged': 0.0033953937391440073}
2026-10-01 17:39:30,906 INFO final trunk: {'kinks': [13.340034484863281, -1.8066105842590332, 9.109857559204102], 'dead_on_grid': {'tanh0': 0, 'tanh1': 0}, 'dead_on_dense': {'tanh0': 0, 'tanh1': 0}, 'interior_breakpoints_s': {'layer1': [9.109857559204102, 13.340034484863281], 'layer2': []}, 'tanh_saturation': {'grid': {'layer1': {'abs_z_quantiles_10_50_90_max': [0.15146576911211015, 0.6445732414722443, 2.4444027423858654, 3.440227746963501], 'frac_abs_z_gt': {'2': 0.14444444444444443, '3': 0.044444444444444446, '5': 0.0}, 'frac_abs_act_gt': {'0.95': 0.16666666666666666, '0.99': 0.08888888888888889}, 'derivative_mean': 0.584845781326294, 'derivative_median': 0.6773698329925537}, 'layer2': {'abs_z_quantiles_10_50_90_max': [0.7329658210277558, 1.580882728099823, 2.167883110046387, 2.264657735824585], 'frac_abs_z_gt': {'2': 0.18888888888888888, '3': 0.0, '5': 0.0}, 'frac_abs_act_gt': {'0.95': 0.35555555555555557, '0.99': 0.0}, 'derivative_mean': 0.2474999725818634, 'derivative_median': 0.15603870153427124}}, 'dense': {'layer1': {'abs_z_quantiles_10_50_90_max': [0.13947449624538422, 0.6355161070823669, 2.4646174430847174, 3.440227746963501], 'frac_abs_z_gt': {'2': 0.14839424141749724, '3': 0.04540420819490587, '5': 0.0}, 'frac_abs_act_gt': {'0.95': 0.16500553709856036, '0.99': 0.08194905869324474}, 'derivative_mean': 0.58797687292099, 'derivative_median': 0.6843371391296387}, 'layer2': {'abs_z_quantiles_10_50_90_max': [0.7559473156929016, 1.5813148021697998, 2.17885274887085, 2.2653307914733887], 'frac_abs_z_gt': {'2': 0.1937984496124031, '3': 0.0, '5': 0.0}, 'frac_abs_act_gt': {'0.95': 0.3654485049833887, '0.99': 0.0}, 'derivative_mean': 0.24382531642913818, 'derivative_median': 0.15579372644424438}}}}
2026-10-01 17:39:30,909 INFO run completed 2026-10-01T15:39:30Z
