2026-09-27 23:18:37,929 run start | results/experiments/biodiesel/author_repo_match/run_batched_seed0 | seed 0 | params 156
2026-09-27 23:18:37,988 epoch     1  train 2.7408e-01  val 2.4954e-01  (0 s)
2026-09-27 23:18:40,375 epoch   100  train 2.1341e-02  val 2.3715e-02  (2 s)
2026-09-27 23:18:43,056 epoch   200  train 6.1401e-03  val 6.9184e-03  (5 s)
2026-09-27 23:18:46,103 epoch   300  train 2.7117e-03  val 3.3321e-03  (8 s)
2026-09-27 23:18:49,210 epoch   400  train 1.8472e-03  val 2.5349e-03  (11 s)
2026-09-27 23:18:52,297 epoch   500  train 1.3361e-03  val 2.0505e-03  (14 s)
2026-09-27 23:18:55,571 epoch   600  train 1.0783e-03  val 1.8667e-03  (18 s)
2026-09-27 23:18:58,913 epoch   700  train 8.7247e-04  val 1.8128e-03  (21 s)
2026-09-27 23:19:02,333 epoch   800  train 7.2673e-04  val 1.7562e-03  (24 s)
2026-09-27 23:19:05,784 epoch   900  train 6.0213e-04  val 1.6968e-03  (28 s)
2026-09-27 23:19:09,182 epoch  1000  train 5.2754e-04  val 1.6241e-03  (31 s)
2026-09-27 23:19:12,695 epoch  1100  train 4.7615e-04  val 1.5301e-03  (35 s)
2026-09-27 23:19:16,077 epoch  1200  train 4.3797e-04  val 1.3882e-03  (38 s)
2026-09-27 23:19:19,544 epoch  1300  train 4.0414e-04  val 1.3031e-03  (42 s)
2026-09-27 23:19:22,996 epoch  1400  train 3.7715e-04  val 1.2081e-03  (45 s)
2026-09-27 23:19:26,402 epoch  1500  train 3.5769e-04  val 1.2105e-03  (48 s)
2026-09-27 23:19:30,015 epoch  1600  train 3.3189e-04  val 1.0714e-03  (52 s)
2026-09-27 23:19:33,406 epoch  1700  train 3.1626e-04  val 1.0422e-03  (55 s)
2026-09-27 23:19:36,943 epoch  1800  train 2.9441e-04  val 9.3750e-04  (59 s)
2026-09-27 23:19:40,338 epoch  1900  train 2.7934e-04  val 8.9156e-04  (62 s)
2026-09-27 23:19:43,831 epoch  2000  train 2.7617e-04  val 9.1416e-04  (66 s)
2026-09-27 23:19:47,796 epoch  2100  train 2.4874e-04  val 7.9433e-04  (70 s)
2026-09-27 23:19:52,281 epoch  2200  train 2.3553e-04  val 7.4666e-04  (74 s)
2026-09-27 23:19:55,906 epoch  2300  train 2.2355e-04  val 7.1275e-04  (78 s)
2026-09-27 23:19:59,372 epoch  2400  train 2.1224e-04  val 6.7274e-04  (81 s)
2026-09-27 23:20:02,845 epoch  2500  train 2.0181e-04  val 6.4238e-04  (85 s)
2026-09-27 23:20:06,494 epoch  2600  train 2.0174e-04  val 6.8731e-04  (89 s)
2026-09-27 23:20:09,943 epoch  2700  train 1.8532e-04  val 5.9654e-04  (92 s)
2026-09-27 23:20:13,348 epoch  2800  train 1.7559e-04  val 5.9453e-04  (95 s)
2026-09-27 23:20:17,044 epoch  2900  train 1.7114e-04  val 5.6719e-04  (99 s)
2026-09-27 23:20:20,868 epoch  3000  train 2.3166e-04  val 7.5303e-04  (103 s)
2026-09-27 23:20:24,297 epoch  3100  train 1.6436e-04  val 5.3535e-04  (106 s)
2026-09-27 23:20:27,908 epoch  3200  train 1.5434e-04  val 5.6943e-04  (110 s)
2026-09-27 23:20:31,408 epoch  3300  train 1.5020e-04  val 5.2569e-04  (113 s)
2026-09-27 23:20:34,896 epoch  3400  train 1.9797e-04  val 6.6258e-04  (117 s)
2026-09-27 23:20:38,275 epoch  3500  train 1.3972e-04  val 5.2750e-04  (120 s)
2026-09-27 23:20:41,905 epoch  3600  train 1.3694e-04  val 5.1962e-04  (124 s)
2026-09-27 23:20:45,518 epoch  3700  train 1.3904e-04  val 4.8886e-04  (128 s)
2026-09-27 23:20:48,900 epoch  3800  train 1.3242e-04  val 4.9102e-04  (131 s)
2026-09-27 23:20:52,270 epoch  3900  train 1.2713e-04  val 4.9541e-04  (134 s)
2026-09-27 23:20:55,638 epoch  4000  train 1.2480e-04  val 4.8632e-04  (138 s)
2026-09-27 23:20:59,042 epoch  4100  train 1.2386e-04  val 4.9607e-04  (141 s)
2026-09-27 23:21:02,460 epoch  4200  train 1.2602e-04  val 5.0997e-04  (145 s)
2026-09-27 23:21:06,008 epoch  4300  train 1.2673e-04  val 5.0542e-04  (148 s)
2026-09-27 23:21:09,365 epoch  4400  train 1.6489e-04  val 5.7676e-04  (151 s)
2026-09-27 23:21:12,693 epoch  4500  train 1.9775e-04  val 4.5632e-04  (155 s)
2026-09-27 23:21:16,144 epoch  4600  train 1.1146e-04  val 4.4826e-04  (158 s)
2026-09-27 23:21:19,528 epoch  4700  train 1.0951e-04  val 4.5799e-04  (162 s)
2026-09-27 23:21:22,878 epoch  4800  train 1.0698e-04  val 4.4290e-04  (165 s)
2026-09-27 23:21:26,716 epoch  4900  train 1.0532e-04  val 4.3975e-04  (169 s)
2026-09-27 23:21:30,224 epoch  5000  train 1.0372e-04  val 4.2973e-04  (172 s)
2026-09-27 23:21:33,646 epoch  5100  train 1.0221e-04  val 4.2483e-04  (176 s)
2026-09-27 23:21:37,323 epoch  5200  train 1.0457e-04  val 4.1590e-04  (179 s)
2026-09-27 23:21:41,032 epoch  5300  train 9.9031e-05  val 4.2244e-04  (183 s)
2026-09-27 23:21:44,543 epoch  5400  train 9.7819e-05  val 4.1158e-04  (187 s)
2026-09-27 23:21:47,921 epoch  5500  train 9.8938e-05  val 4.2241e-04  (190 s)
2026-09-27 23:21:51,256 epoch  5600  train 1.1073e-04  val 4.1070e-04  (193 s)
2026-09-27 23:21:54,684 epoch  5700  train 9.9895e-05  val 4.2532e-04  (197 s)
2026-09-27 23:21:58,066 epoch  5800  train 1.0188e-04  val 4.0099e-04  (200 s)
2026-09-27 23:22:01,419 epoch  5900  train 1.0837e-04  val 3.6953e-04  (203 s)
2026-09-27 23:22:04,739 epoch  6000  train 1.0468e-04  val 3.6375e-04  (207 s)
2026-09-27 23:22:08,331 epoch  6100  train 9.9394e-05  val 3.7192e-04  (210 s)
2026-09-27 23:22:11,641 epoch  6200  train 1.0875e-04  val 3.6845e-04  (214 s)
2026-09-27 23:22:14,956 epoch  6300  train 8.6729e-05  val 3.7930e-04  (217 s)
2026-09-27 23:22:18,401 epoch  6400  train 1.0885e-04  val 4.2727e-04  (220 s)
2026-09-27 23:22:21,783 epoch  6500  train 8.4247e-05  val 3.6435e-04  (224 s)
2026-09-27 23:22:25,099 epoch  6600  train 8.3138e-05  val 3.5795e-04  (227 s)
2026-09-27 23:22:28,566 epoch  6700  train 8.2256e-05  val 3.5709e-04  (231 s)
2026-09-27 23:22:31,890 epoch  6800  train 8.0934e-05  val 3.5395e-04  (234 s)
2026-09-27 23:22:35,389 epoch  6900  train 8.3765e-05  val 3.4367e-04  (237 s)
2026-09-27 23:22:38,783 epoch  7000  train 1.5419e-04  val 3.9726e-04  (241 s)
2026-09-27 23:22:42,092 epoch  7100  train 7.7877e-05  val 3.4109e-04  (244 s)
2026-09-27 23:22:45,406 epoch  7200  train 7.7336e-05  val 3.3536e-04  (247 s)
2026-09-27 23:22:48,721 epoch  7300  train 7.7235e-05  val 3.2936e-04  (251 s)
2026-09-27 23:22:52,037 epoch  7400  train 7.7832e-05  val 3.3199e-04  (254 s)
2026-09-27 23:22:55,733 epoch  7500  train 1.2812e-04  val 4.0713e-04  (258 s)
2026-09-27 23:22:59,201 epoch  7600  train 7.3295e-05  val 3.2598e-04  (261 s)
2026-09-27 23:23:02,569 epoch  7700  train 7.2943e-05  val 3.2348e-04  (265 s)
2026-09-27 23:23:05,887 epoch  7800  train 8.0844e-05  val 3.3137e-04  (268 s)
2026-09-27 23:23:09,310 epoch  7900  train 7.3358e-05  val 3.1715e-04  (271 s)
2026-09-27 23:23:12,657 epoch  8000  train 1.5132e-04  val 4.0506e-04  (275 s)
2026-09-27 23:23:16,134 epoch  8100  train 8.2167e-05  val 3.3720e-04  (278 s)
2026-09-27 23:23:19,520 epoch  8200  train 7.3593e-05  val 3.1335e-04  (282 s)
2026-09-27 23:23:22,817 epoch  8300  train 1.5084e-04  val 4.3962e-04  (285 s)
2026-09-27 23:23:26,155 epoch  8400  train 1.6118e-04  val 4.1598e-04  (288 s)
2026-09-27 23:23:29,459 epoch  8500  train 6.6554e-05  val 3.0017e-04  (292 s)
2026-09-27 23:23:32,763 epoch  8600  train 8.5014e-05  val 3.0412e-04  (295 s)
2026-09-27 23:23:36,053 epoch  8700  train 6.5330e-05  val 2.9639e-04  (298 s)
2026-09-27 23:23:39,360 epoch  8800  train 7.5074e-05  val 3.2053e-04  (301 s)
2026-09-27 23:23:42,717 epoch  8900  train 8.1186e-05  val 3.2436e-04  (305 s)
2026-09-27 23:23:46,007 epoch  9000  train 6.4848e-05  val 2.9307e-04  (308 s)
2026-09-27 23:23:49,347 epoch  9100  train 6.3168e-05  val 2.8218e-04  (311 s)
2026-09-27 23:23:52,757 epoch  9200  train 6.2339e-05  val 2.8324e-04  (315 s)
2026-09-27 23:23:56,057 epoch  9300  train 6.2039e-05  val 2.7834e-04  (318 s)
2026-09-27 23:23:59,406 epoch  9400  train 6.2505e-05  val 2.8140e-04  (321 s)
2026-09-27 23:24:02,746 epoch  9500  train 6.9202e-05  val 2.8461e-04  (325 s)
2026-09-27 23:24:06,173 epoch  9600  train 1.7056e-04  val 3.3328e-04  (328 s)
2026-09-27 23:24:09,481 epoch  9700  train 5.9754e-05  val 2.6962e-04  (332 s)
2026-09-27 23:24:12,805 epoch  9800  train 8.9249e-05  val 3.0724e-04  (335 s)
2026-09-27 23:24:16,563 epoch  9900  train 5.8742e-05  val 2.6493e-04  (339 s)
2026-09-27 23:24:19,945 epoch 10000  train 5.8919e-05  val 2.6621e-04  (342 s)
2026-09-27 23:24:22,296 completed | 10000 epochs | 342.0 s | train 5.8919e-05 val 2.6621e-04
