2026-09-30 01:41:07,462 INFO run start 2026-09-30T01:41:07Z | run_id=biodiesel-deeponet/deeponet_p308_seed0 | system=biodiesel-deeponet | dir=results/experiments/biodiesel/author_repo_match/figures/fig04/deeponet_p308_seed0
2026-09-30 01:41:07,466 INFO wrote results/experiments/biodiesel/author_repo_match/figures/fig04/deeponet_p308_seed0/config.json
2026-09-30 01:41:07,466 INFO DeepONet w=8: 308 trainable parameters; branch inputs ['TG0', 'ROH0', 'T0'] use train-only min-max scaling; trunk time input tau=t/30.0s; outputs are normalized species concentrations
2026-09-30 01:41:07,466 INFO Paper main-model comparison: 308 reported parameters; our reconstructed w=8 model has 308
2026-09-30 01:41:08,843 INFO epoch      0  loss 5.782928e+00
2026-09-30 01:41:10,409 INFO epoch   1000  loss 2.245305e-01
2026-09-30 01:41:11,985 INFO epoch   2000  loss 2.060247e-01
2026-09-30 01:41:13,550 INFO epoch   3000  loss 2.004171e-01
2026-09-30 01:41:15,121 INFO epoch   4000  loss 1.905753e-01
2026-09-30 01:41:16,695 INFO epoch   5000  loss 1.660299e-01
2026-09-30 01:41:18,258 INFO epoch   6000  loss 1.598231e-01
2026-09-30 01:41:19,840 INFO epoch   7000  loss 1.588340e-01
2026-09-30 01:41:21,426 INFO epoch   8000  loss 1.585145e-01
2026-09-30 01:41:22,997 INFO epoch   9000  loss 1.583185e-01
2026-09-30 01:41:24,562 INFO epoch  10000  loss 1.581988e-01
2026-09-30 01:41:26,128 INFO epoch  11000  loss 1.580869e-01
2026-09-30 01:41:27,713 INFO epoch  12000  loss 1.580092e-01
2026-09-30 01:41:29,290 INFO epoch  13000  loss 1.579530e-01
2026-09-30 01:41:30,861 INFO epoch  14000  loss 1.579149e-01
2026-09-30 01:41:32,440 INFO epoch  15000  loss 1.579217e-01
2026-09-30 01:41:34,012 INFO epoch  16000  loss 1.578438e-01
2026-09-30 01:41:35,600 INFO epoch  17000  loss 1.578214e-01
2026-09-30 01:41:37,157 INFO epoch  18000  loss 1.578184e-01
2026-09-30 01:41:38,728 INFO epoch  19000  loss 1.577985e-01
2026-09-30 01:41:40,287 INFO epoch  20000  loss 1.577769e-01
2026-09-30 01:41:41,861 INFO epoch  21000  loss 1.577747e-01
2026-09-30 01:41:43,425 INFO epoch  22000  loss 1.577594e-01
2026-09-30 01:41:44,999 INFO epoch  23000  loss 1.578118e-01
2026-09-30 01:41:46,566 INFO epoch  24000  loss 1.578653e-01
2026-09-30 01:41:48,145 INFO epoch  25000  loss 1.577419e-01
2026-09-30 01:41:49,697 INFO epoch  26000  loss 1.575016e-01
2026-09-30 01:41:51,278 INFO epoch  27000  loss 1.575093e-01
2026-09-30 01:41:52,845 INFO epoch  28000  loss 1.574715e-01
2026-09-30 01:41:54,406 INFO epoch  29000  loss 1.574615e-01
2026-09-30 01:41:55,963 INFO epoch  30000  loss 1.573029e-01
2026-09-30 01:41:57,531 INFO epoch  31000  loss 1.572106e-01
2026-09-30 01:41:59,096 INFO epoch  32000  loss 1.571614e-01
2026-09-30 01:42:00,672 INFO epoch  33000  loss 1.571547e-01
2026-09-30 01:42:02,259 INFO epoch  34000  loss 1.570550e-01
2026-09-30 01:42:03,853 INFO epoch  35000  loss 1.570043e-01
2026-09-30 01:42:05,423 INFO epoch  36000  loss 1.569864e-01
2026-09-30 01:42:07,011 INFO epoch  37000  loss 1.569679e-01
2026-09-30 01:42:08,575 INFO epoch  38000  loss 1.569475e-01
2026-09-30 01:42:10,183 INFO epoch  39000  loss 1.569204e-01
2026-09-30 01:42:11,749 INFO epoch  40000  loss 1.569117e-01
2026-09-30 01:42:13,307 INFO epoch  41000  loss 1.568986e-01
2026-09-30 01:42:14,856 INFO epoch  42000  loss 1.569406e-01
2026-09-30 01:42:16,399 INFO epoch  43000  loss 1.568865e-01
2026-09-30 01:42:17,952 INFO epoch  44000  loss 1.568788e-01
2026-09-30 01:42:19,528 INFO epoch  45000  loss 1.568757e-01
2026-09-30 01:42:21,096 INFO epoch  46000  loss 1.568747e-01
2026-09-30 01:42:22,654 INFO epoch  47000  loss 1.568713e-01
2026-09-30 01:42:24,213 INFO epoch  48000  loss 1.568638e-01
2026-09-30 01:42:25,774 INFO epoch  49000  loss 1.568752e-01
2026-09-30 01:42:27,335 INFO final training loss: 1.568899e-01
2026-09-30 01:42:27,336 INFO wrote results/experiments/biodiesel/author_repo_match/figures/fig04/deeponet_p308_seed0/checkpoint_final.pt
2026-09-30 01:42:27,339 INFO removed results/experiments/biodiesel/author_repo_match/figures/fig04/deeponet_p308_seed0/checkpoint_resume.pt (run completed)
2026-09-30 01:42:27,339 INFO run completed 2026-09-30T01:42:27Z
