2026-09-30 00:37:59,933 run start | results/experiments/biodiesel/author_repo_match/figures/fig04/chemkan_h04_seed0 | seed 0 | params 156
2026-09-30 00:38:00,441 epoch     1  train 2.8454e-01  val 2.5872e-01  (0 s)
2026-09-30 00:38:20,663 epoch   100  train 2.2614e-02  val 2.4947e-02  (21 s)
2026-09-30 00:38:44,546 epoch   200  train 6.4916e-03  val 7.1096e-03  (45 s)
2026-09-30 00:39:11,872 epoch   300  train 2.9352e-03  val 3.1814e-03  (72 s)
2026-09-30 00:39:41,047 epoch   400  train 1.9851e-03  val 2.3801e-03  (101 s)
2026-09-30 00:40:10,268 epoch   500  train 1.4049e-03  val 2.0340e-03  (130 s)
2026-09-30 00:40:39,519 epoch   600  train 1.0683e-03  val 1.8740e-03  (160 s)
2026-09-30 00:41:08,817 epoch   700  train 8.4370e-04  val 1.8351e-03  (189 s)
2026-09-30 00:41:38,234 epoch   800  train 6.9661e-04  val 1.7495e-03  (218 s)
2026-09-30 00:42:08,406 epoch   900  train 6.0035e-04  val 1.6454e-03  (248 s)
2026-09-30 00:42:38,431 epoch  1000  train 5.3431e-04  val 1.5216e-03  (278 s)
2026-09-30 00:43:09,634 epoch  1100  train 4.8537e-04  val 1.3976e-03  (310 s)
2026-09-30 00:43:42,405 epoch  1200  train 5.1137e-04  val 1.5667e-03  (342 s)
2026-09-30 00:44:15,061 epoch  1300  train 4.1478e-04  val 1.1796e-03  (375 s)
2026-09-30 00:44:47,825 epoch  1400  train 3.8908e-04  val 1.1221e-03  (408 s)
2026-09-30 00:45:20,458 epoch  1500  train 3.6271e-04  val 1.0132e-03  (441 s)
2026-09-30 00:45:52,484 epoch  1600  train 3.4141e-04  val 9.3353e-04  (473 s)
2026-09-30 00:46:22,489 epoch  1700  train 3.4002e-04  val 7.9953e-04  (503 s)
2026-09-30 00:46:52,608 epoch  1800  train 3.0310e-04  val 8.4180e-04  (533 s)
2026-09-30 00:47:22,508 epoch  1900  train 2.8683e-04  val 7.9993e-04  (563 s)
2026-09-30 00:47:52,241 epoch  2000  train 2.7323e-04  val 7.4512e-04  (592 s)
2026-09-30 00:48:21,935 epoch  2100  train 4.2282e-04  val 6.6773e-04  (622 s)
2026-09-30 00:48:51,714 epoch  2200  train 2.4442e-04  val 6.9966e-04  (652 s)
2026-09-30 00:49:21,538 epoch  2300  train 2.3217e-04  val 6.8645e-04  (682 s)
2026-09-30 00:49:51,230 epoch  2400  train 2.2060e-04  val 6.6471e-04  (711 s)
2026-09-30 00:50:20,888 epoch  2500  train 2.0997e-04  val 6.4472e-04  (741 s)
2026-09-30 00:50:51,075 epoch  2600  train 2.0047e-04  val 6.1919e-04  (771 s)
2026-09-30 00:51:21,980 epoch  2700  train 1.9291e-04  val 6.2323e-04  (802 s)
2026-09-30 00:51:54,529 epoch  2800  train 1.8734e-04  val 6.3160e-04  (835 s)
2026-09-30 00:52:26,934 epoch  2900  train 1.7608e-04  val 5.8721e-04  (867 s)
2026-09-30 00:52:59,875 epoch  3000  train 1.6997e-04  val 5.8358e-04  (900 s)
2026-09-30 00:53:32,425 epoch  3100  train 1.6396e-04  val 5.6699e-04  (932 s)
2026-09-30 00:54:05,079 epoch  3200  train 1.6216e-04  val 5.8507e-04  (965 s)
2026-09-30 00:54:37,738 epoch  3300  train 2.3062e-04  val 7.1485e-04  (998 s)
2026-09-30 00:55:10,521 epoch  3400  train 1.4854e-04  val 5.4151e-04  (1031 s)
2026-09-30 00:55:43,159 epoch  3500  train 1.4462e-04  val 5.2872e-04  (1063 s)
2026-09-30 00:56:16,013 epoch  3600  train 1.4110e-04  val 5.1467e-04  (1096 s)
2026-09-30 00:56:48,731 epoch  3700  train 1.4235e-04  val 5.4481e-04  (1129 s)
2026-09-30 00:57:21,297 epoch  3800  train 1.6329e-04  val 4.6784e-04  (1161 s)
2026-09-30 00:57:53,870 epoch  3900  train 1.3061e-04  val 5.0262e-04  (1194 s)
2026-09-30 00:58:26,613 epoch  4000  train 1.2782e-04  val 4.9067e-04  (1227 s)
2026-09-30 00:58:59,112 epoch  4100  train 1.2545e-04  val 4.8925e-04  (1259 s)
2026-09-30 00:59:31,552 epoch  4200  train 1.2348e-04  val 4.7444e-04  (1292 s)
2026-09-30 01:00:04,388 epoch  4300  train 1.2142e-04  val 4.8108e-04  (1324 s)
2026-09-30 01:00:37,136 epoch  4400  train 1.1821e-04  val 4.6450e-04  (1357 s)
2026-09-30 01:01:09,995 epoch  4500  train 1.1644e-04  val 4.5656e-04  (1390 s)
2026-09-30 01:01:42,830 epoch  4600  train 1.2014e-04  val 4.2884e-04  (1423 s)
2026-09-30 01:02:15,571 epoch  4700  train 1.1185e-04  val 4.4870e-04  (1456 s)
2026-09-30 01:02:48,156 epoch  4800  train 1.1074e-04  val 4.4218e-04  (1488 s)
2026-09-30 01:03:21,099 epoch  4900  train 1.8951e-04  val 5.7495e-04  (1521 s)
2026-09-30 01:03:53,819 epoch  5000  train 1.1514e-04  val 4.1845e-04  (1554 s)
2026-09-30 01:04:00,552 completed | 5000 epochs | 1553.9 s | train 1.1514e-04 val 4.1845e-04
