2026-10-01 16:53:02,670 INFO run start 2026-10-01T14:53:02Z | run_id=biodiesel-deeponet-repro/deeponet_p156_seed0 | system=biodiesel-deeponet-repro | dir=../results/experiments/biodiesel/author_repo_match/figures_tanh_r1/fig04/deeponet_p156_seed0
2026-10-01 16:53:02,758 INFO wrote ../results/experiments/biodiesel/author_repo_match/figures_tanh_r1/fig04/deeponet_p156_seed0/config.json
2026-10-01 16:53:02,763 INFO configuration: branch inputs normalized (author-global normalized Mode A), targets author_global_normalized_states, trunk input raw physical t 0..30 s (30 points), activation tanh, placement A, init Aprime_tf_truncated_glorot_zero_bias, Adam lr 0.001
2026-10-01 16:53:02,763 INFO initial: train {'mean_mse': 0.23681983351707458, 'mean_mse_u': 0.23681983351707458, 'eq18_obs': 7.104595184326172, 'eq22_true': 7.104595184326172, 'eq18_obs_time_averaged': 0.23681983947753907, 'eq22_true_time_averaged': 0.23681983947753907} | test {'mean_mse': 0.2049209326505661, 'mean_mse_u': 0.2049209326505661, 'eq18_obs': 6.147627830505371, 'eq22_true': 6.147627830505371, 'eq18_obs_time_averaged': 0.20492092768351236, 'eq22_true_time_averaged': 0.20492092768351236}
2026-10-01 16:53:02,766 INFO initial prediction stats: {'min': -0.277973473072052, 'max': 0.20531216263771057, 'mean': 0.005032416433095932, 'abs_max': 0.277973473072052, 'per_species_min': [0.10177109390497208, -0.18616947531700134, -0.03830767795443535, -0.007900038734078407, -0.1139141246676445, -0.277973473072052], 'per_species_max': [0.20531216263771057, 0.11131347715854645, 0.07789433747529984, 0.004487164784222841, 0.057108648121356964, 0.10045433789491653], 'fraction_negative': 0.5725}
2026-10-01 16:53:03,751 INFO epoch     0  mean_mse 2.3682e-01 | train eq18 7.1046e+00 test eq18 6.1476e+00
2026-10-01 16:53:04,093 INFO epoch   250  mean_mse 3.9839e-02 | train eq18 1.1952e+00 test eq18 1.3539e+00
2026-10-01 16:53:04,412 INFO epoch   500  mean_mse 1.5429e-02 | train eq18 4.6288e-01 test eq18 6.0553e-01
2026-10-01 16:53:04,751 INFO epoch   750  mean_mse 7.0888e-03 | train eq18 2.1267e-01 test eq18 2.1521e-01
2026-10-01 16:53:05,169 INFO epoch  1000  mean_mse 4.1507e-03 | train eq18 1.2452e-01 test eq18 1.1780e-01
2026-10-01 16:53:05,495 INFO epoch  1250  mean_mse 3.0762e-03 | train eq18 9.2286e-02 test eq18 9.1736e-02
2026-10-01 16:53:05,800 INFO epoch  1500  mean_mse 2.5412e-03 | train eq18 7.6235e-02 test eq18 8.4236e-02
2026-10-01 16:53:06,107 INFO epoch  1750  mean_mse 2.1994e-03 | train eq18 6.5983e-02 test eq18 7.9934e-02
2026-10-01 16:53:06,411 INFO epoch  2000  mean_mse 1.9715e-03 | train eq18 5.9146e-02 test eq18 7.7280e-02
2026-10-01 16:53:06,712 INFO epoch  2250  mean_mse 1.8165e-03 | train eq18 5.4496e-02 test eq18 7.5349e-02
2026-10-01 16:53:07,007 INFO epoch  2500  mean_mse 1.6910e-03 | train eq18 5.0730e-02 test eq18 7.3260e-02
2026-10-01 16:53:07,299 INFO epoch  2750  mean_mse 1.5765e-03 | train eq18 4.7296e-02 test eq18 7.0752e-02
2026-10-01 16:53:07,591 INFO epoch  3000  mean_mse 1.4633e-03 | train eq18 4.3900e-02 test eq18 6.7688e-02
2026-10-01 16:53:07,887 INFO epoch  3250  mean_mse 1.3451e-03 | train eq18 4.0352e-02 test eq18 6.3962e-02
2026-10-01 16:53:08,186 INFO epoch  3500  mean_mse 1.2314e-03 | train eq18 3.6942e-02 test eq18 6.0071e-02
2026-10-01 16:53:08,487 INFO epoch  3750  mean_mse 1.1478e-03 | train eq18 3.4435e-02 test eq18 5.6416e-02
2026-10-01 16:53:08,803 INFO epoch  4000  mean_mse 1.0918e-03 | train eq18 3.2754e-02 test eq18 5.3452e-02
2026-10-01 16:53:09,116 INFO epoch  4250  mean_mse 1.0467e-03 | train eq18 3.1401e-02 test eq18 5.0853e-02
2026-10-01 16:53:09,413 INFO epoch  4500  mean_mse 1.0045e-03 | train eq18 3.0135e-02 test eq18 4.8300e-02
2026-10-01 16:53:09,766 INFO epoch  4750  mean_mse 9.6254e-04 | train eq18 2.8876e-02 test eq18 4.5854e-02
2026-10-01 16:53:10,106 INFO epoch  5000  mean_mse 9.1974e-04 | train eq18 2.7592e-02 test eq18 4.2941e-02
2026-10-01 16:53:10,403 INFO epoch  5250  mean_mse 8.7622e-04 | train eq18 2.6287e-02 test eq18 4.0212e-02
2026-10-01 16:53:10,735 INFO epoch  5500  mean_mse 8.3122e-04 | train eq18 2.4937e-02 test eq18 3.7588e-02
2026-10-01 16:53:11,033 INFO epoch  5750  mean_mse 7.8186e-04 | train eq18 2.3456e-02 test eq18 3.5161e-02
2026-10-01 16:53:11,330 INFO epoch  6000  mean_mse 7.2363e-04 | train eq18 2.1709e-02 test eq18 3.3395e-02
2026-10-01 16:53:11,658 INFO epoch  6250  mean_mse 6.5486e-04 | train eq18 1.9646e-02 test eq18 3.1965e-02
2026-10-01 16:53:11,990 INFO epoch  6500  mean_mse 5.8638e-04 | train eq18 1.7591e-02 test eq18 3.0601e-02
2026-10-01 16:53:12,307 INFO epoch  6750  mean_mse 5.3150e-04 | train eq18 1.5945e-02 test eq18 2.8944e-02
2026-10-01 16:53:12,627 INFO epoch  7000  mean_mse 4.9001e-04 | train eq18 1.4700e-02 test eq18 2.7114e-02
2026-10-01 16:53:12,981 INFO epoch  7250  mean_mse 4.5883e-04 | train eq18 1.3765e-02 test eq18 2.5270e-02
2026-10-01 16:53:14,244 INFO epoch  7500  mean_mse 4.3498e-04 | train eq18 1.3049e-02 test eq18 2.3514e-02
2026-10-01 16:53:14,929 INFO epoch  7750  mean_mse 4.1612e-04 | train eq18 1.2484e-02 test eq18 2.1957e-02
2026-10-01 16:53:15,366 INFO epoch  8000  mean_mse 4.0090e-04 | train eq18 1.2027e-02 test eq18 2.0714e-02
2026-10-01 16:53:15,808 INFO epoch  8250  mean_mse 3.8829e-04 | train eq18 1.1649e-02 test eq18 1.9819e-02
2026-10-01 16:53:16,442 INFO epoch  8500  mean_mse 3.7726e-04 | train eq18 1.1318e-02 test eq18 1.9195e-02
2026-10-01 16:53:16,908 INFO epoch  8750  mean_mse 3.6708e-04 | train eq18 1.1012e-02 test eq18 1.8745e-02
2026-10-01 16:53:17,348 INFO epoch  9000  mean_mse 3.5720e-04 | train eq18 1.0716e-02 test eq18 1.8406e-02
2026-10-01 16:53:17,757 INFO epoch  9250  mean_mse 3.4734e-04 | train eq18 1.0420e-02 test eq18 1.8133e-02
2026-10-01 16:53:18,155 INFO epoch  9500  mean_mse 3.3746e-04 | train eq18 1.0124e-02 test eq18 1.7904e-02
2026-10-01 16:53:18,557 INFO epoch  9750  mean_mse 3.2760e-04 | train eq18 9.8281e-03 test eq18 1.7714e-02
2026-10-01 16:53:19,145 INFO epoch 10000  mean_mse 3.1781e-04 | train eq18 9.5343e-03 test eq18 1.7552e-02
2026-10-01 16:53:19,612 INFO epoch 10250  mean_mse 3.0837e-04 | train eq18 9.2511e-03 test eq18 1.7411e-02
2026-10-01 16:53:20,008 INFO epoch 10500  mean_mse 2.9947e-04 | train eq18 8.9840e-03 test eq18 1.7289e-02
2026-10-01 16:53:20,363 INFO epoch 10750  mean_mse 2.9126e-04 | train eq18 8.7378e-03 test eq18 1.7173e-02
2026-10-01 16:53:20,665 INFO epoch 11000  mean_mse 2.8387e-04 | train eq18 8.5162e-03 test eq18 1.7062e-02
2026-10-01 16:53:21,190 INFO epoch 11250  mean_mse 2.7734e-04 | train eq18 8.3203e-03 test eq18 1.6950e-02
2026-10-01 16:53:21,655 INFO epoch 11500  mean_mse 2.7157e-04 | train eq18 8.1472e-03 test eq18 1.6835e-02
2026-10-01 16:53:22,259 INFO epoch 11750  mean_mse 2.6655e-04 | train eq18 7.9965e-03 test eq18 1.6720e-02
2026-10-01 16:53:22,782 INFO epoch 12000  mean_mse 2.6211e-04 | train eq18 7.8634e-03 test eq18 1.6606e-02
2026-10-01 16:53:23,193 INFO epoch 12250  mean_mse 2.5819e-04 | train eq18 7.7458e-03 test eq18 1.6498e-02
2026-10-01 16:53:23,598 INFO epoch 12500  mean_mse 2.5471e-04 | train eq18 7.6413e-03 test eq18 1.6398e-02
2026-10-01 16:53:24,263 INFO epoch 12750  mean_mse 2.5163e-04 | train eq18 7.5488e-03 test eq18 1.6310e-02
2026-10-01 16:53:24,863 INFO epoch 13000  mean_mse 2.4884e-04 | train eq18 7.4652e-03 test eq18 1.6232e-02
2026-10-01 16:53:25,313 INFO epoch 13250  mean_mse 2.4634e-04 | train eq18 7.3901e-03 test eq18 1.6164e-02
2026-10-01 16:53:25,628 INFO epoch 13500  mean_mse 2.4407e-04 | train eq18 7.3220e-03 test eq18 1.6103e-02
2026-10-01 16:53:26,069 INFO epoch 13750  mean_mse 2.4202e-04 | train eq18 7.2607e-03 test eq18 1.6046e-02
2026-10-01 16:53:26,520 INFO epoch 14000  mean_mse 2.4018e-04 | train eq18 7.2054e-03 test eq18 1.5993e-02
2026-10-01 16:53:26,983 INFO epoch 14250  mean_mse 2.3854e-04 | train eq18 7.1562e-03 test eq18 1.5944e-02
2026-10-01 16:53:27,313 INFO epoch 14500  mean_mse 2.3703e-04 | train eq18 7.1109e-03 test eq18 1.5896e-02
2026-10-01 16:53:27,612 INFO epoch 14750  mean_mse 2.3567e-04 | train eq18 7.0701e-03 test eq18 1.5852e-02
2026-10-01 16:53:27,914 INFO epoch 15000  mean_mse 2.3445e-04 | train eq18 7.0336e-03 test eq18 1.5811e-02
2026-10-01 16:53:28,207 INFO epoch 15250  mean_mse 2.3337e-04 | train eq18 7.0010e-03 test eq18 1.5771e-02
2026-10-01 16:53:28,505 INFO epoch 15500  mean_mse 2.3238e-04 | train eq18 6.9715e-03 test eq18 1.5732e-02
2026-10-01 16:53:28,809 INFO epoch 15750  mean_mse 2.3149e-04 | train eq18 6.9447e-03 test eq18 1.5691e-02
2026-10-01 16:53:29,104 INFO epoch 16000  mean_mse 2.3069e-04 | train eq18 6.9206e-03 test eq18 1.5652e-02
2026-10-01 16:53:29,427 INFO epoch 16250  mean_mse 2.2995e-04 | train eq18 6.8986e-03 test eq18 1.5613e-02
2026-10-01 16:53:29,810 INFO epoch 16500  mean_mse 2.2927e-04 | train eq18 6.8781e-03 test eq18 1.5568e-02
2026-10-01 16:53:30,115 INFO epoch 16750  mean_mse 2.2863e-04 | train eq18 6.8590e-03 test eq18 1.5532e-02
2026-10-01 16:53:30,425 INFO epoch 17000  mean_mse 2.2804e-04 | train eq18 6.8412e-03 test eq18 1.5487e-02
2026-10-01 16:53:30,745 INFO epoch 17250  mean_mse 2.2749e-04 | train eq18 6.8247e-03 test eq18 1.5445e-02
2026-10-01 16:53:31,051 INFO epoch 17500  mean_mse 2.2698e-04 | train eq18 6.8093e-03 test eq18 1.5404e-02
2026-10-01 16:53:31,363 INFO epoch 17750  mean_mse 2.2649e-04 | train eq18 6.7948e-03 test eq18 1.5364e-02
2026-10-01 16:53:31,867 INFO epoch 18000  mean_mse 2.2604e-04 | train eq18 6.7812e-03 test eq18 1.5325e-02
2026-10-01 16:53:32,368 INFO epoch 18250  mean_mse 2.2561e-04 | train eq18 6.7682e-03 test eq18 1.5286e-02
2026-10-01 16:53:32,934 INFO epoch 18500  mean_mse 2.2520e-04 | train eq18 6.7560e-03 test eq18 1.5247e-02
2026-10-01 16:53:33,352 INFO epoch 18750  mean_mse 2.2481e-04 | train eq18 6.7444e-03 test eq18 1.5209e-02
2026-10-01 16:53:33,691 INFO epoch 19000  mean_mse 2.2549e-04 | train eq18 6.7648e-03 test eq18 1.5268e-02
2026-10-01 16:53:34,018 INFO epoch 19250  mean_mse 2.2415e-04 | train eq18 6.7245e-03 test eq18 1.5190e-02
2026-10-01 16:53:34,343 INFO epoch 19500  mean_mse 2.2382e-04 | train eq18 6.7145e-03 test eq18 1.5108e-02
2026-10-01 16:53:34,649 INFO epoch 19750  mean_mse 2.2366e-04 | train eq18 6.7098e-03 test eq18 1.5055e-02
2026-10-01 16:53:34,972 INFO epoch 20000  mean_mse 2.2314e-04 | train eq18 6.6942e-03 test eq18 1.5037e-02
2026-10-01 16:53:35,275 INFO epoch 20250  mean_mse 2.2284e-04 | train eq18 6.6851e-03 test eq18 1.5010e-02
2026-10-01 16:53:35,604 INFO epoch 20500  mean_mse 2.2255e-04 | train eq18 6.6765e-03 test eq18 1.4978e-02
2026-10-01 16:53:35,911 INFO epoch 20750  mean_mse 2.2228e-04 | train eq18 6.6683e-03 test eq18 1.4948e-02
2026-10-01 16:53:36,227 INFO epoch 21000  mean_mse 2.2201e-04 | train eq18 6.6604e-03 test eq18 1.4918e-02
2026-10-01 16:53:36,593 INFO epoch 21250  mean_mse 2.2176e-04 | train eq18 6.6527e-03 test eq18 1.4889e-02
2026-10-01 16:53:36,885 INFO epoch 21500  mean_mse 2.2154e-04 | train eq18 6.6461e-03 test eq18 1.4875e-02
2026-10-01 16:53:37,180 INFO epoch 21750  mean_mse 2.2192e-04 | train eq18 6.6577e-03 test eq18 1.4898e-02
2026-10-01 16:53:37,572 INFO epoch 22000  mean_mse 2.2114e-04 | train eq18 6.6342e-03 test eq18 1.4857e-02
2026-10-01 16:53:38,193 INFO epoch 22250  mean_mse 2.2099e-04 | train eq18 6.6296e-03 test eq18 1.4802e-02
2026-10-01 16:53:38,600 INFO epoch 22500  mean_mse 2.2252e-04 | train eq18 6.6755e-03 test eq18 1.4936e-02
2026-10-01 16:53:38,986 INFO epoch 22750  mean_mse 2.2066e-04 | train eq18 6.6199e-03 test eq18 1.4786e-02
2026-10-01 16:53:39,312 INFO epoch 23000  mean_mse 2.2021e-04 | train eq18 6.6062e-03 test eq18 1.4728e-02
2026-10-01 16:53:39,617 INFO epoch 23250  mean_mse 2.2000e-04 | train eq18 6.6001e-03 test eq18 1.4693e-02
2026-10-01 16:53:39,925 INFO epoch 23500  mean_mse 2.1981e-04 | train eq18 6.5943e-03 test eq18 1.4666e-02
2026-10-01 16:53:40,237 INFO epoch 23750  mean_mse 2.1962e-04 | train eq18 6.5887e-03 test eq18 1.4643e-02
2026-10-01 16:53:40,611 INFO epoch 24000  mean_mse 2.1944e-04 | train eq18 6.5833e-03 test eq18 1.4622e-02
2026-10-01 16:53:41,002 INFO epoch 24250  mean_mse 2.1927e-04 | train eq18 6.5780e-03 test eq18 1.4602e-02
2026-10-01 16:53:41,365 INFO epoch 24500  mean_mse 2.1910e-04 | train eq18 6.5729e-03 test eq18 1.4580e-02
2026-10-01 16:53:41,925 INFO epoch 24750  mean_mse 2.1893e-04 | train eq18 6.5679e-03 test eq18 1.4561e-02
2026-10-01 16:53:42,356 INFO epoch 25000  mean_mse 2.1876e-04 | train eq18 6.5629e-03 test eq18 1.4541e-02
2026-10-01 16:53:42,668 INFO epoch 25250  mean_mse 2.1861e-04 | train eq18 6.5582e-03 test eq18 1.4522e-02
2026-10-01 16:53:43,019 INFO epoch 25500  mean_mse 2.1845e-04 | train eq18 6.5536e-03 test eq18 1.4504e-02
2026-10-01 16:53:43,309 INFO epoch 25750  mean_mse 2.1830e-04 | train eq18 6.5490e-03 test eq18 1.4486e-02
2026-10-01 16:53:44,014 INFO epoch 26000  mean_mse 2.1815e-04 | train eq18 6.5446e-03 test eq18 1.4470e-02
2026-10-01 16:53:44,424 INFO epoch 26250  mean_mse 2.1801e-04 | train eq18 6.5402e-03 test eq18 1.4452e-02
2026-10-01 16:53:44,804 INFO epoch 26500  mean_mse 2.1786e-04 | train eq18 6.5359e-03 test eq18 1.4435e-02
2026-10-01 16:53:45,117 INFO epoch 26750  mean_mse 2.1772e-04 | train eq18 6.5317e-03 test eq18 1.4417e-02
2026-10-01 16:53:45,433 INFO epoch 27000  mean_mse 2.1759e-04 | train eq18 6.5276e-03 test eq18 1.4401e-02
2026-10-01 16:53:45,780 INFO epoch 27250  mean_mse 2.1745e-04 | train eq18 6.5236e-03 test eq18 1.4386e-02
2026-10-01 16:53:46,093 INFO epoch 27500  mean_mse 2.1759e-04 | train eq18 6.5277e-03 test eq18 1.4323e-02
2026-10-01 16:53:46,440 INFO epoch 27750  mean_mse 2.1810e-04 | train eq18 6.5431e-03 test eq18 1.4489e-02
2026-10-01 16:53:46,786 INFO epoch 28000  mean_mse 2.1713e-04 | train eq18 6.5140e-03 test eq18 1.4344e-02
2026-10-01 16:53:47,114 INFO epoch 28250  mean_mse 2.1695e-04 | train eq18 6.5084e-03 test eq18 1.4333e-02
2026-10-01 16:53:47,431 INFO epoch 28500  mean_mse 2.1682e-04 | train eq18 6.5047e-03 test eq18 1.4311e-02
2026-10-01 16:53:47,757 INFO epoch 28750  mean_mse 2.1736e-04 | train eq18 6.5209e-03 test eq18 1.4411e-02
2026-10-01 16:53:48,086 INFO epoch 29000  mean_mse 2.1658e-04 | train eq18 6.4975e-03 test eq18 1.4285e-02
2026-10-01 16:53:48,391 INFO epoch 29250  mean_mse 2.1860e-04 | train eq18 6.5580e-03 test eq18 1.4531e-02
2026-10-01 16:53:48,703 INFO epoch 29500  mean_mse 2.1635e-04 | train eq18 6.4906e-03 test eq18 1.4255e-02
2026-10-01 16:53:49,029 INFO epoch 29750  mean_mse 2.1692e-04 | train eq18 6.5076e-03 test eq18 1.4377e-02
2026-10-01 16:53:49,399 INFO epoch 30000  mean_mse 2.1739e-04 | train eq18 6.5218e-03 test eq18 1.4137e-02
2026-10-01 16:53:49,702 INFO epoch 30250  mean_mse 2.1605e-04 | train eq18 6.4815e-03 test eq18 1.4209e-02
2026-10-01 16:53:50,012 INFO epoch 30500  mean_mse 2.1592e-04 | train eq18 6.4777e-03 test eq18 1.4204e-02
2026-10-01 16:53:50,340 INFO epoch 30750  mean_mse 2.1583e-04 | train eq18 6.4750e-03 test eq18 1.4209e-02
2026-10-01 16:53:50,723 INFO epoch 31000  mean_mse 2.1572e-04 | train eq18 6.4717e-03 test eq18 1.4191e-02
2026-10-01 16:53:51,051 INFO epoch 31250  mean_mse 2.1838e-04 | train eq18 6.5515e-03 test eq18 1.4450e-02
2026-10-01 16:53:51,350 INFO epoch 31500  mean_mse 2.1553e-04 | train eq18 6.4659e-03 test eq18 1.4148e-02
2026-10-01 16:53:51,653 INFO epoch 31750  mean_mse 2.1543e-04 | train eq18 6.4628e-03 test eq18 1.4145e-02
2026-10-01 16:53:51,977 INFO epoch 32000  mean_mse 2.1533e-04 | train eq18 6.4600e-03 test eq18 1.4132e-02
2026-10-01 16:53:52,283 INFO epoch 32250  mean_mse 2.1524e-04 | train eq18 6.4573e-03 test eq18 1.4122e-02
2026-10-01 16:53:52,620 INFO epoch 32500  mean_mse 2.1516e-04 | train eq18 6.4547e-03 test eq18 1.4111e-02
2026-10-01 16:53:52,941 INFO epoch 32750  mean_mse 2.1507e-04 | train eq18 6.4520e-03 test eq18 1.4100e-02
2026-10-01 16:53:53,272 INFO epoch 33000  mean_mse 2.1557e-04 | train eq18 6.4672e-03 test eq18 1.4093e-02
2026-10-01 16:53:53,570 INFO epoch 33250  mean_mse 2.1553e-04 | train eq18 6.4659e-03 test eq18 1.4006e-02
2026-10-01 16:53:53,877 INFO epoch 33500  mean_mse 2.1482e-04 | train eq18 6.4445e-03 test eq18 1.4075e-02
2026-10-01 16:53:54,234 INFO epoch 33750  mean_mse 2.1473e-04 | train eq18 6.4418e-03 test eq18 1.4056e-02
2026-10-01 16:53:54,531 INFO epoch 34000  mean_mse 2.3060e-04 | train eq18 6.9181e-03 test eq18 1.3955e-02
2026-10-01 16:53:54,857 INFO epoch 34250  mean_mse 2.1559e-04 | train eq18 6.4678e-03 test eq18 1.3935e-02
2026-10-01 16:53:55,176 INFO epoch 34500  mean_mse 2.1449e-04 | train eq18 6.4347e-03 test eq18 1.4031e-02
2026-10-01 16:53:55,491 INFO epoch 34750  mean_mse 2.1441e-04 | train eq18 6.4323e-03 test eq18 1.4014e-02
2026-10-01 16:53:55,817 INFO epoch 35000  mean_mse 2.1480e-04 | train eq18 6.4439e-03 test eq18 1.4124e-02
2026-10-01 16:53:56,143 INFO epoch 35250  mean_mse 2.1501e-04 | train eq18 6.4503e-03 test eq18 1.3917e-02
2026-10-01 16:53:56,430 INFO epoch 35500  mean_mse 2.1419e-04 | train eq18 6.4258e-03 test eq18 1.3991e-02
2026-10-01 16:53:56,758 INFO epoch 35750  mean_mse 2.1412e-04 | train eq18 6.4235e-03 test eq18 1.3969e-02
2026-10-01 16:53:57,067 INFO epoch 36000  mean_mse 2.1405e-04 | train eq18 6.4214e-03 test eq18 1.3964e-02
2026-10-01 16:53:57,359 INFO epoch 36250  mean_mse 2.1406e-04 | train eq18 6.4218e-03 test eq18 1.3982e-02
2026-10-01 16:53:57,685 INFO epoch 36500  mean_mse 2.1623e-04 | train eq18 6.4869e-03 test eq18 1.4241e-02
2026-10-01 16:53:57,995 INFO epoch 36750  mean_mse 2.1387e-04 | train eq18 6.4160e-03 test eq18 1.3954e-02
2026-10-01 16:53:58,311 INFO epoch 37000  mean_mse 2.1377e-04 | train eq18 6.4131e-03 test eq18 1.3919e-02
2026-10-01 16:53:58,635 INFO epoch 37250  mean_mse 2.1520e-04 | train eq18 6.4560e-03 test eq18 1.3781e-02
2026-10-01 16:53:58,930 INFO epoch 37500  mean_mse 2.1364e-04 | train eq18 6.4092e-03 test eq18 1.3899e-02
2026-10-01 16:53:59,243 INFO epoch 37750  mean_mse 2.1365e-04 | train eq18 6.4096e-03 test eq18 1.3889e-02
2026-10-01 16:53:59,625 INFO epoch 38000  mean_mse 2.1352e-04 | train eq18 6.4055e-03 test eq18 1.3875e-02
2026-10-01 16:53:59,966 INFO epoch 38250  mean_mse 2.1345e-04 | train eq18 6.4036e-03 test eq18 1.3866e-02
2026-10-01 16:54:00,312 INFO epoch 38500  mean_mse 2.1340e-04 | train eq18 6.4021e-03 test eq18 1.3885e-02
2026-10-01 16:54:00,630 INFO epoch 38750  mean_mse 2.1334e-04 | train eq18 6.4001e-03 test eq18 1.3849e-02
2026-10-01 16:54:00,965 INFO epoch 39000  mean_mse 2.1328e-04 | train eq18 6.3983e-03 test eq18 1.3837e-02
2026-10-01 16:54:01,283 INFO epoch 39250  mean_mse 2.1332e-04 | train eq18 6.3997e-03 test eq18 1.3800e-02
2026-10-01 16:54:01,592 INFO epoch 39500  mean_mse 2.1319e-04 | train eq18 6.3957e-03 test eq18 1.3847e-02
2026-10-01 16:54:01,897 INFO epoch 39750  mean_mse 2.1311e-04 | train eq18 6.3932e-03 test eq18 1.3805e-02
2026-10-01 16:54:02,230 INFO epoch 40000  mean_mse 2.1346e-04 | train eq18 6.4039e-03 test eq18 1.3907e-02
2026-10-01 16:54:02,577 INFO epoch 40250  mean_mse 2.1300e-04 | train eq18 6.3899e-03 test eq18 1.3792e-02
2026-10-01 16:54:02,899 INFO epoch 40500  mean_mse 2.1356e-04 | train eq18 6.4069e-03 test eq18 1.3905e-02
2026-10-01 16:54:03,201 INFO epoch 40750  mean_mse 2.1289e-04 | train eq18 6.3868e-03 test eq18 1.3768e-02
2026-10-01 16:54:03,534 INFO epoch 41000  mean_mse 2.1284e-04 | train eq18 6.3852e-03 test eq18 1.3760e-02
2026-10-01 16:54:03,906 INFO epoch 41250  mean_mse 2.1280e-04 | train eq18 6.3841e-03 test eq18 1.3732e-02
2026-10-01 16:54:04,241 INFO epoch 41500  mean_mse 2.1303e-04 | train eq18 6.3910e-03 test eq18 1.3844e-02
2026-10-01 16:54:04,560 INFO epoch 41750  mean_mse 2.1269e-04 | train eq18 6.3807e-03 test eq18 1.3731e-02
2026-10-01 16:54:04,872 INFO epoch 42000  mean_mse 2.1264e-04 | train eq18 6.3792e-03 test eq18 1.3720e-02
2026-10-01 16:54:05,199 INFO epoch 42250  mean_mse 2.1259e-04 | train eq18 6.3778e-03 test eq18 1.3713e-02
2026-10-01 16:54:05,531 INFO epoch 42500  mean_mse 2.1255e-04 | train eq18 6.3764e-03 test eq18 1.3703e-02
2026-10-01 16:54:05,944 INFO epoch 42750  mean_mse 2.1251e-04 | train eq18 6.3752e-03 test eq18 1.3707e-02
2026-10-01 16:54:06,356 INFO epoch 43000  mean_mse 2.1249e-04 | train eq18 6.3747e-03 test eq18 1.3720e-02
2026-10-01 16:54:06,917 INFO epoch 43250  mean_mse 2.1247e-04 | train eq18 6.3740e-03 test eq18 1.3639e-02
2026-10-01 16:54:07,214 INFO epoch 43500  mean_mse 2.1240e-04 | train eq18 6.3720e-03 test eq18 1.3636e-02
2026-10-01 16:54:07,506 INFO epoch 43750  mean_mse 2.1303e-04 | train eq18 6.3910e-03 test eq18 1.3566e-02
2026-10-01 16:54:07,827 INFO epoch 44000  mean_mse 2.1228e-04 | train eq18 6.3685e-03 test eq18 1.3632e-02
2026-10-01 16:54:08,148 INFO epoch 44250  mean_mse 2.1223e-04 | train eq18 6.3670e-03 test eq18 1.3641e-02
2026-10-01 16:54:08,512 INFO epoch 44500  mean_mse 2.1248e-04 | train eq18 6.3744e-03 test eq18 1.3741e-02
2026-10-01 16:54:08,831 INFO epoch 44750  mean_mse 2.1215e-04 | train eq18 6.3645e-03 test eq18 1.3613e-02
2026-10-01 16:54:09,123 INFO epoch 45000  mean_mse 2.1210e-04 | train eq18 6.3631e-03 test eq18 1.3607e-02
2026-10-01 16:54:09,434 INFO epoch 45250  mean_mse 2.1206e-04 | train eq18 6.3619e-03 test eq18 1.3600e-02
2026-10-01 16:54:09,772 INFO epoch 45500  mean_mse 2.1203e-04 | train eq18 6.3608e-03 test eq18 1.3594e-02
2026-10-01 16:54:10,180 INFO epoch 45750  mean_mse 2.1204e-04 | train eq18 6.3612e-03 test eq18 1.3629e-02
2026-10-01 16:54:10,479 INFO epoch 46000  mean_mse 2.1200e-04 | train eq18 6.3599e-03 test eq18 1.3542e-02
2026-10-01 16:54:10,804 INFO epoch 46250  mean_mse 2.1197e-04 | train eq18 6.3590e-03 test eq18 1.3526e-02
2026-10-01 16:54:11,181 INFO epoch 46500  mean_mse 2.1187e-04 | train eq18 6.3560e-03 test eq18 1.3552e-02
2026-10-01 16:54:11,484 INFO epoch 46750  mean_mse 2.1190e-04 | train eq18 6.3569e-03 test eq18 1.3579e-02
2026-10-01 16:54:11,806 INFO epoch 47000  mean_mse 2.1179e-04 | train eq18 6.3538e-03 test eq18 1.3533e-02
2026-10-01 16:54:12,129 INFO epoch 47250  mean_mse 2.1181e-04 | train eq18 6.3542e-03 test eq18 1.3501e-02
2026-10-01 16:54:12,485 INFO epoch 47500  mean_mse 2.1301e-04 | train eq18 6.3903e-03 test eq18 1.3360e-02
2026-10-01 16:54:12,875 INFO epoch 47750  mean_mse 2.1169e-04 | train eq18 6.3507e-03 test eq18 1.3526e-02
2026-10-01 16:54:13,167 INFO epoch 48000  mean_mse 2.1165e-04 | train eq18 6.3495e-03 test eq18 1.3509e-02
2026-10-01 16:54:13,459 INFO epoch 48250  mean_mse 2.1162e-04 | train eq18 6.3486e-03 test eq18 1.3510e-02
2026-10-01 16:54:13,749 INFO epoch 48500  mean_mse 2.1193e-04 | train eq18 6.3578e-03 test eq18 1.3606e-02
2026-10-01 16:54:14,052 INFO epoch 48750  mean_mse 2.1188e-04 | train eq18 6.3563e-03 test eq18 1.3610e-02
2026-10-01 16:54:14,351 INFO epoch 49000  mean_mse 2.1156e-04 | train eq18 6.3470e-03 test eq18 1.3430e-02
2026-10-01 16:54:14,669 INFO epoch 49250  mean_mse 2.1154e-04 | train eq18 6.3463e-03 test eq18 1.3508e-02
2026-10-01 16:54:14,970 INFO epoch 49500  mean_mse 2.1144e-04 | train eq18 6.3432e-03 test eq18 1.3450e-02
2026-10-01 16:54:15,283 INFO epoch 49750  mean_mse 2.1141e-04 | train eq18 6.3422e-03 test eq18 1.3442e-02
2026-10-01 16:54:15,795 INFO wrote ../results/experiments/biodiesel/author_repo_match/figures_tanh_r1/fig04/deeponet_p156_seed0/checkpoint_final.pt
2026-10-01 16:54:15,802 INFO final: train {'mean_mse': 0.00021218445908743888, 'mean_mse_u': 0.00021218445908743888, 'eq18_obs': 0.006365534849464893, 'eq22_true': 0.006365534849464893, 'eq18_obs_time_averaged': 0.0002121844949821631, 'eq22_true_time_averaged': 0.0002121844949821631}
2026-10-01 16:54:15,802 INFO final: test {'mean_mse': 0.0004545428673736751, 'mean_mse_u': 0.0004545428673736751, 'eq18_obs': 0.013636286370456219, 'eq22_true': 0.013636286370456219, 'eq18_obs_time_averaged': 0.0004545428790152073, 'eq22_true_time_averaged': 0.0004545428790152073}
2026-10-01 16:54:15,803 INFO final trunk: {'kinks': [-4.571785926818848, -1.6196155548095703, -1385.5186767578125, 4.127453804016113, 25.170711517333984], 'dead_on_grid': {'tanh0': 0, 'tanh1': 0}, 'dead_on_dense': {'tanh0': 0, 'tanh1': 0}, 'interior_breakpoints_s': {'layer1': [4.127453804016113, 25.170711517333984], 'layer2': [0.4240000247955322, 1.3100000619888306, 1.9650001525878906, 2.1760001182556152]}, 'tanh_saturation': {'grid': {'layer1': {'abs_z_quantiles_10_50_90_max': [0.20393266379833222, 0.8831223845481873, 4.368632221221922, 8.52375602722168], 'frac_abs_z_gt': {'2': 0.22, '3': 0.13333333333333333, '5': 0.08666666666666667}, 'frac_abs_act_gt': {'0.95': 0.24, '0.99': 0.14666666666666667}, 'derivative_mean': 0.45037612318992615, 'derivative_median': 0.4987642168998718}, 'layer2': {'abs_z_quantiles_10_50_90_max': [0.26203498840332035, 1.4121944904327393, 1.7534205555915832, 1.9375925064086914], 'frac_abs_z_gt': {'2': 0.0, '3': 0.0, '5': 0.0}, 'frac_abs_act_gt': {'0.95': 0.02, '0.99': 0.0}, 'derivative_mean': 0.37763333320617676, 'derivative_median': 0.21152916550636292}}, 'dense': {'layer1': {'abs_z_quantiles_10_50_90_max': [0.20613391399383546, 0.8829082250595093, 4.469396495819096, 8.52375602722168], 'frac_abs_z_gt': {'2': 0.21129568106312294, '3': 0.1362126245847176, '5': 0.08704318936877077}, 'frac_abs_act_gt': {'0.95': 0.24451827242524918, '0.99': 0.14551495016611296}, 'derivative_mean': 0.4483385384082794, 'derivative_median': 0.498915433883667}, 'layer2': {'abs_z_quantiles_10_50_90_max': [0.2495817244052887, 1.4124807119369507, 1.7582524061203004, 1.9375925064086914], 'frac_abs_z_gt': {'2': 0.0, '3': 0.0, '5': 0.0}, 'frac_abs_act_gt': {'0.95': 0.016611295681063124, '0.99': 0.0}, 'derivative_mean': 0.37664270401000977, 'derivative_median': 0.2114209532737732}}}}
2026-10-01 16:54:15,805 INFO run completed 2026-10-01T14:54:15Z
